INFO: Calculated optimized muscle parameters for addbrev_r in 58.10074710845947 seconds.
                         Lm Opt        Lts
Template model       : [0.1031, 0.035450291324676]
Optimized param      : [0.10481273 0.02573707]
Nr of eval points    : 966/1000 used
fval                 : 0.0017128229060454183
var from template [%]: [ 1.66123542 27.39956495]%


INFO: Calculated optimized muscle parameters for addlong_r in 70.84093451499939 seconds.
                         Lm Opt        Lts
Template model       : [0.1082, 0.131799363342026]
Optimized param      : [0.11312865 0.11207392]
Nr of eval points    : 927/1000 used
fval                 : 0.002459778841127033
var from template [%]: [ 4.55512827 14.96626285]%


INFO: Calculated optimized muscle parameters for addmagDist_r in 61.99465537071228 seconds.
                         Lm Opt        Lts
Template model       : [0.1772, 0.0873806954617727]
Optimized param      : [0.18509678 0.06360816]
Nr of eval points    : 1000/1000 used
fval                 : 0.004708560084654787
var from template [%]: [ 4.45642413 27.20570207]%


INFO: Calculated optimized muscle parameters for addmagIsch_r in 63.45162749290466 seconds.
                         Lm Opt        Lts
Template model       : [0.1562, 0.216343023454343]
Optimized param      : [0.16867241 0.18315981]
Nr of eval points    : 1000/1000 used
fval                 : 0.0019762921629470054
var from template [%]: [ 7.98489783 15.3382419 ]%


INFO: Calculated optimized muscle parameters for addmagMid_r in 60.92404127120972 seconds.
                         Lm Opt        Lts
Template model       : [0.1377, 0.0466276999070464]
Optimized param      : [0.14241001 0.03202925]
Nr of eval points    : 1000/1000 used
fval                 : 0.0018569453542934189
var from template [%]: [ 3.42048729 31.30853956]%


INFO: Calculated optimized muscle parameters for addmagProx_r in 68.42565560340881 seconds.
                         Lm Opt        Lts
Template model       : [0.1056, 0.0403240979232675]
Optimized param      : [0.10495245 0.03514944]
Nr of eval points    : 930/1000 used
fval                 : 0.001060347217303965
var from template [%]: [ 0.61321266 12.83267652]%


INFO: Calculated optimized muscle parameters for bflh_r in 978.7892100811005 seconds.
                         Lm Opt        Lts
Template model       : [0.0976, 0.3325]
Optimized param      : [0.10585863 0.30442833]
Nr of eval points    : 8447/10000 used
fval                 : 0.002465413771748121
var from template [%]: [8.4617092  8.44260773]%


INFO: Calculated optimized muscle parameters for bfsh_r in 0.7061614990234375 seconds.
                         Lm Opt        Lts
Template model       : [0.1103, 0.105817218589115]
Optimized param      : [0.11074531 0.09384374]
Nr of eval points    : 10/10 used
fval                 : 5.328395044114299e-05
var from template [%]: [ 0.40372197 11.31524297]%


INFO: Calculated optimized muscle parameters for edl_r in 5.7584826946258545 seconds.
                         Lm Opt        Lts
Template model       : [0.0693, 0.368875245465225]
Optimized param      : [0.06854407 0.36857787]
Nr of eval points    : 100/100 used
fval                 : 0.00010435782908987225
var from template [%]: [1.09081447 0.08061649]%


INFO: Calculated optimized muscle parameters for ehl_r in 6.393197298049927 seconds.
                         Lm Opt        Lts
Template model       : [0.0748, 0.326795279537187]
Optimized param      : [0.07407344 0.32682557]
Nr of eval points    : 100/100 used
fval                 : 9.876497787955369e-05
var from template [%]: [0.97133672 0.00926889]%


INFO: Calculated optimized muscle parameters for fdl_r in 5.673823118209839 seconds.
                         Lm Opt        Lts
Template model       : [0.0446, 0.378772856793842]
Optimized param      : [0.04617897 0.37780541]
Nr of eval points    : 97/100 used
fval                 : 0.0001976214784140573
var from template [%]: [3.54028549 0.25541544]%


INFO: Calculated optimized muscle parameters for fhl_r in 6.494955539703369 seconds.
                         Lm Opt        Lts
Template model       : [0.0527, 0.354339676836818]
Optimized param      : [0.05459409 0.3531801 ]
Nr of eval points    : 97/100 used
fval                 : 0.00010988069343747587
var from template [%]: [3.59409513 0.32724982]%


INFO: Calculated optimized muscle parameters for gaslat_r in 83.5226423740387 seconds.
                         Lm Opt        Lts
Template model       : [0.069, 0.374]
Optimized param      : [0.06792322 0.37278071]
Nr of eval points    : 607/1000 used
fval                 : 0.0008402774689820519
var from template [%]: [1.56055125 0.3260132 ]%


INFO: Calculated optimized muscle parameters for gasmed_r in 81.7898313999176 seconds.
                         Lm Opt        Lts
Template model       : [0.059, 0.387]
Optimized param      : [0.05780558 0.38588789]
Nr of eval points    : 571/1000 used
fval                 : 0.0008762479513610241
var from template [%]: [2.0244397  0.28736634]%


INFO: Calculated optimized muscle parameters for glmax1_r in 66.26664233207703 seconds.
                         Lm Opt        Lts
Template model       : [0.147, 0.0873]
Optimized param      : [0.14149132 0.10047441]
Nr of eval points    : 1000/1000 used
fval                 : 0.011075624465456632
var from template [%]: [ 3.74740061 15.09095859]%


INFO: Calculated optimized muscle parameters for glmax2_r in 64.55012536048889 seconds.
                         Lm Opt        Lts
Template model       : [0.157, 0.109]
Optimized param      : [0.15389693 0.11695128]
Nr of eval points    : 1000/1000 used
fval                 : 0.00579011127427979
var from template [%]: [1.97647644 7.29475382]%


INFO: Calculated optimized muscle parameters for glmax3_r in 62.81841254234314 seconds.
                         Lm Opt        Lts
Template model       : [0.167, 0.103]
Optimized param      : [0.17639928 0.09589689]
Nr of eval points    : 1000/1000 used
fval                 : 0.0018679918985646722
var from template [%]: [5.62830947 6.89622126]%


INFO: Calculated optimized muscle parameters for glmed1_r in 58.95674252510071 seconds.
                         Lm Opt        Lts
Template model       : [0.073, 0.0558168319436554]
Optimized param      : [0.07021838 0.0647601 ]
Nr of eval points    : 907/1000 used
fval                 : 0.0023491570932348354
var from template [%]: [ 3.81044104 16.02252836]%


INFO: Calculated optimized muscle parameters for glmed2_r in 59.5013861656189 seconds.
                         Lm Opt        Lts
Template model       : [0.073, 0.0652488111992348]
Optimized param      : [0.07018843 0.07374879]
Nr of eval points    : 956/1000 used
fval                 : 0.0026828606565390623
var from template [%]: [ 3.85146823 13.02702933]%


INFO: Calculated optimized muscle parameters for glmed3_r in 58.922155141830444 seconds.
                         Lm Opt        Lts
Template model       : [0.073, 0.0452328436013583]
Optimized param      : [0.07134252 0.05095807]
Nr of eval points    : 969/1000 used
fval                 : 0.0021763167494187464
var from template [%]: [ 2.27051576 12.65724002]%


INFO: Calculated optimized muscle parameters for glmin1_r in 53.84449625015259 seconds.
                         Lm Opt        Lts
Template model       : [0.068, 0.0161377823749703]
Optimized param      : [0.06589502 0.02123023]
Nr of eval points    : 880/1000 used
fval                 : 0.00024764221069400685
var from template [%]: [ 3.09555714 31.55604608]%


INFO: Calculated optimized muscle parameters for glmin2_r in 55.11305236816406 seconds.
                         Lm Opt        Lts
Template model       : [0.056, 0.0260990524098789]
Optimized param      : [0.05470231 0.03009492]
Nr of eval points    : 864/1000 used
fval                 : 0.00018954092300997846
var from template [%]: [ 2.31731166 15.31040918]%


INFO: Calculated optimized muscle parameters for glmin3_r in 53.70475482940674 seconds.
                         Lm Opt        Lts
Template model       : [0.038, 0.0508725]
Optimized param      : [0.03780982 0.05328226]
Nr of eval points    : 792/1000 used
fval                 : 0.0003046596236903622
var from template [%]: [0.5004747  4.73685778]%


INFO: Calculated optimized muscle parameters for grac_r in 971.6063270568848 seconds.
                         Lm Opt        Lts
Template model       : [0.2278, 0.172013810564373]
Optimized param      : [0.23140572 0.14195922]
Nr of eval points    : 10000/10000 used
fval                 : 0.0017384373768038592
var from template [%]: [ 1.58284512 17.47219563]%


INFO: Calculated optimized muscle parameters for iliacus_r in 66.04132461547852 seconds.
                         Lm Opt        Lts
Template model       : [0.1066, 0.0961207083983258]
Optimized param      : [0.10529632 0.10505313]
Nr of eval points    : 863/1000 used
fval                 : 0.003288331104548794
var from template [%]: [1.22296385 9.29292468]%


INFO: Calculated optimized muscle parameters for perbrev_r in 5.726308107376099 seconds.
                         Lm Opt        Lts
Template model       : [0.0454, 0.147527533956538]
Optimized param      : [0.04550896 0.1466007 ]
Nr of eval points    : 100/100 used
fval                 : 0.00014436430412329403
var from template [%]: [0.23999686 0.62824228]%


INFO: Calculated optimized muscle parameters for perlong_r in 5.6728057861328125 seconds.
                         Lm Opt        Lts
Template model       : [0.0508, 0.332220762637978]
Optimized param      : [0.05026186 0.33196967]
Nr of eval points    : 100/100 used
fval                 : 0.00013993311153658999
var from template [%]: [1.05932449 0.0755797 ]%


INFO: Calculated optimized muscle parameters for piri_r in 65.37674522399902 seconds.
                         Lm Opt        Lts
Template model       : [0.026, 0.114906238342785]
Optimized param      : [0.02632805 0.11709866]
Nr of eval points    : 742/1000 used
fval                 : 0.0002996747570572727
var from template [%]: [1.26174693 1.90801302]%


INFO: Calculated optimized muscle parameters for psoas_r in 66.19690561294556 seconds.
                         Lm Opt        Lts
Template model       : [0.1169, 0.0995431658555083]
Optimized param      : [0.11647081 0.10968837]
Nr of eval points    : 1000/1000 used
fval                 : 0.0142762188648833
var from template [%]: [ 0.36714455 10.19176519]%


INFO: Calculated optimized muscle parameters for recfem_r in 1538.076788187027 seconds.
                         Lm Opt        Lts
Template model       : [0.0759, 0.4504]
Optimized param      : [0.08063121 0.42019484]
Nr of eval points    : 6927/10000 used
fval                 : 0.0031071298919538677
var from template [%]: [6.23347757 6.70629611]%


INFO: Calculated optimized muscle parameters for sart_r in 2156.229442834854 seconds.
                         Lm Opt        Lts
Template model       : [0.403, 0.123999830194402]
Optimized param      : [0.42916246 0.07645124]
Nr of eval points    : 10000/10000 used
fval                 : 0.0023712847560529576
var from template [%]: [ 6.49192619 38.34568925]%


INFO: Calculated optimized muscle parameters for semimem_r in 504.5150406360626 seconds.
                         Lm Opt        Lts
Template model       : [0.086, 0.335]
Optimized param      : [0.09246761 0.30913575]
Nr of eval points    : 7807/10000 used
fval                 : 0.002661712987612372
var from template [%]: [7.52048081 7.72067164]%


INFO: Calculated optimized muscle parameters for semiten_r in 491.99996852874756 seconds.
                         Lm Opt        Lts
Template model       : [0.193, 0.24719894503751]
Optimized param      : [0.2053149  0.21370977]
Nr of eval points    : 10000/10000 used
fval                 : 0.003107718639397742
var from template [%]: [ 6.38077977 13.54745851]%


INFO: Calculated optimized muscle parameters for soleus_r in 2.690382480621338 seconds.
                         Lm Opt        Lts
Template model       : [0.044, 0.28135]
Optimized param      : [0.04478737 0.27974157]
Nr of eval points    : 83/100 used
fval                 : 2.6925278172882136e-05
var from template [%]: [1.7894691  0.57168187]%


INFO: Calculated optimized muscle parameters for tfl_r in 492.4700725078583 seconds.
                         Lm Opt        Lts
Template model       : [0.095, 0.449497053805428]
Optimized param      : [0.09396347 0.4335788 ]
Nr of eval points    : 4840/10000 used
fval                 : 0.0011986306291937178
var from template [%]: [1.09108175 3.54134838]%


INFO: Calculated optimized muscle parameters for tibant_r in 2.7083864212036133 seconds.
                         Lm Opt        Lts
Template model       : [0.0683, 0.240461026409367]
Optimized param      : [0.06785072 0.23955002]
Nr of eval points    : 94/100 used
fval                 : 0.00010211769632457574
var from template [%]: [0.6577973  0.37885803]%


INFO: Calculated optimized muscle parameters for tibpost_r in 2.693166732788086 seconds.
                         Lm Opt        Lts
Template model       : [0.0378, 0.280779613883954]
Optimized param      : [0.03888781 0.27908834]
Nr of eval points    : 94/100 used
fval                 : 0.00019853548786482185
var from template [%]: [2.87781333 0.60234889]%


INFO: Calculated optimized muscle parameters for vasint_r in 0.27942895889282227 seconds.
                         Lm Opt        Lts
Template model       : [0.117, 0.205]
Optimized param      : [0.1118742  0.19472322]
Nr of eval points    : 10/10 used
fval                 : 4.1834898574324086e-05
var from template [%]: [4.38102202 5.01306251]%


INFO: Calculated optimized muscle parameters for vaslat_r in 0.3011815547943115 seconds.
                         Lm Opt        Lts
Template model       : [0.117, 0.221]
Optimized param      : [0.11186558 0.20982711]
Nr of eval points    : 10/10 used
fval                 : 4.0103169987563575e-05
var from template [%]: [4.38839418 5.05560781]%


INFO: Calculated optimized muscle parameters for vasmed_r in 0.3000192642211914 seconds.
                         Lm Opt        Lts
Template model       : [0.11, 0.208]
Optimized param      : [0.10535178 0.19764076]
Nr of eval points    : 10/10 used
fval                 : 3.6236683366479726e-05
var from template [%]: [4.2256504  4.98040415]%


INFO: Calculated optimized muscle parameters for addbrev_l in 32.49424648284912 seconds.
                         Lm Opt        Lts
Template model       : [0.1031, 0.035450291324676]
Optimized param      : [0.10541455 0.02730364]
Nr of eval points    : 966/1000 used
fval                 : 0.0017191452210223266
var from template [%]: [ 2.24495451 22.98049736]%


INFO: Calculated optimized muscle parameters for addlong_l in 36.69310021400452 seconds.
                         Lm Opt        Lts
Template model       : [0.1082, 0.131799363342026]
Optimized param      : [0.11318266 0.11671405]
Nr of eval points    : 927/1000 used
fval                 : 0.0024581165152654356
var from template [%]: [ 4.6050424  11.44566451]%


INFO: Calculated optimized muscle parameters for addmagDist_l in 40.89105415344238 seconds.
                         Lm Opt        Lts
Template model       : [0.1772, 0.0873806954617727]
Optimized param      : [0.18535782 0.06892357]
Nr of eval points    : 1000/1000 used
fval                 : 0.0042302388910031305
var from template [%]: [ 4.60373442 21.12265749]%


INFO: Calculated optimized muscle parameters for addmagIsch_l in 32.98445725440979 seconds.
                         Lm Opt        Lts
Template model       : [0.1562, 0.216343023454343]
Optimized param      : [0.16869228 0.19106134]
Nr of eval points    : 1000/1000 used
fval                 : 0.0019575106724158188
var from template [%]: [ 7.99762112 11.6859249 ]%


INFO: Calculated optimized muscle parameters for addmagMid_l in 35.90308737754822 seconds.
                         Lm Opt        Lts
Template model       : [0.1377, 0.0466276999070464]
Optimized param      : [0.14250964 0.03523528]
Nr of eval points    : 1000/1000 used
fval                 : 0.001810561590340958
var from template [%]: [ 3.49283705 24.43273528]%


INFO: Calculated optimized muscle parameters for addmagProx_l in 34.84158802032471 seconds.
                         Lm Opt        Lts
Template model       : [0.1056, 0.0403240979232675]
Optimized param      : [0.10603154 0.03577015]
Nr of eval points    : 930/1000 used
fval                 : 0.001075802705037312
var from template [%]: [ 0.40865534 11.29335816]%


INFO: Calculated optimized muscle parameters for bflh_l in 566.3077900409698 seconds.
                         Lm Opt        Lts
Template model       : [0.0976, 0.3325]
Optimized param      : [0.1060018  0.31280973]
Nr of eval points    : 8447/10000 used
fval                 : 0.002337854099580808
var from template [%]: [8.60840662 5.92188591]%


INFO: Calculated optimized muscle parameters for bfsh_l in 0.39824414253234863 seconds.
                         Lm Opt        Lts
Template model       : [0.1103, 0.105817218589115]
Optimized param      : [0.11145918 0.09752756]
Nr of eval points    : 10/10 used
fval                 : 3.9991340249310406e-05
var from template [%]: [1.05093692 7.833938  ]%


INFO: Calculated optimized muscle parameters for edl_l in 3.2865898609161377 seconds.
                         Lm Opt        Lts
Template model       : [0.0693, 0.368875245465225]
Optimized param      : [0.06898019 0.36807913]
Nr of eval points    : 100/100 used
fval                 : 0.00077081534870426
var from template [%]: [0.46148766 0.21582191]%


INFO: Calculated optimized muscle parameters for ehl_l in 2.9495127201080322 seconds.
                         Lm Opt        Lts
Template model       : [0.0748, 0.326795279537187]
Optimized param      : [0.07592458 0.32436886]
Nr of eval points    : 100/100 used
fval                 : 0.00063536922122577
var from template [%]: [1.50344611 0.74248886]%


INFO: Calculated optimized muscle parameters for fdl_l in 3.0085501670837402 seconds.
                         Lm Opt        Lts
Template model       : [0.0446, 0.378772856793842]
Optimized param      : [0.04235935 0.37613668]
Nr of eval points    : 97/100 used
fval                 : 0.0014877479760082339
var from template [%]: [5.02388135 0.69597841]%


INFO: Calculated optimized muscle parameters for fhl_l in 2.7930004596710205 seconds.
                         Lm Opt        Lts
Template model       : [0.0527, 0.354339676836818]
Optimized param      : [0.04578331 0.35447638]
Nr of eval points    : 97/100 used
fval                 : 0.0011875240143898085
var from template [%]: [13.12465336  0.03858034]%


INFO: Calculated optimized muscle parameters for gaslat_l in 41.42531132698059 seconds.
                         Lm Opt        Lts
Template model       : [0.069, 0.374]
Optimized param      : [0.06455393 0.3747456 ]
Nr of eval points    : 607/1000 used
fval                 : 0.0008042324859194409
var from template [%]: [6.44357377 0.19935826]%


INFO: Calculated optimized muscle parameters for gasmed_l in 46.622827768325806 seconds.
                         Lm Opt        Lts
Template model       : [0.059, 0.387]
Optimized param      : [0.05492915 0.38757039]
Nr of eval points    : 571/1000 used
fval                 : 0.0006648889770331746
var from template [%]: [6.89973804 0.14738699]%


INFO: Calculated optimized muscle parameters for glmax1_l in 37.30014419555664 seconds.
                         Lm Opt        Lts
Template model       : [0.147, 0.0873]
Optimized param      : [0.14095706 0.10250662]
Nr of eval points    : 1000/1000 used
fval                 : 0.012837221420216146
var from template [%]: [ 4.11084336 17.41880543]%


INFO: Calculated optimized muscle parameters for glmax2_l in 38.38655114173889 seconds.
                         Lm Opt        Lts
Template model       : [0.157, 0.109]
Optimized param      : [0.15631843 0.11701188]
Nr of eval points    : 1000/1000 used
fval                 : 0.0051880669825987635
var from template [%]: [0.43411786 7.35034933]%


INFO: Calculated optimized muscle parameters for glmax3_l in 38.51606583595276 seconds.
                         Lm Opt        Lts
Template model       : [0.167, 0.103]
Optimized param      : [0.17778899 0.09731309]
Nr of eval points    : 1000/1000 used
fval                 : 0.0018710183300034544
var from template [%]: [6.4604743  5.52126968]%


INFO: Calculated optimized muscle parameters for glmed1_l in 43.28930854797363 seconds.
                         Lm Opt        Lts
Template model       : [0.073, 0.0558168319436554]
Optimized param      : [0.07124543 0.06430465]
Nr of eval points    : 907/1000 used
fval                 : 0.002116969831131921
var from template [%]: [ 2.40352689 15.20655154]%


INFO: Calculated optimized muscle parameters for glmed2_l in 36.64722537994385 seconds.
                         Lm Opt        Lts
Template model       : [0.073, 0.0652488111992348]
Optimized param      : [0.07148597 0.07311319]
Nr of eval points    : 956/1000 used
fval                 : 0.002049416660098891
var from template [%]: [ 2.07401959 12.05290744]%


INFO: Calculated optimized muscle parameters for glmed3_l in 36.850131034851074 seconds.
                         Lm Opt        Lts
Template model       : [0.073, 0.0452328436013583]
Optimized param      : [0.07265519 0.05030545]
Nr of eval points    : 969/1000 used
fval                 : 0.0015235841647247806
var from template [%]: [ 0.4723422  11.21443985]%


INFO: Calculated optimized muscle parameters for glmin1_l in 35.885273933410645 seconds.
                         Lm Opt        Lts
Template model       : [0.068, 0.0161377823749703]
Optimized param      : [0.06694086 0.02083734]
Nr of eval points    : 880/1000 used
fval                 : 0.0002492064115720945
var from template [%]: [ 1.55755569 29.12147699]%


INFO: Calculated optimized muscle parameters for glmin2_l in 33.56398367881775 seconds.
                         Lm Opt        Lts
Template model       : [0.056, 0.0260990524098789]
Optimized param      : [0.05551772 0.02994369]
Nr of eval points    : 864/1000 used
fval                 : 0.0001909464666713946
var from template [%]: [ 0.86121312 14.73093058]%


INFO: Calculated optimized muscle parameters for glmin3_l in 34.64877200126648 seconds.
                         Lm Opt        Lts
Template model       : [0.038, 0.0508725]
Optimized param      : [0.0383524  0.05350935]
Nr of eval points    : 792/1000 used
fval                 : 0.0003083784255785868
var from template [%]: [0.92737508 5.18325625]%


INFO: Calculated optimized muscle parameters for grac_l in 546.0201234817505 seconds.
                         Lm Opt        Lts
Template model       : [0.2278, 0.172013810564373]
Optimized param      : [0.23210273 0.15025111]
Nr of eval points    : 10000/10000 used
fval                 : 0.0016971346741169525
var from template [%]: [ 1.888817   12.65171894]%


INFO: Calculated optimized muscle parameters for iliacus_l in 36.68090844154358 seconds.
                         Lm Opt        Lts
Template model       : [0.1066, 0.0961207083983258]
Optimized param      : [0.10814634 0.10402124]
Nr of eval points    : 863/1000 used
fval                 : 0.0030140501317381897
var from template [%]: [1.45059892 8.2193883 ]%


INFO: Calculated optimized muscle parameters for perbrev_l in 2.9295332431793213 seconds.
                         Lm Opt        Lts
Template model       : [0.0454, 0.147527533956538]
Optimized param      : [0.04093429 0.15391993]
Nr of eval points    : 100/100 used
fval                 : 0.001558950200147512
var from template [%]: [9.83636342 4.3330215 ]%


INFO: Calculated optimized muscle parameters for perlong_l in 3.0124247074127197 seconds.
                         Lm Opt        Lts
Template model       : [0.0508, 0.332220762637978]
Optimized param      : [0.0463084  0.33806298]
Nr of eval points    : 100/100 used
fval                 : 0.0014575865186895554
var from template [%]: [8.84173034 1.75853381]%


INFO: Calculated optimized muscle parameters for piri_l in 34.356383085250854 seconds.
                         Lm Opt        Lts
Template model       : [0.026, 0.114906238342785]
Optimized param      : [0.02676297 0.11730761]
Nr of eval points    : 742/1000 used
fval                 : 0.0003036137889874291
var from template [%]: [2.93449679 2.08985531]%


INFO: Calculated optimized muscle parameters for psoas_l in 37.23605561256409 seconds.
                         Lm Opt        Lts
Template model       : [0.1169, 0.0995431658555083]
Optimized param      : [0.11820842 0.10914934]
Nr of eval points    : 1000/1000 used
fval                 : 0.014239344752843639
var from template [%]: [1.11926827 9.65026261]%


INFO: Calculated optimized muscle parameters for recfem_l in 539.9834041595459 seconds.
                         Lm Opt        Lts
Template model       : [0.0759, 0.4504]
Optimized param      : [0.08096988 0.43002927]
Nr of eval points    : 6927/10000 used
fval                 : 0.0027349714998080184
var from template [%]: [6.679682   4.52280782]%


INFO: Calculated optimized muscle parameters for sart_l in 530.3061792850494 seconds.
                         Lm Opt        Lts
Template model       : [0.403, 0.123999830194402]
Optimized param      : [0.43000569 0.08498559]
Nr of eval points    : 10000/10000 used
fval                 : 0.002250127969505084
var from template [%]: [ 6.70116305 31.46314087]%


INFO: Calculated optimized muscle parameters for semimem_l in 566.9298622608185 seconds.
                         Lm Opt        Lts
Template model       : [0.086, 0.335]
Optimized param      : [0.09259674 0.31748237]
Nr of eval points    : 7807/10000 used
fval                 : 0.0025036475931016038
var from template [%]: [7.67062443 5.22914224]%


INFO: Calculated optimized muscle parameters for semiten_l in 566.6140489578247 seconds.
                         Lm Opt        Lts
Template model       : [0.193, 0.24719894503751]
Optimized param      : [0.20582016 0.22196003]
Nr of eval points    : 10000/10000 used
fval                 : 0.0029321290073425245
var from template [%]: [ 6.64256775 10.20995896]%


INFO: Calculated optimized muscle parameters for soleus_l in 3.097099542617798 seconds.
                         Lm Opt        Lts
Template model       : [0.044, 0.28135]
Optimized param      : [0.04060793 0.28116285]
Nr of eval points    : 83/100 used
fval                 : 0.00030021910566134963
var from template [%]: [7.70925392 0.06651962]%


INFO: Calculated optimized muscle parameters for tfl_l in 548.3856225013733 seconds.
                         Lm Opt        Lts
Template model       : [0.095, 0.449497053805428]
Optimized param      : [0.09506379 0.44161602]
Nr of eval points    : 4840/10000 used
fval                 : 0.0011948626361939143
var from template [%]: [0.06714641 1.75330125]%


INFO: Calculated optimized muscle parameters for tibant_l in 3.7942373752593994 seconds.
                         Lm Opt        Lts
Template model       : [0.0683, 0.240461026409367]
Optimized param      : [0.06978074 0.24053238]
Nr of eval points    : 94/100 used
fval                 : 0.0003454422760951195
var from template [%]: [2.1679954  0.02967259]%


INFO: Calculated optimized muscle parameters for tibpost_l in 3.032179117202759 seconds.
                         Lm Opt        Lts
Template model       : [0.0378, 0.280779613883954]
Optimized param      : [0.03653338 0.27996501]
Nr of eval points    : 94/100 used
fval                 : 0.001457621092369666
var from template [%]: [3.3508348  0.29012329]%


INFO: Calculated optimized muscle parameters for vasint_l in 0.3132638931274414 seconds.
                         Lm Opt        Lts
Template model       : [0.117, 0.205]
Optimized param      : [0.11400637 0.1987119 ]
Nr of eval points    : 10/10 used
fval                 : 3.2139374241226616e-05
var from template [%]: [2.55865519 3.06736463]%


INFO: Calculated optimized muscle parameters for vaslat_l in 0.2906014919281006 seconds.
                         Lm Opt        Lts
Template model       : [0.117, 0.221]
Optimized param      : [0.1139995  0.21415225]
Nr of eval points    : 10/10 used
fval                 : 3.0840475717380164e-05
var from template [%]: [2.56453136 3.09853001]%


INFO: Calculated optimized muscle parameters for vasmed_l in 0.3045182228088379 seconds.
                         Lm Opt        Lts
Template model       : [0.11, 0.208]
Optimized param      : [0.1073169  0.20167278]
Nr of eval points    : 10/10 used
fval                 : 2.7830669849499178e-05
var from template [%]: [2.43918468 3.04193247]%


