[2026-01-28 15:13:37.893] [info] Loaded model Rajagopal-generic-scaled from file ..\..\..\..\models\P54\walking\scaled_model_P54.osim
[2026-01-28 15:13:37.894] [warning] Couldn't find file 'r_pelvis.vtp'.
[2026-01-28 15:13:37.894] [warning] Couldn't find file 'l_pelvis.vtp'.
[2026-01-28 15:13:37.894] [warning] Couldn't find file 'sacrum.vtp'.
[2026-01-28 15:13:37.894] [warning] Couldn't find file 'r_femur.vtp'.
[2026-01-28 15:13:37.894] [warning] Couldn't find file 'r_tibia.vtp'.
[2026-01-28 15:13:37.894] [warning] Couldn't find file 'r_fibula.vtp'.
[2026-01-28 15:13:37.894] [warning] Couldn't find file 'r_patella.vtp'.
[2026-01-28 15:13:37.895] [warning] Couldn't find file 'r_talus.vtp'.
[2026-01-28 15:13:37.895] [warning] Couldn't find file 'r_foot.vtp'.
[2026-01-28 15:13:37.896] [warning] Couldn't find file 'r_bofoot.vtp'.
[2026-01-28 15:13:37.896] [warning] Couldn't find file 'l_femur.vtp'.
[2026-01-28 15:13:37.896] [warning] Couldn't find file 'l_tibia.vtp'.
[2026-01-28 15:13:37.896] [warning] Couldn't find file 'l_fibula.vtp'.
[2026-01-28 15:13:37.896] [warning] Couldn't find file 'l_patella.vtp'.
[2026-01-28 15:13:37.897] [warning] Couldn't find file 'l_talus.vtp'.
[2026-01-28 15:13:37.897] [warning] Couldn't find file 'l_foot.vtp'.
[2026-01-28 15:13:37.897] [warning] Couldn't find file 'l_bofoot.vtp'.
[2026-01-28 15:13:37.897] [warning] Couldn't find file 'hat_spine.vtp'.
[2026-01-28 15:13:37.897] [warning] Couldn't find file 'hat_jaw.vtp'.
[2026-01-28 15:13:37.897] [warning] Couldn't find file 'hat_skull.vtp'.
[2026-01-28 15:13:37.897] [warning] Couldn't find file 'hat_ribs_scap.vtp'.
[2026-01-28 15:14:27.333] [info] Loaded model Rajagopal-generic-scaled from file ..\..\..\..\models\P54\walking\scaled_model_P54.osim
[2026-01-28 15:14:27.334] [warning] Couldn't find file 'r_pelvis.vtp'.
[2026-01-28 15:14:27.334] [warning] Couldn't find file 'l_pelvis.vtp'.
[2026-01-28 15:14:27.334] [warning] Couldn't find file 'sacrum.vtp'.
[2026-01-28 15:14:27.334] [warning] Couldn't find file 'r_femur.vtp'.
[2026-01-28 15:14:27.334] [warning] Couldn't find file 'r_tibia.vtp'.
[2026-01-28 15:14:27.334] [warning] Couldn't find file 'r_fibula.vtp'.
[2026-01-28 15:14:27.334] [warning] Couldn't find file 'r_patella.vtp'.
[2026-01-28 15:14:27.334] [warning] Couldn't find file 'r_talus.vtp'.
[2026-01-28 15:14:27.334] [warning] Couldn't find file 'r_foot.vtp'.
[2026-01-28 15:14:27.334] [warning] Couldn't find file 'r_bofoot.vtp'.
[2026-01-28 15:14:27.334] [warning] Couldn't find file 'l_femur.vtp'.
[2026-01-28 15:14:27.334] [warning] Couldn't find file 'l_tibia.vtp'.
[2026-01-28 15:14:27.334] [warning] Couldn't find file 'l_fibula.vtp'.
[2026-01-28 15:14:27.334] [warning] Couldn't find file 'l_patella.vtp'.
[2026-01-28 15:14:27.335] [warning] Couldn't find file 'l_talus.vtp'.
[2026-01-28 15:14:27.335] [warning] Couldn't find file 'l_foot.vtp'.
[2026-01-28 15:14:27.335] [warning] Couldn't find file 'l_bofoot.vtp'.
[2026-01-28 15:14:27.335] [warning] Couldn't find file 'hat_spine.vtp'.
[2026-01-28 15:14:27.335] [warning] Couldn't find file 'hat_jaw.vtp'.
[2026-01-28 15:14:27.335] [warning] Couldn't find file 'hat_skull.vtp'.
[2026-01-28 15:14:27.335] [warning] Couldn't find file 'hat_ribs_scap.vtp'.
