[2025-12-17 07:32:47.353] [info] Loaded model Athlete_03 from file ..\..\..\..\models\Athlete_03_MRI_Katya\25_03_31\scaled_increased_3.00.osim
[2025-12-17 07:32:47.640] [info] Loaded model Athlete_03 from file ..\..\..\..\models\Athlete_03_MRI_Katya\25_03_31\scaled_increased_3.00.osim
[2025-12-17 07:32:47.985] [info] Loaded model Athlete_03 from file ..\..\..\..\models\Athlete_03_MRI_Katya\25_03_31\scaled_increased_3.00.osim
[2025-12-17 07:32:48.170] [cout] [info] 
               MODEL: Athlete_03
         coordinates: 39
              forces: 97
           actuators: 97
             muscles: 80
            analyses: 0
              probes: 0
              bodies: 22
              joints: 22
         constraints: 2
             markers: 39
         controllers: 0
  contact geometries: 0
misc modelcomponents: 0
[2025-12-17 07:32:48.202] [info] Running tool .
[2025-12-17 07:32:48.648] [info] Frame 1 (t = 0.00500000):	 total squared error = 5.08587, marker error: RMS = 0.451037, max = 1.61843 (BR)
[2025-12-17 07:32:48.706] [info] Frame 2 (t = 0.01):	 total squared error = 5.08592, marker error: RMS = 0.451040, max = 1.61846 (BR)
[2025-12-17 07:32:48.786] [info] Frame 3 (t = 0.015):	 total squared error = 5.08598, marker error: RMS = 0.451042, max = 1.61849 (BR)
[2025-12-17 07:32:48.858] [info] Frame 4 (t = 0.02):	 total squared error = 5.08606, marker error: RMS = 0.451046, max = 1.61852 (BR)
[2025-12-17 07:32:48.916] [info] Frame 5 (t = 0.025):	 total squared error = 5.08614, marker error: RMS = 0.451050, max = 1.61855 (BR)
[2025-12-17 07:32:48.974] [info] Frame 6 (t = 0.03):	 total squared error = 5.08625, marker error: RMS = 0.451054, max = 1.61859 (BR)
[2025-12-17 07:32:49.028] [info] Frame 7 (t = 0.035):	 total squared error = 5.08637, marker error: RMS = 0.451060, max = 1.61863 (BR)
[2025-12-17 07:32:49.101] [info] Frame 8 (t = 0.04):	 total squared error = 5.08651, marker error: RMS = 0.451066, max = 1.61867 (BR)
[2025-12-17 07:32:49.161] [info] Frame 9 (t = 0.045):	 total squared error = 5.08667, marker error: RMS = 0.451073, max = 1.61872 (BR)
[2025-12-17 07:32:49.237] [info] Frame 10 (t = 0.05):	 total squared error = 5.08684, marker error: RMS = 0.451081, max = 1.61877 (BR)
[2025-12-17 07:32:49.297] [info] Frame 11 (t = 0.055):	 total squared error = 5.08704, marker error: RMS = 0.451089, max = 1.61883 (BR)
[2025-12-17 07:32:49.336] [info] Frame 12 (t = 0.06):	 total squared error = 5.08726, marker error: RMS = 0.451099, max = 1.61889 (BR)
[2025-12-17 07:32:49.382] [info] Frame 13 (t = 0.065):	 total squared error = 5.08749, marker error: RMS = 0.451109, max = 1.61895 (BR)
[2025-12-17 07:32:49.418] [info] Frame 14 (t = 0.07):	 total squared error = 5.08774, marker error: RMS = 0.45112, max = 1.61901 (BR)
[2025-12-17 07:32:49.471] [info] Frame 15 (t = 0.075):	 total squared error = 5.088, marker error: RMS = 0.451132, max = 1.61907 (BR)
[2025-12-17 07:32:49.516] [info] Frame 16 (t = 0.08):	 total squared error = 5.08827, marker error: RMS = 0.451144, max = 1.61914 (BR)
[2025-12-17 07:32:49.578] [info] Frame 17 (t = 0.085):	 total squared error = 5.08856, marker error: RMS = 0.451157, max = 1.61921 (BR)
[2025-12-17 07:32:49.625] [info] Frame 18 (t = 0.09):	 total squared error = 5.08885, marker error: RMS = 0.45117, max = 1.61927 (BR)
[2025-12-17 07:32:49.685] [info] Frame 19 (t = 0.095):	 total squared error = 5.08915, marker error: RMS = 0.451183, max = 1.61934 (BR)
[2025-12-17 07:32:49.735] [info] Frame 20 (t = 0.1):	 total squared error = 5.08945, marker error: RMS = 0.451196, max = 1.6194 (BR)
[2025-12-17 07:32:49.812] [info] Frame 21 (t = 0.105000):	 total squared error = 5.08974, marker error: RMS = 0.451209, max = 1.61947 (BR)
[2025-12-17 07:32:49.859] [info] Frame 22 (t = 0.11):	 total squared error = 5.09004, marker error: RMS = 0.451222, max = 1.61953 (BR)
[2025-12-17 07:32:49.903] [info] Frame 23 (t = 0.115):	 total squared error = 5.09034, marker error: RMS = 0.451236, max = 1.61959 (BR)
[2025-12-17 07:32:49.942] [info] Frame 24 (t = 0.12):	 total squared error = 5.09063, marker error: RMS = 0.451248, max = 1.61965 (BR)
[2025-12-17 07:32:49.995] [info] Frame 25 (t = 0.125):	 total squared error = 5.09091, marker error: RMS = 0.451261, max = 1.6197 (BR)
[2025-12-17 07:32:50.038] [info] Frame 26 (t = 0.13):	 total squared error = 5.09119, marker error: RMS = 0.451273, max = 1.61976 (BR)
[2025-12-17 07:32:50.082] [info] Frame 27 (t = 0.135):	 total squared error = 5.09146, marker error: RMS = 0.451285, max = 1.61981 (BR)
[2025-12-17 07:32:50.124] [info] Frame 28 (t = 0.14):	 total squared error = 5.09171, marker error: RMS = 0.451296, max = 1.61986 (BR)
[2025-12-17 07:32:50.176] [info] Frame 29 (t = 0.145):	 total squared error = 5.09194, marker error: RMS = 0.451307, max = 1.6199 (BR)
[2025-12-17 07:32:50.218] [info] Frame 30 (t = 0.15):	 total squared error = 5.09216, marker error: RMS = 0.451316, max = 1.61995 (BR)
[2025-12-17 07:32:50.283] [info] Frame 31 (t = 0.155):	 total squared error = 5.09235, marker error: RMS = 0.451325, max = 1.61999 (BR)
[2025-12-17 07:32:50.335] [info] Frame 32 (t = 0.16):	 total squared error = 5.09253, marker error: RMS = 0.451333, max = 1.62002 (BR)
[2025-12-17 07:32:50.379] [info] Frame 33 (t = 0.165):	 total squared error = 5.09268, marker error: RMS = 0.451339, max = 1.62005 (BR)
[2025-12-17 07:32:50.425] [info] Frame 34 (t = 0.17):	 total squared error = 5.0928, marker error: RMS = 0.451344, max = 1.62008 (BR)
[2025-12-17 07:32:50.476] [info] Frame 35 (t = 0.175):	 total squared error = 5.09288, marker error: RMS = 0.451348, max = 1.62010 (BR)
[2025-12-17 07:32:50.532] [info] Frame 36 (t = 0.18):	 total squared error = 5.09293, marker error: RMS = 0.45135, max = 1.62012 (BR)
[2025-12-17 07:32:50.601] [info] Frame 37 (t = 0.185):	 total squared error = 5.09293, marker error: RMS = 0.451351, max = 1.62013 (BR)
[2025-12-17 07:32:50.671] [info] Frame 38 (t = 0.19):	 total squared error = 5.09289, marker error: RMS = 0.451349, max = 1.62014 (BR)
[2025-12-17 07:32:50.738] [info] Frame 39 (t = 0.195):	 total squared error = 5.09279, marker error: RMS = 0.451344, max = 1.62013 (BR)
[2025-12-17 07:32:50.822] [info] Frame 40 (t = 0.2):	 total squared error = 5.09264, marker error: RMS = 0.451338, max = 1.62012 (BR)
[2025-12-17 07:32:50.925] [info] Frame 41 (t = 0.205000):	 total squared error = 5.09243, marker error: RMS = 0.451328, max = 1.62009 (BR)
[2025-12-17 07:32:50.978] [info] Frame 42 (t = 0.21):	 total squared error = 5.09215, marker error: RMS = 0.451316, max = 1.62006 (BR)
[2025-12-17 07:32:51.036] [info] Frame 43 (t = 0.215):	 total squared error = 5.09181, marker error: RMS = 0.451301, max = 1.62001 (BR)
[2025-12-17 07:32:51.092] [info] Frame 44 (t = 0.22):	 total squared error = 5.0914, marker error: RMS = 0.451283, max = 1.61996 (BR)
[2025-12-17 07:32:51.165] [info] Frame 45 (t = 0.225):	 total squared error = 5.09092, marker error: RMS = 0.451261, max = 1.61989 (BR)
[2025-12-17 07:32:51.224] [info] Frame 46 (t = 0.23):	 total squared error = 5.09037, marker error: RMS = 0.451237, max = 1.61981 (BR)
[2025-12-17 07:32:51.294] [info] Frame 47 (t = 0.235):	 total squared error = 5.08976, marker error: RMS = 0.45121, max = 1.61972 (BR)
[2025-12-17 07:32:51.353] [info] Frame 48 (t = 0.24):	 total squared error = 5.08907, marker error: RMS = 0.451179, max = 1.61962 (BR)
[2025-12-17 07:32:51.405] [info] Frame 49 (t = 0.245):	 total squared error = 5.08832, marker error: RMS = 0.451146, max = 1.6195 (BR)
[2025-12-17 07:32:51.456] [info] Frame 50 (t = 0.25):	 total squared error = 5.08751, marker error: RMS = 0.45111, max = 1.61938 (BR)
[2025-12-17 07:32:51.507] [info] Frame 51 (t = 0.255):	 total squared error = 5.08665, marker error: RMS = 0.451072, max = 1.61924 (BR)
[2025-12-17 07:32:51.563] [info] Frame 52 (t = 0.26):	 total squared error = 5.08573, marker error: RMS = 0.451031, max = 1.6191 (BR)
[2025-12-17 07:32:51.600] [info] Frame 53 (t = 0.265):	 total squared error = 5.08477, marker error: RMS = 0.450989, max = 1.61895 (BR)
[2025-12-17 07:32:51.679] [info] Frame 54 (t = 0.27):	 total squared error = 5.08377, marker error: RMS = 0.450944, max = 1.61879 (BR)
[2025-12-17 07:32:51.705] [info] Frame 55 (t = 0.275):	 total squared error = 5.08274, marker error: RMS = 0.450899, max = 1.61863 (BR)
[2025-12-17 07:32:51.797] [info] Frame 56 (t = 0.28):	 total squared error = 5.08168, marker error: RMS = 0.450851, max = 1.61846 (BR)
[2025-12-17 07:32:51.852] [info] Frame 57 (t = 0.285):	 total squared error = 5.08060, marker error: RMS = 0.450804, max = 1.61829 (BR)
[2025-12-17 07:32:51.955] [info] Frame 58 (t = 0.29):	 total squared error = 5.07951, marker error: RMS = 0.450755, max = 1.61812 (BR)
[2025-12-17 07:32:52.022] [info] Frame 59 (t = 0.295):	 total squared error = 5.07842, marker error: RMS = 0.450707, max = 1.61795 (BR)
[2025-12-17 07:32:52.116] [info] Frame 60 (t = 0.3):	 total squared error = 5.07733, marker error: RMS = 0.450659, max = 1.61778 (BR)
[2025-12-17 07:32:52.167] [info] Frame 61 (t = 0.305000):	 total squared error = 5.07625, marker error: RMS = 0.450611, max = 1.61761 (BR)
[2025-12-17 07:32:52.230] [info] Frame 62 (t = 0.31):	 total squared error = 5.07518, marker error: RMS = 0.450563, max = 1.61744 (BR)
[2025-12-17 07:32:52.292] [info] Frame 63 (t = 0.315):	 total squared error = 5.07414, marker error: RMS = 0.450517, max = 1.61728 (BR)
[2025-12-17 07:32:52.367] [info] Frame 64 (t = 0.32):	 total squared error = 5.07313, marker error: RMS = 0.450472, max = 1.61712 (BR)
[2025-12-17 07:32:52.426] [info] Frame 65 (t = 0.325):	 total squared error = 5.07216, marker error: RMS = 0.450429, max = 1.61697 (BR)
[2025-12-17 07:32:52.467] [info] Frame 66 (t = 0.33):	 total squared error = 5.07124, marker error: RMS = 0.450388, max = 1.61683 (BR)
[2025-12-17 07:32:52.535] [info] Frame 67 (t = 0.335):	 total squared error = 5.07038, marker error: RMS = 0.450350, max = 1.6167 (BR)
[2025-12-17 07:32:52.607] [info] Frame 68 (t = 0.34):	 total squared error = 5.06958, marker error: RMS = 0.450315, max = 1.61658 (BR)
[2025-12-17 07:32:52.685] [info] Frame 69 (t = 0.345):	 total squared error = 5.06885, marker error: RMS = 0.450282, max = 1.61647 (BR)
[2025-12-17 07:32:52.735] [info] Frame 70 (t = 0.35):	 total squared error = 5.06821, marker error: RMS = 0.450254, max = 1.61637 (BR)
[2025-12-17 07:32:52.803] [info] Frame 71 (t = 0.355):	 total squared error = 5.06764, marker error: RMS = 0.450229, max = 1.61629 (BR)
[2025-12-17 07:32:52.869] [info] Frame 72 (t = 0.36):	 total squared error = 5.06717, marker error: RMS = 0.450208, max = 1.61622 (BR)
[2025-12-17 07:32:52.933] [info] Frame 73 (t = 0.365):	 total squared error = 5.0668, marker error: RMS = 0.450191, max = 1.61616 (BR)
[2025-12-17 07:32:53.011] [info] Frame 74 (t = 0.37):	 total squared error = 5.06652, marker error: RMS = 0.450178, max = 1.61613 (BR)
[2025-12-17 07:32:53.085] [info] Frame 75 (t = 0.375):	 total squared error = 5.06633, marker error: RMS = 0.450170, max = 1.6161 (BR)
[2025-12-17 07:32:53.160] [info] Frame 76 (t = 0.38):	 total squared error = 5.06624, marker error: RMS = 0.450166, max = 1.61609 (BR)
[2025-12-17 07:32:53.244] [info] Frame 77 (t = 0.385):	 total squared error = 5.06625, marker error: RMS = 0.450166, max = 1.6161 (BR)
[2025-12-17 07:32:53.308] [info] Frame 78 (t = 0.39):	 total squared error = 5.06634, marker error: RMS = 0.450171, max = 1.61612 (BR)
[2025-12-17 07:32:53.402] [info] Frame 79 (t = 0.395):	 total squared error = 5.06651, marker error: RMS = 0.450178, max = 1.61615 (BR)
[2025-12-17 07:32:53.462] [info] Frame 80 (t = 0.4):	 total squared error = 5.06675, marker error: RMS = 0.450189, max = 1.6162 (BR)
[2025-12-17 07:32:53.527] [info] Frame 81 (t = 0.405000):	 total squared error = 5.06705, marker error: RMS = 0.450202, max = 1.61625 (BR)
[2025-12-17 07:32:53.584] [info] Frame 82 (t = 0.41):	 total squared error = 5.06741, marker error: RMS = 0.450218, max = 1.61631 (BR)
[2025-12-17 07:32:53.712] [info] Frame 83 (t = 0.415):	 total squared error = 5.06782, marker error: RMS = 0.450236, max = 1.61639 (BR)
[2025-12-17 07:32:53.785] [info] Frame 84 (t = 0.42):	 total squared error = 5.06825, marker error: RMS = 0.450256, max = 1.61646 (BR)
[2025-12-17 07:32:53.839] [info] Frame 85 (t = 0.425):	 total squared error = 5.06871, marker error: RMS = 0.450276, max = 1.61654 (BR)
[2025-12-17 07:32:53.895] [info] Frame 86 (t = 0.43):	 total squared error = 5.06918, marker error: RMS = 0.450297, max = 1.61663 (BR)
[2025-12-17 07:32:53.956] [info] Frame 87 (t = 0.435):	 total squared error = 5.06964, marker error: RMS = 0.450317, max = 1.61671 (BR)
[2025-12-17 07:32:54.001] [info] Frame 88 (t = 0.44):	 total squared error = 5.07009, marker error: RMS = 0.450337, max = 1.61679 (BR)
[2025-12-17 07:32:54.052] [info] Frame 89 (t = 0.445):	 total squared error = 5.07051, marker error: RMS = 0.450356, max = 1.61686 (BR)
[2025-12-17 07:32:54.126] [info] Frame 90 (t = 0.45):	 total squared error = 5.07089, marker error: RMS = 0.450373, max = 1.61693 (BR)
[2025-12-17 07:32:54.178] [info] Frame 91 (t = 0.455):	 total squared error = 5.07123, marker error: RMS = 0.450388, max = 1.617 (BR)
[2025-12-17 07:32:54.231] [info] Frame 92 (t = 0.46):	 total squared error = 5.07151, marker error: RMS = 0.450400, max = 1.61705 (BR)
[2025-12-17 07:32:54.278] [info] Frame 93 (t = 0.465):	 total squared error = 5.07174, marker error: RMS = 0.450410, max = 1.61709 (BR)
[2025-12-17 07:32:54.330] [info] Frame 94 (t = 0.47):	 total squared error = 5.07189, marker error: RMS = 0.450417, max = 1.61713 (BR)
[2025-12-17 07:32:54.400] [info] Frame 95 (t = 0.475):	 total squared error = 5.07197, marker error: RMS = 0.450421, max = 1.61715 (BR)
[2025-12-17 07:32:54.463] [info] Frame 96 (t = 0.48):	 total squared error = 5.07198, marker error: RMS = 0.450421, max = 1.61716 (BR)
[2025-12-17 07:32:54.519] [info] Frame 97 (t = 0.485):	 total squared error = 5.07191, marker error: RMS = 0.450418, max = 1.61716 (BR)
[2025-12-17 07:32:54.562] [info] Frame 98 (t = 0.49):	 total squared error = 5.07177, marker error: RMS = 0.450412, max = 1.61715 (BR)
[2025-12-17 07:32:54.635] [info] Frame 99 (t = 0.495):	 total squared error = 5.07155, marker error: RMS = 0.450402, max = 1.61713 (BR)
[2025-12-17 07:32:54.697] [info] Frame 100 (t = 0.5):	 total squared error = 5.07126, marker error: RMS = 0.450389, max = 1.61709 (BR)
[2025-12-17 07:32:54.760] [info] Frame 101 (t = 0.505000):	 total squared error = 5.07090, marker error: RMS = 0.450373, max = 1.61705 (BR)
[2025-12-17 07:32:54.830] [info] Frame 102 (t = 0.51):	 total squared error = 5.07047, marker error: RMS = 0.450354, max = 1.617 (BR)
[2025-12-17 07:32:54.897] [info] Frame 103 (t = 0.515):	 total squared error = 5.06999, marker error: RMS = 0.450333, max = 1.61694 (BR)
[2025-12-17 07:32:54.971] [info] Frame 104 (t = 0.52):	 total squared error = 5.06946, marker error: RMS = 0.450309, max = 1.61688 (BR)
[2025-12-17 07:32:55.025] [info] Frame 105 (t = 0.525):	 total squared error = 5.06888, marker error: RMS = 0.450283, max = 1.61681 (BR)
[2025-12-17 07:32:55.092] [info] Frame 106 (t = 0.53):	 total squared error = 5.06827, marker error: RMS = 0.450256, max = 1.61673 (BR)
[2025-12-17 07:32:55.150] [info] Frame 107 (t = 0.535):	 total squared error = 5.06762, marker error: RMS = 0.450227, max = 1.61665 (BR)
[2025-12-17 07:32:55.187] [info] Frame 108 (t = 0.54):	 total squared error = 5.06695, marker error: RMS = 0.450198, max = 1.61657 (BR)
[2025-12-17 07:32:55.244] [info] Frame 109 (t = 0.545):	 total squared error = 5.06627, marker error: RMS = 0.450168, max = 1.61649 (BR)
[2025-12-17 07:32:55.298] [info] Frame 110 (t = 0.55):	 total squared error = 5.06559, marker error: RMS = 0.450137, max = 1.61641 (BR)
[2025-12-17 07:32:55.353] [info] Frame 111 (t = 0.555):	 total squared error = 5.0649, marker error: RMS = 0.450107, max = 1.61633 (BR)
[2025-12-17 07:32:55.415] [info] Frame 112 (t = 0.56):	 total squared error = 5.06422, marker error: RMS = 0.450076, max = 1.61625 (BR)
[2025-12-17 07:32:55.450] [info] Frame 113 (t = 0.565):	 total squared error = 5.06356, marker error: RMS = 0.450047, max = 1.61617 (BR)
[2025-12-17 07:32:55.508] [info] Frame 114 (t = 0.57):	 total squared error = 5.06291, marker error: RMS = 0.450018, max = 1.6161 (BR)
[2025-12-17 07:32:55.567] [info] Frame 115 (t = 0.575):	 total squared error = 5.06229, marker error: RMS = 0.449991, max = 1.61603 (BR)
[2025-12-17 07:32:55.596] [info] Frame 116 (t = 0.58):	 total squared error = 5.0617, marker error: RMS = 0.449964, max = 1.61597 (BR)
[2025-12-17 07:32:55.674] [info] Frame 117 (t = 0.585):	 total squared error = 5.06113, marker error: RMS = 0.449939, max = 1.61592 (BR)
[2025-12-17 07:32:55.697] [info] Frame 118 (t = 0.59):	 total squared error = 5.06060, marker error: RMS = 0.449916, max = 1.61587 (BR)
[2025-12-17 07:32:55.740] [info] Frame 119 (t = 0.595):	 total squared error = 5.06009, marker error: RMS = 0.449893, max = 1.61582 (BR)
[2025-12-17 07:32:55.787] [info] Frame 120 (t = 0.6):	 total squared error = 5.05962, marker error: RMS = 0.449872, max = 1.61578 (BR)
[2025-12-17 07:32:55.826] [info] Frame 121 (t = 0.605000):	 total squared error = 5.05917, marker error: RMS = 0.449852, max = 1.61575 (BR)
[2025-12-17 07:32:55.901] [info] Frame 122 (t = 0.61):	 total squared error = 5.05874, marker error: RMS = 0.449833, max = 1.61572 (BR)
[2025-12-17 07:32:55.973] [info] Frame 123 (t = 0.615):	 total squared error = 5.05834, marker error: RMS = 0.449815, max = 1.6157 (BR)
[2025-12-17 07:32:56.029] [info] Frame 124 (t = 0.62):	 total squared error = 5.05795, marker error: RMS = 0.449798, max = 1.61567 (BR)
[2025-12-17 07:32:56.098] [info] Frame 125 (t = 0.625):	 total squared error = 5.05758, marker error: RMS = 0.449781, max = 1.61565 (BR)
[2025-12-17 07:32:56.169] [info] Frame 126 (t = 0.63):	 total squared error = 5.0572, marker error: RMS = 0.449764, max = 1.61564 (BR)
[2025-12-17 07:32:56.194] [info] Frame 127 (t = 0.635):	 total squared error = 5.05683, marker error: RMS = 0.449748, max = 1.61562 (BR)
[2025-12-17 07:32:56.226] [info] Frame 128 (t = 0.64):	 total squared error = 5.05643, marker error: RMS = 0.44973, max = 1.6156 (BR)
[2025-12-17 07:32:56.258] [info] Frame 129 (t = 0.645):	 total squared error = 5.05601, marker error: RMS = 0.449712, max = 1.61558 (BR)
[2025-12-17 07:32:56.309] [info] Frame 130 (t = 0.65):	 total squared error = 5.05556, marker error: RMS = 0.449691, max = 1.61556 (BR)
[2025-12-17 07:32:56.379] [info] Frame 131 (t = 0.655):	 total squared error = 5.05505, marker error: RMS = 0.449669, max = 1.61553 (BR)
[2025-12-17 07:32:56.442] [info] Frame 132 (t = 0.66):	 total squared error = 5.05448, marker error: RMS = 0.449643, max = 1.61549 (BR)
[2025-12-17 07:32:56.512] [info] Frame 133 (t = 0.665):	 total squared error = 5.05383, marker error: RMS = 0.449615, max = 1.61544 (BR)
[2025-12-17 07:32:56.603] [info] Frame 134 (t = 0.67):	 total squared error = 5.05309, marker error: RMS = 0.449581, max = 1.61537 (BR)
[2025-12-17 07:32:56.672] [info] Frame 135 (t = 0.675):	 total squared error = 5.05223, marker error: RMS = 0.449543, max = 1.61529 (BR)
[2025-12-17 07:32:56.739] [info] Frame 136 (t = 0.68):	 total squared error = 5.05126, marker error: RMS = 0.4495, max = 1.61519 (BR)
[2025-12-17 07:32:56.794] [info] Frame 137 (t = 0.685):	 total squared error = 5.05015, marker error: RMS = 0.449451, max = 1.61507 (BR)
[2025-12-17 07:32:56.835] [info] Frame 138 (t = 0.69):	 total squared error = 5.04889, marker error: RMS = 0.449395, max = 1.61493 (BR)
[2025-12-17 07:32:56.910] [info] Frame 139 (t = 0.695):	 total squared error = 5.04747, marker error: RMS = 0.449331, max = 1.61476 (BR)
[2025-12-17 07:32:56.962] [info] Frame 140 (t = 0.7):	 total squared error = 5.04588, marker error: RMS = 0.449261, max = 1.61455 (BR)
[2025-12-17 07:32:57.024] [info] Frame 141 (t = 0.705000):	 total squared error = 5.04412, marker error: RMS = 0.449182, max = 1.61431 (BR)
[2025-12-17 07:32:57.086] [info] Frame 142 (t = 0.71):	 total squared error = 5.04218, marker error: RMS = 0.449096, max = 1.61403 (BR)
[2025-12-17 07:32:57.176] [info] Frame 143 (t = 0.715):	 total squared error = 5.04007, marker error: RMS = 0.449002, max = 1.61371 (BR)
[2025-12-17 07:32:57.204] [info] Frame 144 (t = 0.72):	 total squared error = 5.03781, marker error: RMS = 0.448901, max = 1.61334 (BR)
[2025-12-17 07:32:57.250] [info] Frame 145 (t = 0.725):	 total squared error = 5.03538, marker error: RMS = 0.448793, max = 1.61292 (BR)
[2025-12-17 07:32:57.291] [info] Frame 146 (t = 0.73):	 total squared error = 5.03283, marker error: RMS = 0.448679, max = 1.61245 (BR)
[2025-12-17 07:32:57.359] [info] Frame 147 (t = 0.735):	 total squared error = 5.03017, marker error: RMS = 0.448561, max = 1.61192 (BR)
[2025-12-17 07:32:57.419] [info] Frame 148 (t = 0.74):	 total squared error = 5.02742, marker error: RMS = 0.448438, max = 1.61133 (BR)
[2025-12-17 07:32:57.480] [info] Frame 149 (t = 0.745):	 total squared error = 5.02461, marker error: RMS = 0.448313, max = 1.61068 (BR)
[2025-12-17 07:32:57.539] [info] Frame 150 (t = 0.75):	 total squared error = 5.02176, marker error: RMS = 0.448186, max = 1.60996 (BR)
[2025-12-17 07:32:57.614] [info] Frame 151 (t = 0.755):	 total squared error = 5.01888, marker error: RMS = 0.448057, max = 1.60919 (BR)
[2025-12-17 07:32:57.667] [info] Frame 152 (t = 0.76):	 total squared error = 5.01596, marker error: RMS = 0.447927, max = 1.60835 (BR)
[2025-12-17 07:32:57.719] [info] Frame 153 (t = 0.765):	 total squared error = 5.01297, marker error: RMS = 0.447793, max = 1.60744 (BR)
[2025-12-17 07:32:57.775] [info] Frame 154 (t = 0.77):	 total squared error = 5.00986, marker error: RMS = 0.447654, max = 1.60647 (BR)
[2025-12-17 07:32:57.854] [info] Frame 155 (t = 0.775):	 total squared error = 2.57865, marker error: RMS = 0.321163, max = 1.60544 (BR)
[2025-12-17 07:32:57.927] [info] Frame 156 (t = 0.78):	 total squared error = 2.57515, marker error: RMS = 0.320946, max = 1.60435 (BR)
[2025-12-17 07:32:57.993] [info] Frame 157 (t = 0.785):	 total squared error = 2.57146, marker error: RMS = 0.320716, max = 1.60319 (BR)
[2025-12-17 07:32:58.056] [info] Frame 158 (t = 0.79):	 total squared error = 2.56758, marker error: RMS = 0.320473, max = 1.60197 (BR)
[2025-12-17 07:32:58.130] [info] Frame 159 (t = 0.795):	 total squared error = 2.56351, marker error: RMS = 0.320219, max = 1.60069 (BR)
[2025-12-17 07:32:58.198] [info] Frame 160 (t = 0.8):	 total squared error = 2.55925, marker error: RMS = 0.319953, max = 1.59935 (BR)
[2025-12-17 07:32:58.251] [info] Frame 161 (t = 0.805000):	 total squared error = 2.55481, marker error: RMS = 0.319676, max = 1.59795 (BR)
[2025-12-17 07:32:58.313] [info] Frame 162 (t = 0.81):	 total squared error = 2.55021, marker error: RMS = 0.319387, max = 1.5965 (BR)
[2025-12-17 07:32:58.362] [info] Frame 163 (t = 0.815):	 total squared error = 2.54543, marker error: RMS = 0.319088, max = 1.595 (BR)
[2025-12-17 07:32:58.402] [info] Frame 164 (t = 0.82):	 total squared error = 2.54051, marker error: RMS = 0.318779, max = 1.59344 (BR)
[2025-12-17 07:32:58.459] [info] Frame 165 (t = 0.825):	 total squared error = 2.53543, marker error: RMS = 0.31846, max = 1.59184 (BR)
[2025-12-17 07:32:58.493] [info] Frame 166 (t = 0.83):	 total squared error = 2.53021, marker error: RMS = 0.318133, max = 1.59019 (BR)
[2025-12-17 07:32:58.547] [info] Frame 167 (t = 0.835):	 total squared error = 2.52486, marker error: RMS = 0.317796, max = 1.5885 (BR)
[2025-12-17 07:32:58.594] [info] Frame 168 (t = 0.84):	 total squared error = 2.5194, marker error: RMS = 0.317452, max = 1.58676 (BR)
[2025-12-17 07:32:58.636] [info] Frame 169 (t = 0.845):	 total squared error = 2.51382, marker error: RMS = 0.3171, max = 1.58499 (BR)
[2025-12-17 07:32:58.684] [info] Frame 170 (t = 0.85):	 total squared error = 2.50814, marker error: RMS = 0.316742, max = 1.58319 (BR)
[2025-12-17 07:32:58.728] [info] Frame 171 (t = 0.855):	 total squared error = 2.50236, marker error: RMS = 0.316377, max = 1.58136 (BR)
[2025-12-17 07:32:58.780] [info] Frame 172 (t = 0.86):	 total squared error = 2.49651, marker error: RMS = 0.316007, max = 1.57949 (BR)
[2025-12-17 07:32:58.853] [info] Frame 173 (t = 0.865):	 total squared error = 2.49058, marker error: RMS = 0.315631, max = 1.5776 (BR)
[2025-12-17 07:32:58.905] [info] Frame 174 (t = 0.87):	 total squared error = 2.48458, marker error: RMS = 0.315251, max = 1.57569 (BR)
[2025-12-17 07:32:58.965] [info] Frame 175 (t = 0.875):	 total squared error = 2.47851, marker error: RMS = 0.314866, max = 1.57376 (BR)
[2025-12-17 07:32:59.023] [info] Frame 176 (t = 0.88):	 total squared error = 2.4724, marker error: RMS = 0.314477, max = 1.5718 (BR)
[2025-12-17 07:32:59.079] [info] Frame 177 (t = 0.885):	 total squared error = 2.46623, marker error: RMS = 0.314085, max = 1.56983 (BR)
[2025-12-17 07:32:59.138] [info] Frame 178 (t = 0.89):	 total squared error = 2.46003, marker error: RMS = 0.313689, max = 1.56784 (BR)
[2025-12-17 07:32:59.198] [info] Frame 179 (t = 0.895):	 total squared error = 2.45379, marker error: RMS = 0.313291, max = 1.56584 (BR)
[2025-12-17 07:32:59.255] [info] Frame 180 (t = 0.9):	 total squared error = 4.70864, marker error: RMS = 0.433988, max = 1.56382 (BR)
[2025-12-17 07:32:59.310] [info] Frame 181 (t = 0.905000):	 total squared error = 4.69867, marker error: RMS = 0.433528, max = 1.56179 (BR)
[2025-12-17 07:32:59.368] [info] Frame 182 (t = 0.91):	 total squared error = 4.6881, marker error: RMS = 0.433040, max = 1.55975 (BR)
[2025-12-17 07:32:59.422] [info] Frame 183 (t = 0.915):	 total squared error = 4.67696, marker error: RMS = 0.432526, max = 1.55769 (BR)
[2025-12-17 07:32:59.482] [info] Frame 184 (t = 0.92):	 total squared error = 4.66529, marker error: RMS = 0.431986, max = 1.55563 (BR)
[2025-12-17 07:32:59.533] [info] Frame 185 (t = 0.925):	 total squared error = 4.65315, marker error: RMS = 0.431423, max = 1.55354 (BR)
[2025-12-17 07:32:59.574] [info] Frame 186 (t = 0.93):	 total squared error = 4.64059, marker error: RMS = 0.430840, max = 1.55145 (BR)
[2025-12-17 07:32:59.646] [info] Frame 187 (t = 0.935):	 total squared error = 4.62766, marker error: RMS = 0.430240, max = 1.54934 (BR)
[2025-12-17 07:32:59.672] [info] Frame 188 (t = 0.94):	 total squared error = 4.61444, marker error: RMS = 0.429625, max = 1.54721 (BR)
[2025-12-17 07:32:59.704] [info] Frame 189 (t = 0.945):	 total squared error = 4.60097, marker error: RMS = 0.428997, max = 1.54507 (BR)
[2025-12-17 07:32:59.755] [info] Frame 190 (t = 0.95):	 total squared error = 4.58728, marker error: RMS = 0.428359, max = 1.5429 (BR)
[2025-12-17 07:32:59.804] [info] Frame 191 (t = 0.955):	 total squared error = 4.57345, marker error: RMS = 0.427712, max = 1.54073 (BR)
[2025-12-17 07:32:59.842] [info] Frame 192 (t = 0.96):	 total squared error = 4.55949, marker error: RMS = 0.427059, max = 1.53853 (BR)
[2025-12-17 07:32:59.884] [info] Frame 193 (t = 0.965):	 total squared error = 4.54543, marker error: RMS = 0.4264, max = 1.53631 (BR)
[2025-12-17 07:32:59.922] [info] Frame 194 (t = 0.97):	 total squared error = 4.53129, marker error: RMS = 0.425736, max = 1.53407 (BR)
[2025-12-17 07:32:59.951] [info] Frame 195 (t = 0.975):	 total squared error = 4.51709, marker error: RMS = 0.425069, max = 1.53181 (BR)
[2025-12-17 07:33:00.005] [info] Frame 196 (t = 0.98):	 total squared error = 4.50283, marker error: RMS = 0.424397, max = 1.52953 (BR)
[2025-12-17 07:33:00.044] [info] Frame 197 (t = 0.985):	 total squared error = 4.48853, marker error: RMS = 0.423723, max = 1.52724 (BR)
[2025-12-17 07:33:00.074] [info] Frame 198 (t = 0.99):	 total squared error = 4.4742, marker error: RMS = 0.423046, max = 1.52492 (BR)
[2025-12-17 07:33:00.108] [info] Frame 199 (t = 0.995):	 total squared error = 4.45982, marker error: RMS = 0.422366, max = 1.52259 (BR)
[2025-12-17 07:33:00.147] [info] Frame 200 (t = 1.0):	 total squared error = 4.44542, marker error: RMS = 0.421683, max = 1.52023 (BR)
[2025-12-17 07:33:00.176] [info] Frame 201 (t = 1.00500):	 total squared error = 4.43099, marker error: RMS = 0.420998, max = 1.51787 (BR)
[2025-12-17 07:33:00.210] [info] Frame 202 (t = 1.01):	 total squared error = 4.41654, marker error: RMS = 0.420311, max = 1.51548 (BR)
[2025-12-17 07:33:00.259] [info] Frame 203 (t = 1.015):	 total squared error = 4.40207, marker error: RMS = 0.419622, max = 1.51309 (BR)
[2025-12-17 07:33:00.285] [info] Frame 204 (t = 1.02):	 total squared error = 4.38759, marker error: RMS = 0.418931, max = 1.51068 (BR)
[2025-12-17 07:33:00.317] [info] Frame 205 (t = 1.025):	 total squared error = 4.3731, marker error: RMS = 0.418239, max = 1.50827 (BR)
[2025-12-17 07:33:00.367] [info] Frame 206 (t = 1.03):	 total squared error = 4.3586, marker error: RMS = 0.417545, max = 1.50584 (BR)
[2025-12-17 07:33:00.397] [info] Frame 207 (t = 1.035):	 total squared error = 4.34412, marker error: RMS = 0.416851, max = 1.50341 (BR)
[2025-12-17 07:33:00.453] [info] Frame 208 (t = 1.04):	 total squared error = 4.32964, marker error: RMS = 0.416156, max = 1.50098 (BR)
[2025-12-17 07:33:00.503] [info] Frame 209 (t = 1.045):	 total squared error = 4.31518, marker error: RMS = 0.41546, max = 1.49854 (BR)
[2025-12-17 07:33:00.562] [info] Frame 210 (t = 1.05):	 total squared error = 4.30074, marker error: RMS = 0.414765, max = 1.4961 (BR)
[2025-12-17 07:33:00.601] [info] Frame 211 (t = 1.055):	 total squared error = 4.28633, marker error: RMS = 0.414069, max = 1.49365 (BR)
[2025-12-17 07:33:00.640] [info] Frame 212 (t = 1.06):	 total squared error = 4.27195, marker error: RMS = 0.413374, max = 1.49121 (BR)
[2025-12-17 07:33:00.685] [info] Frame 213 (t = 1.065):	 total squared error = 4.2576, marker error: RMS = 0.412679, max = 1.48877 (BR)
[2025-12-17 07:33:00.719] [info] Frame 214 (t = 1.07):	 total squared error = 4.24329, marker error: RMS = 0.411985, max = 1.48633 (BR)
[2025-12-17 07:33:00.760] [info] Frame 215 (t = 1.075):	 total squared error = 4.22901, marker error: RMS = 0.411291, max = 1.48389 (BR)
[2025-12-17 07:33:00.814] [info] Frame 216 (t = 1.08):	 total squared error = 4.21478, marker error: RMS = 0.410598, max = 1.48146 (BR)
[2025-12-17 07:33:00.870] [info] Frame 217 (t = 1.085):	 total squared error = 4.20058, marker error: RMS = 0.409906, max = 1.47903 (BR)
[2025-12-17 07:33:00.906] [info] Frame 218 (t = 1.09):	 total squared error = 4.18643, marker error: RMS = 0.409216, max = 1.4766 (BR)
[2025-12-17 07:33:00.954] [info] Frame 219 (t = 1.095):	 total squared error = 4.17233, marker error: RMS = 0.408526, max = 1.47417 (BR)
[2025-12-17 07:33:00.996] [info] Frame 220 (t = 1.1):	 total squared error = 4.15828, marker error: RMS = 0.407837, max = 1.47175 (BR)
[2025-12-17 07:33:01.038] [info] Frame 221 (t = 1.10500):	 total squared error = 4.14427, marker error: RMS = 0.407150, max = 1.46934 (BR)
[2025-12-17 07:33:01.082] [info] Frame 222 (t = 1.11):	 total squared error = 4.13033, marker error: RMS = 0.406464, max = 1.46693 (BR)
[2025-12-17 07:33:01.129] [info] Frame 223 (t = 1.115):	 total squared error = 4.11644, marker error: RMS = 0.405780, max = 1.46453 (BR)
[2025-12-17 07:33:01.171] [info] Frame 224 (t = 1.12):	 total squared error = 4.10261, marker error: RMS = 0.405098, max = 1.46214 (BR)
[2025-12-17 07:33:01.216] [info] Frame 225 (t = 1.125):	 total squared error = 4.08885, marker error: RMS = 0.404418, max = 1.45976 (BR)
[2025-12-17 07:33:01.269] [info] Frame 226 (t = 1.13):	 total squared error = 4.07517, marker error: RMS = 0.403741, max = 1.45739 (BR)
[2025-12-17 07:33:01.327] [info] Frame 227 (t = 1.135):	 total squared error = 4.06157, marker error: RMS = 0.403067, max = 1.45503 (BR)
[2025-12-17 07:33:01.367] [info] Frame 228 (t = 1.14):	 total squared error = 4.04805, marker error: RMS = 0.402395, max = 1.45268 (BR)
[2025-12-17 07:33:01.411] [info] Frame 229 (t = 1.145):	 total squared error = 4.03463, marker error: RMS = 0.401728, max = 1.45035 (BR)
[2025-12-17 07:33:01.448] [info] Frame 230 (t = 1.15):	 total squared error = 4.02131, marker error: RMS = 0.401064, max = 1.44803 (BR)
[2025-12-17 07:33:01.483] [info] Frame 231 (t = 1.155):	 total squared error = 4.00810, marker error: RMS = 0.400405, max = 1.44573 (BR)
[2025-12-17 07:33:01.518] [info] Frame 232 (t = 1.16):	 total squared error = 3.99499, marker error: RMS = 0.399749, max = 1.44345 (BR)
[2025-12-17 07:33:01.554] [info] Frame 233 (t = 1.165):	 total squared error = 3.98198, marker error: RMS = 0.399098, max = 1.44118 (BR)
[2025-12-17 07:33:01.592] [info] Frame 234 (t = 1.17):	 total squared error = 3.96909, marker error: RMS = 0.398452, max = 1.43893 (BR)
[2025-12-17 07:33:01.632] [info] Frame 235 (t = 1.175):	 total squared error = 3.95631, marker error: RMS = 0.397809, max = 1.4367 (BR)
[2025-12-17 07:33:01.673] [info] Frame 236 (t = 1.18):	 total squared error = 3.94362, marker error: RMS = 0.397171, max = 1.43448 (BR)
[2025-12-17 07:33:01.708] [info] Frame 237 (t = 1.185):	 total squared error = 3.93103, marker error: RMS = 0.396537, max = 1.43228 (BR)
[2025-12-17 07:33:01.767] [info] Frame 238 (t = 1.19):	 total squared error = 3.91853, marker error: RMS = 0.395905, max = 1.43009 (BR)
[2025-12-17 07:33:01.810] [info] Frame 239 (t = 1.195):	 total squared error = 3.90611, marker error: RMS = 0.395278, max = 1.42791 (BR)
[2025-12-17 07:33:01.852] [info] Frame 240 (t = 1.2):	 total squared error = 3.89377, marker error: RMS = 0.394653, max = 1.42574 (BR)
[2025-12-17 07:33:01.917] [info] Frame 241 (t = 1.20500):	 total squared error = 3.88149, marker error: RMS = 0.394030, max = 1.42358 (BR)
[2025-12-17 07:33:01.949] [info] Frame 242 (t = 1.21):	 total squared error = 3.86927, marker error: RMS = 0.393409, max = 1.42143 (BR)
[2025-12-17 07:33:01.980] [info] Frame 243 (t = 1.215):	 total squared error = 3.85709, marker error: RMS = 0.392789, max = 1.41928 (BR)
[2025-12-17 07:33:02.018] [info] Frame 244 (t = 1.22):	 total squared error = 3.84496, marker error: RMS = 0.392171, max = 1.41714 (BR)
[2025-12-17 07:33:02.069] [info] Frame 245 (t = 1.225):	 total squared error = 3.83286, marker error: RMS = 0.391554, max = 1.415 (BR)
[2025-12-17 07:33:02.110] [info] Frame 246 (t = 1.23):	 total squared error = 3.82080, marker error: RMS = 0.390937, max = 1.41286 (BR)
[2025-12-17 07:33:02.172] [info] Frame 247 (t = 1.235):	 total squared error = 3.80877, marker error: RMS = 0.390321, max = 1.41073 (BR)
[2025-12-17 07:33:02.212] [info] Frame 248 (t = 1.24):	 total squared error = 3.79677, marker error: RMS = 0.389706, max = 1.40859 (BR)
[2025-12-17 07:33:02.274] [info] Frame 249 (t = 1.245):	 total squared error = 3.7848, marker error: RMS = 0.389091, max = 1.40646 (BR)
[2025-12-17 07:33:02.322] [info] Frame 250 (t = 1.25):	 total squared error = 3.77286, marker error: RMS = 0.388477, max = 1.40433 (BR)
[2025-12-17 07:33:02.357] [info] Frame 251 (t = 1.255):	 total squared error = 3.76096, marker error: RMS = 0.387864, max = 1.40220 (BR)
[2025-12-17 07:33:02.401] [info] Frame 252 (t = 1.26):	 total squared error = 3.7491, marker error: RMS = 0.387252, max = 1.40008 (BR)
[2025-12-17 07:33:02.459] [info] Frame 253 (t = 1.265):	 total squared error = 3.73726, marker error: RMS = 0.38664, max = 1.39795 (BR)
[2025-12-17 07:33:02.502] [info] Frame 254 (t = 1.27):	 total squared error = 3.72547, marker error: RMS = 0.386029, max = 1.39583 (BR)
[2025-12-17 07:33:02.545] [info] Frame 255 (t = 1.275):	 total squared error = 3.71371, marker error: RMS = 0.38542, max = 1.39371 (BR)
[2025-12-17 07:33:02.589] [info] Frame 256 (t = 1.28):	 total squared error = 3.70199, marker error: RMS = 0.384811, max = 1.39159 (BR)
[2025-12-17 07:33:02.657] [info] Frame 257 (t = 1.285):	 total squared error = 3.69029, marker error: RMS = 0.384203, max = 1.38947 (BR)
[2025-12-17 07:33:02.705] [info] Frame 258 (t = 1.29):	 total squared error = 3.67863, marker error: RMS = 0.383595, max = 1.38735 (BR)
[2025-12-17 07:33:02.748] [info] Frame 259 (t = 1.295):	 total squared error = 3.66699, marker error: RMS = 0.382988, max = 1.38523 (BR)
[2025-12-17 07:33:02.815] [info] Frame 260 (t = 1.3):	 total squared error = 3.65537, marker error: RMS = 0.38238, max = 1.38311 (BR)
[2025-12-17 07:33:02.877] [info] Frame 261 (t = 1.30500):	 total squared error = 3.64377, marker error: RMS = 0.381773, max = 1.38098 (BR)
[2025-12-17 07:33:02.934] [info] Frame 262 (t = 1.31):	 total squared error = 3.63217, marker error: RMS = 0.381165, max = 1.37885 (BR)
[2025-12-17 07:33:03.005] [info] Frame 263 (t = 1.315):	 total squared error = 3.62059, marker error: RMS = 0.380557, max = 1.37672 (BR)
[2025-12-17 07:33:03.046] [info] Frame 264 (t = 1.32):	 total squared error = 3.60901, marker error: RMS = 0.379948, max = 1.37459 (BR)
[2025-12-17 07:33:03.094] [info] Frame 265 (t = 1.325):	 total squared error = 3.59744, marker error: RMS = 0.379338, max = 1.37245 (BR)
[2025-12-17 07:33:03.158] [info] Frame 266 (t = 1.33):	 total squared error = 3.58587, marker error: RMS = 0.378728, max = 1.37030 (BR)
[2025-12-17 07:33:03.194] [info] Frame 267 (t = 1.335):	 total squared error = 3.57431, marker error: RMS = 0.378117, max = 1.36816 (BR)
[2025-12-17 07:33:03.237] [info] Frame 268 (t = 1.34):	 total squared error = 3.56276, marker error: RMS = 0.377506, max = 1.36601 (BR)
[2025-12-17 07:33:03.292] [info] Frame 269 (t = 1.345):	 total squared error = 3.55123, marker error: RMS = 0.376894, max = 1.36386 (BR)
[2025-12-17 07:33:03.328] [info] Frame 270 (t = 1.35):	 total squared error = 3.53971, marker error: RMS = 0.376282, max = 1.36171 (BR)
[2025-12-17 07:33:03.353] [info] Frame 271 (t = 1.355):	 total squared error = 3.52822, marker error: RMS = 0.375671, max = 1.35956 (BR)
[2025-12-17 07:33:03.406] [info] Frame 272 (t = 1.36):	 total squared error = 3.51675, marker error: RMS = 0.375060, max = 1.35741 (BR)
[2025-12-17 07:33:03.465] [info] Frame 273 (t = 1.365):	 total squared error = 3.50533, marker error: RMS = 0.374451, max = 1.35527 (BR)
[2025-12-17 07:33:03.500] [info] Frame 274 (t = 1.37):	 total squared error = 3.49395, marker error: RMS = 0.373842, max = 1.35314 (BR)
[2025-12-17 07:33:03.562] [info] Frame 275 (t = 1.375):	 total squared error = 3.48262, marker error: RMS = 0.373236, max = 1.35101 (BR)
[2025-12-17 07:33:03.619] [info] Frame 276 (t = 1.38):	 total squared error = 3.47135, marker error: RMS = 0.372631, max = 1.34889 (BR)
[2025-12-17 07:33:03.656] [info] Frame 277 (t = 1.385):	 total squared error = 3.46013, marker error: RMS = 0.372029, max = 1.34678 (BR)
[2025-12-17 07:33:03.697] [info] Frame 278 (t = 1.39):	 total squared error = 3.44898, marker error: RMS = 0.371429, max = 1.34467 (BR)
[2025-12-17 07:33:03.749] [info] Frame 279 (t = 1.395):	 total squared error = 3.43789, marker error: RMS = 0.370831, max = 1.34258 (BR)
[2025-12-17 07:33:03.785] [info] Frame 280 (t = 1.4):	 total squared error = 3.42687, marker error: RMS = 0.370236, max = 1.34050 (BR)
[2025-12-17 07:33:03.833] [info] Frame 281 (t = 1.40500):	 total squared error = 3.41591, marker error: RMS = 0.369644, max = 1.33842 (BR)
[2025-12-17 07:33:03.888] [info] Frame 282 (t = 1.41):	 total squared error = 3.40502, marker error: RMS = 0.369054, max = 1.33636 (BR)
[2025-12-17 07:33:03.952] [info] Frame 283 (t = 1.415):	 total squared error = 3.3942, marker error: RMS = 0.368467, max = 1.3343 (BR)
[2025-12-17 07:33:03.990] [info] Frame 284 (t = 1.42):	 total squared error = 3.38345, marker error: RMS = 0.367883, max = 1.33226 (BR)
[2025-12-17 07:33:04.032] [info] Frame 285 (t = 1.425):	 total squared error = 3.37278, marker error: RMS = 0.367302, max = 1.33023 (BR)
[2025-12-17 07:33:04.097] [info] Frame 286 (t = 1.43):	 total squared error = 3.36217, marker error: RMS = 0.366725, max = 1.32822 (BR)
[2025-12-17 07:33:04.138] [info] Frame 287 (t = 1.435):	 total squared error = 3.35165, marker error: RMS = 0.36615, max = 1.32622 (BR)
[2025-12-17 07:33:04.203] [info] Frame 288 (t = 1.44):	 total squared error = 3.3412, marker error: RMS = 0.365579, max = 1.32424 (BR)
[2025-12-17 07:33:04.248] [info] Frame 289 (t = 1.445):	 total squared error = 3.33084, marker error: RMS = 0.365012, max = 1.32227 (BR)
[2025-12-17 07:33:04.289] [info] Frame 290 (t = 1.45):	 total squared error = 3.32056, marker error: RMS = 0.364448, max = 1.32033 (BR)
[2025-12-17 07:33:04.325] [info] Frame 291 (t = 1.455):	 total squared error = 3.31038, marker error: RMS = 0.363889, max = 1.3184 (BR)
[2025-12-17 07:33:04.372] [info] Frame 292 (t = 1.46):	 total squared error = 3.30029, marker error: RMS = 0.363334, max = 1.3165 (BR)
[2025-12-17 07:33:04.408] [info] Frame 293 (t = 1.465):	 total squared error = 3.29030, marker error: RMS = 0.362784, max = 1.31462 (BR)
[2025-12-17 07:33:04.463] [info] Frame 294 (t = 1.47):	 total squared error = 3.28041, marker error: RMS = 0.362238, max = 1.31277 (BR)
[2025-12-17 07:33:04.522] [info] Frame 295 (t = 1.475):	 total squared error = 3.27063, marker error: RMS = 0.361697, max = 1.31094 (BR)
[2025-12-17 07:33:04.587] [info] Frame 296 (t = 1.48):	 total squared error = 3.26095, marker error: RMS = 0.361162, max = 1.30914 (BR)
[2025-12-17 07:33:04.659] [info] Frame 297 (t = 1.485):	 total squared error = 3.25138, marker error: RMS = 0.360632, max = 1.30736 (BR)
[2025-12-17 07:33:04.702] [info] Frame 298 (t = 1.49):	 total squared error = 3.24192, marker error: RMS = 0.360107, max = 1.30562 (BR)
[2025-12-17 07:33:04.751] [info] Frame 299 (t = 1.495):	 total squared error = 3.23257, marker error: RMS = 0.359587, max = 1.30390 (BR)
[2025-12-17 07:33:04.789] [info] Frame 300 (t = 1.5):	 total squared error = 3.22333, marker error: RMS = 0.359072, max = 1.30221 (BR)
[2025-12-17 07:33:04.834] [info] Frame 301 (t = 1.50500):	 total squared error = 3.21418, marker error: RMS = 0.358563, max = 1.30055 (BR)
[2025-12-17 07:33:04.864] [info] Frame 302 (t = 1.51):	 total squared error = 3.20514, marker error: RMS = 0.358058, max = 1.29892 (BR)
[2025-12-17 07:33:04.914] [info] Frame 303 (t = 1.515):	 total squared error = 3.19619, marker error: RMS = 0.357558, max = 1.29732 (BR)
[2025-12-17 07:33:04.951] [info] Frame 304 (t = 1.52):	 total squared error = 3.18733, marker error: RMS = 0.357062, max = 1.29574 (BR)
[2025-12-17 07:33:04.997] [info] Frame 305 (t = 1.525):	 total squared error = 3.17854, marker error: RMS = 0.356569, max = 1.29418 (BR)
[2025-12-17 07:33:05.039] [info] Frame 306 (t = 1.53):	 total squared error = 3.16983, marker error: RMS = 0.356080, max = 1.29265 (BR)
[2025-12-17 07:33:05.081] [info] Frame 307 (t = 1.535):	 total squared error = 3.16119, marker error: RMS = 0.355595, max = 1.29113 (BR)
[2025-12-17 07:33:05.122] [info] Frame 308 (t = 1.54):	 total squared error = 3.1526, marker error: RMS = 0.355111, max = 1.28964 (BR)
[2025-12-17 07:33:05.176] [info] Frame 309 (t = 1.545):	 total squared error = 3.14407, marker error: RMS = 0.35463, max = 1.28817 (BR)
[2025-12-17 07:33:05.219] [info] Frame 310 (t = 1.55):	 total squared error = 3.13558, marker error: RMS = 0.354151, max = 1.28671 (BR)
[2025-12-17 07:33:05.258] [info] Frame 311 (t = 1.555):	 total squared error = 3.12714, marker error: RMS = 0.353674, max = 1.28527 (BR)
[2025-12-17 07:33:05.295] [info] Frame 312 (t = 1.56):	 total squared error = 3.11873, marker error: RMS = 0.353199, max = 1.28385 (BR)
[2025-12-17 07:33:05.324] [info] Frame 313 (t = 1.565):	 total squared error = 3.11036, marker error: RMS = 0.352724, max = 1.28244 (BR)
[2025-12-17 07:33:05.358] [info] Frame 314 (t = 1.57):	 total squared error = 3.10203, marker error: RMS = 0.352252, max = 1.28104 (BR)
[2025-12-17 07:33:05.394] [info] Frame 315 (t = 1.575):	 total squared error = 3.09373, marker error: RMS = 0.35178, max = 1.27966 (BR)
[2025-12-17 07:33:05.445] [info] Frame 316 (t = 1.58):	 total squared error = 3.08546, marker error: RMS = 0.35131, max = 1.27829 (BR)
[2025-12-17 07:33:05.498] [info] Frame 317 (t = 1.585):	 total squared error = 3.07723, marker error: RMS = 0.350841, max = 1.27693 (BR)
[2025-12-17 07:33:05.562] [info] Frame 318 (t = 1.59):	 total squared error = 3.06904, marker error: RMS = 0.350373, max = 1.27558 (BR)
[2025-12-17 07:33:05.622] [info] Frame 319 (t = 1.595):	 total squared error = 3.06089, marker error: RMS = 0.349908, max = 1.27425 (BR)
[2025-12-17 07:33:05.688] [info] Frame 320 (t = 1.6):	 total squared error = 3.05278, marker error: RMS = 0.349444, max = 1.27293 (BR)
[2025-12-17 07:33:05.742] [info] Frame 321 (t = 1.60500):	 total squared error = 3.04473, marker error: RMS = 0.348983, max = 1.27162 (BR)
[2025-12-17 07:33:05.825] [info] Frame 322 (t = 1.61):	 total squared error = 3.03673, marker error: RMS = 0.348524, max = 1.27032 (BR)
[2025-12-17 07:33:05.892] [info] Frame 323 (t = 1.615):	 total squared error = 3.02879, marker error: RMS = 0.348068, max = 1.26903 (BR)
[2025-12-17 07:33:05.954] [info] Frame 324 (t = 1.62):	 total squared error = 3.02091, marker error: RMS = 0.347615, max = 1.26775 (BR)
[2025-12-17 07:33:06.044] [info] Frame 325 (t = 1.625):	 total squared error = 3.01309, marker error: RMS = 0.347165, max = 1.26649 (BR)
[2025-12-17 07:33:06.095] [info] Frame 326 (t = 1.63):	 total squared error = 3.00534, marker error: RMS = 0.346718, max = 1.26524 (BR)
[2025-12-17 07:33:06.171] [info] Frame 327 (t = 1.635):	 total squared error = 2.99766, marker error: RMS = 0.346275, max = 1.26399 (BR)
[2025-12-17 07:33:06.242] [info] Frame 328 (t = 1.64):	 total squared error = 2.99005, marker error: RMS = 0.345835, max = 1.26276 (BR)
[2025-12-17 07:33:06.308] [info] Frame 329 (t = 1.645):	 total squared error = 2.9825, marker error: RMS = 0.345398, max = 1.26154 (BR)
[2025-12-17 07:33:06.375] [info] Frame 330 (t = 1.65):	 total squared error = 2.97503, marker error: RMS = 0.344966, max = 1.26033 (BR)
[2025-12-17 07:33:06.446] [info] Frame 331 (t = 1.655):	 total squared error = 2.96763, marker error: RMS = 0.344536, max = 1.25912 (BR)
[2025-12-17 07:33:06.503] [info] Frame 332 (t = 1.66):	 total squared error = 2.96031, marker error: RMS = 0.344111, max = 1.25793 (BR)
[2025-12-17 07:33:06.573] [info] Frame 333 (t = 1.665):	 total squared error = 2.95305, marker error: RMS = 0.343689, max = 1.25674 (BR)
[2025-12-17 07:33:06.645] [info] Frame 334 (t = 1.67):	 total squared error = 2.94587, marker error: RMS = 0.343271, max = 1.25556 (BR)
[2025-12-17 07:33:06.710] [info] Frame 335 (t = 1.675):	 total squared error = 2.93876, marker error: RMS = 0.342856, max = 1.25439 (BR)
[2025-12-17 07:33:06.771] [info] Frame 336 (t = 1.68):	 total squared error = 2.93172, marker error: RMS = 0.342445, max = 1.25323 (BR)
[2025-12-17 07:33:06.842] [info] Frame 337 (t = 1.685):	 total squared error = 2.92475, marker error: RMS = 0.342038, max = 1.25207 (BR)
[2025-12-17 07:33:06.927] [info] Frame 338 (t = 1.69):	 total squared error = 2.91785, marker error: RMS = 0.341635, max = 1.25092 (BR)
[2025-12-17 07:33:06.992] [info] Frame 339 (t = 1.695):	 total squared error = 2.91103, marker error: RMS = 0.341235, max = 1.24978 (BR)
[2025-12-17 07:33:07.044] [info] Frame 340 (t = 1.7):	 total squared error = 2.90427, marker error: RMS = 0.340839, max = 1.24864 (BR)
[2025-12-17 07:33:07.108] [info] Frame 341 (t = 1.70500):	 total squared error = 2.89758, marker error: RMS = 0.340446, max = 1.24751 (BR)
[2025-12-17 07:33:07.187] [info] Frame 342 (t = 1.71):	 total squared error = 2.89096, marker error: RMS = 0.340057, max = 1.24639 (BR)
[2025-12-17 07:33:07.247] [info] Frame 343 (t = 1.715):	 total squared error = 2.8844, marker error: RMS = 0.339671, max = 1.24527 (BR)
[2025-12-17 07:33:07.314] [info] Frame 344 (t = 1.72):	 total squared error = 2.87791, marker error: RMS = 0.339288, max = 1.24416 (BR)
[2025-12-17 07:33:07.378] [info] Frame 345 (t = 1.725):	 total squared error = 2.87147, marker error: RMS = 0.338908, max = 1.24305 (BR)
[2025-12-17 07:33:07.433] [info] Frame 346 (t = 1.73):	 total squared error = 2.86509, marker error: RMS = 0.338531, max = 1.24194 (BR)
[2025-12-17 07:33:07.500] [info] Frame 347 (t = 1.735):	 total squared error = 2.85876, marker error: RMS = 0.338157, max = 1.24084 (BR)
[2025-12-17 07:33:07.548] [info] Frame 348 (t = 1.74):	 total squared error = 2.85248, marker error: RMS = 0.337786, max = 1.23974 (BR)
[2025-12-17 07:33:07.588] [info] Frame 349 (t = 1.745):	 total squared error = 2.84624, marker error: RMS = 0.337416, max = 1.23864 (BR)
[2025-12-17 07:33:07.640] [info] Frame 350 (t = 1.75):	 total squared error = 2.84005, marker error: RMS = 0.337049, max = 1.23755 (BR)
[2025-12-17 07:33:07.679] [info] Frame 351 (t = 1.755):	 total squared error = 2.8339, marker error: RMS = 0.336684, max = 1.23645 (BR)
[2025-12-17 07:33:07.738] [info] Frame 352 (t = 1.76):	 total squared error = 2.8278, marker error: RMS = 0.336321, max = 1.23536 (BR)
[2025-12-17 07:33:07.802] [info] Frame 353 (t = 1.765):	 total squared error = 2.82174, marker error: RMS = 0.335961, max = 1.23426 (BR)
[2025-12-17 07:33:07.865] [info] Frame 354 (t = 1.77):	 total squared error = 2.81572, marker error: RMS = 0.335602, max = 1.23317 (BR)
[2025-12-17 07:33:07.924] [info] Frame 355 (t = 1.775):	 total squared error = 2.80975, marker error: RMS = 0.335246, max = 1.23207 (BR)
[2025-12-17 07:33:07.975] [info] Frame 356 (t = 1.78):	 total squared error = 2.80383, marker error: RMS = 0.334893, max = 1.23098 (BR)
[2025-12-17 07:33:08.036] [info] Frame 357 (t = 1.785):	 total squared error = 2.79797, marker error: RMS = 0.334543, max = 1.2299 (BR)
[2025-12-17 07:33:08.110] [info] Frame 358 (t = 1.79):	 total squared error = 2.79217, marker error: RMS = 0.334196, max = 1.22881 (BR)
[2025-12-17 07:33:08.179] [info] Frame 359 (t = 1.795):	 total squared error = 2.78644, marker error: RMS = 0.333853, max = 1.22773 (BR)
[2025-12-17 07:33:08.250] [info] Frame 360 (t = 1.8):	 total squared error = 2.78078, marker error: RMS = 0.333513, max = 1.22665 (BR)
[2025-12-17 07:33:08.335] [info] Frame 361 (t = 1.80500):	 total squared error = 2.7752, marker error: RMS = 0.333179, max = 1.22558 (BR)
[2025-12-17 07:33:08.403] [info] Frame 362 (t = 1.81):	 total squared error = 2.76969, marker error: RMS = 0.332848, max = 1.22452 (BR)
[2025-12-17 07:33:08.466] [info] Frame 363 (t = 1.815):	 total squared error = 2.76426, marker error: RMS = 0.332522, max = 1.22346 (BR)
[2025-12-17 07:33:08.550] [info] Frame 364 (t = 1.82):	 total squared error = 2.75892, marker error: RMS = 0.3322, max = 1.2224 (BR)
[2025-12-17 07:33:08.625] [info] Frame 365 (t = 1.825):	 total squared error = 2.75365, marker error: RMS = 0.331882, max = 1.22135 (BR)
[2025-12-17 07:33:08.694] [info] Frame 366 (t = 1.83):	 total squared error = 2.74845, marker error: RMS = 0.331569, max = 1.22031 (BR)
[2025-12-17 07:33:08.774] [info] Frame 367 (t = 1.835):	 total squared error = 2.74333, marker error: RMS = 0.33126, max = 1.21927 (BR)
[2025-12-17 07:33:08.848] [info] Frame 368 (t = 1.84):	 total squared error = 2.73828, marker error: RMS = 0.330955, max = 1.21823 (BR)
[2025-12-17 07:33:08.893] [info] Frame 369 (t = 1.845):	 total squared error = 2.73329, marker error: RMS = 0.330653, max = 1.21719 (BR)
[2025-12-17 07:33:08.959] [info] Frame 370 (t = 1.85):	 total squared error = 2.72836, marker error: RMS = 0.330355, max = 1.21615 (BR)
[2025-12-17 07:33:09.004] [info] Frame 371 (t = 1.855):	 total squared error = 2.72348, marker error: RMS = 0.330060, max = 1.21511 (BR)
[2025-12-17 07:33:09.048] [info] Frame 372 (t = 1.86):	 total squared error = 2.71866, marker error: RMS = 0.329767, max = 1.21407 (BR)
[2025-12-17 07:33:09.094] [info] Frame 373 (t = 1.865):	 total squared error = 2.71389, marker error: RMS = 0.329478, max = 1.21303 (BR)
[2025-12-17 07:33:09.135] [info] Frame 374 (t = 1.87):	 total squared error = 2.70916, marker error: RMS = 0.329191, max = 1.21199 (BR)
[2025-12-17 07:33:09.175] [info] Frame 375 (t = 1.875):	 total squared error = 2.70448, marker error: RMS = 0.328906, max = 1.21094 (BR)
[2025-12-17 07:33:09.208] [info] Frame 376 (t = 1.88):	 total squared error = 2.69986, marker error: RMS = 0.328625, max = 1.20989 (BR)
[2025-12-17 07:33:09.243] [info] Frame 377 (t = 1.885):	 total squared error = 2.69527, marker error: RMS = 0.328345, max = 1.20883 (BR)
[2025-12-17 07:33:09.287] [info] Frame 378 (t = 1.89):	 total squared error = 2.69072, marker error: RMS = 0.328068, max = 1.20778 (BR)
[2025-12-17 07:33:09.330] [info] Frame 379 (t = 1.895):	 total squared error = 2.68622, marker error: RMS = 0.327794, max = 1.20672 (BR)
[2025-12-17 07:33:09.392] [info] Frame 380 (t = 1.9):	 total squared error = 2.68176, marker error: RMS = 0.327522, max = 1.20566 (BR)
[2025-12-17 07:33:09.430] [info] Frame 381 (t = 1.90500):	 total squared error = 2.67736, marker error: RMS = 0.327253, max = 1.20459 (BR)
[2025-12-17 07:33:09.473] [info] Frame 382 (t = 1.91):	 total squared error = 2.67301, marker error: RMS = 0.326987, max = 1.20353 (BR)
[2025-12-17 07:33:09.508] [info] Frame 383 (t = 1.915):	 total squared error = 2.66872, marker error: RMS = 0.326724, max = 1.20247 (BR)
[2025-12-17 07:33:09.545] [info] Frame 384 (t = 1.92):	 total squared error = 2.66448, marker error: RMS = 0.326464, max = 1.20140 (BR)
[2025-12-17 07:33:09.600] [info] Frame 385 (t = 1.925):	 total squared error = 2.66028, marker error: RMS = 0.326207, max = 1.20034 (BR)
[2025-12-17 07:33:09.639] [info] Frame 386 (t = 1.93):	 total squared error = 2.65614, marker error: RMS = 0.325954, max = 1.19928 (BR)
[2025-12-17 07:33:09.680] [info] Frame 387 (t = 1.935):	 total squared error = 2.65205, marker error: RMS = 0.325703, max = 1.19821 (BR)
[2025-12-17 07:33:09.717] [info] Frame 388 (t = 1.94):	 total squared error = 2.64802, marker error: RMS = 0.325455, max = 1.19715 (BR)
[2025-12-17 07:33:09.762] [info] Frame 389 (t = 1.945):	 total squared error = 2.64403, marker error: RMS = 0.32521, max = 1.19609 (BR)
[2025-12-17 07:33:09.801] [info] Frame 390 (t = 1.95):	 total squared error = 2.64011, marker error: RMS = 0.324968, max = 1.19503 (BR)
[2025-12-17 07:33:09.842] [info] Frame 391 (t = 1.955):	 total squared error = 2.63623, marker error: RMS = 0.324729, max = 1.19397 (BR)
[2025-12-17 07:33:09.873] [info] Frame 392 (t = 1.96):	 total squared error = 2.6324, marker error: RMS = 0.324493, max = 1.19292 (BR)
[2025-12-17 07:33:09.913] [info] Frame 393 (t = 1.965):	 total squared error = 2.62862, marker error: RMS = 0.32426, max = 1.19186 (BR)
[2025-12-17 07:33:09.954] [info] Frame 394 (t = 1.97):	 total squared error = 2.62489, marker error: RMS = 0.324030, max = 1.19081 (BR)
[2025-12-17 07:33:09.991] [info] Frame 395 (t = 1.975):	 total squared error = 2.62122, marker error: RMS = 0.323803, max = 1.18976 (BR)
[2025-12-17 07:33:10.025] [info] Frame 396 (t = 1.98):	 total squared error = 2.6176, marker error: RMS = 0.32358, max = 1.18872 (BR)
[2025-12-17 07:33:10.060] [info] Frame 397 (t = 1.985):	 total squared error = 2.61404, marker error: RMS = 0.32336, max = 1.18768 (BR)
[2025-12-17 07:33:10.098] [info] Frame 398 (t = 1.99):	 total squared error = 2.61055, marker error: RMS = 0.323144, max = 1.18665 (BR)
[2025-12-17 07:33:10.137] [info] Frame 399 (t = 1.995):	 total squared error = 2.60711, marker error: RMS = 0.322931, max = 1.18562 (BR)
[2025-12-17 07:33:10.184] [info] Frame 400 (t = 2.0):	 total squared error = 2.60374, marker error: RMS = 0.322722, max = 1.1846 (BR)
[2025-12-17 07:33:10.213] [info] Frame 401 (t = 2.00500):	 total squared error = 2.60045, marker error: RMS = 0.322518, max = 1.18359 (BR)
[2025-12-17 07:33:10.246] [info] Frame 402 (t = 2.01):	 total squared error = 2.59723, marker error: RMS = 0.322319, max = 1.1826 (BR)
[2025-12-17 07:33:10.287] [info] Frame 403 (t = 2.015):	 total squared error = 2.5941, marker error: RMS = 0.322124, max = 1.18161 (BR)
[2025-12-17 07:33:10.340] [info] Frame 404 (t = 2.02):	 total squared error = 2.59104, marker error: RMS = 0.321934, max = 1.18063 (BR)
[2025-12-17 07:33:10.377] [info] Frame 405 (t = 2.025):	 total squared error = 2.58808, marker error: RMS = 0.32175, max = 1.17968 (BR)
[2025-12-17 07:33:10.415] [info] Frame 406 (t = 2.03):	 total squared error = 2.58522, marker error: RMS = 0.321572, max = 1.17873 (BR)
[2025-12-17 07:33:10.450] [info] Frame 407 (t = 2.035):	 total squared error = 2.58245, marker error: RMS = 0.3214, max = 1.17781 (BR)
[2025-12-17 07:33:10.505] [info] Frame 408 (t = 2.04):	 total squared error = 2.57977, marker error: RMS = 0.321234, max = 1.1769 (BR)
[2025-12-17 07:33:10.557] [info] Frame 409 (t = 2.045):	 total squared error = 2.57722, marker error: RMS = 0.321074, max = 1.17601 (BR)
[2025-12-17 07:33:10.612] [info] Frame 410 (t = 2.05):	 total squared error = 2.57477, marker error: RMS = 0.320922, max = 1.17514 (BR)
[2025-12-17 07:33:10.661] [info] Frame 411 (t = 2.055):	 total squared error = 2.57243, marker error: RMS = 0.320776, max = 1.1743 (BR)
[2025-12-17 07:33:10.713] [info] Frame 412 (t = 2.06):	 total squared error = 2.57021, marker error: RMS = 0.320638, max = 1.17347 (BR)
[2025-12-17 07:33:10.752] [info] Frame 413 (t = 2.065):	 total squared error = 2.56811, marker error: RMS = 0.320507, max = 1.17267 (BR)
[2025-12-17 07:33:10.796] [info] Frame 414 (t = 2.07):	 total squared error = 2.56612, marker error: RMS = 0.320382, max = 1.17189 (BR)
[2025-12-17 07:33:10.838] [info] Frame 415 (t = 2.075):	 total squared error = 2.56425, marker error: RMS = 0.320265, max = 1.17113 (BR)
[2025-12-17 07:33:10.878] [info] Frame 416 (t = 2.08):	 total squared error = 2.56249, marker error: RMS = 0.320155, max = 1.17040 (BR)
[2025-12-17 07:33:10.924] [info] Frame 417 (t = 2.085):	 total squared error = 2.56085, marker error: RMS = 0.320053, max = 1.16969 (BR)
[2025-12-17 07:33:10.962] [info] Frame 418 (t = 2.09):	 total squared error = 2.55933, marker error: RMS = 0.319958, max = 1.169 (BR)
[2025-12-17 07:33:11.000] [info] Frame 419 (t = 2.095):	 total squared error = 2.55792, marker error: RMS = 0.31987, max = 1.16834 (BR)
[2025-12-17 07:33:11.073] [info] Frame 420 (t = 2.1):	 total squared error = 2.5566, marker error: RMS = 0.319788, max = 1.1677 (BR)
[2025-12-17 07:33:11.137] [info] Frame 421 (t = 2.10500):	 total squared error = 2.55543, marker error: RMS = 0.319714, max = 1.16709 (BR)
[2025-12-17 07:33:11.181] [info] Frame 422 (t = 2.11):	 total squared error = 2.55437, marker error: RMS = 0.319648, max = 1.1665 (BR)
[2025-12-17 07:33:11.214] [info] Frame 423 (t = 2.115):	 total squared error = 2.55343, marker error: RMS = 0.319589, max = 1.16594 (BR)
[2025-12-17 07:33:11.268] [info] Frame 424 (t = 2.12):	 total squared error = 2.5526, marker error: RMS = 0.319537, max = 1.1654 (BR)
[2025-12-17 07:33:11.309] [info] Frame 425 (t = 2.125):	 total squared error = 2.5519, marker error: RMS = 0.319494, max = 1.16489 (BR)
[2025-12-17 07:33:11.353] [info] Frame 426 (t = 2.13):	 total squared error = 2.55132, marker error: RMS = 0.319457, max = 1.16441 (BR)
[2025-12-17 07:33:11.423] [info] Frame 427 (t = 2.135):	 total squared error = 2.55087, marker error: RMS = 0.319429, max = 1.16396 (BR)
[2025-12-17 07:33:11.478] [info] Frame 428 (t = 2.14):	 total squared error = 2.55054, marker error: RMS = 0.319408, max = 1.16354 (BR)
[2025-12-17 07:33:11.549] [info] Frame 429 (t = 2.145):	 total squared error = 2.55036, marker error: RMS = 0.319397, max = 1.16315 (BR)
[2025-12-17 07:33:11.637] [info] Frame 430 (t = 2.15):	 total squared error = 2.55030, marker error: RMS = 0.319393, max = 1.1628 (BR)
[2025-12-17 07:33:11.696] [info] Frame 431 (t = 2.155):	 total squared error = 2.55039, marker error: RMS = 0.319399, max = 1.16247 (BR)
[2025-12-17 07:33:11.747] [info] Frame 432 (t = 2.16):	 total squared error = 2.55062, marker error: RMS = 0.319413, max = 1.16218 (BR)
[2025-12-17 07:33:11.830] [info] Frame 433 (t = 2.165):	 total squared error = 2.551, marker error: RMS = 0.319437, max = 1.16193 (BR)
[2025-12-17 07:33:11.877] [info] Frame 434 (t = 2.17):	 total squared error = 2.55154, marker error: RMS = 0.319471, max = 1.16171 (BR)
[2025-12-17 07:33:11.921] [info] Frame 435 (t = 2.175):	 total squared error = 2.55224, marker error: RMS = 0.319515, max = 1.16153 (BR)
[2025-12-17 07:33:11.974] [info] Frame 436 (t = 2.18):	 total squared error = 2.55311, marker error: RMS = 0.319569, max = 1.16139 (BR)
[2025-12-17 07:33:12.029] [info] Frame 437 (t = 2.185):	 total squared error = 2.55415, marker error: RMS = 0.319634, max = 1.1613 (BR)
[2025-12-17 07:33:12.083] [info] Frame 438 (t = 2.19):	 total squared error = 2.55539, marker error: RMS = 0.319712, max = 1.16125 (BR)
[2025-12-17 07:33:12.114] [info] Frame 439 (t = 2.195):	 total squared error = 2.55682, marker error: RMS = 0.319801, max = 1.16125 (BR)
[2025-12-17 07:33:12.156] [info] Frame 440 (t = 2.2):	 total squared error = 2.55847, marker error: RMS = 0.319904, max = 1.1613 (BR)
[2025-12-17 07:33:12.197] [info] Frame 441 (t = 2.20500):	 total squared error = 2.56033, marker error: RMS = 0.320021, max = 1.1614 (BR)
[2025-12-17 07:33:12.237] [info] Frame 442 (t = 2.21):	 total squared error = 2.56244, marker error: RMS = 0.320152, max = 1.16156 (BR)
[2025-12-17 07:33:12.274] [info] Frame 443 (t = 2.215):	 total squared error = 2.56479, marker error: RMS = 0.320299, max = 1.16179 (BR)
[2025-12-17 07:33:12.321] [info] Frame 444 (t = 2.22):	 total squared error = 2.56741, marker error: RMS = 0.320463, max = 1.16208 (BR)
[2025-12-17 07:33:12.358] [info] Frame 445 (t = 2.225):	 total squared error = 2.57031, marker error: RMS = 0.320644, max = 1.16243 (BR)
[2025-12-17 07:33:12.420] [info] Frame 446 (t = 2.23):	 total squared error = 2.5735, marker error: RMS = 0.320842, max = 1.16286 (BR)
[2025-12-17 07:33:12.464] [info] Frame 447 (t = 2.235):	 total squared error = 2.577, marker error: RMS = 0.321061, max = 1.16336 (BR)
[2025-12-17 07:33:12.505] [info] Frame 448 (t = 2.24):	 total squared error = 2.58082, marker error: RMS = 0.321298, max = 1.16393 (BR)
[2025-12-17 07:33:12.549] [info] Frame 449 (t = 2.245):	 total squared error = 2.58495, marker error: RMS = 0.321556, max = 1.16459 (BR)
[2025-12-17 07:33:12.603] [info] Frame 450 (t = 2.25):	 total squared error = 2.58942, marker error: RMS = 0.321834, max = 1.16532 (BR)
[2025-12-17 07:33:12.641] [info] Frame 451 (t = 2.255):	 total squared error = 2.59424, marker error: RMS = 0.322133, max = 1.16614 (BR)
[2025-12-17 07:33:12.693] [info] Frame 452 (t = 2.26):	 total squared error = 2.59939, marker error: RMS = 0.322452, max = 1.16704 (BR)
[2025-12-17 07:33:12.734] [info] Frame 453 (t = 2.265):	 total squared error = 2.60489, marker error: RMS = 0.322793, max = 1.16802 (BR)
[2025-12-17 07:33:12.779] [info] Frame 454 (t = 2.27):	 total squared error = 2.61073, marker error: RMS = 0.323155, max = 1.16909 (BR)
[2025-12-17 07:33:12.834] [info] Frame 455 (t = 2.275):	 total squared error = 2.61691, marker error: RMS = 0.323538, max = 1.17023 (BR)
[2025-12-17 07:33:12.896] [info] Frame 456 (t = 2.28):	 total squared error = 2.62343, marker error: RMS = 0.32394, max = 1.17146 (BR)
[2025-12-17 07:33:12.937] [info] Frame 457 (t = 2.285):	 total squared error = 2.63029, marker error: RMS = 0.324364, max = 1.17277 (BR)
[2025-12-17 07:33:12.975] [info] Frame 458 (t = 2.29):	 total squared error = 2.63749, marker error: RMS = 0.324807, max = 1.17416 (BR)
[2025-12-17 07:33:13.026] [info] Frame 459 (t = 2.295):	 total squared error = 2.64501, marker error: RMS = 0.32527, max = 1.17563 (BR)
[2025-12-17 07:33:13.072] [info] Frame 460 (t = 2.3):	 total squared error = 2.65287, marker error: RMS = 0.325753, max = 1.17718 (BR)
[2025-12-17 07:33:13.130] [info] Frame 461 (t = 2.30500):	 total squared error = 2.66104, marker error: RMS = 0.326254, max = 1.17881 (BR)
[2025-12-17 07:33:13.186] [info] Frame 462 (t = 2.31):	 total squared error = 2.66954, marker error: RMS = 0.326775, max = 1.18052 (BR)
[2025-12-17 07:33:13.257] [info] Frame 463 (t = 2.315):	 total squared error = 2.67837, marker error: RMS = 0.327315, max = 1.1823 (BR)
[2025-12-17 07:33:13.320] [info] Frame 464 (t = 2.32):	 total squared error = 2.68752, marker error: RMS = 0.327873, max = 1.18417 (BR)
[2025-12-17 07:33:13.344] [info] Frame 465 (t = 2.325):	 total squared error = 2.69699, marker error: RMS = 0.32845, max = 1.18611 (BR)
[2025-12-17 07:33:13.365] [info] Frame 466 (t = 2.33):	 total squared error = 2.70679, marker error: RMS = 0.329047, max = 1.18813 (BR)
[2025-12-17 07:33:13.398] [info] Frame 467 (t = 2.335):	 total squared error = 2.71693, marker error: RMS = 0.329662, max = 1.19024 (BR)
[2025-12-17 07:33:13.421] [info] Frame 468 (t = 2.34):	 total squared error = 2.7274, marker error: RMS = 0.330297, max = 1.19242 (BR)
[2025-12-17 07:33:13.445] [info] Frame 469 (t = 2.345):	 total squared error = 2.73821, marker error: RMS = 0.330950, max = 1.19469 (BR)
[2025-12-17 07:33:13.470] [info] Frame 470 (t = 2.35):	 total squared error = 2.74936, marker error: RMS = 0.331624, max = 1.19703 (BR)
[2025-12-17 07:33:13.506] [info] Frame 471 (t = 2.355):	 total squared error = 2.76087, marker error: RMS = 0.332317, max = 1.19946 (BR)
[2025-12-17 07:33:13.531] [info] Frame 472 (t = 2.36):	 total squared error = 2.77272, marker error: RMS = 0.333030, max = 1.20198 (BR)
[2025-12-17 07:33:13.571] [info] Frame 473 (t = 2.365):	 total squared error = 2.78495, marker error: RMS = 0.333763, max = 1.20458 (BR)
[2025-12-17 07:33:13.600] [info] Frame 474 (t = 2.37):	 total squared error = 2.79754, marker error: RMS = 0.334517, max = 1.20726 (BR)
[2025-12-17 07:33:13.640] [info] Frame 475 (t = 2.375):	 total squared error = 2.81052, marker error: RMS = 0.335292, max = 1.21004 (BR)
[2025-12-17 07:33:13.666] [info] Frame 476 (t = 2.38):	 total squared error = 2.82389, marker error: RMS = 0.336088, max = 1.2129 (BR)
[2025-12-17 07:33:13.695] [info] Frame 477 (t = 2.385):	 total squared error = 2.83765, marker error: RMS = 0.336907, max = 1.21584 (BR)
[2025-12-17 07:33:13.738] [info] Frame 478 (t = 2.39):	 total squared error = 2.85182, marker error: RMS = 0.337747, max = 1.21888 (BR)
[2025-12-17 07:33:13.758] [info] Frame 479 (t = 2.395):	 total squared error = 2.86641, marker error: RMS = 0.33861, max = 1.222 (BR)
[2025-12-17 07:33:13.786] [info] Frame 480 (t = 2.4):	 total squared error = 2.88143, marker error: RMS = 0.339495, max = 1.22522 (BR)
[2025-12-17 07:33:13.811] [info] Frame 481 (t = 2.40500):	 total squared error = 2.89688, marker error: RMS = 0.340405, max = 1.22852 (BR)
[2025-12-17 07:33:13.854] [info] Frame 482 (t = 2.41):	 total squared error = 2.91277, marker error: RMS = 0.341337, max = 1.23192 (BR)
[2025-12-17 07:33:13.879] [info] Frame 483 (t = 2.415):	 total squared error = 2.92912, marker error: RMS = 0.342293, max = 1.23541 (BR)
[2025-12-17 07:33:13.903] [info] Frame 484 (t = 2.42):	 total squared error = 2.94592, marker error: RMS = 0.343274, max = 1.23899 (BR)
[2025-12-17 07:33:13.939] [info] Frame 485 (t = 2.425):	 total squared error = 2.96318, marker error: RMS = 0.344278, max = 1.24266 (BR)
[2025-12-17 07:33:13.964] [info] Frame 486 (t = 2.43):	 total squared error = 2.98089, marker error: RMS = 0.345305, max = 1.24642 (BR)
[2025-12-17 07:33:13.990] [info] Frame 487 (t = 2.435):	 total squared error = 2.99908, marker error: RMS = 0.346357, max = 1.25026 (BR)
[2025-12-17 07:33:14.030] [info] Frame 488 (t = 2.44):	 total squared error = 3.01771, marker error: RMS = 0.347431, max = 1.2542 (BR)
[2025-12-17 07:33:14.054] [info] Frame 489 (t = 2.445):	 total squared error = 3.03679, marker error: RMS = 0.348528, max = 1.25822 (BR)
[2025-12-17 07:33:14.090] [info] Frame 490 (t = 2.45):	 total squared error = 3.05632, marker error: RMS = 0.349647, max = 1.26231 (BR)
[2025-12-17 07:33:14.119] [info] Frame 491 (t = 2.455):	 total squared error = 3.07628, marker error: RMS = 0.350786, max = 1.26649 (BR)
[2025-12-17 07:33:14.140] [info] Frame 492 (t = 2.46):	 total squared error = 3.09666, marker error: RMS = 0.351947, max = 1.27074 (BR)
[2025-12-17 07:33:14.159] [info] Frame 493 (t = 2.465):	 total squared error = 3.11746, marker error: RMS = 0.353127, max = 1.27507 (BR)
[2025-12-17 07:33:14.180] [info] Frame 494 (t = 2.47):	 total squared error = 3.13865, marker error: RMS = 0.354325, max = 1.27946 (BR)
[2025-12-17 07:33:14.215] [info] Frame 495 (t = 2.475):	 total squared error = 3.16020, marker error: RMS = 0.355539, max = 1.28391 (BR)
[2025-12-17 07:33:14.239] [info] Frame 496 (t = 2.48):	 total squared error = 3.18215, marker error: RMS = 0.356771, max = 1.28843 (BR)
[2025-12-17 07:33:14.258] [info] Frame 497 (t = 2.485):	 total squared error = 3.20445, marker error: RMS = 0.358020, max = 1.293 (BR)
[2025-12-17 07:33:14.284] [info] Frame 498 (t = 2.49):	 total squared error = 3.2271, marker error: RMS = 0.359283, max = 1.29762 (BR)
[2025-12-17 07:33:14.307] [info] Frame 499 (t = 2.495):	 total squared error = 3.25010, marker error: RMS = 0.360561, max = 1.30230 (BR)
[2025-12-17 07:33:14.349] [info] Frame 500 (t = 2.5):	 total squared error = 3.2734, marker error: RMS = 0.361851, max = 1.30702 (BR)
[2025-12-17 07:33:14.371] [info] Frame 501 (t = 2.50500):	 total squared error = 3.29704, marker error: RMS = 0.363155, max = 1.3118 (BR)
[2025-12-17 07:33:14.418] [info] Frame 502 (t = 2.51):	 total squared error = 3.32098, marker error: RMS = 0.364471, max = 1.31661 (BR)
[2025-12-17 07:33:14.435] [info] Frame 503 (t = 2.515):	 total squared error = 3.34525, marker error: RMS = 0.365801, max = 1.32147 (BR)
[2025-12-17 07:33:14.475] [info] Frame 504 (t = 2.52):	 total squared error = 3.36983, marker error: RMS = 0.367142, max = 1.32637 (BR)
[2025-12-17 07:33:14.522] [info] Frame 505 (t = 2.525):	 total squared error = 3.39471, marker error: RMS = 0.368495, max = 1.33131 (BR)
[2025-12-17 07:33:14.553] [info] Frame 506 (t = 2.53):	 total squared error = 3.4199, marker error: RMS = 0.36986, max = 1.33629 (BR)
[2025-12-17 07:33:14.620] [info] Frame 507 (t = 2.535):	 total squared error = 3.44537, marker error: RMS = 0.371234, max = 1.34131 (BR)
[2025-12-17 07:33:14.647] [info] Frame 508 (t = 2.54):	 total squared error = 3.47114, marker error: RMS = 0.37262, max = 1.34636 (BR)
[2025-12-17 07:33:14.670] [info] Frame 509 (t = 2.545):	 total squared error = 3.4972, marker error: RMS = 0.374016, max = 1.35145 (BR)
[2025-12-17 07:33:14.718] [info] Frame 510 (t = 2.55):	 total squared error = 3.52353, marker error: RMS = 0.375421, max = 1.35657 (BR)
[2025-12-17 07:33:14.746] [info] Frame 511 (t = 2.555):	 total squared error = 3.55013, marker error: RMS = 0.376836, max = 1.36173 (BR)
[2025-12-17 07:33:14.808] [info] Frame 512 (t = 2.56):	 total squared error = 3.57697, marker error: RMS = 0.378258, max = 1.36691 (BR)
[2025-12-17 07:33:14.837] [info] Frame 513 (t = 2.565):	 total squared error = 3.60406, marker error: RMS = 0.379687, max = 1.37212 (BR)
[2025-12-17 07:33:14.877] [info] Frame 514 (t = 2.57):	 total squared error = 3.63137, marker error: RMS = 0.381123, max = 1.37734 (BR)
[2025-12-17 07:33:14.903] [info] Frame 515 (t = 2.575):	 total squared error = 3.65889, marker error: RMS = 0.382565, max = 1.38259 (BR)
[2025-12-17 07:33:14.956] [info] Frame 516 (t = 2.58):	 total squared error = 3.68659, marker error: RMS = 0.384010, max = 1.38785 (BR)
[2025-12-17 07:33:14.993] [info] Frame 517 (t = 2.585):	 total squared error = 3.71446, marker error: RMS = 0.385459, max = 1.39312 (BR)
[2025-12-17 07:33:15.030] [info] Frame 518 (t = 2.59):	 total squared error = 3.74247, marker error: RMS = 0.38691, max = 1.3984 (BR)
[2025-12-17 07:33:15.061] [info] Frame 519 (t = 2.595):	 total squared error = 3.77062, marker error: RMS = 0.388362, max = 1.40368 (BR)
[2025-12-17 07:33:15.124] [info] Frame 520 (t = 2.6):	 total squared error = 3.79886, marker error: RMS = 0.389813, max = 1.40895 (BR)
[2025-12-17 07:33:15.156] [info] Frame 521 (t = 2.60500):	 total squared error = 3.82718, marker error: RMS = 0.391264, max = 1.41422 (BR)
[2025-12-17 07:33:15.174] [info] Frame 522 (t = 2.61):	 total squared error = 3.85557, marker error: RMS = 0.392712, max = 1.41948 (BR)
[2025-12-17 07:33:15.219] [info] Frame 523 (t = 2.615):	 total squared error = 3.88398, marker error: RMS = 0.394156, max = 1.42472 (BR)
[2025-12-17 07:33:15.289] [info] Frame 524 (t = 2.62):	 total squared error = 3.9124, marker error: RMS = 0.395596, max = 1.42994 (BR)
[2025-12-17 07:33:15.311] [info] Frame 525 (t = 2.625):	 total squared error = 3.94081, marker error: RMS = 0.397029, max = 1.43513 (BR)
[2025-12-17 07:33:15.353] [info] Frame 526 (t = 2.63):	 total squared error = 3.96917, marker error: RMS = 0.398456, max = 1.44030 (BR)
[2025-12-17 07:33:15.392] [info] Frame 527 (t = 2.635):	 total squared error = 3.99748, marker error: RMS = 0.399874, max = 1.44544 (BR)
[2025-12-17 07:33:15.415] [info] Frame 528 (t = 2.64):	 total squared error = 4.0257, marker error: RMS = 0.401283, max = 1.45053 (BR)
[2025-12-17 07:33:15.458] [info] Frame 529 (t = 2.645):	 total squared error = 4.05379, marker error: RMS = 0.402681, max = 1.45559 (BR)
[2025-12-17 07:33:15.501] [info] Frame 530 (t = 2.65):	 total squared error = 4.08175, marker error: RMS = 0.404067, max = 1.46059 (BR)
[2025-12-17 07:33:15.557] [info] Frame 531 (t = 2.655):	 total squared error = 4.10954, marker error: RMS = 0.405440, max = 1.46555 (BR)
[2025-12-17 07:33:15.582] [info] Frame 532 (t = 2.66):	 total squared error = 4.13714, marker error: RMS = 0.406799, max = 1.47045 (BR)
[2025-12-17 07:33:15.638] [info] Frame 533 (t = 2.665):	 total squared error = 4.16451, marker error: RMS = 0.408143, max = 1.47529 (BR)
[2025-12-17 07:33:15.679] [info] Frame 534 (t = 2.67):	 total squared error = 4.19164, marker error: RMS = 0.409470, max = 1.48006 (BR)
[2025-12-17 07:33:15.763] [info] Frame 535 (t = 2.675):	 total squared error = 4.21849, marker error: RMS = 0.410779, max = 1.48477 (BR)
[2025-12-17 07:33:15.828] [info] Frame 536 (t = 2.68):	 total squared error = 4.24505, marker error: RMS = 0.412070, max = 1.4894 (BR)
[2025-12-17 07:33:15.883] [info] Frame 537 (t = 2.685):	 total squared error = 4.27127, marker error: RMS = 0.413341, max = 1.49396 (BR)
[2025-12-17 07:33:15.944] [info] Frame 538 (t = 2.69):	 total squared error = 4.29715, marker error: RMS = 0.414592, max = 1.49843 (BR)
[2025-12-17 07:33:15.987] [info] Frame 539 (t = 2.695):	 total squared error = 4.32266, marker error: RMS = 0.41582, max = 1.50282 (BR)
[2025-12-17 07:33:16.034] [info] Frame 540 (t = 2.7):	 total squared error = 4.34777, marker error: RMS = 0.417026, max = 1.50713 (BR)
[2025-12-17 07:33:16.090] [info] Frame 541 (t = 2.70500):	 total squared error = 4.37246, marker error: RMS = 0.418208, max = 1.51134 (BR)
[2025-12-17 07:33:16.142] [info] Frame 542 (t = 2.71):	 total squared error = 4.3967, marker error: RMS = 0.419366, max = 1.51546 (BR)
[2025-12-17 07:33:16.188] [info] Frame 543 (t = 2.715):	 total squared error = 4.42049, marker error: RMS = 0.420499, max = 1.51948 (BR)
[2025-12-17 07:33:16.238] [info] Frame 544 (t = 2.72):	 total squared error = 4.44379, marker error: RMS = 0.421606, max = 1.5234 (BR)
[2025-12-17 07:33:16.279] [info] Frame 545 (t = 2.725):	 total squared error = 4.46659, marker error: RMS = 0.422686, max = 1.52722 (BR)
[2025-12-17 07:33:16.328] [info] Frame 546 (t = 2.73):	 total squared error = 4.48887, marker error: RMS = 0.423739, max = 1.53094 (BR)
[2025-12-17 07:33:16.380] [info] Frame 547 (t = 2.735):	 total squared error = 4.51063, marker error: RMS = 0.424765, max = 1.53455 (BR)
[2025-12-17 07:33:16.418] [info] Frame 548 (t = 2.74):	 total squared error = 4.53184, marker error: RMS = 0.425762, max = 1.53805 (BR)
[2025-12-17 07:33:16.473] [info] Frame 549 (t = 2.745):	 total squared error = 4.55249, marker error: RMS = 0.426732, max = 1.54145 (BR)
[2025-12-17 07:33:16.499] [info] Frame 550 (t = 2.75):	 total squared error = 4.5726, marker error: RMS = 0.427673, max = 1.54473 (BR)
[2025-12-17 07:33:16.554] [info] Frame 551 (t = 2.755):	 total squared error = 4.59213, marker error: RMS = 0.428585, max = 1.54791 (BR)
[2025-12-17 07:33:16.617] [info] Frame 552 (t = 2.76):	 total squared error = 4.6111, marker error: RMS = 0.429469, max = 1.55098 (BR)
[2025-12-17 07:33:16.676] [info] Frame 553 (t = 2.765):	 total squared error = 4.62949, marker error: RMS = 0.430325, max = 1.55394 (BR)
[2025-12-17 07:33:16.724] [info] Frame 554 (t = 2.77):	 total squared error = 4.64732, marker error: RMS = 0.431153, max = 1.5568 (BR)
[2025-12-17 07:33:16.755] [info] Frame 555 (t = 2.775):	 total squared error = 4.66459, marker error: RMS = 0.431953, max = 1.55955 (BR)
[2025-12-17 07:33:16.806] [info] Frame 556 (t = 2.78):	 total squared error = 4.68127, marker error: RMS = 0.432725, max = 1.5622 (BR)
[2025-12-17 07:33:16.843] [info] Frame 557 (t = 2.785):	 total squared error = 4.69739, marker error: RMS = 0.433469, max = 1.56474 (BR)
[2025-12-17 07:33:16.899] [info] Frame 558 (t = 2.79):	 total squared error = 4.71293, marker error: RMS = 0.434186, max = 1.56719 (BR)
[2025-12-17 07:33:16.932] [info] Frame 559 (t = 2.795):	 total squared error = 4.72791, marker error: RMS = 0.434875, max = 1.56953 (BR)
[2025-12-17 07:33:16.970] [info] Frame 560 (t = 2.8):	 total squared error = 4.74231, marker error: RMS = 0.435537, max = 1.57178 (BR)
[2025-12-17 07:33:17.012] [info] Frame 561 (t = 2.80500):	 total squared error = 4.75614, marker error: RMS = 0.436171, max = 1.57392 (BR)
[2025-12-17 07:33:17.049] [info] Frame 562 (t = 2.81):	 total squared error = 4.76939, marker error: RMS = 0.436778, max = 1.57597 (BR)
[2025-12-17 07:33:17.106] [info] Frame 563 (t = 2.815):	 total squared error = 4.78205, marker error: RMS = 0.437358, max = 1.57792 (BR)
[2025-12-17 07:33:17.146] [info] Frame 564 (t = 2.82):	 total squared error = 4.79412, marker error: RMS = 0.43791, max = 1.57977 (BR)
[2025-12-17 07:33:17.192] [info] Frame 565 (t = 2.825):	 total squared error = 4.80561, marker error: RMS = 0.438434, max = 1.58153 (BR)
[2025-12-17 07:33:17.236] [info] Frame 566 (t = 2.83):	 total squared error = 4.81651, marker error: RMS = 0.438931, max = 1.58319 (BR)
[2025-12-17 07:33:17.278] [info] Frame 567 (t = 2.835):	 total squared error = 4.82682, marker error: RMS = 0.4394, max = 1.58475 (BR)
[2025-12-17 07:33:17.315] [info] Frame 568 (t = 2.84):	 total squared error = 4.83654, marker error: RMS = 0.439843, max = 1.58621 (BR)
[2025-12-17 07:33:17.348] [info] Frame 569 (t = 2.845):	 total squared error = 4.84567, marker error: RMS = 0.440258, max = 1.58759 (BR)
[2025-12-17 07:33:17.380] [info] Frame 570 (t = 2.85):	 total squared error = 4.85423, marker error: RMS = 0.440646, max = 1.58887 (BR)
[2025-12-17 07:33:17.417] [info] Frame 571 (t = 2.855):	 total squared error = 4.86221, marker error: RMS = 0.441008, max = 1.59005 (BR)
[2025-12-17 07:33:17.456] [info] Frame 572 (t = 2.86):	 total squared error = 4.86963, marker error: RMS = 0.441345, max = 1.59115 (BR)
[2025-12-17 07:33:17.510] [info] Frame 573 (t = 2.865):	 total squared error = 4.8765, marker error: RMS = 0.441656, max = 1.59216 (BR)
[2025-12-17 07:33:17.550] [info] Frame 574 (t = 2.87):	 total squared error = 4.88283, marker error: RMS = 0.441943, max = 1.59309 (BR)
[2025-12-17 07:33:17.589] [info] Frame 575 (t = 2.875):	 total squared error = 4.88863, marker error: RMS = 0.442205, max = 1.59394 (BR)
[2025-12-17 07:33:17.628] [info] Frame 576 (t = 2.88):	 total squared error = 4.89392, marker error: RMS = 0.442444, max = 1.5947 (BR)
[2025-12-17 07:33:17.673] [info] Frame 577 (t = 2.885):	 total squared error = 4.8987, marker error: RMS = 0.44266, max = 1.59539 (BR)
[2025-12-17 07:33:17.706] [info] Frame 578 (t = 2.89):	 total squared error = 4.90300, marker error: RMS = 0.442855, max = 1.596 (BR)
[2025-12-17 07:33:17.745] [info] Frame 579 (t = 2.895):	 total squared error = 4.90684, marker error: RMS = 0.443028, max = 1.59654 (BR)
[2025-12-17 07:33:17.792] [info] Frame 580 (t = 2.9):	 total squared error = 4.91022, marker error: RMS = 0.44318, max = 1.59702 (BR)
[2025-12-17 07:33:17.836] [info] Frame 581 (t = 2.90500):	 total squared error = 4.91318, marker error: RMS = 0.443314, max = 1.59742 (BR)
[2025-12-17 07:33:17.872] [info] Frame 582 (t = 2.91):	 total squared error = 4.91573, marker error: RMS = 0.443429, max = 1.59777 (BR)
[2025-12-17 07:33:17.923] [info] Frame 583 (t = 2.915):	 total squared error = 4.91791, marker error: RMS = 0.443527, max = 1.59806 (BR)
[2025-12-17 07:33:17.962] [info] Frame 584 (t = 2.92):	 total squared error = 4.91973, marker error: RMS = 0.443609, max = 1.5983 (BR)
[2025-12-17 07:33:17.998] [info] Frame 585 (t = 2.925):	 total squared error = 4.92124, marker error: RMS = 0.443677, max = 1.59849 (BR)
[2025-12-17 07:33:18.048] [info] Frame 586 (t = 2.93):	 total squared error = 4.92246, marker error: RMS = 0.443732, max = 1.59863 (BR)
[2025-12-17 07:33:18.082] [info] Frame 587 (t = 2.935):	 total squared error = 4.92342, marker error: RMS = 0.443776, max = 1.59875 (BR)
[2025-12-17 07:33:18.116] [info] Frame 588 (t = 2.94):	 total squared error = 4.92416, marker error: RMS = 0.443809, max = 1.59883 (BR)
[2025-12-17 07:33:18.144] [info] Frame 589 (t = 2.945):	 total squared error = 4.9247, marker error: RMS = 0.443833, max = 1.59888 (BR)
[2025-12-17 07:33:18.180] [info] Frame 590 (t = 2.95):	 total squared error = 4.92508, marker error: RMS = 0.443851, max = 1.59891 (BR)
[2025-12-17 07:33:18.262] [info] Frame 591 (t = 2.955):	 total squared error = 4.92533, marker error: RMS = 0.443862, max = 1.59893 (BR)
[2025-12-17 07:33:18.322] [info] Frame 592 (t = 2.96):	 total squared error = 4.92547, marker error: RMS = 0.443868, max = 1.59893 (BR)
[2025-12-17 07:33:18.377] [info] Frame 593 (t = 2.965):	 total squared error = 4.92552, marker error: RMS = 0.44387, max = 1.59892 (BR)
[2025-12-17 07:33:18.416] [info] Frame 594 (t = 2.97):	 total squared error = 4.92552, marker error: RMS = 0.44387, max = 1.5989 (BR)
[2025-12-17 07:33:18.475] [info] Frame 595 (t = 2.975):	 total squared error = 4.92548, marker error: RMS = 0.443868, max = 1.59888 (BR)
[2025-12-17 07:33:18.529] [info] Frame 596 (t = 2.98):	 total squared error = 4.92543, marker error: RMS = 0.443866, max = 1.59887 (BR)
[2025-12-17 07:33:18.611] [info] Frame 597 (t = 2.985):	 total squared error = 4.92537, marker error: RMS = 0.443864, max = 1.59885 (BR)
[2025-12-17 07:33:18.658] [info] Frame 598 (t = 2.99):	 total squared error = 4.92533, marker error: RMS = 0.443862, max = 1.59884 (BR)
[2025-12-17 07:33:18.722] [info] Frame 599 (t = 2.995):	 total squared error = 4.92533, marker error: RMS = 0.443861, max = 1.59884 (BR)
[2025-12-17 07:33:18.772] [info] Frame 600 (t = 3.0):	 total squared error = 4.92536, marker error: RMS = 0.443863, max = 1.59884 (BR)
[2025-12-17 07:33:18.819] [info] Frame 601 (t = 3.00500):	 total squared error = 4.92543, marker error: RMS = 0.443866, max = 1.59885 (BR)
[2025-12-17 07:33:18.867] [info] Frame 602 (t = 3.01):	 total squared error = 4.92556, marker error: RMS = 0.443872, max = 1.59887 (BR)
[2025-12-17 07:33:18.945] [info] Frame 603 (t = 3.015):	 total squared error = 4.92576, marker error: RMS = 0.443881, max = 1.5989 (BR)
[2025-12-17 07:33:19.007] [info] Frame 604 (t = 3.02):	 total squared error = 4.92602, marker error: RMS = 0.443893, max = 1.59894 (BR)
[2025-12-17 07:33:19.077] [info] Frame 605 (t = 3.025):	 total squared error = 4.92635, marker error: RMS = 0.443908, max = 1.599 (BR)
[2025-12-17 07:33:19.135] [info] Frame 606 (t = 3.03):	 total squared error = 4.92675, marker error: RMS = 0.443926, max = 1.59906 (BR)
[2025-12-17 07:33:19.198] [info] Frame 607 (t = 3.035):	 total squared error = 4.92721, marker error: RMS = 0.443946, max = 1.59914 (BR)
[2025-12-17 07:33:19.245] [info] Frame 608 (t = 3.04):	 total squared error = 4.92774, marker error: RMS = 0.44397, max = 1.59922 (BR)
[2025-12-17 07:33:19.298] [info] Frame 609 (t = 3.045):	 total squared error = 4.92833, marker error: RMS = 0.443997, max = 1.59932 (BR)
[2025-12-17 07:33:19.352] [info] Frame 610 (t = 3.05):	 total squared error = 4.92897, marker error: RMS = 0.444026, max = 1.59942 (BR)
[2025-12-17 07:33:19.411] [info] Frame 611 (t = 3.055):	 total squared error = 4.92966, marker error: RMS = 0.444057, max = 1.59953 (BR)
[2025-12-17 07:33:19.461] [info] Frame 612 (t = 3.06):	 total squared error = 4.93037, marker error: RMS = 0.444089, max = 1.59965 (BR)
[2025-12-17 07:33:19.521] [info] Frame 613 (t = 3.065):	 total squared error = 4.9311, marker error: RMS = 0.444121, max = 1.59976 (BR)
[2025-12-17 07:33:19.575] [info] Frame 614 (t = 3.07):	 total squared error = 4.93183, marker error: RMS = 0.444154, max = 1.59988 (BR)
[2025-12-17 07:33:19.643] [info] Frame 615 (t = 3.075):	 total squared error = 4.93254, marker error: RMS = 0.444186, max = 1.6 (BR)
[2025-12-17 07:33:19.695] [info] Frame 616 (t = 3.08):	 total squared error = 4.93323, marker error: RMS = 0.444217, max = 1.60011 (BR)
[2025-12-17 07:33:19.778] [info] Frame 617 (t = 3.085):	 total squared error = 4.93386, marker error: RMS = 0.444246, max = 1.60021 (BR)
[2025-12-17 07:33:19.839] [info] Frame 618 (t = 3.09):	 total squared error = 4.93444, marker error: RMS = 0.444272, max = 1.60031 (BR)
[2025-12-17 07:33:19.880] [info] Frame 619 (t = 3.095):	 total squared error = 4.93496, marker error: RMS = 0.444296, max = 1.60039 (BR)
[2025-12-17 07:33:19.947] [info] Frame 620 (t = 3.1):	 total squared error = 4.93539, marker error: RMS = 0.444315, max = 1.60047 (BR)
[2025-12-17 07:33:20.016] [info] Frame 621 (t = 3.10500):	 total squared error = 4.93575, marker error: RMS = 0.444331, max = 1.60053 (BR)
[2025-12-17 07:33:20.053] [info] Frame 622 (t = 3.11):	 total squared error = 4.93603, marker error: RMS = 0.444344, max = 1.60058 (BR)
[2025-12-17 07:33:20.121] [info] Frame 623 (t = 3.115):	 total squared error = 4.93623, marker error: RMS = 0.444353, max = 1.60062 (BR)
[2025-12-17 07:33:20.200] [info] Frame 624 (t = 3.12):	 total squared error = 4.93637, marker error: RMS = 0.444359, max = 1.60064 (BR)
[2025-12-17 07:33:20.306] [info] Frame 625 (t = 3.125):	 total squared error = 4.93645, marker error: RMS = 0.444362, max = 1.60067 (BR)
[2025-12-17 07:33:20.342] [info] Frame 626 (t = 3.13):	 total squared error = 4.93649, marker error: RMS = 0.444364, max = 1.60068 (BR)
[2025-12-17 07:33:20.414] [info] Frame 627 (t = 3.135):	 total squared error = 4.93648, marker error: RMS = 0.444364, max = 1.60069 (BR)
[2025-12-17 07:33:20.472] [info] Frame 628 (t = 3.14):	 total squared error = 4.93646, marker error: RMS = 0.444363, max = 1.60070 (BR)
[2025-12-17 07:33:20.518] [info] Frame 629 (t = 3.145):	 total squared error = 4.93642, marker error: RMS = 0.444361, max = 1.60071 (BR)
[2025-12-17 07:33:20.579] [info] Frame 630 (t = 3.15):	 total squared error = 4.9364, marker error: RMS = 0.44436, max = 1.60072 (BR)
[2025-12-17 07:33:20.647] [info] Frame 631 (t = 3.155):	 total squared error = 4.93639, marker error: RMS = 0.44436, max = 1.60074 (BR)
[2025-12-17 07:33:20.701] [info] Frame 632 (t = 3.16):	 total squared error = 4.9364, marker error: RMS = 0.44436, max = 1.60076 (BR)
[2025-12-17 07:33:20.761] [info] Frame 633 (t = 3.165):	 total squared error = 4.93644, marker error: RMS = 0.444362, max = 1.60078 (BR)
[2025-12-17 07:33:20.822] [info] Frame 634 (t = 3.17):	 total squared error = 4.93651, marker error: RMS = 0.444365, max = 1.60081 (BR)
[2025-12-17 07:33:20.869] [info] Frame 635 (t = 3.175):	 total squared error = 4.93661, marker error: RMS = 0.444369, max = 1.60084 (BR)
[2025-12-17 07:33:20.933] [info] Frame 636 (t = 3.18):	 total squared error = 4.93672, marker error: RMS = 0.444375, max = 1.60088 (BR)
[2025-12-17 07:33:21.011] [info] Frame 637 (t = 3.185):	 total squared error = 4.93686, marker error: RMS = 0.444381, max = 1.60092 (BR)
[2025-12-17 07:33:21.082] [info] Frame 638 (t = 3.19):	 total squared error = 4.93701, marker error: RMS = 0.444388, max = 1.60095 (BR)
[2025-12-17 07:33:21.125] [info] Frame 639 (t = 3.195):	 total squared error = 4.93716, marker error: RMS = 0.444394, max = 1.60099 (BR)
[2025-12-17 07:33:21.180] [info] Frame 640 (t = 3.2):	 total squared error = 4.93729, marker error: RMS = 0.4444, max = 1.60102 (BR)
[2025-12-17 07:33:21.230] [info] Frame 641 (t = 3.20500):	 total squared error = 4.9374, marker error: RMS = 0.444405, max = 1.60105 (BR)
[2025-12-17 07:33:21.296] [info] Frame 642 (t = 3.21):	 total squared error = 4.93748, marker error: RMS = 0.444409, max = 1.60107 (BR)
[2025-12-17 07:33:21.356] [info] Frame 643 (t = 3.215):	 total squared error = 4.93753, marker error: RMS = 0.444411, max = 1.60108 (BR)
[2025-12-17 07:33:21.422] [info] Frame 644 (t = 3.22):	 total squared error = 4.93756, marker error: RMS = 0.444412, max = 1.60109 (BR)
[2025-12-17 07:33:21.470] [info] Frame 645 (t = 3.225):	 total squared error = 4.93757, marker error: RMS = 0.444413, max = 1.60109 (BR)
[2025-12-17 07:33:21.543] [info] InverseKinematicsTool completed 645 frames in 33 second(s).
[2025-12-17 07:33:21.672] [info] Loaded model Athlete_03 from file ..\..\..\..\models\Athlete_03_MRI_Katya\25_03_31\scaled_increased_3.00.osim
[2025-12-17 07:33:21.910] [info] Storage: read data file = joint_angles.mot (nr=645 nc=40)
[2025-12-17 07:33:22.093] [info] Loaded model Athlete_03 from file ..\..\..\..\models\Athlete_03_MRI_Katya\25_03_31\scaled_increased_3.00.osim
[2025-12-17 07:33:22.257] [cout] [info] 
               MODEL: Athlete_03
         coordinates: 39
              forces: 97
           actuators: 97
             muscles: 80
            analyses: 0
              probes: 0
              bodies: 22
              joints: 22
         constraints: 2
             markers: 39
         controllers: 0
  contact geometries: 0
misc modelcomponents: 0
[2025-12-17 07:33:22.257] [info] Running tool ...
[2025-12-17 07:33:22.500] [info] Storage: read data file = grf.mot (nr=6460 nc=46)
[2025-12-17 07:33:22.770] [info] ExternalForce::grf_r_4 Data source being set to grf
[2025-12-17 07:33:22.771] [info] ExternalForce::grf_l_5 Data source being set to grf
[2025-12-17 07:33:22.799] [info] Storage: read data file = joint_angles.mot (nr=645 nc=40)
[2025-12-17 07:33:22.825] [info] Low-pass filtering coordinates data with a cutoff frequency of 6.0...
