[2025-11-14 02:52:57.400] [info] Loaded model tps_transformed from file ..\..\..\..\models\Athlete_03_MRI_BG\25_03_31\scaled.osim
[2025-11-14 02:52:57.547] [info] Loaded model tps_transformed from file ..\..\..\..\models\Athlete_03_MRI_BG\25_03_31\scaled.osim
[2025-11-14 02:52:57.718] [info] Loaded model tps_transformed from file ..\..\..\..\models\Athlete_03_MRI_BG\25_03_31\scaled.osim
[2025-11-14 02:52:57.808] [cout] [info] 
               MODEL: tps_transformed
         coordinates: 39
              forces: 97
           actuators: 97
             muscles: 80
            analyses: 0
              probes: 0
              bodies: 22
              joints: 22
         constraints: 2
             markers: 45
         controllers: 0
  contact geometries: 0
misc modelcomponents: 0
[2025-11-14 02:52:57.816] [info] Running tool .
[2025-11-14 02:52:58.290] [info] Frame 1 (t = 0.00500000):	 total squared error = 0.00476519, marker error: RMS = 0.0143938, max = 0.0317062 (STRN)
[2025-11-14 02:52:58.320] [info] Frame 2 (t = 0.01):	 total squared error = 0.00476791, marker error: RMS = 0.0143979, max = 0.0317662 (STRN)
[2025-11-14 02:52:58.351] [info] Frame 3 (t = 0.015):	 total squared error = 0.00476686, marker error: RMS = 0.0143963, max = 0.0316942 (STRN)
[2025-11-14 02:52:58.397] [info] Frame 4 (t = 0.02):	 total squared error = 0.00476886, marker error: RMS = 0.0143994, max = 0.0316719 (STRN)
[2025-11-14 02:52:58.463] [info] Frame 5 (t = 0.025):	 total squared error = 0.00477092, marker error: RMS = 0.0144025, max = 0.0317458 (STRN)
[2025-11-14 02:52:58.502] [info] Frame 6 (t = 0.03):	 total squared error = 0.00477222, marker error: RMS = 0.0144044, max = 0.0319173 (STRN)
[2025-11-14 02:52:58.542] [info] Frame 7 (t = 0.035):	 total squared error = 0.00476899, marker error: RMS = 0.0143996, max = 0.0319586 (STRN)
[2025-11-14 02:52:58.574] [info] Frame 8 (t = 0.04):	 total squared error = 0.00476395, marker error: RMS = 0.014392, max = 0.0320894 (STRN)
[2025-11-14 02:52:58.606] [info] Frame 9 (t = 0.045):	 total squared error = 0.00475647, marker error: RMS = 0.0143807, max = 0.0321912 (STRN)
[2025-11-14 02:52:58.638] [info] Frame 10 (t = 0.05):	 total squared error = 0.00474847, marker error: RMS = 0.0143685, max = 0.0323162 (STRN)
[2025-11-14 02:52:58.671] [info] Frame 11 (t = 0.055):	 total squared error = 0.00473777, marker error: RMS = 0.0143523, max = 0.0322971 (STRN)
[2025-11-14 02:52:58.698] [info] Frame 12 (t = 0.06):	 total squared error = 0.00473197, marker error: RMS = 0.0143436, max = 0.0324117 (STRN)
[2025-11-14 02:52:58.722] [info] Frame 13 (t = 0.065):	 total squared error = 0.00472926, marker error: RMS = 0.0143395, max = 0.0324306 (STRN)
[2025-11-14 02:52:58.769] [info] Frame 14 (t = 0.07):	 total squared error = 0.00472984, marker error: RMS = 0.0143403, max = 0.0325070 (STRN)
[2025-11-14 02:52:58.795] [info] Frame 15 (t = 0.075):	 total squared error = 0.00473864, marker error: RMS = 0.0143537, max = 0.0325539 (STRN)
[2025-11-14 02:52:58.835] [info] Frame 16 (t = 0.08):	 total squared error = 0.00475192, marker error: RMS = 0.0143738, max = 0.0325767 (STRN)
[2025-11-14 02:52:58.860] [info] Frame 17 (t = 0.085):	 total squared error = 0.00477315, marker error: RMS = 0.0144058, max = 0.0326119 (STRN)
[2025-11-14 02:52:58.896] [info] Frame 18 (t = 0.09):	 total squared error = 0.00479635, marker error: RMS = 0.0144408, max = 0.0326366 (STRN)
[2025-11-14 02:52:58.919] [info] Frame 19 (t = 0.095):	 total squared error = 0.00482529, marker error: RMS = 0.0144843, max = 0.0326393 (STRN)
[2025-11-14 02:52:58.956] [info] Frame 20 (t = 0.1):	 total squared error = 0.00485258, marker error: RMS = 0.0145252, max = 0.0326022 (STRN)
[2025-11-14 02:52:58.998] [info] Frame 21 (t = 0.105000):	 total squared error = 0.00487955, marker error: RMS = 0.0145655, max = 0.0325511 (STRN)
[2025-11-14 02:52:59.019] [info] Frame 22 (t = 0.11):	 total squared error = 0.00490618, marker error: RMS = 0.0146052, max = 0.0324893 (STRN)
[2025-11-14 02:52:59.049] [info] Frame 23 (t = 0.115):	 total squared error = 0.00492166, marker error: RMS = 0.0146282, max = 0.032431 (STRN)
[2025-11-14 02:52:59.068] [info] Frame 24 (t = 0.12):	 total squared error = 0.00493534, marker error: RMS = 0.0146485, max = 0.0323515 (STRN)
[2025-11-14 02:52:59.077] [info] Frame 25 (t = 0.125):	 total squared error = 0.00494650, marker error: RMS = 0.0146651, max = 0.0321976 (STRN)
[2025-11-14 02:52:59.100] [info] Frame 26 (t = 0.13):	 total squared error = 0.00494114, marker error: RMS = 0.0146572, max = 0.0322102 (STRN)
[2025-11-14 02:52:59.139] [info] Frame 27 (t = 0.135):	 total squared error = 0.00492949, marker error: RMS = 0.0146399, max = 0.031963 (STRN)
[2025-11-14 02:52:59.163] [info] Frame 28 (t = 0.14):	 total squared error = 0.00492057, marker error: RMS = 0.0146266, max = 0.0318697 (STRN)
[2025-11-14 02:52:59.176] [info] Frame 29 (t = 0.145):	 total squared error = 0.00491042, marker error: RMS = 0.0146115, max = 0.0319097 (STRN)
[2025-11-14 02:52:59.206] [info] Frame 30 (t = 0.15):	 total squared error = 0.00489759, marker error: RMS = 0.0145924, max = 0.0316028 (STRN)
[2025-11-14 02:52:59.247] [info] Frame 31 (t = 0.155):	 total squared error = 0.00488169, marker error: RMS = 0.0145687, max = 0.0313481 (STRN)
[2025-11-14 02:52:59.270] [info] Frame 32 (t = 0.16):	 total squared error = 0.00487341, marker error: RMS = 0.0145563, max = 0.031217 (STRN)
[2025-11-14 02:52:59.315] [info] Frame 33 (t = 0.165):	 total squared error = 0.00486545, marker error: RMS = 0.0145445, max = 0.0310866 (STRN)
[2025-11-14 02:52:59.343] [info] Frame 34 (t = 0.17):	 total squared error = 0.00486412, marker error: RMS = 0.0145425, max = 0.0309853 (STRN)
[2025-11-14 02:52:59.368] [info] Frame 35 (t = 0.175):	 total squared error = 0.00486772, marker error: RMS = 0.0145479, max = 0.0309101 (STRN)
[2025-11-14 02:52:59.405] [info] Frame 36 (t = 0.18):	 total squared error = 0.00487230, marker error: RMS = 0.0145547, max = 0.0307260 (STRN)
[2025-11-14 02:52:59.426] [info] Frame 37 (t = 0.185):	 total squared error = 0.00488689, marker error: RMS = 0.0145765, max = 0.0307002 (STRN)
[2025-11-14 02:52:59.452] [info] Frame 38 (t = 0.19):	 total squared error = 0.00490817, marker error: RMS = 0.0146082, max = 0.0307010 (STRN)
[2025-11-14 02:52:59.479] [info] Frame 39 (t = 0.195):	 total squared error = 0.00493575, marker error: RMS = 0.0146492, max = 0.0306612 (STRN)
[2025-11-14 02:52:59.517] [info] Frame 40 (t = 0.2):	 total squared error = 0.00496545, marker error: RMS = 0.0146932, max = 0.0304981 (STRN)
[2025-11-14 02:52:59.539] [info] Frame 41 (t = 0.205000):	 total squared error = 0.00501051, marker error: RMS = 0.0147597, max = 0.0305525 (STRN)
[2025-11-14 02:52:59.565] [info] Frame 42 (t = 0.21):	 total squared error = 0.00506549, marker error: RMS = 0.0148404, max = 0.0306124 (STRN)
[2025-11-14 02:52:59.599] [info] Frame 43 (t = 0.215):	 total squared error = 0.00512579, marker error: RMS = 0.0149285, max = 0.0306262 (STRN)
[2025-11-14 02:52:59.632] [info] Frame 44 (t = 0.22):	 total squared error = 0.00519746, marker error: RMS = 0.0150325, max = 0.0307491 (STRN)
[2025-11-14 02:52:59.669] [info] Frame 45 (t = 0.225):	 total squared error = 0.00527619, marker error: RMS = 0.0151459, max = 0.0308782 (STRN)
[2025-11-14 02:52:59.701] [info] Frame 46 (t = 0.23):	 total squared error = 0.00536118, marker error: RMS = 0.0152674, max = 0.0310529 (STRN)
[2025-11-14 02:52:59.730] [info] Frame 47 (t = 0.235):	 total squared error = 0.00545129, marker error: RMS = 0.0153952, max = 0.0312261 (STRN)
[2025-11-14 02:52:59.770] [info] Frame 48 (t = 0.24):	 total squared error = 0.00554270, marker error: RMS = 0.0155238, max = 0.0314211 (STRN)
[2025-11-14 02:52:59.809] [info] Frame 49 (t = 0.245):	 total squared error = 0.00563843, marker error: RMS = 0.0156572, max = 0.0316778 (STRN)
[2025-11-14 02:52:59.842] [info] Frame 50 (t = 0.25):	 total squared error = 0.00573976, marker error: RMS = 0.0157973, max = 0.0319373 (STRN)
[2025-11-14 02:52:59.875] [info] Frame 51 (t = 0.255):	 total squared error = 0.00584787, marker error: RMS = 0.0159454, max = 0.032197 (STRN)
[2025-11-14 02:52:59.897] [info] Frame 52 (t = 0.26):	 total squared error = 0.00596756, marker error: RMS = 0.0161077, max = 0.0324050 (STRN)
[2025-11-14 02:52:59.935] [info] Frame 53 (t = 0.265):	 total squared error = 0.00609384, marker error: RMS = 0.0162773, max = 0.0327795 (STRN)
[2025-11-14 02:52:59.972] [info] Frame 54 (t = 0.27):	 total squared error = 0.00623958, marker error: RMS = 0.0164708, max = 0.033155 (STRN)
[2025-11-14 02:53:00.007] [info] Frame 55 (t = 0.275):	 total squared error = 0.00640239, marker error: RMS = 0.0166843, max = 0.0334172 (STRN)
[2025-11-14 02:53:00.047] [info] Frame 56 (t = 0.28):	 total squared error = 0.00658350, marker error: RMS = 0.0169186, max = 0.0337224 (STRN)
[2025-11-14 02:53:00.092] [info] Frame 57 (t = 0.285):	 total squared error = 0.00678300, marker error: RMS = 0.017173, max = 0.0340087 (STRN)
[2025-11-14 02:53:00.110] [info] Frame 58 (t = 0.29):	 total squared error = 0.00700708, marker error: RMS = 0.0174544, max = 0.0340760 (STRN)
[2025-11-14 02:53:00.152] [info] Frame 59 (t = 0.295):	 total squared error = 0.00722628, marker error: RMS = 0.0177253, max = 0.0346079 (STRN)
[2025-11-14 02:53:00.183] [info] Frame 60 (t = 0.3):	 total squared error = 0.00746147, marker error: RMS = 0.0180114, max = 0.0347964 (STRN)
[2025-11-14 02:53:00.212] [info] Frame 61 (t = 0.305000):	 total squared error = 0.00769802, marker error: RMS = 0.0182947, max = 0.0349378 (STRN)
[2025-11-14 02:53:00.247] [info] Frame 62 (t = 0.31):	 total squared error = 0.00792945, marker error: RMS = 0.0185677, max = 0.0350918 (STRN)
[2025-11-14 02:53:00.283] [info] Frame 63 (t = 0.315):	 total squared error = 0.00814840, marker error: RMS = 0.0188223, max = 0.0351689 (STRN)
[2025-11-14 02:53:00.314] [info] Frame 64 (t = 0.32):	 total squared error = 0.00835114, marker error: RMS = 0.0190550, max = 0.0353541 (STRN)
[2025-11-14 02:53:00.345] [info] Frame 65 (t = 0.325):	 total squared error = 0.00853125, marker error: RMS = 0.0192594, max = 0.0352429 (STRN)
[2025-11-14 02:53:00.377] [info] Frame 66 (t = 0.33):	 total squared error = 0.00868923, marker error: RMS = 0.0194369, max = 0.0352322 (STRN)
[2025-11-14 02:53:00.417] [info] Frame 67 (t = 0.335):	 total squared error = 0.00882420, marker error: RMS = 0.0195873, max = 0.0352459 (STRN)
[2025-11-14 02:53:00.436] [info] Frame 68 (t = 0.34):	 total squared error = 0.00893819, marker error: RMS = 0.0197134, max = 0.0350951 (STRN)
[2025-11-14 02:53:00.478] [info] Frame 69 (t = 0.345):	 total squared error = 0.00903126, marker error: RMS = 0.0198157, max = 0.0350812 (STRN)
[2025-11-14 02:53:00.500] [info] Frame 70 (t = 0.35):	 total squared error = 0.00910710, marker error: RMS = 0.0198988, max = 0.0352313 (LTH2)
[2025-11-14 02:53:00.531] [info] Frame 71 (t = 0.355):	 total squared error = 0.00916762, marker error: RMS = 0.0199648, max = 0.0354709 (LTH2)
[2025-11-14 02:53:00.572] [info] Frame 72 (t = 0.36):	 total squared error = 0.00921291, marker error: RMS = 0.0200140, max = 0.0356245 (LTH2)
[2025-11-14 02:53:00.599] [info] Frame 73 (t = 0.365):	 total squared error = 0.00924255, marker error: RMS = 0.0200462, max = 0.0355518 (LTH2)
[2025-11-14 02:53:00.626] [info] Frame 74 (t = 0.37):	 total squared error = 0.00925438, marker error: RMS = 0.0200590, max = 0.0355923 (LTH2)
[2025-11-14 02:53:00.651] [info] Frame 75 (t = 0.375):	 total squared error = 0.00924763, marker error: RMS = 0.0200517, max = 0.0353664 (LTH2)
[2025-11-14 02:53:00.674] [info] Frame 76 (t = 0.38):	 total squared error = 0.00921866, marker error: RMS = 0.0200203, max = 0.0350919 (LTH2)
[2025-11-14 02:53:00.706] [info] Frame 77 (t = 0.385):	 total squared error = 0.00916557, marker error: RMS = 0.0199625, max = 0.0347547 (LTH2)
[2025-11-14 02:53:00.740] [info] Frame 78 (t = 0.39):	 total squared error = 0.00908623, marker error: RMS = 0.019876, max = 0.0341428 (LTH2)
[2025-11-14 02:53:00.768] [info] Frame 79 (t = 0.395):	 total squared error = 0.00898064, marker error: RMS = 0.0197601, max = 0.0340345 (STRN)
[2025-11-14 02:53:00.793] [info] Frame 80 (t = 0.4):	 total squared error = 0.00884934, marker error: RMS = 0.0196152, max = 0.0339336 (STRN)
[2025-11-14 02:53:00.810] [info] Frame 81 (t = 0.405000):	 total squared error = 0.00869866, marker error: RMS = 0.0194474, max = 0.0338348 (STRN)
[2025-11-14 02:53:00.840] [info] Frame 82 (t = 0.41):	 total squared error = 0.00852144, marker error: RMS = 0.0192483, max = 0.0337863 (STRN)
[2025-11-14 02:53:00.887] [info] Frame 83 (t = 0.415):	 total squared error = 0.00833301, marker error: RMS = 0.0190343, max = 0.0337777 (STRN)
[2025-11-14 02:53:00.938] [info] Frame 84 (t = 0.42):	 total squared error = 0.00813466, marker error: RMS = 0.0188064, max = 0.0337177 (STRN)
[2025-11-14 02:53:00.981] [info] Frame 85 (t = 0.425):	 total squared error = 0.00793341, marker error: RMS = 0.0185723, max = 0.033782 (STRN)
[2025-11-14 02:53:01.031] [info] Frame 86 (t = 0.43):	 total squared error = 0.00773268, marker error: RMS = 0.0183359, max = 0.0337382 (STRN)
[2025-11-14 02:53:01.078] [info] Frame 87 (t = 0.435):	 total squared error = 0.00753515, marker error: RMS = 0.0181001, max = 0.0336289 (STRN)
[2025-11-14 02:53:01.117] [info] Frame 88 (t = 0.44):	 total squared error = 0.00734998, marker error: RMS = 0.0178764, max = 0.0336179 (STRN)
[2025-11-14 02:53:01.140] [info] Frame 89 (t = 0.445):	 total squared error = 0.00718081, marker error: RMS = 0.0176694, max = 0.0337172 (STRN)
[2025-11-14 02:53:01.164] [info] Frame 90 (t = 0.45):	 total squared error = 0.00702844, marker error: RMS = 0.017481, max = 0.033743 (STRN)
[2025-11-14 02:53:01.203] [info] Frame 91 (t = 0.455):	 total squared error = 0.00688779, marker error: RMS = 0.0173052, max = 0.0335526 (STRN)
[2025-11-14 02:53:01.247] [info] Frame 92 (t = 0.46):	 total squared error = 0.00677190, marker error: RMS = 0.017159, max = 0.0335686 (STRN)
[2025-11-14 02:53:01.277] [info] Frame 93 (t = 0.465):	 total squared error = 0.00667560, marker error: RMS = 0.0170365, max = 0.0335587 (STRN)
[2025-11-14 02:53:01.316] [info] Frame 94 (t = 0.47):	 total squared error = 0.00659819, marker error: RMS = 0.0169375, max = 0.0334713 (STRN)
[2025-11-14 02:53:01.354] [info] Frame 95 (t = 0.475):	 total squared error = 0.00654048, marker error: RMS = 0.0168632, max = 0.0334641 (STRN)
[2025-11-14 02:53:01.388] [info] Frame 96 (t = 0.48):	 total squared error = 0.00650013, marker error: RMS = 0.0168111, max = 0.0334331 (STRN)
[2025-11-14 02:53:01.410] [info] Frame 97 (t = 0.485):	 total squared error = 0.00647900, marker error: RMS = 0.0167838, max = 0.0335126 (STRN)
[2025-11-14 02:53:01.453] [info] Frame 98 (t = 0.49):	 total squared error = 0.00646523, marker error: RMS = 0.016766, max = 0.0333403 (STRN)
[2025-11-14 02:53:01.475] [info] Frame 99 (t = 0.495):	 total squared error = 0.00647067, marker error: RMS = 0.016773, max = 0.0334638 (STRN)
[2025-11-14 02:53:01.517] [info] Frame 100 (t = 0.5):	 total squared error = 0.00647743, marker error: RMS = 0.0167818, max = 0.0332561 (STRN)
[2025-11-14 02:53:01.552] [info] Frame 101 (t = 0.505000):	 total squared error = 0.00649473, marker error: RMS = 0.0168042, max = 0.0332102 (STRN)
[2025-11-14 02:53:01.572] [info] Frame 102 (t = 0.51):	 total squared error = 0.00651893, marker error: RMS = 0.0168354, max = 0.0333272 (STRN)
[2025-11-14 02:53:01.607] [info] Frame 103 (t = 0.515):	 total squared error = 0.00653431, marker error: RMS = 0.0168553, max = 0.0331362 (STRN)
[2025-11-14 02:53:01.641] [info] Frame 104 (t = 0.52):	 total squared error = 0.00654861, marker error: RMS = 0.0168737, max = 0.0331301 (STRN)
[2025-11-14 02:53:01.679] [info] Frame 105 (t = 0.525):	 total squared error = 0.00655310, marker error: RMS = 0.0168795, max = 0.0330711 (STRN)
[2025-11-14 02:53:01.719] [info] Frame 106 (t = 0.53):	 total squared error = 0.00654426, marker error: RMS = 0.0168681, max = 0.0330616 (STRN)
[2025-11-14 02:53:01.766] [info] Frame 107 (t = 0.535):	 total squared error = 0.00651804, marker error: RMS = 0.0168343, max = 0.0331082 (STRN)
[2025-11-14 02:53:01.792] [info] Frame 108 (t = 0.54):	 total squared error = 0.00647431, marker error: RMS = 0.0167777, max = 0.0332015 (STRN)
[2025-11-14 02:53:01.826] [info] Frame 109 (t = 0.545):	 total squared error = 0.00640580, marker error: RMS = 0.0166887, max = 0.0331671 (STRN)
[2025-11-14 02:53:01.850] [info] Frame 110 (t = 0.55):	 total squared error = 0.00632115, marker error: RMS = 0.0165781, max = 0.0332485 (STRN)
[2025-11-14 02:53:01.877] [info] Frame 111 (t = 0.555):	 total squared error = 0.00621567, marker error: RMS = 0.0164392, max = 0.0333297 (STRN)
[2025-11-14 02:53:01.917] [info] Frame 112 (t = 0.56):	 total squared error = 0.00609254, marker error: RMS = 0.0162755, max = 0.0334032 (STRN)
[2025-11-14 02:53:01.940] [info] Frame 113 (t = 0.565):	 total squared error = 0.00596288, marker error: RMS = 0.0161014, max = 0.0335515 (STRN)
[2025-11-14 02:53:01.958] [info] Frame 114 (t = 0.57):	 total squared error = 0.00583077, marker error: RMS = 0.0159221, max = 0.033896 (STRN)
[2025-11-14 02:53:01.985] [info] Frame 115 (t = 0.575):	 total squared error = 0.00569223, marker error: RMS = 0.0157318, max = 0.0338504 (STRN)
[2025-11-14 02:53:02.012] [info] Frame 116 (t = 0.58):	 total squared error = 0.00556132, marker error: RMS = 0.0155498, max = 0.0339213 (STRN)
[2025-11-14 02:53:02.050] [info] Frame 117 (t = 0.585):	 total squared error = 0.00544174, marker error: RMS = 0.0153817, max = 0.0339775 (STRN)
[2025-11-14 02:53:02.076] [info] Frame 118 (t = 0.59):	 total squared error = 0.00534254, marker error: RMS = 0.0152409, max = 0.0341527 (STRN)
[2025-11-14 02:53:02.104] [info] Frame 119 (t = 0.595):	 total squared error = 0.00526392, marker error: RMS = 0.0151283, max = 0.0342518 (STRN)
[2025-11-14 02:53:02.141] [info] Frame 120 (t = 0.6):	 total squared error = 0.00520602, marker error: RMS = 0.0150449, max = 0.0343148 (STRN)
[2025-11-14 02:53:02.168] [info] Frame 121 (t = 0.605000):	 total squared error = 0.00517606, marker error: RMS = 0.0150015, max = 0.034421 (STRN)
[2025-11-14 02:53:02.198] [info] Frame 122 (t = 0.61):	 total squared error = 0.00517006, marker error: RMS = 0.0149928, max = 0.0345333 (STRN)
[2025-11-14 02:53:02.223] [info] Frame 123 (t = 0.615):	 total squared error = 0.00518782, marker error: RMS = 0.0150186, max = 0.0346616 (STRN)
[2025-11-14 02:53:02.261] [info] Frame 124 (t = 0.62):	 total squared error = 0.00522286, marker error: RMS = 0.0150692, max = 0.0346791 (STRN)
[2025-11-14 02:53:02.289] [info] Frame 125 (t = 0.625):	 total squared error = 0.00527827, marker error: RMS = 0.0151489, max = 0.0347575 (STRN)
[2025-11-14 02:53:02.319] [info] Frame 126 (t = 0.63):	 total squared error = 0.00534567, marker error: RMS = 0.0152453, max = 0.0348282 (STRN)
[2025-11-14 02:53:02.345] [info] Frame 127 (t = 0.635):	 total squared error = 0.00541984, marker error: RMS = 0.0153507, max = 0.0348625 (STRN)
[2025-11-14 02:53:02.373] [info] Frame 128 (t = 0.64):	 total squared error = 0.00549539, marker error: RMS = 0.0154574, max = 0.0349456 (STRN)
[2025-11-14 02:53:02.401] [info] Frame 129 (t = 0.645):	 total squared error = 0.00556831, marker error: RMS = 0.0155596, max = 0.0349501 (STRN)
[2025-11-14 02:53:02.435] [info] Frame 130 (t = 0.65):	 total squared error = 0.00563316, marker error: RMS = 0.0156499, max = 0.0349325 (STRN)
[2025-11-14 02:53:02.472] [info] Frame 131 (t = 0.655):	 total squared error = 0.00568501, marker error: RMS = 0.0157218, max = 0.0349074 (STRN)
[2025-11-14 02:53:02.499] [info] Frame 132 (t = 0.66):	 total squared error = 0.00572640, marker error: RMS = 0.0157789, max = 0.0349037 (STRN)
[2025-11-14 02:53:02.514] [info] Frame 133 (t = 0.665):	 total squared error = 0.00575598, marker error: RMS = 0.0158196, max = 0.0349634 (STRN)
[2025-11-14 02:53:02.555] [info] Frame 134 (t = 0.67):	 total squared error = 0.00576382, marker error: RMS = 0.0158304, max = 0.0348153 (STRN)
[2025-11-14 02:53:02.572] [info] Frame 135 (t = 0.675):	 total squared error = 0.00576485, marker error: RMS = 0.0158318, max = 0.0348065 (STRN)
[2025-11-14 02:53:02.598] [info] Frame 136 (t = 0.68):	 total squared error = 0.00575443, marker error: RMS = 0.0158175, max = 0.0346912 (STRN)
[2025-11-14 02:53:02.636] [info] Frame 137 (t = 0.685):	 total squared error = 0.00573352, marker error: RMS = 0.0157887, max = 0.0345545 (STRN)
[2025-11-14 02:53:02.648] [info] Frame 138 (t = 0.69):	 total squared error = 0.00571626, marker error: RMS = 0.0157649, max = 0.0347077 (STRN)
[2025-11-14 02:53:02.681] [info] Frame 139 (t = 0.695):	 total squared error = 0.00569584, marker error: RMS = 0.0157367, max = 0.0343872 (STRN)
[2025-11-14 02:53:02.704] [info] Frame 140 (t = 0.7):	 total squared error = 0.00567992, marker error: RMS = 0.0157147, max = 0.0343432 (STRN)
[2025-11-14 02:53:02.731] [info] Frame 141 (t = 0.705000):	 total squared error = 0.00566901, marker error: RMS = 0.0156996, max = 0.0341465 (STRN)
[2025-11-14 02:53:02.752] [info] Frame 142 (t = 0.71):	 total squared error = 0.00566847, marker error: RMS = 0.0156989, max = 0.0340156 (STRN)
[2025-11-14 02:53:02.782] [info] Frame 143 (t = 0.715):	 total squared error = 0.00567701, marker error: RMS = 0.0157107, max = 0.0339447 (STRN)
[2025-11-14 02:53:02.813] [info] Frame 144 (t = 0.72):	 total squared error = 0.00569169, marker error: RMS = 0.015731, max = 0.0338278 (STRN)
[2025-11-14 02:53:02.835] [info] Frame 145 (t = 0.725):	 total squared error = 0.00571923, marker error: RMS = 0.015769, max = 0.0337372 (STRN)
[2025-11-14 02:53:02.867] [info] Frame 146 (t = 0.73):	 total squared error = 0.00574402, marker error: RMS = 0.0158032, max = 0.0335719 (STRN)
[2025-11-14 02:53:02.906] [info] Frame 147 (t = 0.735):	 total squared error = 0.00578413, marker error: RMS = 0.0158582, max = 0.0335186 (STRN)
[2025-11-14 02:53:02.947] [info] Frame 148 (t = 0.74):	 total squared error = 0.00582936, marker error: RMS = 0.0159201, max = 0.0334371 (STRN)
[2025-11-14 02:53:02.974] [info] Frame 149 (t = 0.745):	 total squared error = 0.00588315, marker error: RMS = 0.0159934, max = 0.0334625 (STRN)
[2025-11-14 02:53:03.021] [info] Frame 150 (t = 0.75):	 total squared error = 0.00593847, marker error: RMS = 0.0160684, max = 0.0334238 (STRN)
[2025-11-14 02:53:03.053] [info] Frame 151 (t = 0.755):	 total squared error = 0.00600156, marker error: RMS = 0.0161536, max = 0.0335055 (STRN)
[2025-11-14 02:53:03.088] [info] Frame 152 (t = 0.76):	 total squared error = 0.00606773, marker error: RMS = 0.0162424, max = 0.0336269 (STRN)
[2025-11-14 02:53:03.131] [info] Frame 153 (t = 0.765):	 total squared error = 0.00613553, marker error: RMS = 0.0163329, max = 0.0336866 (STRN)
[2025-11-14 02:53:03.171] [info] Frame 154 (t = 0.77):	 total squared error = 0.00620460, marker error: RMS = 0.0164245, max = 0.0338838 (STRN)
[2025-11-14 02:53:03.205] [info] Frame 155 (t = 0.775):	 total squared error = 0.00627278, marker error: RMS = 0.0165145, max = 0.0340986 (STRN)
[2025-11-14 02:53:03.238] [info] Frame 156 (t = 0.78):	 total squared error = 0.00633893, marker error: RMS = 0.0166014, max = 0.0343083 (STRN)
[2025-11-14 02:53:03.307] [info] Frame 157 (t = 0.785):	 total squared error = 0.00640027, marker error: RMS = 0.0166815, max = 0.0345906 (STRN)
[2025-11-14 02:53:03.354] [info] Frame 158 (t = 0.79):	 total squared error = 0.00645906, marker error: RMS = 0.0167579, max = 0.0348693 (STRN)
[2025-11-14 02:53:03.411] [info] Frame 159 (t = 0.795):	 total squared error = 0.00651681, marker error: RMS = 0.0168327, max = 0.0352056 (STRN)
[2025-11-14 02:53:03.473] [info] Frame 160 (t = 0.8):	 total squared error = 0.00657643, marker error: RMS = 0.0169095, max = 0.0355971 (STRN)
[2025-11-14 02:53:03.514] [info] Frame 161 (t = 0.805000):	 total squared error = 0.00663977, marker error: RMS = 0.0169908, max = 0.0359359 (STRN)
[2025-11-14 02:53:03.554] [info] Frame 162 (t = 0.81):	 total squared error = 0.00671140, marker error: RMS = 0.0170822, max = 0.0364419 (STRN)
[2025-11-14 02:53:03.590] [info] Frame 163 (t = 0.815):	 total squared error = 0.00679111, marker error: RMS = 0.0171833, max = 0.0367548 (STRN)
[2025-11-14 02:53:03.634] [info] Frame 164 (t = 0.82):	 total squared error = 0.00688244, marker error: RMS = 0.0172984, max = 0.0371018 (STRN)
[2025-11-14 02:53:03.672] [info] Frame 165 (t = 0.825):	 total squared error = 0.00698421, marker error: RMS = 0.0174259, max = 0.0375039 (STRN)
[2025-11-14 02:53:03.751] [info] Frame 166 (t = 0.83):	 total squared error = 0.00709628, marker error: RMS = 0.0175651, max = 0.0379366 (STRN)
[2025-11-14 02:53:03.804] [info] Frame 167 (t = 0.835):	 total squared error = 0.00721527, marker error: RMS = 0.0177118, max = 0.0382479 (STRN)
[2025-11-14 02:53:03.840] [info] Frame 168 (t = 0.84):	 total squared error = 0.00733907, marker error: RMS = 0.0178631, max = 0.0384768 (STRN)
[2025-11-14 02:53:03.887] [info] Frame 169 (t = 0.845):	 total squared error = 0.00746317, marker error: RMS = 0.0180135, max = 0.0387103 (STRN)
[2025-11-14 02:53:03.946] [info] Frame 170 (t = 0.85):	 total squared error = 0.00758477, marker error: RMS = 0.0181596, max = 0.0389025 (STRN)
[2025-11-14 02:53:03.982] [info] Frame 171 (t = 0.855):	 total squared error = 0.00770473, marker error: RMS = 0.0183027, max = 0.0386946 (STRN)
[2025-11-14 02:53:04.036] [info] Frame 172 (t = 0.86):	 total squared error = 0.00780507, marker error: RMS = 0.0184215, max = 0.0390454 (STRN)
[2025-11-14 02:53:04.141] [info] Frame 173 (t = 0.865):	 total squared error = 0.00789827, marker error: RMS = 0.0185311, max = 0.0391938 (STRN)
[2025-11-14 02:53:04.197] [info] Frame 174 (t = 0.87):	 total squared error = 0.00797874, marker error: RMS = 0.0186253, max = 0.0391092 (STRN)
[2025-11-14 02:53:04.253] [info] Frame 175 (t = 0.875):	 total squared error = 0.00804640, marker error: RMS = 0.0187041, max = 0.0391951 (STRN)
[2025-11-14 02:53:04.295] [info] Frame 176 (t = 0.88):	 total squared error = 0.00810243, marker error: RMS = 0.0187691, max = 0.0390281 (STRN)
[2025-11-14 02:53:04.346] [info] Frame 177 (t = 0.885):	 total squared error = 0.00814870, marker error: RMS = 0.0188226, max = 0.0390195 (STRN)
[2025-11-14 02:53:04.381] [info] Frame 178 (t = 0.89):	 total squared error = 0.00818564, marker error: RMS = 0.0188652, max = 0.0387884 (STRN)
[2025-11-14 02:53:04.417] [info] Frame 179 (t = 0.895):	 total squared error = 0.00821563, marker error: RMS = 0.0188998, max = 0.0385966 (STRN)
[2025-11-14 02:53:04.446] [info] Frame 180 (t = 0.9):	 total squared error = 0.00823818, marker error: RMS = 0.0189257, max = 0.0384487 (STRN)
[2025-11-14 02:53:04.467] [info] Frame 181 (t = 0.905000):	 total squared error = 0.00825185, marker error: RMS = 0.0189414, max = 0.0382641 (STRN)
[2025-11-14 02:53:04.505] [info] Frame 182 (t = 0.91):	 total squared error = 0.00825529, marker error: RMS = 0.0189453, max = 0.0380801 (STRN)
[2025-11-14 02:53:04.550] [info] Frame 183 (t = 0.915):	 total squared error = 0.00824600, marker error: RMS = 0.0189347, max = 0.0379113 (STRN)
[2025-11-14 02:53:04.578] [info] Frame 184 (t = 0.92):	 total squared error = 0.00822092, marker error: RMS = 0.0189058, max = 0.0377434 (STRN)
[2025-11-14 02:53:04.626] [info] Frame 185 (t = 0.925):	 total squared error = 0.00817793, marker error: RMS = 0.0188564, max = 0.037577 (STRN)
[2025-11-14 02:53:04.657] [info] Frame 186 (t = 0.93):	 total squared error = 0.00811345, marker error: RMS = 0.0187819, max = 0.0374011 (STRN)
[2025-11-14 02:53:04.695] [info] Frame 187 (t = 0.935):	 total squared error = 0.00802802, marker error: RMS = 0.0186827, max = 0.0372452 (STRN)
[2025-11-14 02:53:04.729] [info] Frame 188 (t = 0.94):	 total squared error = 0.00792112, marker error: RMS = 0.0185579, max = 0.0370847 (STRN)
[2025-11-14 02:53:04.767] [info] Frame 189 (t = 0.945):	 total squared error = 0.00779377, marker error: RMS = 0.0184081, max = 0.0369061 (STRN)
[2025-11-14 02:53:04.837] [info] Frame 190 (t = 0.95):	 total squared error = 0.00764819, marker error: RMS = 0.0182354, max = 0.0367202 (STRN)
[2025-11-14 02:53:04.886] [info] Frame 191 (t = 0.955):	 total squared error = 0.00748764, marker error: RMS = 0.0180430, max = 0.0366254 (STRN)
[2025-11-14 02:53:04.957] [info] Frame 192 (t = 0.96):	 total squared error = 0.00731575, marker error: RMS = 0.0178347, max = 0.0364341 (STRN)
[2025-11-14 02:53:05.002] [info] Frame 193 (t = 0.965):	 total squared error = 0.00713658, marker error: RMS = 0.0176149, max = 0.0363052 (STRN)
[2025-11-14 02:53:05.028] [info] Frame 194 (t = 0.97):	 total squared error = 0.00695475, marker error: RMS = 0.0173891, max = 0.0362769 (STRN)
[2025-11-14 02:53:05.070] [info] Frame 195 (t = 0.975):	 total squared error = 0.00677299, marker error: RMS = 0.0171604, max = 0.0361679 (STRN)
[2025-11-14 02:53:05.114] [info] Frame 196 (t = 0.98):	 total squared error = 0.00659444, marker error: RMS = 0.0169327, max = 0.0360024 (STRN)
[2025-11-14 02:53:05.163] [info] Frame 197 (t = 0.985):	 total squared error = 0.00642219, marker error: RMS = 0.01671, max = 0.0357622 (STRN)
[2025-11-14 02:53:05.200] [info] Frame 198 (t = 0.99):	 total squared error = 0.00625970, marker error: RMS = 0.0164973, max = 0.0357195 (STRN)
[2025-11-14 02:53:05.245] [info] Frame 199 (t = 0.995):	 total squared error = 0.00610708, marker error: RMS = 0.0162949, max = 0.0355069 (STRN)
[2025-11-14 02:53:05.267] [info] Frame 200 (t = 1.0):	 total squared error = 0.00597048, marker error: RMS = 0.0161117, max = 0.0356291 (STRN)
[2025-11-14 02:53:05.296] [info] Frame 201 (t = 1.00500):	 total squared error = 0.00584726, marker error: RMS = 0.0159446, max = 0.0356647 (STRN)
[2025-11-14 02:53:05.337] [info] Frame 202 (t = 1.01):	 total squared error = 0.00572311, marker error: RMS = 0.0157744, max = 0.0352073 (STRN)
[2025-11-14 02:53:05.374] [info] Frame 203 (t = 1.015):	 total squared error = 0.00561982, marker error: RMS = 0.0156314, max = 0.0350078 (STRN)
[2025-11-14 02:53:05.421] [info] Frame 204 (t = 1.02):	 total squared error = 0.00552993, marker error: RMS = 0.0155059, max = 0.0348855 (STRN)
[2025-11-14 02:53:05.489] [info] Frame 205 (t = 1.025):	 total squared error = 0.00545722, marker error: RMS = 0.0154036, max = 0.034989 (STRN)
[2025-11-14 02:53:05.600] [info] Frame 206 (t = 1.03):	 total squared error = 0.00538830, marker error: RMS = 0.0153060, max = 0.0346355 (STRN)
[2025-11-14 02:53:05.754] [info] Frame 207 (t = 1.035):	 total squared error = 0.00533607, marker error: RMS = 0.0152316, max = 0.0345465 (STRN)
[2025-11-14 02:53:05.832] [info] Frame 208 (t = 1.04):	 total squared error = 0.00529950, marker error: RMS = 0.0151794, max = 0.0346469 (STRN)
[2025-11-14 02:53:05.903] [info] Frame 209 (t = 1.045):	 total squared error = 0.00526488, marker error: RMS = 0.0151297, max = 0.0342701 (STRN)
[2025-11-14 02:53:05.943] [info] Frame 210 (t = 1.05):	 total squared error = 0.00524894, marker error: RMS = 0.0151068, max = 0.0344076 (STRN)
[2025-11-14 02:53:06.012] [info] Frame 211 (t = 1.055):	 total squared error = 0.00523581, marker error: RMS = 0.0150879, max = 0.03411 (STRN)
[2025-11-14 02:53:06.066] [info] Frame 212 (t = 1.06):	 total squared error = 0.00523376, marker error: RMS = 0.0150849, max = 0.0340549 (STRN)
[2025-11-14 02:53:06.105] [info] Frame 213 (t = 1.065):	 total squared error = 0.00523833, marker error: RMS = 0.0150915, max = 0.0339649 (STRN)
[2025-11-14 02:53:06.146] [info] Frame 214 (t = 1.07):	 total squared error = 0.00524746, marker error: RMS = 0.0151047, max = 0.0339209 (STRN)
[2025-11-14 02:53:06.169] [info] Frame 215 (t = 1.075):	 total squared error = 0.00526223, marker error: RMS = 0.0151259, max = 0.0340550 (STRN)
[2025-11-14 02:53:06.214] [info] Frame 216 (t = 1.08):	 total squared error = 0.00527309, marker error: RMS = 0.0151415, max = 0.0338813 (STRN)
[2025-11-14 02:53:06.237] [info] Frame 217 (t = 1.085):	 total squared error = 0.00528674, marker error: RMS = 0.0151611, max = 0.0339732 (STRN)
[2025-11-14 02:53:06.268] [info] Frame 218 (t = 1.09):	 total squared error = 0.00529407, marker error: RMS = 0.0151716, max = 0.0338966 (STRN)
[2025-11-14 02:53:06.295] [info] Frame 219 (t = 1.095):	 total squared error = 0.00529867, marker error: RMS = 0.0151782, max = 0.0340605 (STRN)
[2025-11-14 02:53:06.324] [info] Frame 220 (t = 1.1):	 total squared error = 0.00529603, marker error: RMS = 0.0151744, max = 0.0340456 (STRN)
[2025-11-14 02:53:06.349] [info] Frame 221 (t = 1.10500):	 total squared error = 0.00528764, marker error: RMS = 0.0151624, max = 0.0343443 (STRN)
[2025-11-14 02:53:06.376] [info] Frame 222 (t = 1.11):	 total squared error = 0.00526567, marker error: RMS = 0.0151308, max = 0.0342763 (STRN)
[2025-11-14 02:53:06.410] [info] Frame 223 (t = 1.115):	 total squared error = 0.00522714, marker error: RMS = 0.0150754, max = 0.0339687 (STRN)
[2025-11-14 02:53:06.437] [info] Frame 224 (t = 1.12):	 total squared error = 0.00519043, marker error: RMS = 0.0150224, max = 0.0340749 (STRN)
[2025-11-14 02:53:06.466] [info] Frame 225 (t = 1.125):	 total squared error = 0.00514839, marker error: RMS = 0.0149614, max = 0.0341348 (STRN)
[2025-11-14 02:53:06.490] [info] Frame 226 (t = 1.13):	 total squared error = 0.00510394, marker error: RMS = 0.0148967, max = 0.0341503 (STRN)
[2025-11-14 02:53:06.519] [info] Frame 227 (t = 1.135):	 total squared error = 0.00505853, marker error: RMS = 0.0148302, max = 0.0340882 (STRN)
[2025-11-14 02:53:06.543] [info] Frame 228 (t = 1.14):	 total squared error = 0.00501928, marker error: RMS = 0.0147726, max = 0.0341291 (STRN)
[2025-11-14 02:53:06.571] [info] Frame 229 (t = 1.145):	 total squared error = 0.00498621, marker error: RMS = 0.0147239, max = 0.0342143 (STRN)
[2025-11-14 02:53:06.603] [info] Frame 230 (t = 1.15):	 total squared error = 0.00496351, marker error: RMS = 0.0146903, max = 0.0342835 (STRN)
[2025-11-14 02:53:06.641] [info] Frame 231 (t = 1.155):	 total squared error = 0.00495190, marker error: RMS = 0.0146731, max = 0.034298 (STRN)
[2025-11-14 02:53:06.673] [info] Frame 232 (t = 1.16):	 total squared error = 0.00495459, marker error: RMS = 0.0146771, max = 0.034378 (STRN)
[2025-11-14 02:53:06.701] [info] Frame 233 (t = 1.165):	 total squared error = 0.00497012, marker error: RMS = 0.0147001, max = 0.0344469 (STRN)
[2025-11-14 02:53:06.741] [info] Frame 234 (t = 1.17):	 total squared error = 0.00499384, marker error: RMS = 0.0147351, max = 0.0344885 (STRN)
[2025-11-14 02:53:06.768] [info] Frame 235 (t = 1.175):	 total squared error = 0.00502890, marker error: RMS = 0.0147867, max = 0.0345341 (STRN)
[2025-11-14 02:53:06.794] [info] Frame 236 (t = 1.18):	 total squared error = 0.00506974, marker error: RMS = 0.0148467, max = 0.0345774 (STRN)
[2025-11-14 02:53:06.831] [info] Frame 237 (t = 1.185):	 total squared error = 0.00510987, marker error: RMS = 0.0149053, max = 0.0346196 (STRN)
[2025-11-14 02:53:06.853] [info] Frame 238 (t = 1.19):	 total squared error = 0.00515049, marker error: RMS = 0.0149644, max = 0.03465 (STRN)
[2025-11-14 02:53:06.875] [info] Frame 239 (t = 1.195):	 total squared error = 0.00518611, marker error: RMS = 0.0150161, max = 0.0346475 (STRN)
[2025-11-14 02:53:06.915] [info] Frame 240 (t = 1.2):	 total squared error = 0.00521147, marker error: RMS = 0.0150528, max = 0.0345821 (STRN)
[2025-11-14 02:53:06.937] [info] Frame 241 (t = 1.20500):	 total squared error = 0.00522990, marker error: RMS = 0.0150794, max = 0.0345353 (STRN)
[2025-11-14 02:53:06.952] [info] Frame 242 (t = 1.21):	 total squared error = 0.00524033, marker error: RMS = 0.0150944, max = 0.0345695 (STRN)
[2025-11-14 02:53:06.973] [info] Frame 243 (t = 1.215):	 total squared error = 0.00523849, marker error: RMS = 0.0150917, max = 0.0343988 (STRN)
[2025-11-14 02:53:06.988] [info] Frame 244 (t = 1.22):	 total squared error = 0.00523158, marker error: RMS = 0.0150818, max = 0.0344398 (STRN)
[2025-11-14 02:53:07.009] [info] Frame 245 (t = 1.225):	 total squared error = 0.00521832, marker error: RMS = 0.0150626, max = 0.0341944 (STRN)
[2025-11-14 02:53:07.043] [info] Frame 246 (t = 1.23):	 total squared error = 0.00519750, marker error: RMS = 0.0150326, max = 0.0338493 (STRN)
[2025-11-14 02:53:07.071] [info] Frame 247 (t = 1.235):	 total squared error = 0.00518128, marker error: RMS = 0.0150091, max = 0.0337278 (STRN)
[2025-11-14 02:53:07.091] [info] Frame 248 (t = 1.24):	 total squared error = 0.00516613, marker error: RMS = 0.0149871, max = 0.0335704 (STRN)
[2025-11-14 02:53:07.123] [info] Frame 249 (t = 1.245):	 total squared error = 0.00515159, marker error: RMS = 0.014966, max = 0.0333859 (STRN)
[2025-11-14 02:53:07.160] [info] Frame 250 (t = 1.25):	 total squared error = 0.00513801, marker error: RMS = 0.0149463, max = 0.0330933 (STRN)
[2025-11-14 02:53:07.194] [info] Frame 251 (t = 1.255):	 total squared error = 0.00513160, marker error: RMS = 0.014937, max = 0.0329209 (STRN)
[2025-11-14 02:53:07.220] [info] Frame 252 (t = 1.26):	 total squared error = 0.00512976, marker error: RMS = 0.0149343, max = 0.032769 (STRN)
[2025-11-14 02:53:07.239] [info] Frame 253 (t = 1.265):	 total squared error = 0.00513376, marker error: RMS = 0.0149401, max = 0.0326081 (STRN)
[2025-11-14 02:53:07.280] [info] Frame 254 (t = 1.27):	 total squared error = 0.00513643, marker error: RMS = 0.014944, max = 0.032327 (STRN)
[2025-11-14 02:53:07.305] [info] Frame 255 (t = 1.275):	 total squared error = 0.00514999, marker error: RMS = 0.0149637, max = 0.0322266 (STRN)
[2025-11-14 02:53:07.343] [info] Frame 256 (t = 1.28):	 total squared error = 0.00516637, marker error: RMS = 0.0149875, max = 0.0319696 (STRN)
[2025-11-14 02:53:07.368] [info] Frame 257 (t = 1.285):	 total squared error = 0.00519226, marker error: RMS = 0.0150250, max = 0.0318954 (STRN)
[2025-11-14 02:53:07.389] [info] Frame 258 (t = 1.29):	 total squared error = 0.00522585, marker error: RMS = 0.0150735, max = 0.0318021 (STRN)
[2025-11-14 02:53:07.423] [info] Frame 259 (t = 1.295):	 total squared error = 0.00526343, marker error: RMS = 0.0151276, max = 0.0316151 (STRN)
[2025-11-14 02:53:07.452] [info] Frame 260 (t = 1.3):	 total squared error = 0.00531246, marker error: RMS = 0.0151979, max = 0.0315861 (STRN)
[2025-11-14 02:53:07.477] [info] Frame 261 (t = 1.30500):	 total squared error = 0.00536893, marker error: RMS = 0.0152785, max = 0.0316235 (STRN)
[2025-11-14 02:53:07.501] [info] Frame 262 (t = 1.31):	 total squared error = 0.00543188, marker error: RMS = 0.0153678, max = 0.0314996 (STRN)
[2025-11-14 02:53:07.531] [info] Frame 263 (t = 1.315):	 total squared error = 0.00549747, marker error: RMS = 0.0154603, max = 0.0315215 (STRN)
[2025-11-14 02:53:07.555] [info] Frame 264 (t = 1.32):	 total squared error = 0.00556730, marker error: RMS = 0.0155582, max = 0.0316449 (STRN)
[2025-11-14 02:53:07.579] [info] Frame 265 (t = 1.325):	 total squared error = 0.00564013, marker error: RMS = 0.0156596, max = 0.031725 (STRN)
[2025-11-14 02:53:07.602] [info] Frame 266 (t = 1.33):	 total squared error = 0.00571498, marker error: RMS = 0.0157632, max = 0.0317999 (STRN)
[2025-11-14 02:53:07.633] [info] Frame 267 (t = 1.335):	 total squared error = 0.00578991, marker error: RMS = 0.0158662, max = 0.0319375 (STRN)
[2025-11-14 02:53:07.658] [info] Frame 268 (t = 1.34):	 total squared error = 0.00587053, marker error: RMS = 0.0159762, max = 0.0320456 (STRN)
[2025-11-14 02:53:07.678] [info] Frame 269 (t = 1.345):	 total squared error = 0.00596080, marker error: RMS = 0.0160986, max = 0.0322395 (STRN)
[2025-11-14 02:53:07.716] [info] Frame 270 (t = 1.35):	 total squared error = 0.00605212, marker error: RMS = 0.0162215, max = 0.0325639 (STRN)
[2025-11-14 02:53:07.751] [info] Frame 271 (t = 1.355):	 total squared error = 0.00616116, marker error: RMS = 0.0163669, max = 0.0327623 (STRN)
[2025-11-14 02:53:07.781] [info] Frame 272 (t = 1.36):	 total squared error = 0.00628624, marker error: RMS = 0.0165322, max = 0.0329911 (STRN)
[2025-11-14 02:53:07.812] [info] Frame 273 (t = 1.365):	 total squared error = 0.00642950, marker error: RMS = 0.0167196, max = 0.0332392 (STRN)
[2025-11-14 02:53:07.851] [info] Frame 274 (t = 1.37):	 total squared error = 0.00659084, marker error: RMS = 0.016928, max = 0.0335037 (STRN)
[2025-11-14 02:53:07.891] [info] Frame 275 (t = 1.375):	 total squared error = 0.00677118, marker error: RMS = 0.0171581, max = 0.033716 (STRN)
[2025-11-14 02:53:07.920] [info] Frame 276 (t = 1.38):	 total squared error = 0.00696886, marker error: RMS = 0.0174067, max = 0.0338794 (STRN)
[2025-11-14 02:53:07.948] [info] Frame 277 (t = 1.385):	 total squared error = 0.00717884, marker error: RMS = 0.017667, max = 0.0340612 (STRN)
[2025-11-14 02:53:07.981] [info] Frame 278 (t = 1.39):	 total squared error = 0.00739421, marker error: RMS = 0.0179301, max = 0.0342681 (STRN)
[2025-11-14 02:53:08.016] [info] Frame 279 (t = 1.395):	 total squared error = 0.00761162, marker error: RMS = 0.0181918, max = 0.0343246 (STRN)
[2025-11-14 02:53:08.049] [info] Frame 280 (t = 1.4):	 total squared error = 0.00782325, marker error: RMS = 0.0184429, max = 0.0344475 (STRN)
[2025-11-14 02:53:08.085] [info] Frame 281 (t = 1.40500):	 total squared error = 0.00802378, marker error: RMS = 0.0186778, max = 0.0344344 (STRN)
[2025-11-14 02:53:08.118] [info] Frame 282 (t = 1.41):	 total squared error = 0.00820870, marker error: RMS = 0.0188918, max = 0.0344294 (STRN)
[2025-11-14 02:53:08.141] [info] Frame 283 (t = 1.415):	 total squared error = 0.00837726, marker error: RMS = 0.0190848, max = 0.0342694 (STRN)
[2025-11-14 02:53:08.185] [info] Frame 284 (t = 1.42):	 total squared error = 0.00852286, marker error: RMS = 0.0192499, max = 0.0342616 (STRN)
[2025-11-14 02:53:08.233] [info] Frame 285 (t = 1.425):	 total squared error = 0.00865160, marker error: RMS = 0.0193948, max = 0.0342347 (STRN)
[2025-11-14 02:53:08.278] [info] Frame 286 (t = 1.43):	 total squared error = 0.00876361, marker error: RMS = 0.0195199, max = 0.0340956 (STRN)
[2025-11-14 02:53:08.307] [info] Frame 287 (t = 1.435):	 total squared error = 0.00886107, marker error: RMS = 0.0196281, max = 0.0339635 (STRN)
[2025-11-14 02:53:08.340] [info] Frame 288 (t = 1.44):	 total squared error = 0.00894557, marker error: RMS = 0.0197215, max = 0.0338107 (STRN)
[2025-11-14 02:53:08.368] [info] Frame 289 (t = 1.445):	 total squared error = 0.00901805, marker error: RMS = 0.0198012, max = 0.033684 (STRN)
[2025-11-14 02:53:08.402] [info] Frame 290 (t = 1.45):	 total squared error = 0.00907836, marker error: RMS = 0.0198673, max = 0.0336611 (LTH2)
[2025-11-14 02:53:08.441] [info] Frame 291 (t = 1.455):	 total squared error = 0.00912502, marker error: RMS = 0.0199183, max = 0.0338178 (LTH2)
[2025-11-14 02:53:08.473] [info] Frame 292 (t = 1.46):	 total squared error = 0.00915544, marker error: RMS = 0.0199515, max = 0.0338788 (LTH2)
[2025-11-14 02:53:08.505] [info] Frame 293 (t = 1.465):	 total squared error = 0.00916636, marker error: RMS = 0.0199634, max = 0.0338528 (LTH2)
[2025-11-14 02:53:08.535] [info] Frame 294 (t = 1.47):	 total squared error = 0.00915421, marker error: RMS = 0.0199502, max = 0.0337058 (LTH2)
[2025-11-14 02:53:08.563] [info] Frame 295 (t = 1.475):	 total squared error = 0.00911582, marker error: RMS = 0.0199083, max = 0.0334343 (LTH2)
[2025-11-14 02:53:08.586] [info] Frame 296 (t = 1.48):	 total squared error = 0.00904885, marker error: RMS = 0.019835, max = 0.0330849 (LTH2)
[2025-11-14 02:53:08.614] [info] Frame 297 (t = 1.485):	 total squared error = 0.00895251, marker error: RMS = 0.0197292, max = 0.0327079 (STRN)
[2025-11-14 02:53:08.637] [info] Frame 298 (t = 1.49):	 total squared error = 0.00882791, marker error: RMS = 0.0195914, max = 0.0326168 (STRN)
[2025-11-14 02:53:08.669] [info] Frame 299 (t = 1.495):	 total squared error = 0.00867690, marker error: RMS = 0.0194231, max = 0.0325787 (STRN)
[2025-11-14 02:53:08.695] [info] Frame 300 (t = 1.5):	 total squared error = 0.00850415, marker error: RMS = 0.0192288, max = 0.0325495 (STRN)
[2025-11-14 02:53:08.717] [info] Frame 301 (t = 1.50500):	 total squared error = 0.00831366, marker error: RMS = 0.0190122, max = 0.0324956 (STRN)
[2025-11-14 02:53:08.738] [info] Frame 302 (t = 1.51):	 total squared error = 0.00811027, marker error: RMS = 0.0187782, max = 0.0324712 (STRN)
[2025-11-14 02:53:08.760] [info] Frame 303 (t = 1.515):	 total squared error = 0.00789969, marker error: RMS = 0.0185328, max = 0.0324093 (STRN)
[2025-11-14 02:53:08.790] [info] Frame 304 (t = 1.52):	 total squared error = 0.00768657, marker error: RMS = 0.0182811, max = 0.0323612 (STRN)
[2025-11-14 02:53:08.820] [info] Frame 305 (t = 1.525):	 total squared error = 0.00747571, marker error: RMS = 0.0180286, max = 0.0323014 (STRN)
[2025-11-14 02:53:08.848] [info] Frame 306 (t = 1.53):	 total squared error = 0.00727140, marker error: RMS = 0.0177805, max = 0.0323009 (STRN)
[2025-11-14 02:53:08.861] [info] Frame 307 (t = 1.535):	 total squared error = 0.00708650, marker error: RMS = 0.017553, max = 0.0322876 (STRN)
[2025-11-14 02:53:08.892] [info] Frame 308 (t = 1.54):	 total squared error = 0.00689600, marker error: RMS = 0.0173155, max = 0.0322779 (STRN)
[2025-11-14 02:53:08.929] [info] Frame 309 (t = 1.545):	 total squared error = 0.00673038, marker error: RMS = 0.0171063, max = 0.0321272 (STRN)
[2025-11-14 02:53:08.956] [info] Frame 310 (t = 1.55):	 total squared error = 0.00658278, marker error: RMS = 0.0169177, max = 0.0321202 (STRN)
[2025-11-14 02:53:08.993] [info] Frame 311 (t = 1.555):	 total squared error = 0.00645471, marker error: RMS = 0.0167523, max = 0.0320560 (STRN)
[2025-11-14 02:53:09.023] [info] Frame 312 (t = 1.56):	 total squared error = 0.00634689, marker error: RMS = 0.0166118, max = 0.0319798 (STRN)
[2025-11-14 02:53:09.051] [info] Frame 313 (t = 1.565):	 total squared error = 0.00625988, marker error: RMS = 0.0164975, max = 0.0319531 (STRN)
[2025-11-14 02:53:09.080] [info] Frame 314 (t = 1.57):	 total squared error = 0.00619280, marker error: RMS = 0.0164089, max = 0.031879 (STRN)
[2025-11-14 02:53:09.097] [info] Frame 315 (t = 1.575):	 total squared error = 0.00615070, marker error: RMS = 0.016353, max = 0.0319994 (STRN)
[2025-11-14 02:53:09.130] [info] Frame 316 (t = 1.58):	 total squared error = 0.00611555, marker error: RMS = 0.0163062, max = 0.0317424 (STRN)
[2025-11-14 02:53:09.158] [info] Frame 317 (t = 1.585):	 total squared error = 0.00610134, marker error: RMS = 0.0162873, max = 0.0316236 (STRN)
[2025-11-14 02:53:09.197] [info] Frame 318 (t = 1.59):	 total squared error = 0.00610083, marker error: RMS = 0.0162866, max = 0.0315389 (STRN)
[2025-11-14 02:53:09.215] [info] Frame 319 (t = 1.595):	 total squared error = 0.00611530, marker error: RMS = 0.0163059, max = 0.0315957 (STRN)
[2025-11-14 02:53:09.244] [info] Frame 320 (t = 1.6):	 total squared error = 0.00612887, marker error: RMS = 0.016324, max = 0.0313941 (STRN)
[2025-11-14 02:53:09.264] [info] Frame 321 (t = 1.60500):	 total squared error = 0.00615601, marker error: RMS = 0.0163601, max = 0.0315459 (STRN)
[2025-11-14 02:53:09.299] [info] Frame 322 (t = 1.61):	 total squared error = 0.00617365, marker error: RMS = 0.0163835, max = 0.0312443 (STRN)
[2025-11-14 02:53:09.327] [info] Frame 323 (t = 1.615):	 total squared error = 0.00619449, marker error: RMS = 0.0164111, max = 0.0312145 (STRN)
[2025-11-14 02:53:09.357] [info] Frame 324 (t = 1.62):	 total squared error = 0.00620863, marker error: RMS = 0.0164299, max = 0.0311421 (STRN)
[2025-11-14 02:53:09.381] [info] Frame 325 (t = 1.625):	 total squared error = 0.00621864, marker error: RMS = 0.0164431, max = 0.0313001 (STRN)
[2025-11-14 02:53:09.412] [info] Frame 326 (t = 1.63):	 total squared error = 0.00620927, marker error: RMS = 0.0164307, max = 0.0311185 (STRN)
[2025-11-14 02:53:09.434] [info] Frame 327 (t = 1.635):	 total squared error = 0.00619498, marker error: RMS = 0.0164118, max = 0.0313315 (STRN)
[2025-11-14 02:53:09.462] [info] Frame 328 (t = 1.64):	 total squared error = 0.00615847, marker error: RMS = 0.0163634, max = 0.0311831 (STRN)
[2025-11-14 02:53:09.485] [info] Frame 329 (t = 1.645):	 total squared error = 0.00611229, marker error: RMS = 0.0163019, max = 0.031262 (STRN)
[2025-11-14 02:53:09.516] [info] Frame 330 (t = 1.65):	 total squared error = 0.00604793, marker error: RMS = 0.0162158, max = 0.0312567 (STRN)
[2025-11-14 02:53:09.541] [info] Frame 331 (t = 1.655):	 total squared error = 0.00597379, marker error: RMS = 0.0161161, max = 0.0313713 (STRN)
[2025-11-14 02:53:09.577] [info] Frame 332 (t = 1.66):	 total squared error = 0.00588336, marker error: RMS = 0.0159937, max = 0.0314297 (STRN)
[2025-11-14 02:53:09.603] [info] Frame 333 (t = 1.665):	 total squared error = 0.00578759, marker error: RMS = 0.015863, max = 0.0315774 (STRN)
[2025-11-14 02:53:09.631] [info] Frame 334 (t = 1.67):	 total squared error = 0.00568394, marker error: RMS = 0.0157203, max = 0.0317033 (STRN)
[2025-11-14 02:53:09.651] [info] Frame 335 (t = 1.675):	 total squared error = 0.00558054, marker error: RMS = 0.0155767, max = 0.0318371 (STRN)
[2025-11-14 02:53:09.685] [info] Frame 336 (t = 1.68):	 total squared error = 0.00547481, marker error: RMS = 0.0154284, max = 0.0318648 (STRN)
[2025-11-14 02:53:09.712] [info] Frame 337 (t = 1.685):	 total squared error = 0.00538144, marker error: RMS = 0.0152963, max = 0.0320595 (STRN)
[2025-11-14 02:53:09.739] [info] Frame 338 (t = 1.69):	 total squared error = 0.00529977, marker error: RMS = 0.0151798, max = 0.0321734 (STRN)
[2025-11-14 02:53:09.775] [info] Frame 339 (t = 1.695):	 total squared error = 0.00523109, marker error: RMS = 0.0150811, max = 0.0322682 (STRN)
[2025-11-14 02:53:09.806] [info] Frame 340 (t = 1.7):	 total squared error = 0.00518545, marker error: RMS = 0.0150151, max = 0.0323898 (STRN)
[2025-11-14 02:53:09.834] [info] Frame 341 (t = 1.70500):	 total squared error = 0.00516167, marker error: RMS = 0.0149807, max = 0.0325372 (STRN)
[2025-11-14 02:53:09.863] [info] Frame 342 (t = 1.71):	 total squared error = 0.00515988, marker error: RMS = 0.0149781, max = 0.0326393 (STRN)
[2025-11-14 02:53:09.899] [info] Frame 343 (t = 1.715):	 total squared error = 0.00517739, marker error: RMS = 0.0150035, max = 0.0327052 (STRN)
[2025-11-14 02:53:09.926] [info] Frame 344 (t = 1.72):	 total squared error = 0.00521633, marker error: RMS = 0.0150598, max = 0.0328404 (STRN)
[2025-11-14 02:53:09.953] [info] Frame 345 (t = 1.725):	 total squared error = 0.00526895, marker error: RMS = 0.0151355, max = 0.0328632 (STRN)
[2025-11-14 02:53:09.981] [info] Frame 346 (t = 1.73):	 total squared error = 0.00532951, marker error: RMS = 0.0152223, max = 0.0328112 (STRN)
[2025-11-14 02:53:10.011] [info] Frame 347 (t = 1.735):	 total squared error = 0.00539084, marker error: RMS = 0.0153096, max = 0.0329601 (STRN)
[2025-11-14 02:53:10.045] [info] Frame 348 (t = 1.74):	 total squared error = 0.00544687, marker error: RMS = 0.015389, max = 0.0329884 (STRN)
[2025-11-14 02:53:10.082] [info] Frame 349 (t = 1.745):	 total squared error = 0.00549162, marker error: RMS = 0.0154521, max = 0.0329476 (STRN)
[2025-11-14 02:53:10.107] [info] Frame 350 (t = 1.75):	 total squared error = 0.00552423, marker error: RMS = 0.0154979, max = 0.0329587 (STRN)
[2025-11-14 02:53:10.132] [info] Frame 351 (t = 1.755):	 total squared error = 0.00554169, marker error: RMS = 0.0155223, max = 0.0329521 (STRN)
[2025-11-14 02:53:10.163] [info] Frame 352 (t = 1.76):	 total squared error = 0.00554153, marker error: RMS = 0.0155221, max = 0.032912 (STRN)
[2025-11-14 02:53:10.181] [info] Frame 353 (t = 1.765):	 total squared error = 0.00552994, marker error: RMS = 0.0155059, max = 0.032948 (STRN)
[2025-11-14 02:53:10.207] [info] Frame 354 (t = 1.77):	 total squared error = 0.00550899, marker error: RMS = 0.0154765, max = 0.032752 (STRN)
[2025-11-14 02:53:10.245] [info] Frame 355 (t = 1.775):	 total squared error = 0.00548168, marker error: RMS = 0.0154381, max = 0.0326498 (STRN)
[2025-11-14 02:53:10.269] [info] Frame 356 (t = 1.78):	 total squared error = 0.00545898, marker error: RMS = 0.0154061, max = 0.0325514 (STRN)
[2025-11-14 02:53:10.291] [info] Frame 357 (t = 1.785):	 total squared error = 0.00544152, marker error: RMS = 0.0153814, max = 0.0324207 (STRN)
[2025-11-14 02:53:10.319] [info] Frame 358 (t = 1.79):	 total squared error = 0.00543117, marker error: RMS = 0.0153668, max = 0.03233 (STRN)
[2025-11-14 02:53:10.341] [info] Frame 359 (t = 1.795):	 total squared error = 0.00543036, marker error: RMS = 0.0153656, max = 0.0322234 (STRN)
[2025-11-14 02:53:10.364] [info] Frame 360 (t = 1.8):	 total squared error = 0.00543911, marker error: RMS = 0.015378, max = 0.0321626 (STRN)
[2025-11-14 02:53:10.396] [info] Frame 361 (t = 1.80500):	 total squared error = 0.00545148, marker error: RMS = 0.0153955, max = 0.0320086 (STRN)
[2025-11-14 02:53:10.421] [info] Frame 362 (t = 1.81):	 total squared error = 0.00547695, marker error: RMS = 0.0154314, max = 0.0319306 (STRN)
[2025-11-14 02:53:10.450] [info] Frame 363 (t = 1.815):	 total squared error = 0.00550735, marker error: RMS = 0.0154742, max = 0.0318863 (STRN)
[2025-11-14 02:53:10.469] [info] Frame 364 (t = 1.82):	 total squared error = 0.00554328, marker error: RMS = 0.0155246, max = 0.0318913 (STRN)
[2025-11-14 02:53:10.491] [info] Frame 365 (t = 1.825):	 total squared error = 0.00558133, marker error: RMS = 0.0155778, max = 0.031896 (STRN)
[2025-11-14 02:53:10.531] [info] Frame 366 (t = 1.83):	 total squared error = 0.00561947, marker error: RMS = 0.0156309, max = 0.0317729 (STRN)
[2025-11-14 02:53:10.553] [info] Frame 367 (t = 1.835):	 total squared error = 0.00566317, marker error: RMS = 0.0156916, max = 0.0317969 (STRN)
[2025-11-14 02:53:10.575] [info] Frame 368 (t = 1.84):	 total squared error = 0.00570979, marker error: RMS = 0.015756, max = 0.0318843 (STRN)
[2025-11-14 02:53:10.615] [info] Frame 369 (t = 1.845):	 total squared error = 0.00575686, marker error: RMS = 0.0158208, max = 0.0318907 (STRN)
[2025-11-14 02:53:10.641] [info] Frame 370 (t = 1.85):	 total squared error = 0.00580676, marker error: RMS = 0.0158892, max = 0.0320235 (STRN)
[2025-11-14 02:53:10.673] [info] Frame 371 (t = 1.855):	 total squared error = 0.00585792, marker error: RMS = 0.0159591, max = 0.0321383 (STRN)
[2025-11-14 02:53:10.698] [info] Frame 372 (t = 1.86):	 total squared error = 0.00590833, marker error: RMS = 0.0160276, max = 0.0323359 (STRN)
[2025-11-14 02:53:10.725] [info] Frame 373 (t = 1.865):	 total squared error = 0.00595811, marker error: RMS = 0.0160950, max = 0.032555 (STRN)
[2025-11-14 02:53:10.756] [info] Frame 374 (t = 1.87):	 total squared error = 0.00600425, marker error: RMS = 0.0161572, max = 0.0327561 (STRN)
[2025-11-14 02:53:10.782] [info] Frame 375 (t = 1.875):	 total squared error = 0.00604797, marker error: RMS = 0.0162159, max = 0.0330194 (STRN)
[2025-11-14 02:53:10.814] [info] Frame 376 (t = 1.88):	 total squared error = 0.00608999, marker error: RMS = 0.0162721, max = 0.0333219 (STRN)
[2025-11-14 02:53:10.844] [info] Frame 377 (t = 1.885):	 total squared error = 0.00613162, marker error: RMS = 0.0163276, max = 0.0336271 (STRN)
[2025-11-14 02:53:10.867] [info] Frame 378 (t = 1.89):	 total squared error = 0.00617883, marker error: RMS = 0.0163904, max = 0.0338724 (STRN)
[2025-11-14 02:53:10.898] [info] Frame 379 (t = 1.895):	 total squared error = 0.00622345, marker error: RMS = 0.0164495, max = 0.0343058 (STRN)
[2025-11-14 02:53:10.931] [info] Frame 380 (t = 1.9):	 total squared error = 0.00627811, marker error: RMS = 0.0165215, max = 0.0346906 (STRN)
[2025-11-14 02:53:10.972] [info] Frame 381 (t = 1.90500):	 total squared error = 0.00634136, marker error: RMS = 0.0166046, max = 0.0351417 (STRN)
[2025-11-14 02:53:10.999] [info] Frame 382 (t = 1.91):	 total squared error = 0.00641393, marker error: RMS = 0.0166993, max = 0.0354241 (STRN)
[2025-11-14 02:53:11.031] [info] Frame 383 (t = 1.915):	 total squared error = 0.00649743, marker error: RMS = 0.0168076, max = 0.0357742 (STRN)
[2025-11-14 02:53:11.060] [info] Frame 384 (t = 1.92):	 total squared error = 0.00659151, marker error: RMS = 0.0169289, max = 0.0360847 (STRN)
[2025-11-14 02:53:11.095] [info] Frame 385 (t = 1.925):	 total squared error = 0.00669450, marker error: RMS = 0.0170606, max = 0.0364142 (STRN)
[2025-11-14 02:53:11.136] [info] Frame 386 (t = 1.93):	 total squared error = 0.00680585, marker error: RMS = 0.0172019, max = 0.036711 (STRN)
[2025-11-14 02:53:11.156] [info] Frame 387 (t = 1.935):	 total squared error = 0.00692912, marker error: RMS = 0.017357, max = 0.0365429 (STRN)
[2025-11-14 02:53:11.189] [info] Frame 388 (t = 1.94):	 total squared error = 0.00703913, marker error: RMS = 0.0174943, max = 0.036924 (STRN)
[2025-11-14 02:53:11.220] [info] Frame 389 (t = 1.945):	 total squared error = 0.00715495, marker error: RMS = 0.0176376, max = 0.0371137 (STRN)
[2025-11-14 02:53:11.247] [info] Frame 390 (t = 1.95):	 total squared error = 0.00726642, marker error: RMS = 0.0177745, max = 0.037137 (STRN)
[2025-11-14 02:53:11.281] [info] Frame 391 (t = 1.955):	 total squared error = 0.00736851, marker error: RMS = 0.0178989, max = 0.0372738 (STRN)
[2025-11-14 02:53:11.313] [info] Frame 392 (t = 1.96):	 total squared error = 0.00746132, marker error: RMS = 0.0180112, max = 0.0372271 (STRN)
[2025-11-14 02:53:11.342] [info] Frame 393 (t = 1.965):	 total squared error = 0.00754326, marker error: RMS = 0.0181099, max = 0.0372173 (STRN)
[2025-11-14 02:53:11.366] [info] Frame 394 (t = 1.97):	 total squared error = 0.00761453, marker error: RMS = 0.0181952, max = 0.0371065 (STRN)
[2025-11-14 02:53:11.397] [info] Frame 395 (t = 1.975):	 total squared error = 0.00767510, marker error: RMS = 0.0182675, max = 0.0372040 (STRN)
[2025-11-14 02:53:11.417] [info] Frame 396 (t = 1.98):	 total squared error = 0.00772745, marker error: RMS = 0.0183296, max = 0.0370058 (STRN)
[2025-11-14 02:53:11.449] [info] Frame 397 (t = 1.985):	 total squared error = 0.00777265, marker error: RMS = 0.0183832, max = 0.0369945 (STRN)
[2025-11-14 02:53:11.482] [info] Frame 398 (t = 1.99):	 total squared error = 0.00781022, marker error: RMS = 0.0184276, max = 0.0368826 (STRN)
[2025-11-14 02:53:11.507] [info] Frame 399 (t = 1.995):	 total squared error = 0.00783927, marker error: RMS = 0.0184618, max = 0.0366888 (STRN)
[2025-11-14 02:53:11.530] [info] Frame 400 (t = 2.0):	 total squared error = 0.00785985, marker error: RMS = 0.018486, max = 0.0365181 (STRN)
[2025-11-14 02:53:11.554] [info] Frame 401 (t = 2.00500):	 total squared error = 0.00786853, marker error: RMS = 0.0184962, max = 0.0364319 (STRN)
[2025-11-14 02:53:11.575] [info] Frame 402 (t = 2.01):	 total squared error = 0.00786233, marker error: RMS = 0.0184889, max = 0.0362709 (STRN)
[2025-11-14 02:53:11.604] [info] Frame 403 (t = 2.015):	 total squared error = 0.00783822, marker error: RMS = 0.0184606, max = 0.0361722 (STRN)
[2025-11-14 02:53:11.621] [info] Frame 404 (t = 2.02):	 total squared error = 0.00779518, marker error: RMS = 0.0184098, max = 0.0360267 (STRN)
[2025-11-14 02:53:11.642] [info] Frame 405 (t = 2.025):	 total squared error = 0.00772394, marker error: RMS = 0.0183255, max = 0.035912 (STRN)
[2025-11-14 02:53:11.669] [info] Frame 406 (t = 2.03):	 total squared error = 0.00763225, marker error: RMS = 0.0182164, max = 0.0358861 (STRN)
[2025-11-14 02:53:11.691] [info] Frame 407 (t = 2.035):	 total squared error = 0.00751868, marker error: RMS = 0.0180803, max = 0.0357803 (STRN)
[2025-11-14 02:53:11.717] [info] Frame 408 (t = 2.04):	 total squared error = 0.00738443, marker error: RMS = 0.0179182, max = 0.0356957 (STRN)
[2025-11-14 02:53:11.748] [info] Frame 409 (t = 2.045):	 total squared error = 0.00723298, marker error: RMS = 0.0177335, max = 0.0355767 (STRN)
[2025-11-14 02:53:11.769] [info] Frame 410 (t = 2.05):	 total squared error = 0.00706858, marker error: RMS = 0.0175308, max = 0.0355326 (STRN)
[2025-11-14 02:53:11.797] [info] Frame 411 (t = 2.055):	 total squared error = 0.00689499, marker error: RMS = 0.0173142, max = 0.0354388 (STRN)
[2025-11-14 02:53:11.822] [info] Frame 412 (t = 2.06):	 total squared error = 0.00671736, marker error: RMS = 0.0170897, max = 0.0354539 (STRN)
[2025-11-14 02:53:11.847] [info] Frame 413 (t = 2.065):	 total squared error = 0.00653803, marker error: RMS = 0.0168601, max = 0.0353384 (STRN)
[2025-11-14 02:53:11.877] [info] Frame 414 (t = 2.07):	 total squared error = 0.00636128, marker error: RMS = 0.0166306, max = 0.0351742 (STRN)
[2025-11-14 02:53:11.909] [info] Frame 415 (t = 2.075):	 total squared error = 0.00619110, marker error: RMS = 0.0164067, max = 0.0350958 (STRN)
[2025-11-14 02:53:11.939] [info] Frame 416 (t = 2.08):	 total squared error = 0.00603010, marker error: RMS = 0.0161919, max = 0.0350640 (STRN)
[2025-11-14 02:53:11.980] [info] Frame 417 (t = 2.085):	 total squared error = 0.00587960, marker error: RMS = 0.0159886, max = 0.0349086 (STRN)
[2025-11-14 02:53:12.005] [info] Frame 418 (t = 2.09):	 total squared error = 0.00574325, marker error: RMS = 0.0158021, max = 0.0349268 (STRN)
[2025-11-14 02:53:12.035] [info] Frame 419 (t = 2.095):	 total squared error = 0.00561962, marker error: RMS = 0.0156311, max = 0.0348099 (STRN)
[2025-11-14 02:53:12.066] [info] Frame 420 (t = 2.1):	 total squared error = 0.00551142, marker error: RMS = 0.0154799, max = 0.0347133 (STRN)
[2025-11-14 02:53:12.086] [info] Frame 421 (t = 2.10500):	 total squared error = 0.00542369, marker error: RMS = 0.0153562, max = 0.0349054 (STRN)
[2025-11-14 02:53:12.120] [info] Frame 422 (t = 2.11):	 total squared error = 0.00534177, marker error: RMS = 0.0152398, max = 0.0345423 (STRN)
[2025-11-14 02:53:12.147] [info] Frame 423 (t = 2.115):	 total squared error = 0.00528026, marker error: RMS = 0.0151518, max = 0.03452 (STRN)
[2025-11-14 02:53:12.170] [info] Frame 424 (t = 2.12):	 total squared error = 0.00523750, marker error: RMS = 0.0150903, max = 0.0346635 (STRN)
[2025-11-14 02:53:12.203] [info] Frame 425 (t = 2.125):	 total squared error = 0.00520072, marker error: RMS = 0.0150372, max = 0.0343105 (STRN)
[2025-11-14 02:53:12.221] [info] Frame 426 (t = 2.13):	 total squared error = 0.00518598, marker error: RMS = 0.0150159, max = 0.0345787 (STRN)
[2025-11-14 02:53:12.252] [info] Frame 427 (t = 2.135):	 total squared error = 0.00517536, marker error: RMS = 0.0150005, max = 0.0342736 (STRN)
[2025-11-14 02:53:12.282] [info] Frame 428 (t = 2.14):	 total squared error = 0.00518054, marker error: RMS = 0.0150080, max = 0.0342784 (STRN)
[2025-11-14 02:53:12.303] [info] Frame 429 (t = 2.145):	 total squared error = 0.00519961, marker error: RMS = 0.0150356, max = 0.0343687 (STRN)
[2025-11-14 02:53:12.335] [info] Frame 430 (t = 2.15):	 total squared error = 0.00522030, marker error: RMS = 0.0150655, max = 0.0342295 (STRN)
[2025-11-14 02:53:12.372] [info] Frame 431 (t = 2.155):	 total squared error = 0.00525115, marker error: RMS = 0.01511, max = 0.0342286 (STRN)
[2025-11-14 02:53:12.404] [info] Frame 432 (t = 2.16):	 total squared error = 0.00528722, marker error: RMS = 0.0151618, max = 0.0342343 (STRN)
[2025-11-14 02:53:12.434] [info] Frame 433 (t = 2.165):	 total squared error = 0.00532523, marker error: RMS = 0.0152162, max = 0.0342129 (STRN)
[2025-11-14 02:53:12.460] [info] Frame 434 (t = 2.17):	 total squared error = 0.00536537, marker error: RMS = 0.0152734, max = 0.0343644 (STRN)
[2025-11-14 02:53:12.496] [info] Frame 435 (t = 2.175):	 total squared error = 0.00540048, marker error: RMS = 0.0153233, max = 0.0342723 (STRN)
[2025-11-14 02:53:12.529] [info] Frame 436 (t = 2.18):	 total squared error = 0.00543274, marker error: RMS = 0.015369, max = 0.0342434 (STRN)
[2025-11-14 02:53:12.547] [info] Frame 437 (t = 2.185):	 total squared error = 0.00546149, marker error: RMS = 0.0154096, max = 0.0344844 (STRN)
[2025-11-14 02:53:12.563] [info] Frame 438 (t = 2.19):	 total squared error = 0.00548742, marker error: RMS = 0.0154461, max = 0.0349043 (STRN)
[2025-11-14 02:53:12.593] [info] Frame 439 (t = 2.195):	 total squared error = 0.00548665, marker error: RMS = 0.0154451, max = 0.0345498 (STRN)
[2025-11-14 02:53:12.617] [info] Frame 440 (t = 2.2):	 total squared error = 0.00548722, marker error: RMS = 0.0154459, max = 0.0347253 (STRN)
[2025-11-14 02:53:12.644] [info] Frame 441 (t = 2.20500):	 total squared error = 0.00547600, marker error: RMS = 0.0154301, max = 0.0348623 (STRN)
[2025-11-14 02:53:12.681] [info] Frame 442 (t = 2.21):	 total squared error = 0.00545388, marker error: RMS = 0.0153989, max = 0.034888 (STRN)
[2025-11-14 02:53:12.705] [info] Frame 443 (t = 2.215):	 total squared error = 0.00542726, marker error: RMS = 0.0153612, max = 0.0350548 (STRN)
[2025-11-14 02:53:12.727] [info] Frame 444 (t = 2.22):	 total squared error = 0.00539540, marker error: RMS = 0.0153161, max = 0.0352121 (STRN)
[2025-11-14 02:53:12.749] [info] Frame 445 (t = 2.225):	 total squared error = 0.00536112, marker error: RMS = 0.0152674, max = 0.0353434 (STRN)
[2025-11-14 02:53:12.780] [info] Frame 446 (t = 2.23):	 total squared error = 0.00532555, marker error: RMS = 0.0152166, max = 0.0353806 (STRN)
[2025-11-14 02:53:12.804] [info] Frame 447 (t = 2.235):	 total squared error = 0.00529837, marker error: RMS = 0.0151777, max = 0.035535 (STRN)
[2025-11-14 02:53:12.830] [info] Frame 448 (t = 2.24):	 total squared error = 0.00527876, marker error: RMS = 0.0151496, max = 0.0356767 (STRN)
[2025-11-14 02:53:12.868] [info] Frame 449 (t = 2.245):	 total squared error = 0.00526749, marker error: RMS = 0.0151335, max = 0.0357742 (STRN)
[2025-11-14 02:53:12.890] [info] Frame 450 (t = 2.25):	 total squared error = 0.00526964, marker error: RMS = 0.0151365, max = 0.0358855 (STRN)
[2025-11-14 02:53:12.918] [info] Frame 451 (t = 2.255):	 total squared error = 0.00528288, marker error: RMS = 0.0151555, max = 0.0359663 (STRN)
[2025-11-14 02:53:12.939] [info] Frame 452 (t = 2.26):	 total squared error = 0.00530570, marker error: RMS = 0.0151882, max = 0.0360246 (STRN)
[2025-11-14 02:53:12.978] [info] Frame 453 (t = 2.265):	 total squared error = 0.00533365, marker error: RMS = 0.0152282, max = 0.0360843 (STRN)
[2025-11-14 02:53:13.002] [info] Frame 454 (t = 2.27):	 total squared error = 0.00536922, marker error: RMS = 0.0152789, max = 0.036131 (STRN)
[2025-11-14 02:53:13.038] [info] Frame 455 (t = 2.275):	 total squared error = 0.00540362, marker error: RMS = 0.0153278, max = 0.0360962 (STRN)
[2025-11-14 02:53:13.055] [info] Frame 456 (t = 2.28):	 total squared error = 0.00543832, marker error: RMS = 0.0153769, max = 0.0360360 (STRN)
[2025-11-14 02:53:13.078] [info] Frame 457 (t = 2.285):	 total squared error = 0.00546309, marker error: RMS = 0.0154119, max = 0.0360071 (STRN)
[2025-11-14 02:53:13.093] [info] Frame 458 (t = 2.29):	 total squared error = 0.00548301, marker error: RMS = 0.0154399, max = 0.0360113 (STRN)
[2025-11-14 02:53:13.124] [info] Frame 459 (t = 2.295):	 total squared error = 0.00548447, marker error: RMS = 0.015442, max = 0.0357411 (STRN)
[2025-11-14 02:53:13.141] [info] Frame 460 (t = 2.3):	 total squared error = 0.00548196, marker error: RMS = 0.0154385, max = 0.0356486 (STRN)
[2025-11-14 02:53:13.154] [info] Frame 461 (t = 2.30500):	 total squared error = 0.00547054, marker error: RMS = 0.0154224, max = 0.0355728 (STRN)
[2025-11-14 02:53:13.177] [info] Frame 462 (t = 2.31):	 total squared error = 0.00544770, marker error: RMS = 0.0153901, max = 0.0351409 (STRN)
[2025-11-14 02:53:13.215] [info] Frame 463 (t = 2.315):	 total squared error = 0.00541672, marker error: RMS = 0.0153463, max = 0.0348725 (STRN)
[2025-11-14 02:53:13.232] [info] Frame 464 (t = 2.32):	 total squared error = 0.00538663, marker error: RMS = 0.0153036, max = 0.0346873 (STRN)
[2025-11-14 02:53:13.254] [info] Frame 465 (t = 2.325):	 total squared error = 0.00535218, marker error: RMS = 0.0152546, max = 0.0344882 (STRN)
[2025-11-14 02:53:13.285] [info] Frame 466 (t = 2.33):	 total squared error = 0.00531260, marker error: RMS = 0.0151981, max = 0.0340865 (STRN)
[2025-11-14 02:53:13.308] [info] Frame 467 (t = 2.335):	 total squared error = 0.00528140, marker error: RMS = 0.0151534, max = 0.0338698 (STRN)
[2025-11-14 02:53:13.343] [info] Frame 468 (t = 2.34):	 total squared error = 0.00525209, marker error: RMS = 0.0151113, max = 0.0335446 (STRN)
[2025-11-14 02:53:13.363] [info] Frame 469 (t = 2.345):	 total squared error = 0.00523736, marker error: RMS = 0.0150901, max = 0.0334179 (STRN)
[2025-11-14 02:53:13.397] [info] Frame 470 (t = 2.35):	 total squared error = 0.00523559, marker error: RMS = 0.0150876, max = 0.0330683 (STRN)
[2025-11-14 02:53:13.425] [info] Frame 471 (t = 2.355):	 total squared error = 0.00526169, marker error: RMS = 0.0151251, max = 0.0328551 (STRN)
[2025-11-14 02:53:13.463] [info] Frame 472 (t = 2.36):	 total squared error = 0.00532187, marker error: RMS = 0.0152114, max = 0.0326926 (STRN)
[2025-11-14 02:53:13.487] [info] Frame 473 (t = 2.365):	 total squared error = 0.00543375, marker error: RMS = 0.0153704, max = 0.0325409 (STRN)
[2025-11-14 02:53:13.514] [info] Frame 474 (t = 2.37):	 total squared error = 0.00561366, marker error: RMS = 0.0156228, max = 0.0324278 (STRN)
[2025-11-14 02:53:13.547] [info] Frame 475 (t = 2.375):	 total squared error = 0.00588114, marker error: RMS = 0.0159907, max = 0.0323802 (STRN)
[2025-11-14 02:53:13.571] [info] Frame 476 (t = 2.38):	 total squared error = 0.00626161, marker error: RMS = 0.0164998, max = 0.0323492 (STRN)
[2025-11-14 02:53:13.605] [info] Frame 477 (t = 2.385):	 total squared error = 0.00677590, marker error: RMS = 0.017164, max = 0.0355477 (LTHOL)
[2025-11-14 02:53:13.631] [info] Frame 478 (t = 2.39):	 total squared error = 0.00744127, marker error: RMS = 0.017987, max = 0.0413171 (LTHOL)
[2025-11-14 02:53:13.654] [info] Frame 479 (t = 2.395):	 total squared error = 0.00826177, marker error: RMS = 0.0189528, max = 0.0474798 (LTHOL)
[2025-11-14 02:53:13.683] [info] Frame 480 (t = 2.4):	 total squared error = 0.00921521, marker error: RMS = 0.0200165, max = 0.0537629 (LTHOL)
[2025-11-14 02:53:13.712] [info] Frame 481 (t = 2.40500):	 total squared error = 0.00551289, marker error: RMS = 0.015482, max = 0.0326027 (STRN)
[2025-11-14 02:53:13.733] [info] Frame 482 (t = 2.41):	 total squared error = 0.00562813, marker error: RMS = 0.0156429, max = 0.0327201 (STRN)
[2025-11-14 02:53:13.766] [info] Frame 483 (t = 2.415):	 total squared error = 0.00573947, marker error: RMS = 0.0157969, max = 0.0329293 (STRN)
[2025-11-14 02:53:13.786] [info] Frame 484 (t = 2.42):	 total squared error = 0.00584684, marker error: RMS = 0.015944, max = 0.0330708 (STRN)
[2025-11-14 02:53:13.821] [info] Frame 485 (t = 2.425):	 total squared error = 0.00594451, marker error: RMS = 0.0160766, max = 0.0332431 (STRN)
[2025-11-14 02:53:13.842] [info] Frame 486 (t = 2.43):	 total squared error = 0.00603122, marker error: RMS = 0.0161934, max = 0.0333254 (STRN)
[2025-11-14 02:53:13.862] [info] Frame 487 (t = 2.435):	 total squared error = 0.00610448, marker error: RMS = 0.0162915, max = 0.0333769 (STRN)
[2025-11-14 02:53:13.882] [info] Frame 488 (t = 2.44):	 total squared error = 0.00615824, marker error: RMS = 0.0163631, max = 0.0335348 (STRN)
[2025-11-14 02:53:13.904] [info] Frame 489 (t = 2.445):	 total squared error = 0.00619497, marker error: RMS = 0.0164118, max = 0.033591 (STRN)
[2025-11-14 02:53:13.939] [info] Frame 490 (t = 2.45):	 total squared error = 0.00621536, marker error: RMS = 0.0164388, max = 0.0336298 (STRN)
[2025-11-14 02:53:13.963] [info] Frame 491 (t = 2.455):	 total squared error = 0.00622441, marker error: RMS = 0.0164507, max = 0.0336199 (STRN)
[2025-11-14 02:53:13.991] [info] Frame 492 (t = 2.46):	 total squared error = 0.00622606, marker error: RMS = 0.0164529, max = 0.0336338 (STRN)
[2025-11-14 02:53:14.030] [info] InverseKinematicsTool completed 492 frames in 16 second(s).
[2025-11-14 02:53:14.090] [info] Loaded model tps_transformed from file ..\..\..\..\models\Athlete_03_MRI_BG\25_03_31\scaled.osim
[2025-11-14 02:53:14.200] [info] Storage: read data file = joint_angles.mot (nr=492 nc=40)
[2025-11-14 02:53:14.292] [info] Loaded model tps_transformed from file ..\..\..\..\models\Athlete_03_MRI_BG\25_03_31\scaled.osim
[2025-11-14 02:53:14.378] [cout] [info] 
               MODEL: tps_transformed
         coordinates: 39
              forces: 97
           actuators: 97
             muscles: 80
            analyses: 0
              probes: 0
              bodies: 22
              joints: 22
         constraints: 2
             markers: 45
         controllers: 0
  contact geometries: 0
misc modelcomponents: 0
[2025-11-14 02:53:14.378] [info] Running tool ...
[2025-11-14 02:53:14.471] [info] Storage: read data file = grf.mot (nr=4930 nc=46)
[2025-11-14 02:53:14.569] [info] ExternalForce::grf_r_2 Data source being set to grf
[2025-11-14 02:53:14.569] [info] ExternalForce::grf_r_5 Data source being set to grf
[2025-11-14 02:53:14.588] [info] Storage: read data file = joint_angles.mot (nr=492 nc=40)
[2025-11-14 02:53:14.603] [info] Low-pass filtering coordinates data with a cutoff frequency of 6.0...
[2025-11-14 02:53:15.564] [info] InverseDynamicsTool: 492 time frames in 698 millisecond(s).
[2025-11-14 02:53:15.654] [info] Loaded model tps_transformed from file ..\..\..\..\models\Athlete_03_MRI_BG\25_03_31\scaled.osim
[2025-11-14 02:53:15.753] [info] Storage: read data file = joint_angles.mot (nr=492 nc=40)
[2025-11-14 02:53:15.805] [info] AbstractTool  loading model ..\..\..\..\models\Athlete_03_MRI_BG\25_03_31\scaled.osim
[2025-11-14 02:53:15.856] [info] Loaded model tps_transformed from file ..\..\..\..\models\Athlete_03_MRI_BG\25_03_31\scaled.osim
[2025-11-14 02:53:16.096] [info] Storage: read data file = grf.mot (nr=4930 nc=46)
[2025-11-14 02:53:16.217] [info] ExternalForce::grf_r_2 Data source being set to grf
[2025-11-14 02:53:16.217] [info] ExternalForce::grf_r_5 Data source being set to grf
[2025-11-14 02:53:16.249] [info] Loading coordinates from file 'joint_angles.mot'.
[2025-11-14 02:53:16.249] [info] Storage: read data file = joint_angles.mot (nr=492 nc=40)
[2025-11-14 02:53:16.266] [info] Low-pass filtering coordinates data with a cutoff frequency of 6.0...
[2025-11-14 02:53:17.131] [info] AssemblySolver::track() attempt Failed: SimTK Exception thrown at Assembler.cpp:973:
  Method Assembler::track() failed because:
Unable to achieve required assembly error tolerance.
Assembly error tolerance achieved: 4.0139789406118825e-09 required: 1e-10.
[2025-11-14 02:53:17.142] [error] Model unable to assemble: AssemblySolver::assemble() Failed: SimTK Exception thrown at Assembler.cpp:897:
  Method Assembler::assemble() failed because:
Unable to achieve required assembly error tolerance.
Assembly error tolerance achieved: 4.0139789423749775e-09 required: 1e-10..Model relaxing constraints and trying again.
[2025-11-14 02:53:18.000] [info] Found 984 state vectors with time stamps ranging from -1.225 to 3.69.
[2025-11-14 02:53:18.001] [info] Executing the analyses from 0.00500000 to 2.46...
[2025-11-14 02:53:18.012] [warning] MuscleAnalysis: coordinate mtp_angle_r is locked and can't be varied.
[2025-11-14 02:53:18.012] [warning] MuscleAnalysis: coordinate mtp_angle_l is locked and can't be varied.
[2025-11-14 02:53:18.012] [warning] MuscleAnalysis: coordinate wrist_flex_r is locked and can't be varied.
[2025-11-14 02:53:18.012] [warning] MuscleAnalysis: coordinate wrist_dev_r is locked and can't be varied.
[2025-11-14 02:53:18.012] [warning] MuscleAnalysis: coordinate wrist_flex_l is locked and can't be varied.
[2025-11-14 02:53:18.012] [warning] MuscleAnalysis: coordinate wrist_dev_l is locked and can't be varied.
