[2025-11-14 06:58:31.308] [info] Loaded model tps_transformed from file ..\..\..\..\models\Athlete_03_MRI_BG\25_03_31\scaled.osim
[2025-11-14 06:58:31.838] [info] Loaded model tps_transformed from file ..\..\..\..\models\Athlete_03_MRI_BG\25_03_31\scaled.osim
[2025-11-14 06:58:32.023] [info] Loaded model tps_transformed from file ..\..\..\..\models\Athlete_03_MRI_BG\25_03_31\scaled.osim
[2025-11-14 06:58:32.106] [cout] [info] 
               MODEL: tps_transformed
         coordinates: 39
              forces: 97
           actuators: 97
             muscles: 80
            analyses: 0
              probes: 0
              bodies: 22
              joints: 22
         constraints: 2
             markers: 45
         controllers: 0
  contact geometries: 0
misc modelcomponents: 0
[2025-11-14 06:58:32.113] [info] Running tool .
[2025-11-14 06:58:32.478] [info] Frame 1 (t = 0.00500000):	 total squared error = 5.09043, marker error: RMS = 0.451239, max = 1.61843 (BR)
[2025-11-14 06:58:32.523] [info] Frame 2 (t = 0.01):	 total squared error = 5.09049, marker error: RMS = 0.451242, max = 1.61846 (BR)
[2025-11-14 06:58:32.550] [info] Frame 3 (t = 0.015):	 total squared error = 5.09056, marker error: RMS = 0.451245, max = 1.61849 (BR)
[2025-11-14 06:58:32.579] [info] Frame 4 (t = 0.02):	 total squared error = 5.09064, marker error: RMS = 0.451249, max = 1.61852 (BR)
[2025-11-14 06:58:32.613] [info] Frame 5 (t = 0.025):	 total squared error = 5.09074, marker error: RMS = 0.451253, max = 1.61855 (BR)
[2025-11-14 06:58:32.647] [info] Frame 6 (t = 0.03):	 total squared error = 5.09086, marker error: RMS = 0.451258, max = 1.61859 (BR)
[2025-11-14 06:58:32.688] [info] Frame 7 (t = 0.035):	 total squared error = 5.09099, marker error: RMS = 0.451264, max = 1.61863 (BR)
[2025-11-14 06:58:32.723] [info] Frame 8 (t = 0.04):	 total squared error = 5.09114, marker error: RMS = 0.451271, max = 1.61867 (BR)
[2025-11-14 06:58:32.758] [info] Frame 9 (t = 0.045):	 total squared error = 5.09131, marker error: RMS = 0.451279, max = 1.61872 (BR)
[2025-11-14 06:58:32.789] [info] Frame 10 (t = 0.05):	 total squared error = 5.0915, marker error: RMS = 0.451287, max = 1.61877 (BR)
[2025-11-14 06:58:32.816] [info] Frame 11 (t = 0.055):	 total squared error = 5.09171, marker error: RMS = 0.451296, max = 1.61883 (BR)
[2025-11-14 06:58:32.845] [info] Frame 12 (t = 0.06):	 total squared error = 5.09193, marker error: RMS = 0.451306, max = 1.61889 (BR)
[2025-11-14 06:58:32.878] [info] Frame 13 (t = 0.065):	 total squared error = 5.09218, marker error: RMS = 0.451317, max = 1.61895 (BR)
[2025-11-14 06:58:32.909] [info] Frame 14 (t = 0.07):	 total squared error = 5.09244, marker error: RMS = 0.451329, max = 1.61901 (BR)
[2025-11-14 06:58:32.940] [info] Frame 15 (t = 0.075):	 total squared error = 5.09272, marker error: RMS = 0.451341, max = 1.61907 (BR)
[2025-11-14 06:58:32.979] [info] Frame 16 (t = 0.08):	 total squared error = 5.093, marker error: RMS = 0.451354, max = 1.61914 (BR)
[2025-11-14 06:58:33.012] [info] Frame 17 (t = 0.085):	 total squared error = 5.0933, marker error: RMS = 0.451367, max = 1.61921 (BR)
[2025-11-14 06:58:33.040] [info] Frame 18 (t = 0.09):	 total squared error = 5.09361, marker error: RMS = 0.45138, max = 1.61927 (BR)
[2025-11-14 06:58:33.065] [info] Frame 19 (t = 0.095):	 total squared error = 5.09392, marker error: RMS = 0.451394, max = 1.61934 (BR)
[2025-11-14 06:58:33.098] [info] Frame 20 (t = 0.1):	 total squared error = 5.09423, marker error: RMS = 0.451408, max = 1.6194 (BR)
[2025-11-14 06:58:33.161] [info] Frame 21 (t = 0.105000):	 total squared error = 5.09454, marker error: RMS = 0.451422, max = 1.61947 (BR)
[2025-11-14 06:58:33.209] [info] Frame 22 (t = 0.11):	 total squared error = 5.09485, marker error: RMS = 0.451436, max = 1.61953 (BR)
[2025-11-14 06:58:33.247] [info] Frame 23 (t = 0.115):	 total squared error = 5.09516, marker error: RMS = 0.451449, max = 1.61959 (BR)
[2025-11-14 06:58:33.292] [info] Frame 24 (t = 0.12):	 total squared error = 5.09547, marker error: RMS = 0.451463, max = 1.61965 (BR)
[2025-11-14 06:58:33.329] [info] Frame 25 (t = 0.125):	 total squared error = 5.09576, marker error: RMS = 0.451476, max = 1.6197 (BR)
[2025-11-14 06:58:33.365] [info] Frame 26 (t = 0.13):	 total squared error = 5.09605, marker error: RMS = 0.451489, max = 1.61976 (BR)
[2025-11-14 06:58:33.407] [info] Frame 27 (t = 0.135):	 total squared error = 5.09633, marker error: RMS = 0.451501, max = 1.61981 (BR)
[2025-11-14 06:58:33.451] [info] Frame 28 (t = 0.14):	 total squared error = 5.0966, marker error: RMS = 0.451513, max = 1.61986 (BR)
[2025-11-14 06:58:33.491] [info] Frame 29 (t = 0.145):	 total squared error = 5.09685, marker error: RMS = 0.451524, max = 1.6199 (BR)
[2025-11-14 06:58:33.533] [info] Frame 30 (t = 0.15):	 total squared error = 5.09708, marker error: RMS = 0.451534, max = 1.61995 (BR)
[2025-11-14 06:58:33.572] [info] Frame 31 (t = 0.155):	 total squared error = 5.09729, marker error: RMS = 0.451543, max = 1.61999 (BR)
[2025-11-14 06:58:33.617] [info] Frame 32 (t = 0.16):	 total squared error = 5.09747, marker error: RMS = 0.451552, max = 1.62002 (BR)
[2025-11-14 06:58:33.648] [info] Frame 33 (t = 0.165):	 total squared error = 5.09763, marker error: RMS = 0.451559, max = 1.62005 (BR)
[2025-11-14 06:58:33.691] [info] Frame 34 (t = 0.17):	 total squared error = 5.09776, marker error: RMS = 0.451565, max = 1.62008 (BR)
[2025-11-14 06:58:33.720] [info] Frame 35 (t = 0.175):	 total squared error = 5.09786, marker error: RMS = 0.451569, max = 1.62010 (BR)
[2025-11-14 06:58:33.759] [info] Frame 36 (t = 0.18):	 total squared error = 5.09792, marker error: RMS = 0.451571, max = 1.62012 (BR)
[2025-11-14 06:58:33.792] [info] Frame 37 (t = 0.185):	 total squared error = 5.09793, marker error: RMS = 0.451572, max = 1.62013 (BR)
[2025-11-14 06:58:33.829] [info] Frame 38 (t = 0.19):	 total squared error = 5.09789, marker error: RMS = 0.45157, max = 1.62014 (BR)
[2025-11-14 06:58:33.867] [info] Frame 39 (t = 0.195):	 total squared error = 5.0978, marker error: RMS = 0.451566, max = 1.62013 (BR)
[2025-11-14 06:58:33.888] [info] Frame 40 (t = 0.2):	 total squared error = 5.09766, marker error: RMS = 0.45156, max = 1.62012 (BR)
[2025-11-14 06:58:33.944] [info] Frame 41 (t = 0.205000):	 total squared error = 5.09744, marker error: RMS = 0.45155, max = 1.62009 (BR)
[2025-11-14 06:58:33.984] [info] Frame 42 (t = 0.21):	 total squared error = 5.09717, marker error: RMS = 0.451538, max = 1.62006 (BR)
[2025-11-14 06:58:34.027] [info] Frame 43 (t = 0.215):	 total squared error = 5.09683, marker error: RMS = 0.451523, max = 1.62001 (BR)
[2025-11-14 06:58:34.081] [info] Frame 44 (t = 0.22):	 total squared error = 5.09642, marker error: RMS = 0.451505, max = 1.61996 (BR)
[2025-11-14 06:58:34.136] [info] Frame 45 (t = 0.225):	 total squared error = 5.09593, marker error: RMS = 0.451483, max = 1.61989 (BR)
[2025-11-14 06:58:34.166] [info] Frame 46 (t = 0.23):	 total squared error = 5.09538, marker error: RMS = 0.451459, max = 1.61981 (BR)
[2025-11-14 06:58:34.196] [info] Frame 47 (t = 0.235):	 total squared error = 5.09475, marker error: RMS = 0.451431, max = 1.61972 (BR)
[2025-11-14 06:58:34.246] [info] Frame 48 (t = 0.24):	 total squared error = 5.09406, marker error: RMS = 0.451401, max = 1.61962 (BR)
[2025-11-14 06:58:34.287] [info] Frame 49 (t = 0.245):	 total squared error = 5.0933, marker error: RMS = 0.451367, max = 1.6195 (BR)
[2025-11-14 06:58:34.318] [info] Frame 50 (t = 0.25):	 total squared error = 5.09248, marker error: RMS = 0.451331, max = 1.61938 (BR)
[2025-11-14 06:58:34.380] [info] Frame 51 (t = 0.255):	 total squared error = 5.0916, marker error: RMS = 0.451291, max = 1.61924 (BR)
[2025-11-14 06:58:34.409] [info] Frame 52 (t = 0.26):	 total squared error = 5.09066, marker error: RMS = 0.45125, max = 1.6191 (BR)
[2025-11-14 06:58:34.437] [info] Frame 53 (t = 0.265):	 total squared error = 5.08968, marker error: RMS = 0.451207, max = 1.61895 (BR)
[2025-11-14 06:58:34.471] [info] Frame 54 (t = 0.27):	 total squared error = 5.08866, marker error: RMS = 0.451161, max = 1.61879 (BR)
[2025-11-14 06:58:34.515] [info] Frame 55 (t = 0.275):	 total squared error = 5.08761, marker error: RMS = 0.451115, max = 1.61863 (BR)
[2025-11-14 06:58:34.538] [info] Frame 56 (t = 0.28):	 total squared error = 5.08654, marker error: RMS = 0.451067, max = 1.61846 (BR)
[2025-11-14 06:58:34.580] [info] Frame 57 (t = 0.285):	 total squared error = 5.08543, marker error: RMS = 0.451018, max = 1.61829 (BR)
[2025-11-14 06:58:34.612] [info] Frame 58 (t = 0.29):	 total squared error = 5.08432, marker error: RMS = 0.450969, max = 1.61812 (BR)
[2025-11-14 06:58:34.644] [info] Frame 59 (t = 0.295):	 total squared error = 5.08321, marker error: RMS = 0.450919, max = 1.61795 (BR)
[2025-11-14 06:58:34.694] [info] Frame 60 (t = 0.3):	 total squared error = 5.08209, marker error: RMS = 0.450870, max = 1.61778 (BR)
[2025-11-14 06:58:34.724] [info] Frame 61 (t = 0.305000):	 total squared error = 5.08098, marker error: RMS = 0.450821, max = 1.61761 (BR)
[2025-11-14 06:58:34.753] [info] Frame 62 (t = 0.31):	 total squared error = 5.0799, marker error: RMS = 0.450773, max = 1.61744 (BR)
[2025-11-14 06:58:34.782] [info] Frame 63 (t = 0.315):	 total squared error = 5.07883, marker error: RMS = 0.450725, max = 1.61728 (BR)
[2025-11-14 06:58:34.811] [info] Frame 64 (t = 0.32):	 total squared error = 5.0778, marker error: RMS = 0.450680, max = 1.61712 (BR)
[2025-11-14 06:58:34.842] [info] Frame 65 (t = 0.325):	 total squared error = 5.07681, marker error: RMS = 0.450636, max = 1.61697 (BR)
[2025-11-14 06:58:34.880] [info] Frame 66 (t = 0.33):	 total squared error = 5.07587, marker error: RMS = 0.450594, max = 1.61683 (BR)
[2025-11-14 06:58:34.930] [info] Frame 67 (t = 0.335):	 total squared error = 5.07498, marker error: RMS = 0.450554, max = 1.6167 (BR)
[2025-11-14 06:58:34.986] [info] Frame 68 (t = 0.34):	 total squared error = 5.07417, marker error: RMS = 0.450518, max = 1.61658 (BR)
[2025-11-14 06:58:35.029] [info] Frame 69 (t = 0.345):	 total squared error = 5.07342, marker error: RMS = 0.450485, max = 1.61647 (BR)
[2025-11-14 06:58:35.083] [info] Frame 70 (t = 0.35):	 total squared error = 5.07276, marker error: RMS = 0.450456, max = 1.61637 (BR)
[2025-11-14 06:58:35.131] [info] Frame 71 (t = 0.355):	 total squared error = 5.07218, marker error: RMS = 0.450430, max = 1.61629 (BR)
[2025-11-14 06:58:35.167] [info] Frame 72 (t = 0.36):	 total squared error = 5.0717, marker error: RMS = 0.450409, max = 1.61622 (BR)
[2025-11-14 06:58:35.210] [info] Frame 73 (t = 0.365):	 total squared error = 5.07131, marker error: RMS = 0.450391, max = 1.61616 (BR)
[2025-11-14 06:58:35.246] [info] Frame 74 (t = 0.37):	 total squared error = 5.07102, marker error: RMS = 0.450378, max = 1.61613 (BR)
[2025-11-14 06:58:35.295] [info] Frame 75 (t = 0.375):	 total squared error = 5.07082, marker error: RMS = 0.450370, max = 1.6161 (BR)
[2025-11-14 06:58:35.337] [info] Frame 76 (t = 0.38):	 total squared error = 5.07072, marker error: RMS = 0.450365, max = 1.61609 (BR)
[2025-11-14 06:58:35.391] [info] Frame 77 (t = 0.385):	 total squared error = 5.07072, marker error: RMS = 0.450365, max = 1.6161 (BR)
[2025-11-14 06:58:35.419] [info] Frame 78 (t = 0.39):	 total squared error = 5.07080, marker error: RMS = 0.450369, max = 1.61612 (BR)
[2025-11-14 06:58:35.468] [info] Frame 79 (t = 0.395):	 total squared error = 5.07096, marker error: RMS = 0.450376, max = 1.61615 (BR)
[2025-11-14 06:58:35.507] [info] Frame 80 (t = 0.4):	 total squared error = 5.07119, marker error: RMS = 0.450386, max = 1.6162 (BR)
[2025-11-14 06:58:35.532] [info] Frame 81 (t = 0.405000):	 total squared error = 5.07149, marker error: RMS = 0.450399, max = 1.61625 (BR)
[2025-11-14 06:58:35.565] [info] Frame 82 (t = 0.41):	 total squared error = 5.07184, marker error: RMS = 0.450415, max = 1.61631 (BR)
[2025-11-14 06:58:35.612] [info] Frame 83 (t = 0.415):	 total squared error = 5.07224, marker error: RMS = 0.450433, max = 1.61639 (BR)
[2025-11-14 06:58:35.641] [info] Frame 84 (t = 0.42):	 total squared error = 5.07267, marker error: RMS = 0.450452, max = 1.61646 (BR)
[2025-11-14 06:58:35.673] [info] Frame 85 (t = 0.425):	 total squared error = 5.07312, marker error: RMS = 0.450472, max = 1.61654 (BR)
[2025-11-14 06:58:35.705] [info] Frame 86 (t = 0.43):	 total squared error = 5.07358, marker error: RMS = 0.450492, max = 1.61663 (BR)
[2025-11-14 06:58:35.746] [info] Frame 87 (t = 0.435):	 total squared error = 5.07404, marker error: RMS = 0.450513, max = 1.61671 (BR)
[2025-11-14 06:58:35.784] [info] Frame 88 (t = 0.44):	 total squared error = 5.07449, marker error: RMS = 0.450532, max = 1.61679 (BR)
[2025-11-14 06:58:35.822] [info] Frame 89 (t = 0.445):	 total squared error = 5.0749, marker error: RMS = 0.450551, max = 1.61686 (BR)
[2025-11-14 06:58:35.853] [info] Frame 90 (t = 0.45):	 total squared error = 5.07529, marker error: RMS = 0.450568, max = 1.61693 (BR)
[2025-11-14 06:58:35.903] [info] Frame 91 (t = 0.455):	 total squared error = 5.07562, marker error: RMS = 0.450583, max = 1.617 (BR)
[2025-11-14 06:58:35.953] [info] Frame 92 (t = 0.46):	 total squared error = 5.07591, marker error: RMS = 0.450596, max = 1.61705 (BR)
[2025-11-14 06:58:36.006] [info] Frame 93 (t = 0.465):	 total squared error = 5.07613, marker error: RMS = 0.450605, max = 1.61709 (BR)
[2025-11-14 06:58:36.058] [info] Frame 94 (t = 0.47):	 total squared error = 5.07629, marker error: RMS = 0.450612, max = 1.61713 (BR)
[2025-11-14 06:58:36.109] [info] Frame 95 (t = 0.475):	 total squared error = 5.07637, marker error: RMS = 0.450616, max = 1.61715 (BR)
[2025-11-14 06:58:36.162] [info] Frame 96 (t = 0.48):	 total squared error = 5.07638, marker error: RMS = 0.450617, max = 1.61716 (BR)
[2025-11-14 06:58:36.214] [info] Frame 97 (t = 0.485):	 total squared error = 5.07632, marker error: RMS = 0.450614, max = 1.61716 (BR)
[2025-11-14 06:58:36.262] [info] Frame 98 (t = 0.49):	 total squared error = 5.07618, marker error: RMS = 0.450608, max = 1.61715 (BR)
[2025-11-14 06:58:36.313] [info] Frame 99 (t = 0.495):	 total squared error = 5.07597, marker error: RMS = 0.450598, max = 1.61713 (BR)
[2025-11-14 06:58:36.360] [info] Frame 100 (t = 0.5):	 total squared error = 5.07568, marker error: RMS = 0.450585, max = 1.61709 (BR)
[2025-11-14 06:58:36.401] [info] Frame 101 (t = 0.505000):	 total squared error = 5.07533, marker error: RMS = 0.450570, max = 1.61705 (BR)
[2025-11-14 06:58:36.449] [info] Frame 102 (t = 0.51):	 total squared error = 5.07491, marker error: RMS = 0.450551, max = 1.617 (BR)
[2025-11-14 06:58:36.490] [info] Frame 103 (t = 0.515):	 total squared error = 5.07443, marker error: RMS = 0.450530, max = 1.61694 (BR)
[2025-11-14 06:58:36.544] [info] Frame 104 (t = 0.52):	 total squared error = 5.07391, marker error: RMS = 0.450507, max = 1.61688 (BR)
[2025-11-14 06:58:36.572] [info] Frame 105 (t = 0.525):	 total squared error = 5.07334, marker error: RMS = 0.450481, max = 1.61681 (BR)
[2025-11-14 06:58:36.616] [info] Frame 106 (t = 0.53):	 total squared error = 5.07273, marker error: RMS = 0.450454, max = 1.61673 (BR)
[2025-11-14 06:58:36.660] [info] Frame 107 (t = 0.535):	 total squared error = 5.07209, marker error: RMS = 0.450426, max = 1.61665 (BR)
[2025-11-14 06:58:36.689] [info] Frame 108 (t = 0.54):	 total squared error = 5.07144, marker error: RMS = 0.450397, max = 1.61657 (BR)
[2025-11-14 06:58:36.727] [info] Frame 109 (t = 0.545):	 total squared error = 5.07077, marker error: RMS = 0.450367, max = 1.61649 (BR)
[2025-11-14 06:58:36.764] [info] Frame 110 (t = 0.55):	 total squared error = 5.07009, marker error: RMS = 0.450337, max = 1.61641 (BR)
[2025-11-14 06:58:36.808] [info] Frame 111 (t = 0.555):	 total squared error = 5.06942, marker error: RMS = 0.450307, max = 1.61633 (BR)
[2025-11-14 06:58:36.844] [info] Frame 112 (t = 0.56):	 total squared error = 5.06875, marker error: RMS = 0.450278, max = 1.61625 (BR)
[2025-11-14 06:58:36.872] [info] Frame 113 (t = 0.565):	 total squared error = 5.06811, marker error: RMS = 0.450249, max = 1.61617 (BR)
[2025-11-14 06:58:36.909] [info] Frame 114 (t = 0.57):	 total squared error = 5.06748, marker error: RMS = 0.450221, max = 1.6161 (BR)
[2025-11-14 06:58:36.939] [info] Frame 115 (t = 0.575):	 total squared error = 5.06688, marker error: RMS = 0.450195, max = 1.61603 (BR)
[2025-11-14 06:58:36.966] [info] Frame 116 (t = 0.58):	 total squared error = 5.06631, marker error: RMS = 0.450169, max = 1.61597 (BR)
[2025-11-14 06:58:36.987] [info] Frame 117 (t = 0.585):	 total squared error = 5.06576, marker error: RMS = 0.450145, max = 1.61592 (BR)
[2025-11-14 06:58:37.019] [info] Frame 118 (t = 0.59):	 total squared error = 5.06525, marker error: RMS = 0.450122, max = 1.61587 (BR)
[2025-11-14 06:58:37.040] [info] Frame 119 (t = 0.595):	 total squared error = 5.06478, marker error: RMS = 0.450101, max = 1.61582 (BR)
[2025-11-14 06:58:37.059] [info] Frame 120 (t = 0.6):	 total squared error = 5.06433, marker error: RMS = 0.450081, max = 1.61578 (BR)
[2025-11-14 06:58:37.081] [info] Frame 121 (t = 0.605000):	 total squared error = 5.06391, marker error: RMS = 0.450063, max = 1.61575 (BR)
[2025-11-14 06:58:37.108] [info] Frame 122 (t = 0.61):	 total squared error = 5.06352, marker error: RMS = 0.450046, max = 1.61572 (BR)
[2025-11-14 06:58:37.129] [info] Frame 123 (t = 0.615):	 total squared error = 5.06316, marker error: RMS = 0.450029, max = 1.6157 (BR)
[2025-11-14 06:58:37.157] [info] Frame 124 (t = 0.62):	 total squared error = 5.06281, marker error: RMS = 0.450014, max = 1.61567 (BR)
[2025-11-14 06:58:37.178] [info] Frame 125 (t = 0.625):	 total squared error = 5.06247, marker error: RMS = 0.449999, max = 1.61565 (BR)
[2025-11-14 06:58:37.199] [info] Frame 126 (t = 0.63):	 total squared error = 5.06214, marker error: RMS = 0.449984, max = 1.61564 (BR)
[2025-11-14 06:58:37.222] [info] Frame 127 (t = 0.635):	 total squared error = 5.0618, marker error: RMS = 0.449969, max = 1.61562 (BR)
[2025-11-14 06:58:37.244] [info] Frame 128 (t = 0.64):	 total squared error = 5.06146, marker error: RMS = 0.449954, max = 1.6156 (BR)
[2025-11-14 06:58:37.263] [info] Frame 129 (t = 0.645):	 total squared error = 5.06109, marker error: RMS = 0.449937, max = 1.61558 (BR)
[2025-11-14 06:58:37.286] [info] Frame 130 (t = 0.65):	 total squared error = 5.06069, marker error: RMS = 0.449919, max = 1.61556 (BR)
[2025-11-14 06:58:37.310] [info] Frame 131 (t = 0.655):	 total squared error = 5.06024, marker error: RMS = 0.449899, max = 1.61553 (BR)
[2025-11-14 06:58:37.332] [info] Frame 132 (t = 0.66):	 total squared error = 5.05972, marker error: RMS = 0.449877, max = 1.61549 (BR)
[2025-11-14 06:58:37.354] [info] Frame 133 (t = 0.665):	 total squared error = 5.05913, marker error: RMS = 0.44985, max = 1.61544 (BR)
[2025-11-14 06:58:37.379] [info] Frame 134 (t = 0.67):	 total squared error = 5.05845, marker error: RMS = 0.44982, max = 1.61537 (BR)
[2025-11-14 06:58:37.399] [info] Frame 135 (t = 0.675):	 total squared error = 5.05766, marker error: RMS = 0.449785, max = 1.61529 (BR)
[2025-11-14 06:58:37.434] [info] Frame 136 (t = 0.68):	 total squared error = 5.05674, marker error: RMS = 0.449744, max = 1.61519 (BR)
[2025-11-14 06:58:37.457] [info] Frame 137 (t = 0.685):	 total squared error = 5.0557, marker error: RMS = 0.449697, max = 1.61507 (BR)
[2025-11-14 06:58:37.484] [info] Frame 138 (t = 0.69):	 total squared error = 5.05449, marker error: RMS = 0.449644, max = 1.61493 (BR)
[2025-11-14 06:58:37.504] [info] Frame 139 (t = 0.695):	 total squared error = 5.05313, marker error: RMS = 0.449584, max = 1.61476 (BR)
[2025-11-14 06:58:37.527] [info] Frame 140 (t = 0.7):	 total squared error = 5.0516, marker error: RMS = 0.449515, max = 1.61455 (BR)
[2025-11-14 06:58:37.549] [info] Frame 141 (t = 0.705000):	 total squared error = 5.0499, marker error: RMS = 0.44944, max = 1.61431 (BR)
[2025-11-14 06:58:37.572] [info] Frame 142 (t = 0.71):	 total squared error = 5.04801, marker error: RMS = 0.449356, max = 1.61403 (BR)
[2025-11-14 06:58:37.594] [info] Frame 143 (t = 0.715):	 total squared error = 5.04595, marker error: RMS = 0.449264, max = 1.61371 (BR)
[2025-11-14 06:58:37.614] [info] Frame 144 (t = 0.72):	 total squared error = 5.04373, marker error: RMS = 0.449165, max = 1.61334 (BR)
[2025-11-14 06:58:37.633] [info] Frame 145 (t = 0.725):	 total squared error = 5.04135, marker error: RMS = 0.449059, max = 1.61292 (BR)
[2025-11-14 06:58:37.662] [info] Frame 146 (t = 0.73):	 total squared error = 5.03882, marker error: RMS = 0.448946, max = 1.61245 (BR)
[2025-11-14 06:58:37.687] [info] Frame 147 (t = 0.735):	 total squared error = 5.03619, marker error: RMS = 0.448829, max = 1.61192 (BR)
[2025-11-14 06:58:37.709] [info] Frame 148 (t = 0.74):	 total squared error = 5.03347, marker error: RMS = 0.448708, max = 1.61133 (BR)
[2025-11-14 06:58:37.742] [info] Frame 149 (t = 0.745):	 total squared error = 5.03069, marker error: RMS = 0.448584, max = 1.61068 (BR)
[2025-11-14 06:58:37.766] [info] Frame 150 (t = 0.75):	 total squared error = 5.02786, marker error: RMS = 0.448458, max = 1.60996 (BR)
[2025-11-14 06:58:37.794] [info] Frame 151 (t = 0.755):	 total squared error = 5.02499, marker error: RMS = 0.44833, max = 1.60919 (BR)
[2025-11-14 06:58:37.823] [info] Frame 152 (t = 0.76):	 total squared error = 5.02209, marker error: RMS = 0.4482, max = 1.60835 (BR)
[2025-11-14 06:58:37.845] [info] Frame 153 (t = 0.765):	 total squared error = 5.01911, marker error: RMS = 0.448068, max = 1.60744 (BR)
[2025-11-14 06:58:37.866] [info] Frame 154 (t = 0.77):	 total squared error = 5.01601, marker error: RMS = 0.447929, max = 1.60647 (BR)
[2025-11-14 06:58:37.891] [info] Frame 155 (t = 0.775):	 total squared error = 2.58481, marker error: RMS = 0.321547, max = 1.60544 (BR)
[2025-11-14 06:58:37.909] [info] Frame 156 (t = 0.78):	 total squared error = 2.58134, marker error: RMS = 0.321331, max = 1.60435 (BR)
[2025-11-14 06:58:37.956] [info] Frame 157 (t = 0.785):	 total squared error = 2.57764, marker error: RMS = 0.3211, max = 1.60319 (BR)
[2025-11-14 06:58:37.981] [info] Frame 158 (t = 0.79):	 total squared error = 2.57376, marker error: RMS = 0.320859, max = 1.60197 (BR)
[2025-11-14 06:58:38.026] [info] Frame 159 (t = 0.795):	 total squared error = 2.56969, marker error: RMS = 0.320605, max = 1.60069 (BR)
[2025-11-14 06:58:38.052] [info] Frame 160 (t = 0.8):	 total squared error = 2.56543, marker error: RMS = 0.320339, max = 1.59935 (BR)
[2025-11-14 06:58:38.085] [info] Frame 161 (t = 0.805000):	 total squared error = 2.56099, marker error: RMS = 0.320062, max = 1.59795 (BR)
[2025-11-14 06:58:38.128] [info] Frame 162 (t = 0.81):	 total squared error = 2.55638, marker error: RMS = 0.319774, max = 1.5965 (BR)
[2025-11-14 06:58:38.174] [info] Frame 163 (t = 0.815):	 total squared error = 2.55161, marker error: RMS = 0.319475, max = 1.595 (BR)
[2025-11-14 06:58:38.197] [info] Frame 164 (t = 0.82):	 total squared error = 2.54668, marker error: RMS = 0.319166, max = 1.59344 (BR)
[2025-11-14 06:58:38.226] [info] Frame 165 (t = 0.825):	 total squared error = 2.54159, marker error: RMS = 0.318847, max = 1.59184 (BR)
[2025-11-14 06:58:38.256] [info] Frame 166 (t = 0.83):	 total squared error = 2.53637, marker error: RMS = 0.31852, max = 1.59019 (BR)
[2025-11-14 06:58:38.278] [info] Frame 167 (t = 0.835):	 total squared error = 2.53102, marker error: RMS = 0.318183, max = 1.5885 (BR)
[2025-11-14 06:58:38.303] [info] Frame 168 (t = 0.84):	 total squared error = 2.52554, marker error: RMS = 0.317839, max = 1.58676 (BR)
[2025-11-14 06:58:38.336] [info] Frame 169 (t = 0.845):	 total squared error = 2.51996, marker error: RMS = 0.317487, max = 1.58499 (BR)
[2025-11-14 06:58:38.360] [info] Frame 170 (t = 0.85):	 total squared error = 2.51427, marker error: RMS = 0.317129, max = 1.58319 (BR)
[2025-11-14 06:58:38.391] [info] Frame 171 (t = 0.855):	 total squared error = 2.50849, marker error: RMS = 0.316764, max = 1.58136 (BR)
[2025-11-14 06:58:38.410] [info] Frame 172 (t = 0.86):	 total squared error = 2.50262, marker error: RMS = 0.316394, max = 1.57949 (BR)
[2025-11-14 06:58:38.433] [info] Frame 173 (t = 0.865):	 total squared error = 2.49668, marker error: RMS = 0.316018, max = 1.5776 (BR)
[2025-11-14 06:58:38.463] [info] Frame 174 (t = 0.87):	 total squared error = 2.49067, marker error: RMS = 0.315637, max = 1.57569 (BR)
[2025-11-14 06:58:38.501] [info] Frame 175 (t = 0.875):	 total squared error = 2.48459, marker error: RMS = 0.315252, max = 1.57376 (BR)
[2025-11-14 06:58:38.525] [info] Frame 176 (t = 0.88):	 total squared error = 2.47846, marker error: RMS = 0.314863, max = 1.5718 (BR)
[2025-11-14 06:58:38.549] [info] Frame 177 (t = 0.885):	 total squared error = 2.47228, marker error: RMS = 0.31447, max = 1.56983 (BR)
[2025-11-14 06:58:38.590] [info] Frame 178 (t = 0.89):	 total squared error = 2.46605, marker error: RMS = 0.314074, max = 1.56784 (BR)
[2025-11-14 06:58:38.622] [info] Frame 179 (t = 0.895):	 total squared error = 2.45979, marker error: RMS = 0.313674, max = 1.56584 (BR)
[2025-11-14 06:58:38.651] [info] Frame 180 (t = 0.9):	 total squared error = 4.71463, marker error: RMS = 0.434264, max = 1.56382 (BR)
[2025-11-14 06:58:38.685] [info] Frame 181 (t = 0.905000):	 total squared error = 4.70463, marker error: RMS = 0.433803, max = 1.56179 (BR)
[2025-11-14 06:58:38.723] [info] Frame 182 (t = 0.91):	 total squared error = 4.69403, marker error: RMS = 0.433314, max = 1.55975 (BR)
[2025-11-14 06:58:38.744] [info] Frame 183 (t = 0.915):	 total squared error = 4.68286, marker error: RMS = 0.432798, max = 1.55769 (BR)
[2025-11-14 06:58:38.774] [info] Frame 184 (t = 0.92):	 total squared error = 4.67116, marker error: RMS = 0.432257, max = 1.55563 (BR)
[2025-11-14 06:58:38.795] [info] Frame 185 (t = 0.925):	 total squared error = 4.65899, marker error: RMS = 0.431694, max = 1.55354 (BR)
[2025-11-14 06:58:38.824] [info] Frame 186 (t = 0.93):	 total squared error = 4.6464, marker error: RMS = 0.43111, max = 1.55145 (BR)
[2025-11-14 06:58:38.840] [info] Frame 187 (t = 0.935):	 total squared error = 4.63345, marker error: RMS = 0.430509, max = 1.54934 (BR)
[2025-11-14 06:58:38.859] [info] Frame 188 (t = 0.94):	 total squared error = 4.62020, marker error: RMS = 0.429893, max = 1.54721 (BR)
[2025-11-14 06:58:38.875] [info] Frame 189 (t = 0.945):	 total squared error = 4.60670, marker error: RMS = 0.429264, max = 1.54507 (BR)
[2025-11-14 06:58:38.900] [info] Frame 190 (t = 0.95):	 total squared error = 4.59299, marker error: RMS = 0.428625, max = 1.5429 (BR)
[2025-11-14 06:58:38.926] [info] Frame 191 (t = 0.955):	 total squared error = 4.57913, marker error: RMS = 0.427978, max = 1.54073 (BR)
[2025-11-14 06:58:38.946] [info] Frame 192 (t = 0.96):	 total squared error = 4.56515, marker error: RMS = 0.427324, max = 1.53853 (BR)
[2025-11-14 06:58:38.959] [info] Frame 193 (t = 0.965):	 total squared error = 4.55108, marker error: RMS = 0.426665, max = 1.53631 (BR)
[2025-11-14 06:58:38.975] [info] Frame 194 (t = 0.97):	 total squared error = 4.53691, marker error: RMS = 0.426001, max = 1.53407 (BR)
[2025-11-14 06:58:38.999] [info] Frame 195 (t = 0.975):	 total squared error = 4.52269, marker error: RMS = 0.425332, max = 1.53181 (BR)
[2025-11-14 06:58:39.020] [info] Frame 196 (t = 0.98):	 total squared error = 4.50842, marker error: RMS = 0.424661, max = 1.52953 (BR)
[2025-11-14 06:58:39.044] [info] Frame 197 (t = 0.985):	 total squared error = 4.4941, marker error: RMS = 0.423986, max = 1.52724 (BR)
[2025-11-14 06:58:39.063] [info] Frame 198 (t = 0.99):	 total squared error = 4.47974, marker error: RMS = 0.423308, max = 1.52492 (BR)
[2025-11-14 06:58:39.085] [info] Frame 199 (t = 0.995):	 total squared error = 4.46535, marker error: RMS = 0.422628, max = 1.52259 (BR)
[2025-11-14 06:58:39.105] [info] Frame 200 (t = 1.0):	 total squared error = 4.45093, marker error: RMS = 0.421945, max = 1.52023 (BR)
[2025-11-14 06:58:39.126] [info] Frame 201 (t = 1.00500):	 total squared error = 4.43649, marker error: RMS = 0.421259, max = 1.51787 (BR)
[2025-11-14 06:58:39.144] [info] Frame 202 (t = 1.01):	 total squared error = 4.42202, marker error: RMS = 0.420572, max = 1.51548 (BR)
[2025-11-14 06:58:39.167] [info] Frame 203 (t = 1.015):	 total squared error = 4.40752, marker error: RMS = 0.419882, max = 1.51309 (BR)
[2025-11-14 06:58:39.194] [info] Frame 204 (t = 1.02):	 total squared error = 4.39301, marker error: RMS = 0.41919, max = 1.51068 (BR)
[2025-11-14 06:58:39.213] [info] Frame 205 (t = 1.025):	 total squared error = 4.3785, marker error: RMS = 0.418497, max = 1.50827 (BR)
[2025-11-14 06:58:39.230] [info] Frame 206 (t = 1.03):	 total squared error = 4.36398, marker error: RMS = 0.417803, max = 1.50584 (BR)
[2025-11-14 06:58:39.262] [info] Frame 207 (t = 1.035):	 total squared error = 4.34946, marker error: RMS = 0.417107, max = 1.50341 (BR)
[2025-11-14 06:58:39.290] [info] Frame 208 (t = 1.04):	 total squared error = 4.33495, marker error: RMS = 0.416411, max = 1.50098 (BR)
[2025-11-14 06:58:39.308] [info] Frame 209 (t = 1.045):	 total squared error = 4.32046, marker error: RMS = 0.415714, max = 1.49854 (BR)
[2025-11-14 06:58:39.333] [info] Frame 210 (t = 1.05):	 total squared error = 4.30598, marker error: RMS = 0.415017, max = 1.4961 (BR)
[2025-11-14 06:58:39.360] [info] Frame 211 (t = 1.055):	 total squared error = 4.29153, marker error: RMS = 0.41432, max = 1.49365 (BR)
[2025-11-14 06:58:39.374] [info] Frame 212 (t = 1.06):	 total squared error = 4.27712, marker error: RMS = 0.413624, max = 1.49121 (BR)
[2025-11-14 06:58:39.397] [info] Frame 213 (t = 1.065):	 total squared error = 4.26273, marker error: RMS = 0.412927, max = 1.48877 (BR)
[2025-11-14 06:58:39.425] [info] Frame 214 (t = 1.07):	 total squared error = 4.24837, marker error: RMS = 0.412232, max = 1.48633 (BR)
[2025-11-14 06:58:39.443] [info] Frame 215 (t = 1.075):	 total squared error = 4.23406, marker error: RMS = 0.411536, max = 1.48389 (BR)
[2025-11-14 06:58:39.468] [info] Frame 216 (t = 1.08):	 total squared error = 4.21978, marker error: RMS = 0.410842, max = 1.48146 (BR)
[2025-11-14 06:58:39.489] [info] Frame 217 (t = 1.085):	 total squared error = 4.20554, marker error: RMS = 0.410148, max = 1.47903 (BR)
[2025-11-14 06:58:39.517] [info] Frame 218 (t = 1.09):	 total squared error = 4.19134, marker error: RMS = 0.409455, max = 1.4766 (BR)
[2025-11-14 06:58:39.543] [info] Frame 219 (t = 1.095):	 total squared error = 4.17719, marker error: RMS = 0.408764, max = 1.47417 (BR)
[2025-11-14 06:58:39.566] [info] Frame 220 (t = 1.1):	 total squared error = 4.16309, marker error: RMS = 0.408073, max = 1.47175 (BR)
[2025-11-14 06:58:39.591] [info] Frame 221 (t = 1.10500):	 total squared error = 4.14903, marker error: RMS = 0.407383, max = 1.46934 (BR)
[2025-11-14 06:58:39.616] [info] Frame 222 (t = 1.11):	 total squared error = 4.13503, marker error: RMS = 0.406695, max = 1.46693 (BR)
[2025-11-14 06:58:39.647] [info] Frame 223 (t = 1.115):	 total squared error = 4.12108, marker error: RMS = 0.406009, max = 1.46453 (BR)
[2025-11-14 06:58:39.671] [info] Frame 224 (t = 1.12):	 total squared error = 4.10720, marker error: RMS = 0.405324, max = 1.46214 (BR)
[2025-11-14 06:58:39.694] [info] Frame 225 (t = 1.125):	 total squared error = 4.09338, marker error: RMS = 0.404642, max = 1.45976 (BR)
[2025-11-14 06:58:39.717] [info] Frame 226 (t = 1.13):	 total squared error = 4.07964, marker error: RMS = 0.403962, max = 1.45739 (BR)
[2025-11-14 06:58:39.736] [info] Frame 227 (t = 1.135):	 total squared error = 4.06598, marker error: RMS = 0.403286, max = 1.45503 (BR)
[2025-11-14 06:58:39.758] [info] Frame 228 (t = 1.14):	 total squared error = 4.05241, marker error: RMS = 0.402612, max = 1.45268 (BR)
[2025-11-14 06:58:39.783] [info] Frame 229 (t = 1.145):	 total squared error = 4.03893, marker error: RMS = 0.401942, max = 1.45035 (BR)
[2025-11-14 06:58:39.810] [info] Frame 230 (t = 1.15):	 total squared error = 4.02556, marker error: RMS = 0.401276, max = 1.44803 (BR)
[2025-11-14 06:58:39.828] [info] Frame 231 (t = 1.155):	 total squared error = 4.01229, marker error: RMS = 0.400614, max = 1.44573 (BR)
[2025-11-14 06:58:39.853] [info] Frame 232 (t = 1.16):	 total squared error = 3.99913, marker error: RMS = 0.399956, max = 1.44345 (BR)
[2025-11-14 06:58:39.880] [info] Frame 233 (t = 1.165):	 total squared error = 3.98608, marker error: RMS = 0.399303, max = 1.44118 (BR)
[2025-11-14 06:58:39.904] [info] Frame 234 (t = 1.17):	 total squared error = 3.97313, marker error: RMS = 0.398654, max = 1.43893 (BR)
[2025-11-14 06:58:39.929] [info] Frame 235 (t = 1.175):	 total squared error = 3.96030, marker error: RMS = 0.398010, max = 1.4367 (BR)
[2025-11-14 06:58:39.954] [info] Frame 236 (t = 1.18):	 total squared error = 3.94757, marker error: RMS = 0.39737, max = 1.43448 (BR)
[2025-11-14 06:58:39.975] [info] Frame 237 (t = 1.185):	 total squared error = 3.93495, marker error: RMS = 0.396734, max = 1.43228 (BR)
[2025-11-14 06:58:39.995] [info] Frame 238 (t = 1.19):	 total squared error = 3.92241, marker error: RMS = 0.396101, max = 1.43009 (BR)
[2025-11-14 06:58:40.018] [info] Frame 239 (t = 1.195):	 total squared error = 3.90995, marker error: RMS = 0.395472, max = 1.42791 (BR)
[2025-11-14 06:58:40.038] [info] Frame 240 (t = 1.2):	 total squared error = 3.89758, marker error: RMS = 0.394846, max = 1.42574 (BR)
[2025-11-14 06:58:40.059] [info] Frame 241 (t = 1.20500):	 total squared error = 3.88526, marker error: RMS = 0.394221, max = 1.42358 (BR)
[2025-11-14 06:58:40.075] [info] Frame 242 (t = 1.21):	 total squared error = 3.87301, marker error: RMS = 0.393599, max = 1.42143 (BR)
[2025-11-14 06:58:40.096] [info] Frame 243 (t = 1.215):	 total squared error = 3.86081, marker error: RMS = 0.392979, max = 1.41928 (BR)
[2025-11-14 06:58:40.118] [info] Frame 244 (t = 1.22):	 total squared error = 3.84865, marker error: RMS = 0.392359, max = 1.41714 (BR)
[2025-11-14 06:58:40.144] [info] Frame 245 (t = 1.225):	 total squared error = 3.83653, marker error: RMS = 0.391741, max = 1.415 (BR)
[2025-11-14 06:58:40.164] [info] Frame 246 (t = 1.23):	 total squared error = 3.82444, marker error: RMS = 0.391124, max = 1.41286 (BR)
[2025-11-14 06:58:40.191] [info] Frame 247 (t = 1.235):	 total squared error = 3.81239, marker error: RMS = 0.390507, max = 1.41073 (BR)
[2025-11-14 06:58:40.215] [info] Frame 248 (t = 1.24):	 total squared error = 3.80036, marker error: RMS = 0.38989, max = 1.40859 (BR)
[2025-11-14 06:58:40.242] [info] Frame 249 (t = 1.245):	 total squared error = 3.78837, marker error: RMS = 0.389275, max = 1.40646 (BR)
[2025-11-14 06:58:40.266] [info] Frame 250 (t = 1.25):	 total squared error = 3.77641, marker error: RMS = 0.38866, max = 1.40433 (BR)
[2025-11-14 06:58:40.297] [info] Frame 251 (t = 1.255):	 total squared error = 3.76448, marker error: RMS = 0.388045, max = 1.40220 (BR)
[2025-11-14 06:58:40.324] [info] Frame 252 (t = 1.26):	 total squared error = 3.75259, marker error: RMS = 0.387432, max = 1.40008 (BR)
[2025-11-14 06:58:40.346] [info] Frame 253 (t = 1.265):	 total squared error = 3.74072, marker error: RMS = 0.386819, max = 1.39795 (BR)
[2025-11-14 06:58:40.364] [info] Frame 254 (t = 1.27):	 total squared error = 3.7289, marker error: RMS = 0.386207, max = 1.39583 (BR)
[2025-11-14 06:58:40.393] [info] Frame 255 (t = 1.275):	 total squared error = 3.71711, marker error: RMS = 0.385596, max = 1.39371 (BR)
[2025-11-14 06:58:40.414] [info] Frame 256 (t = 1.28):	 total squared error = 3.70535, marker error: RMS = 0.384986, max = 1.39159 (BR)
[2025-11-14 06:58:40.437] [info] Frame 257 (t = 1.285):	 total squared error = 3.69362, marker error: RMS = 0.384376, max = 1.38947 (BR)
[2025-11-14 06:58:40.461] [info] Frame 258 (t = 1.29):	 total squared error = 3.68192, marker error: RMS = 0.383767, max = 1.38735 (BR)
[2025-11-14 06:58:40.485] [info] Frame 259 (t = 1.295):	 total squared error = 3.67025, marker error: RMS = 0.383158, max = 1.38523 (BR)
[2025-11-14 06:58:40.518] [info] Frame 260 (t = 1.3):	 total squared error = 3.65858, marker error: RMS = 0.382549, max = 1.38311 (BR)
[2025-11-14 06:58:40.540] [info] Frame 261 (t = 1.30500):	 total squared error = 3.64694, marker error: RMS = 0.381939, max = 1.38098 (BR)
[2025-11-14 06:58:40.566] [info] Frame 262 (t = 1.31):	 total squared error = 3.63531, marker error: RMS = 0.38133, max = 1.37885 (BR)
[2025-11-14 06:58:40.591] [info] Frame 263 (t = 1.315):	 total squared error = 3.62369, marker error: RMS = 0.380720, max = 1.37672 (BR)
[2025-11-14 06:58:40.614] [info] Frame 264 (t = 1.32):	 total squared error = 3.61207, marker error: RMS = 0.380109, max = 1.37459 (BR)
[2025-11-14 06:58:40.642] [info] Frame 265 (t = 1.325):	 total squared error = 3.60046, marker error: RMS = 0.379498, max = 1.37245 (BR)
[2025-11-14 06:58:40.669] [info] Frame 266 (t = 1.33):	 total squared error = 3.58886, marker error: RMS = 0.378885, max = 1.37030 (BR)
[2025-11-14 06:58:40.701] [info] Frame 267 (t = 1.335):	 total squared error = 3.57726, marker error: RMS = 0.378273, max = 1.36816 (BR)
[2025-11-14 06:58:40.730] [info] Frame 268 (t = 1.34):	 total squared error = 3.56567, marker error: RMS = 0.37766, max = 1.36601 (BR)
[2025-11-14 06:58:40.758] [info] Frame 269 (t = 1.345):	 total squared error = 3.5541, marker error: RMS = 0.377047, max = 1.36386 (BR)
[2025-11-14 06:58:40.782] [info] Frame 270 (t = 1.35):	 total squared error = 3.54256, marker error: RMS = 0.376434, max = 1.36171 (BR)
[2025-11-14 06:58:40.810] [info] Frame 271 (t = 1.355):	 total squared error = 3.53103, marker error: RMS = 0.375821, max = 1.35956 (BR)
[2025-11-14 06:58:40.840] [info] Frame 272 (t = 1.36):	 total squared error = 3.51954, marker error: RMS = 0.375209, max = 1.35741 (BR)
[2025-11-14 06:58:40.875] [info] Frame 273 (t = 1.365):	 total squared error = 3.50808, marker error: RMS = 0.374598, max = 1.35527 (BR)
[2025-11-14 06:58:40.903] [info] Frame 274 (t = 1.37):	 total squared error = 3.49667, marker error: RMS = 0.373988, max = 1.35314 (BR)
[2025-11-14 06:58:40.933] [info] Frame 275 (t = 1.375):	 total squared error = 3.48531, marker error: RMS = 0.37338, max = 1.35101 (BR)
[2025-11-14 06:58:40.961] [info] Frame 276 (t = 1.38):	 total squared error = 3.47401, marker error: RMS = 0.372774, max = 1.34889 (BR)
[2025-11-14 06:58:40.990] [info] Frame 277 (t = 1.385):	 total squared error = 3.46276, marker error: RMS = 0.37217, max = 1.34678 (BR)
[2025-11-14 06:58:41.017] [info] Frame 278 (t = 1.39):	 total squared error = 3.45157, marker error: RMS = 0.371568, max = 1.34467 (BR)
[2025-11-14 06:58:41.046] [info] Frame 279 (t = 1.395):	 total squared error = 3.44044, marker error: RMS = 0.370968, max = 1.34258 (BR)
[2025-11-14 06:58:41.070] [info] Frame 280 (t = 1.4):	 total squared error = 3.42938, marker error: RMS = 0.370372, max = 1.34050 (BR)
[2025-11-14 06:58:41.094] [info] Frame 281 (t = 1.40500):	 total squared error = 3.41838, marker error: RMS = 0.369777, max = 1.33842 (BR)
[2025-11-14 06:58:41.130] [info] Frame 282 (t = 1.41):	 total squared error = 3.40745, marker error: RMS = 0.369186, max = 1.33636 (BR)
[2025-11-14 06:58:41.163] [info] Frame 283 (t = 1.415):	 total squared error = 3.39659, marker error: RMS = 0.368597, max = 1.3343 (BR)
[2025-11-14 06:58:41.188] [info] Frame 284 (t = 1.42):	 total squared error = 3.3858, marker error: RMS = 0.368011, max = 1.33226 (BR)
[2025-11-14 06:58:41.225] [info] Frame 285 (t = 1.425):	 total squared error = 3.37508, marker error: RMS = 0.367428, max = 1.33023 (BR)
[2025-11-14 06:58:41.251] [info] Frame 286 (t = 1.43):	 total squared error = 3.36443, marker error: RMS = 0.366848, max = 1.32822 (BR)
[2025-11-14 06:58:41.296] [info] Frame 287 (t = 1.435):	 total squared error = 3.35387, marker error: RMS = 0.366271, max = 1.32622 (BR)
[2025-11-14 06:58:41.336] [info] Frame 288 (t = 1.44):	 total squared error = 3.34338, marker error: RMS = 0.365698, max = 1.32424 (BR)
[2025-11-14 06:58:41.377] [info] Frame 289 (t = 1.445):	 total squared error = 3.33298, marker error: RMS = 0.365129, max = 1.32227 (BR)
[2025-11-14 06:58:41.401] [info] Frame 290 (t = 1.45):	 total squared error = 3.32267, marker error: RMS = 0.364564, max = 1.32033 (BR)
[2025-11-14 06:58:41.440] [info] Frame 291 (t = 1.455):	 total squared error = 3.31244, marker error: RMS = 0.364002, max = 1.3184 (BR)
[2025-11-14 06:58:41.468] [info] Frame 292 (t = 1.46):	 total squared error = 3.30231, marker error: RMS = 0.363445, max = 1.3165 (BR)
[2025-11-14 06:58:41.502] [info] Frame 293 (t = 1.465):	 total squared error = 3.29229, marker error: RMS = 0.362893, max = 1.31462 (BR)
[2025-11-14 06:58:41.533] [info] Frame 294 (t = 1.47):	 total squared error = 3.28236, marker error: RMS = 0.362346, max = 1.31277 (BR)
[2025-11-14 06:58:41.565] [info] Frame 295 (t = 1.475):	 total squared error = 3.27255, marker error: RMS = 0.361804, max = 1.31094 (BR)
[2025-11-14 06:58:41.603] [info] Frame 296 (t = 1.48):	 total squared error = 3.26284, marker error: RMS = 0.361266, max = 1.30914 (BR)
[2025-11-14 06:58:41.642] [info] Frame 297 (t = 1.485):	 total squared error = 3.25324, marker error: RMS = 0.360735, max = 1.30736 (BR)
[2025-11-14 06:58:41.676] [info] Frame 298 (t = 1.49):	 total squared error = 3.24374, marker error: RMS = 0.360208, max = 1.30562 (BR)
[2025-11-14 06:58:41.707] [info] Frame 299 (t = 1.495):	 total squared error = 3.23436, marker error: RMS = 0.359687, max = 1.30390 (BR)
[2025-11-14 06:58:41.755] [info] Frame 300 (t = 1.5):	 total squared error = 3.22509, marker error: RMS = 0.359171, max = 1.30221 (BR)
[2025-11-14 06:58:41.804] [info] Frame 301 (t = 1.50500):	 total squared error = 3.21592, marker error: RMS = 0.358659, max = 1.30055 (BR)
[2025-11-14 06:58:41.851] [info] Frame 302 (t = 1.51):	 total squared error = 3.20684, marker error: RMS = 0.358153, max = 1.29892 (BR)
[2025-11-14 06:58:41.888] [info] Frame 303 (t = 1.515):	 total squared error = 3.19786, marker error: RMS = 0.357651, max = 1.29732 (BR)
[2025-11-14 06:58:41.930] [info] Frame 304 (t = 1.52):	 total squared error = 3.18897, marker error: RMS = 0.357154, max = 1.29574 (BR)
[2025-11-14 06:58:41.967] [info] Frame 305 (t = 1.525):	 total squared error = 3.18016, marker error: RMS = 0.35666, max = 1.29418 (BR)
[2025-11-14 06:58:42.011] [info] Frame 306 (t = 1.53):	 total squared error = 3.17142, marker error: RMS = 0.35617, max = 1.29265 (BR)
[2025-11-14 06:58:42.046] [info] Frame 307 (t = 1.535):	 total squared error = 3.16275, marker error: RMS = 0.355683, max = 1.29113 (BR)
[2025-11-14 06:58:42.080] [info] Frame 308 (t = 1.54):	 total squared error = 3.15414, marker error: RMS = 0.355198, max = 1.28964 (BR)
[2025-11-14 06:58:42.119] [info] Frame 309 (t = 1.545):	 total squared error = 3.14558, marker error: RMS = 0.354716, max = 1.28817 (BR)
[2025-11-14 06:58:42.173] [info] Frame 310 (t = 1.55):	 total squared error = 3.13706, marker error: RMS = 0.354235, max = 1.28671 (BR)
[2025-11-14 06:58:42.211] [info] Frame 311 (t = 1.555):	 total squared error = 3.12859, marker error: RMS = 0.353757, max = 1.28527 (BR)
[2025-11-14 06:58:42.276] [info] Frame 312 (t = 1.56):	 total squared error = 3.12016, marker error: RMS = 0.35328, max = 1.28385 (BR)
[2025-11-14 06:58:42.331] [info] Frame 313 (t = 1.565):	 total squared error = 3.11176, marker error: RMS = 0.352804, max = 1.28244 (BR)
[2025-11-14 06:58:42.372] [info] Frame 314 (t = 1.57):	 total squared error = 3.10340, marker error: RMS = 0.352329, max = 1.28104 (BR)
[2025-11-14 06:58:42.419] [info] Frame 315 (t = 1.575):	 total squared error = 3.09507, marker error: RMS = 0.351856, max = 1.27966 (BR)
[2025-11-14 06:58:42.475] [info] Frame 316 (t = 1.58):	 total squared error = 3.08677, marker error: RMS = 0.351384, max = 1.27829 (BR)
[2025-11-14 06:58:42.507] [info] Frame 317 (t = 1.585):	 total squared error = 3.07851, marker error: RMS = 0.350914, max = 1.27693 (BR)
[2025-11-14 06:58:42.563] [info] Frame 318 (t = 1.59):	 total squared error = 3.07028, marker error: RMS = 0.350445, max = 1.27558 (BR)
[2025-11-14 06:58:42.612] [info] Frame 319 (t = 1.595):	 total squared error = 3.0621, marker error: RMS = 0.349977, max = 1.27425 (BR)
[2025-11-14 06:58:42.654] [info] Frame 320 (t = 1.6):	 total squared error = 3.05396, marker error: RMS = 0.349512, max = 1.27293 (BR)
[2025-11-14 06:58:42.702] [info] Frame 321 (t = 1.60500):	 total squared error = 3.04588, marker error: RMS = 0.349049, max = 1.27162 (BR)
[2025-11-14 06:58:42.747] [info] Frame 322 (t = 1.61):	 total squared error = 3.03784, marker error: RMS = 0.348588, max = 1.27032 (BR)
[2025-11-14 06:58:42.790] [info] Frame 323 (t = 1.615):	 total squared error = 3.02987, marker error: RMS = 0.34813, max = 1.26903 (BR)
[2025-11-14 06:58:42.828] [info] Frame 324 (t = 1.62):	 total squared error = 3.02195, marker error: RMS = 0.347675, max = 1.26775 (BR)
[2025-11-14 06:58:42.880] [info] Frame 325 (t = 1.625):	 total squared error = 3.0141, marker error: RMS = 0.347223, max = 1.26649 (BR)
[2025-11-14 06:58:42.923] [info] Frame 326 (t = 1.63):	 total squared error = 3.00631, marker error: RMS = 0.346775, max = 1.26524 (BR)
[2025-11-14 06:58:42.951] [info] Frame 327 (t = 1.635):	 total squared error = 2.9986, marker error: RMS = 0.346329, max = 1.26399 (BR)
[2025-11-14 06:58:43.004] [info] Frame 328 (t = 1.64):	 total squared error = 2.99095, marker error: RMS = 0.345887, max = 1.26276 (BR)
[2025-11-14 06:58:43.044] [info] Frame 329 (t = 1.645):	 total squared error = 2.98338, marker error: RMS = 0.345449, max = 1.26154 (BR)
[2025-11-14 06:58:43.079] [info] Frame 330 (t = 1.65):	 total squared error = 2.97587, marker error: RMS = 0.345014, max = 1.26033 (BR)
[2025-11-14 06:58:43.122] [info] Frame 331 (t = 1.655):	 total squared error = 2.96844, marker error: RMS = 0.344583, max = 1.25912 (BR)
[2025-11-14 06:58:43.173] [info] Frame 332 (t = 1.66):	 total squared error = 2.96108, marker error: RMS = 0.344156, max = 1.25793 (BR)
[2025-11-14 06:58:43.215] [info] Frame 333 (t = 1.665):	 total squared error = 2.95379, marker error: RMS = 0.343732, max = 1.25674 (BR)
[2025-11-14 06:58:43.261] [info] Frame 334 (t = 1.67):	 total squared error = 2.94657, marker error: RMS = 0.343312, max = 1.25556 (BR)
[2025-11-14 06:58:43.305] [info] Frame 335 (t = 1.675):	 total squared error = 2.93943, marker error: RMS = 0.342895, max = 1.25439 (BR)
[2025-11-14 06:58:43.344] [info] Frame 336 (t = 1.68):	 total squared error = 2.93235, marker error: RMS = 0.342482, max = 1.25323 (BR)
[2025-11-14 06:58:43.390] [info] Frame 337 (t = 1.685):	 total squared error = 2.92535, marker error: RMS = 0.342073, max = 1.25207 (BR)
[2025-11-14 06:58:43.439] [info] Frame 338 (t = 1.69):	 total squared error = 2.91841, marker error: RMS = 0.341667, max = 1.25092 (BR)
[2025-11-14 06:58:43.490] [info] Frame 339 (t = 1.695):	 total squared error = 2.91155, marker error: RMS = 0.341265, max = 1.24978 (BR)
[2025-11-14 06:58:43.526] [info] Frame 340 (t = 1.7):	 total squared error = 2.90475, marker error: RMS = 0.340867, max = 1.24864 (BR)
[2025-11-14 06:58:43.570] [info] Frame 341 (t = 1.70500):	 total squared error = 2.89803, marker error: RMS = 0.340472, max = 1.24751 (BR)
[2025-11-14 06:58:43.615] [info] Frame 342 (t = 1.71):	 total squared error = 2.89136, marker error: RMS = 0.340080, max = 1.24639 (BR)
[2025-11-14 06:58:43.664] [info] Frame 343 (t = 1.715):	 total squared error = 2.88476, marker error: RMS = 0.339692, max = 1.24527 (BR)
[2025-11-14 06:58:43.716] [info] Frame 344 (t = 1.72):	 total squared error = 2.87823, marker error: RMS = 0.339307, max = 1.24416 (BR)
[2025-11-14 06:58:43.769] [info] Frame 345 (t = 1.725):	 total squared error = 2.87175, marker error: RMS = 0.338925, max = 1.24305 (BR)
[2025-11-14 06:58:43.807] [info] Frame 346 (t = 1.73):	 total squared error = 2.86533, marker error: RMS = 0.338546, max = 1.24194 (BR)
[2025-11-14 06:58:43.852] [info] Frame 347 (t = 1.735):	 total squared error = 2.85896, marker error: RMS = 0.338169, max = 1.24084 (BR)
[2025-11-14 06:58:43.906] [info] Frame 348 (t = 1.74):	 total squared error = 2.85264, marker error: RMS = 0.337795, max = 1.23974 (BR)
[2025-11-14 06:58:43.944] [info] Frame 349 (t = 1.745):	 total squared error = 2.84637, marker error: RMS = 0.337424, max = 1.23864 (BR)
[2025-11-14 06:58:43.989] [info] Frame 350 (t = 1.75):	 total squared error = 2.84014, marker error: RMS = 0.337055, max = 1.23755 (BR)
[2025-11-14 06:58:44.033] [info] Frame 351 (t = 1.755):	 total squared error = 2.83396, marker error: RMS = 0.336688, max = 1.23645 (BR)
[2025-11-14 06:58:44.084] [info] Frame 352 (t = 1.76):	 total squared error = 2.82782, marker error: RMS = 0.336323, max = 1.23536 (BR)
[2025-11-14 06:58:44.129] [info] Frame 353 (t = 1.765):	 total squared error = 2.82173, marker error: RMS = 0.33596, max = 1.23426 (BR)
[2025-11-14 06:58:44.163] [info] Frame 354 (t = 1.77):	 total squared error = 2.81568, marker error: RMS = 0.3356, max = 1.23317 (BR)
[2025-11-14 06:58:44.198] [info] Frame 355 (t = 1.775):	 total squared error = 2.80968, marker error: RMS = 0.335242, max = 1.23207 (BR)
[2025-11-14 06:58:44.229] [info] Frame 356 (t = 1.78):	 total squared error = 2.80374, marker error: RMS = 0.334887, max = 1.23098 (BR)
[2025-11-14 06:58:44.260] [info] Frame 357 (t = 1.785):	 total squared error = 2.79785, marker error: RMS = 0.334535, max = 1.2299 (BR)
[2025-11-14 06:58:44.300] [info] Frame 358 (t = 1.79):	 total squared error = 2.79202, marker error: RMS = 0.334187, max = 1.22881 (BR)
[2025-11-14 06:58:44.333] [info] Frame 359 (t = 1.795):	 total squared error = 2.78626, marker error: RMS = 0.333842, max = 1.22773 (BR)
[2025-11-14 06:58:44.368] [info] Frame 360 (t = 1.8):	 total squared error = 2.78056, marker error: RMS = 0.3335, max = 1.22665 (BR)
[2025-11-14 06:58:44.401] [info] Frame 361 (t = 1.80500):	 total squared error = 2.77495, marker error: RMS = 0.333163, max = 1.22558 (BR)
[2025-11-14 06:58:44.433] [info] Frame 362 (t = 1.81):	 total squared error = 2.76941, marker error: RMS = 0.332831, max = 1.22452 (BR)
[2025-11-14 06:58:44.463] [info] Frame 363 (t = 1.815):	 total squared error = 2.76395, marker error: RMS = 0.332503, max = 1.22346 (BR)
[2025-11-14 06:58:44.496] [info] Frame 364 (t = 1.82):	 total squared error = 2.75857, marker error: RMS = 0.332179, max = 1.2224 (BR)
[2025-11-14 06:58:44.527] [info] Frame 365 (t = 1.825):	 total squared error = 2.75326, marker error: RMS = 0.331859, max = 1.22135 (BR)
[2025-11-14 06:58:44.563] [info] Frame 366 (t = 1.83):	 total squared error = 2.74804, marker error: RMS = 0.331544, max = 1.22031 (BR)
[2025-11-14 06:58:44.598] [info] Frame 367 (t = 1.835):	 total squared error = 2.74288, marker error: RMS = 0.331233, max = 1.21927 (BR)
[2025-11-14 06:58:44.643] [info] Frame 368 (t = 1.84):	 total squared error = 2.73779, marker error: RMS = 0.330926, max = 1.21823 (BR)
[2025-11-14 06:58:44.667] [info] Frame 369 (t = 1.845):	 total squared error = 2.73277, marker error: RMS = 0.330622, max = 1.21719 (BR)
[2025-11-14 06:58:44.711] [info] Frame 370 (t = 1.85):	 total squared error = 2.72781, marker error: RMS = 0.330322, max = 1.21615 (BR)
[2025-11-14 06:58:44.742] [info] Frame 371 (t = 1.855):	 total squared error = 2.72291, marker error: RMS = 0.330025, max = 1.21511 (BR)
[2025-11-14 06:58:44.774] [info] Frame 372 (t = 1.86):	 total squared error = 2.71806, marker error: RMS = 0.329731, max = 1.21407 (BR)
[2025-11-14 06:58:44.816] [info] Frame 373 (t = 1.865):	 total squared error = 2.71326, marker error: RMS = 0.32944, max = 1.21303 (BR)
[2025-11-14 06:58:44.848] [info] Frame 374 (t = 1.87):	 total squared error = 2.70851, marker error: RMS = 0.329151, max = 1.21199 (BR)
[2025-11-14 06:58:44.889] [info] Frame 375 (t = 1.875):	 total squared error = 2.70381, marker error: RMS = 0.328865, max = 1.21094 (BR)
[2025-11-14 06:58:44.934] [info] Frame 376 (t = 1.88):	 total squared error = 2.69915, marker error: RMS = 0.328582, max = 1.20989 (BR)
[2025-11-14 06:58:44.982] [info] Frame 377 (t = 1.885):	 total squared error = 2.69454, marker error: RMS = 0.328301, max = 1.20883 (BR)
[2025-11-14 06:58:45.042] [info] Frame 378 (t = 1.89):	 total squared error = 2.68998, marker error: RMS = 0.328023, max = 1.20778 (BR)
[2025-11-14 06:58:45.076] [info] Frame 379 (t = 1.895):	 total squared error = 2.68547, marker error: RMS = 0.327748, max = 1.20672 (BR)
[2025-11-14 06:58:45.159] [info] Frame 380 (t = 1.9):	 total squared error = 2.68099, marker error: RMS = 0.327475, max = 1.20566 (BR)
[2025-11-14 06:58:45.225] [info] Frame 381 (t = 1.90500):	 total squared error = 2.67657, marker error: RMS = 0.327205, max = 1.20459 (BR)
[2025-11-14 06:58:45.290] [info] Frame 382 (t = 1.91):	 total squared error = 2.67221, marker error: RMS = 0.326938, max = 1.20353 (BR)
[2025-11-14 06:58:45.369] [info] Frame 383 (t = 1.915):	 total squared error = 2.66789, marker error: RMS = 0.326674, max = 1.20247 (BR)
[2025-11-14 06:58:45.422] [info] Frame 384 (t = 1.92):	 total squared error = 2.66363, marker error: RMS = 0.326412, max = 1.20140 (BR)
[2025-11-14 06:58:45.456] [info] Frame 385 (t = 1.925):	 total squared error = 2.65942, marker error: RMS = 0.326154, max = 1.20034 (BR)
[2025-11-14 06:58:45.491] [info] Frame 386 (t = 1.93):	 total squared error = 2.65526, marker error: RMS = 0.325899, max = 1.19928 (BR)
[2025-11-14 06:58:45.528] [info] Frame 387 (t = 1.935):	 total squared error = 2.65115, marker error: RMS = 0.325647, max = 1.19821 (BR)
[2025-11-14 06:58:45.565] [info] Frame 388 (t = 1.94):	 total squared error = 2.6471, marker error: RMS = 0.325398, max = 1.19715 (BR)
[2025-11-14 06:58:45.599] [info] Frame 389 (t = 1.945):	 total squared error = 2.6431, marker error: RMS = 0.325152, max = 1.19609 (BR)
[2025-11-14 06:58:45.637] [info] Frame 390 (t = 1.95):	 total squared error = 2.63914, marker error: RMS = 0.324909, max = 1.19503 (BR)
[2025-11-14 06:58:45.674] [info] Frame 391 (t = 1.955):	 total squared error = 2.63524, marker error: RMS = 0.324668, max = 1.19397 (BR)
[2025-11-14 06:58:45.712] [info] Frame 392 (t = 1.96):	 total squared error = 2.63139, marker error: RMS = 0.324431, max = 1.19292 (BR)
[2025-11-14 06:58:45.748] [info] Frame 393 (t = 1.965):	 total squared error = 2.62758, marker error: RMS = 0.324196, max = 1.19186 (BR)
[2025-11-14 06:58:45.781] [info] Frame 394 (t = 1.97):	 total squared error = 2.62383, marker error: RMS = 0.323965, max = 1.19081 (BR)
[2025-11-14 06:58:45.814] [info] Frame 395 (t = 1.975):	 total squared error = 2.62014, marker error: RMS = 0.323737, max = 1.18976 (BR)
[2025-11-14 06:58:45.847] [info] Frame 396 (t = 1.98):	 total squared error = 2.61649, marker error: RMS = 0.323512, max = 1.18872 (BR)
[2025-11-14 06:58:45.888] [info] Frame 397 (t = 1.985):	 total squared error = 2.61291, marker error: RMS = 0.32329, max = 1.18768 (BR)
[2025-11-14 06:58:45.921] [info] Frame 398 (t = 1.99):	 total squared error = 2.60939, marker error: RMS = 0.323072, max = 1.18665 (BR)
[2025-11-14 06:58:45.959] [info] Frame 399 (t = 1.995):	 total squared error = 2.60594, marker error: RMS = 0.322858, max = 1.18562 (BR)
[2025-11-14 06:58:45.995] [info] Frame 400 (t = 2.0):	 total squared error = 2.60256, marker error: RMS = 0.322649, max = 1.1846 (BR)
[2025-11-14 06:58:46.027] [info] Frame 401 (t = 2.00500):	 total squared error = 2.59925, marker error: RMS = 0.322444, max = 1.18359 (BR)
[2025-11-14 06:58:46.061] [info] Frame 402 (t = 2.01):	 total squared error = 2.59601, marker error: RMS = 0.322243, max = 1.1826 (BR)
[2025-11-14 06:58:46.095] [info] Frame 403 (t = 2.015):	 total squared error = 2.59286, marker error: RMS = 0.322047, max = 1.18161 (BR)
[2025-11-14 06:58:46.129] [info] Frame 404 (t = 2.02):	 total squared error = 2.5898, marker error: RMS = 0.321857, max = 1.18063 (BR)
[2025-11-14 06:58:46.151] [info] Frame 405 (t = 2.025):	 total squared error = 2.58684, marker error: RMS = 0.321673, max = 1.17968 (BR)
[2025-11-14 06:58:46.201] [info] Frame 406 (t = 2.03):	 total squared error = 2.58395, marker error: RMS = 0.321494, max = 1.17873 (BR)
[2025-11-14 06:58:46.233] [info] Frame 407 (t = 2.035):	 total squared error = 2.58118, marker error: RMS = 0.321321, max = 1.17781 (BR)
[2025-11-14 06:58:46.264] [info] Frame 408 (t = 2.04):	 total squared error = 2.5785, marker error: RMS = 0.321154, max = 1.1769 (BR)
[2025-11-14 06:58:46.294] [info] Frame 409 (t = 2.045):	 total squared error = 2.57594, marker error: RMS = 0.320994, max = 1.17601 (BR)
[2025-11-14 06:58:46.339] [info] Frame 410 (t = 2.05):	 total squared error = 2.57348, marker error: RMS = 0.320842, max = 1.17514 (BR)
[2025-11-14 06:58:46.391] [info] Frame 411 (t = 2.055):	 total squared error = 2.57114, marker error: RMS = 0.320695, max = 1.1743 (BR)
[2025-11-14 06:58:46.446] [info] Frame 412 (t = 2.06):	 total squared error = 2.5689, marker error: RMS = 0.320556, max = 1.17347 (BR)
[2025-11-14 06:58:46.488] [info] Frame 413 (t = 2.065):	 total squared error = 2.56679, marker error: RMS = 0.320424, max = 1.17267 (BR)
[2025-11-14 06:58:46.533] [info] Frame 414 (t = 2.07):	 total squared error = 2.56479, marker error: RMS = 0.320299, max = 1.17189 (BR)
[2025-11-14 06:58:46.574] [info] Frame 415 (t = 2.075):	 total squared error = 2.5629, marker error: RMS = 0.320181, max = 1.17113 (BR)
[2025-11-14 06:58:46.629] [info] Frame 416 (t = 2.08):	 total squared error = 2.56113, marker error: RMS = 0.320071, max = 1.17040 (BR)
[2025-11-14 06:58:46.693] [info] Frame 417 (t = 2.085):	 total squared error = 2.55947, marker error: RMS = 0.319967, max = 1.16969 (BR)
[2025-11-14 06:58:46.747] [info] Frame 418 (t = 2.09):	 total squared error = 2.55794, marker error: RMS = 0.319871, max = 1.169 (BR)
[2025-11-14 06:58:46.806] [info] Frame 419 (t = 2.095):	 total squared error = 2.55652, marker error: RMS = 0.319782, max = 1.16834 (BR)
[2025-11-14 06:58:46.857] [info] Frame 420 (t = 2.1):	 total squared error = 2.55521, marker error: RMS = 0.319701, max = 1.1677 (BR)
[2025-11-14 06:58:46.905] [info] Frame 421 (t = 2.10500):	 total squared error = 2.55402, marker error: RMS = 0.319626, max = 1.16709 (BR)
[2025-11-14 06:58:46.963] [info] Frame 422 (t = 2.11):	 total squared error = 2.55295, marker error: RMS = 0.319559, max = 1.1665 (BR)
[2025-11-14 06:58:47.011] [info] Frame 423 (t = 2.115):	 total squared error = 2.552, marker error: RMS = 0.3195, max = 1.16594 (BR)
[2025-11-14 06:58:47.059] [info] Frame 424 (t = 2.12):	 total squared error = 2.55118, marker error: RMS = 0.319448, max = 1.1654 (BR)
[2025-11-14 06:58:47.101] [info] Frame 425 (t = 2.125):	 total squared error = 2.55047, marker error: RMS = 0.319404, max = 1.16489 (BR)
[2025-11-14 06:58:47.142] [info] Frame 426 (t = 2.13):	 total squared error = 2.54988, marker error: RMS = 0.319367, max = 1.16441 (BR)
[2025-11-14 06:58:47.187] [info] Frame 427 (t = 2.135):	 total squared error = 2.54943, marker error: RMS = 0.319339, max = 1.16396 (BR)
[2025-11-14 06:58:47.227] [info] Frame 428 (t = 2.14):	 total squared error = 2.54911, marker error: RMS = 0.319318, max = 1.16354 (BR)
[2025-11-14 06:58:47.266] [info] Frame 429 (t = 2.145):	 total squared error = 2.54892, marker error: RMS = 0.319306, max = 1.16315 (BR)
[2025-11-14 06:58:47.314] [info] Frame 430 (t = 2.15):	 total squared error = 2.54887, marker error: RMS = 0.319303, max = 1.1628 (BR)
[2025-11-14 06:58:47.346] [info] Frame 431 (t = 2.155):	 total squared error = 2.54895, marker error: RMS = 0.319309, max = 1.16247 (BR)
[2025-11-14 06:58:47.383] [info] Frame 432 (t = 2.16):	 total squared error = 2.54918, marker error: RMS = 0.319323, max = 1.16218 (BR)
[2025-11-14 06:58:47.418] [info] Frame 433 (t = 2.165):	 total squared error = 2.54957, marker error: RMS = 0.319347, max = 1.16193 (BR)
[2025-11-14 06:58:47.458] [info] Frame 434 (t = 2.17):	 total squared error = 2.55011, marker error: RMS = 0.319381, max = 1.16171 (BR)
[2025-11-14 06:58:47.496] [info] Frame 435 (t = 2.175):	 total squared error = 2.55081, marker error: RMS = 0.319425, max = 1.16153 (BR)
[2025-11-14 06:58:47.527] [info] Frame 436 (t = 2.18):	 total squared error = 2.55168, marker error: RMS = 0.31948, max = 1.16139 (BR)
[2025-11-14 06:58:47.563] [info] Frame 437 (t = 2.185):	 total squared error = 2.55273, marker error: RMS = 0.319545, max = 1.1613 (BR)
[2025-11-14 06:58:47.592] [info] Frame 438 (t = 2.19):	 total squared error = 2.55397, marker error: RMS = 0.319623, max = 1.16125 (BR)
[2025-11-14 06:58:47.620] [info] Frame 439 (t = 2.195):	 total squared error = 2.55541, marker error: RMS = 0.319713, max = 1.16125 (BR)
[2025-11-14 06:58:47.659] [info] Frame 440 (t = 2.2):	 total squared error = 2.55706, marker error: RMS = 0.319816, max = 1.1613 (BR)
[2025-11-14 06:58:47.693] [info] Frame 441 (t = 2.20500):	 total squared error = 2.55893, marker error: RMS = 0.319933, max = 1.1614 (BR)
[2025-11-14 06:58:47.726] [info] Frame 442 (t = 2.21):	 total squared error = 2.56105, marker error: RMS = 0.320065, max = 1.16156 (BR)
[2025-11-14 06:58:47.750] [info] Frame 443 (t = 2.215):	 total squared error = 2.56341, marker error: RMS = 0.320213, max = 1.16179 (BR)
[2025-11-14 06:58:47.781] [info] Frame 444 (t = 2.22):	 total squared error = 2.56605, marker error: RMS = 0.320378, max = 1.16208 (BR)
[2025-11-14 06:58:47.808] [info] Frame 445 (t = 2.225):	 total squared error = 2.56897, marker error: RMS = 0.320560, max = 1.16243 (BR)
[2025-11-14 06:58:47.835] [info] Frame 446 (t = 2.23):	 total squared error = 2.57219, marker error: RMS = 0.320761, max = 1.16286 (BR)
[2025-11-14 06:58:47.866] [info] Frame 447 (t = 2.235):	 total squared error = 2.57571, marker error: RMS = 0.320980, max = 1.16336 (BR)
[2025-11-14 06:58:47.906] [info] Frame 448 (t = 2.24):	 total squared error = 2.57955, marker error: RMS = 0.32122, max = 1.16393 (BR)
[2025-11-14 06:58:47.927] [info] Frame 449 (t = 2.245):	 total squared error = 2.58373, marker error: RMS = 0.32148, max = 1.16459 (BR)
[2025-11-14 06:58:47.964] [info] Frame 450 (t = 2.25):	 total squared error = 2.58824, marker error: RMS = 0.32176, max = 1.16532 (BR)
[2025-11-14 06:58:48.009] [info] Frame 451 (t = 2.255):	 total squared error = 2.59309, marker error: RMS = 0.322061, max = 1.16614 (BR)
[2025-11-14 06:58:48.047] [info] Frame 452 (t = 2.26):	 total squared error = 2.59828, marker error: RMS = 0.322384, max = 1.16704 (BR)
[2025-11-14 06:58:48.090] [info] Frame 453 (t = 2.265):	 total squared error = 2.60383, marker error: RMS = 0.322728, max = 1.16802 (BR)
[2025-11-14 06:58:48.131] [info] Frame 454 (t = 2.27):	 total squared error = 2.60972, marker error: RMS = 0.323093, max = 1.16909 (BR)
[2025-11-14 06:58:48.165] [info] Frame 455 (t = 2.275):	 total squared error = 2.61596, marker error: RMS = 0.323479, max = 1.17023 (BR)
[2025-11-14 06:58:48.203] [info] Frame 456 (t = 2.28):	 total squared error = 2.62255, marker error: RMS = 0.323886, max = 1.17146 (BR)
[2025-11-14 06:58:48.241] [info] Frame 457 (t = 2.285):	 total squared error = 2.62948, marker error: RMS = 0.324313, max = 1.17277 (BR)
[2025-11-14 06:58:48.281] [info] Frame 458 (t = 2.29):	 total squared error = 2.63674, marker error: RMS = 0.324761, max = 1.17416 (BR)
[2025-11-14 06:58:48.324] [info] Frame 459 (t = 2.295):	 total squared error = 2.64435, marker error: RMS = 0.325229, max = 1.17563 (BR)
[2025-11-14 06:58:48.375] [info] Frame 460 (t = 2.3):	 total squared error = 2.65228, marker error: RMS = 0.325717, max = 1.17718 (BR)
[2025-11-14 06:58:48.427] [info] Frame 461 (t = 2.30500):	 total squared error = 2.66054, marker error: RMS = 0.326224, max = 1.17881 (BR)
[2025-11-14 06:58:48.472] [info] Frame 462 (t = 2.31):	 total squared error = 2.66914, marker error: RMS = 0.32675, max = 1.18052 (BR)
[2025-11-14 06:58:48.496] [info] Frame 463 (t = 2.315):	 total squared error = 2.67806, marker error: RMS = 0.327296, max = 1.1823 (BR)
[2025-11-14 06:58:48.533] [info] Frame 464 (t = 2.32):	 total squared error = 2.6873, marker error: RMS = 0.32786, max = 1.18417 (BR)
[2025-11-14 06:58:48.546] [info] Frame 465 (t = 2.325):	 total squared error = 2.69687, marker error: RMS = 0.328443, max = 1.18611 (BR)
[2025-11-14 06:58:48.560] [info] Frame 466 (t = 2.33):	 total squared error = 2.70677, marker error: RMS = 0.329046, max = 1.18813 (BR)
[2025-11-14 06:58:48.579] [info] Frame 467 (t = 2.335):	 total squared error = 2.71702, marker error: RMS = 0.329667, max = 1.19024 (BR)
[2025-11-14 06:58:48.594] [info] Frame 468 (t = 2.34):	 total squared error = 2.72758, marker error: RMS = 0.330308, max = 1.19242 (BR)
[2025-11-14 06:58:48.607] [info] Frame 469 (t = 2.345):	 total squared error = 2.7385, marker error: RMS = 0.330968, max = 1.19469 (BR)
[2025-11-14 06:58:48.626] [info] Frame 470 (t = 2.35):	 total squared error = 2.74976, marker error: RMS = 0.331648, max = 1.19703 (BR)
[2025-11-14 06:58:48.641] [info] Frame 471 (t = 2.355):	 total squared error = 2.76136, marker error: RMS = 0.332347, max = 1.19946 (BR)
[2025-11-14 06:58:48.656] [info] Frame 472 (t = 2.36):	 total squared error = 2.77332, marker error: RMS = 0.333066, max = 1.20198 (BR)
[2025-11-14 06:58:48.670] [info] Frame 473 (t = 2.365):	 total squared error = 2.78564, marker error: RMS = 0.333805, max = 1.20458 (BR)
[2025-11-14 06:58:48.698] [info] Frame 474 (t = 2.37):	 total squared error = 2.79833, marker error: RMS = 0.334564, max = 1.20726 (BR)
[2025-11-14 06:58:48.713] [info] Frame 475 (t = 2.375):	 total squared error = 2.8114, marker error: RMS = 0.335344, max = 1.21004 (BR)
[2025-11-14 06:58:48.733] [info] Frame 476 (t = 2.38):	 total squared error = 2.82486, marker error: RMS = 0.336146, max = 1.2129 (BR)
[2025-11-14 06:58:48.746] [info] Frame 477 (t = 2.385):	 total squared error = 2.8387, marker error: RMS = 0.336969, max = 1.21584 (BR)
[2025-11-14 06:58:48.768] [info] Frame 478 (t = 2.39):	 total squared error = 2.85296, marker error: RMS = 0.337814, max = 1.21888 (BR)
[2025-11-14 06:58:48.783] [info] Frame 479 (t = 2.395):	 total squared error = 2.86762, marker error: RMS = 0.338681, max = 1.222 (BR)
[2025-11-14 06:58:48.797] [info] Frame 480 (t = 2.4):	 total squared error = 2.88271, marker error: RMS = 0.339571, max = 1.22522 (BR)
[2025-11-14 06:58:48.818] [info] Frame 481 (t = 2.40500):	 total squared error = 2.89823, marker error: RMS = 0.340484, max = 1.22852 (BR)
[2025-11-14 06:58:48.832] [info] Frame 482 (t = 2.41):	 total squared error = 2.91419, marker error: RMS = 0.34142, max = 1.23192 (BR)
[2025-11-14 06:58:48.861] [info] Frame 483 (t = 2.415):	 total squared error = 2.93059, marker error: RMS = 0.34238, max = 1.23541 (BR)
[2025-11-14 06:58:48.875] [info] Frame 484 (t = 2.42):	 total squared error = 2.94746, marker error: RMS = 0.343363, max = 1.23899 (BR)
[2025-11-14 06:58:48.889] [info] Frame 485 (t = 2.425):	 total squared error = 2.96478, marker error: RMS = 0.344371, max = 1.24266 (BR)
[2025-11-14 06:58:48.909] [info] Frame 486 (t = 2.43):	 total squared error = 2.98255, marker error: RMS = 0.345401, max = 1.24642 (BR)
[2025-11-14 06:58:48.939] [info] Frame 487 (t = 2.435):	 total squared error = 3.00078, marker error: RMS = 0.346455, max = 1.25026 (BR)
[2025-11-14 06:58:48.953] [info] Frame 488 (t = 2.44):	 total squared error = 3.01946, marker error: RMS = 0.347532, max = 1.2542 (BR)
[2025-11-14 06:58:48.978] [info] Frame 489 (t = 2.445):	 total squared error = 3.0386, marker error: RMS = 0.348632, max = 1.25822 (BR)
[2025-11-14 06:58:49.003] [info] Frame 490 (t = 2.45):	 total squared error = 3.05818, marker error: RMS = 0.349753, max = 1.26231 (BR)
[2025-11-14 06:58:49.034] [info] Frame 491 (t = 2.455):	 total squared error = 3.07819, marker error: RMS = 0.350895, max = 1.26649 (BR)
[2025-11-14 06:58:49.048] [info] Frame 492 (t = 2.46):	 total squared error = 3.09862, marker error: RMS = 0.352058, max = 1.27074 (BR)
[2025-11-14 06:58:49.074] [info] Frame 493 (t = 2.465):	 total squared error = 3.11946, marker error: RMS = 0.35324, max = 1.27507 (BR)
[2025-11-14 06:58:49.087] [info] Frame 494 (t = 2.47):	 total squared error = 3.14070, marker error: RMS = 0.354441, max = 1.27946 (BR)
[2025-11-14 06:58:49.114] [info] Frame 495 (t = 2.475):	 total squared error = 3.16231, marker error: RMS = 0.355658, max = 1.28391 (BR)
[2025-11-14 06:58:49.158] [info] Frame 496 (t = 2.48):	 total squared error = 3.1843, marker error: RMS = 0.356892, max = 1.28843 (BR)
[2025-11-14 06:58:49.174] [info] Frame 497 (t = 2.485):	 total squared error = 3.20666, marker error: RMS = 0.358143, max = 1.293 (BR)
[2025-11-14 06:58:49.205] [info] Frame 498 (t = 2.49):	 total squared error = 3.22935, marker error: RMS = 0.359408, max = 1.29762 (BR)
[2025-11-14 06:58:49.244] [info] Frame 499 (t = 2.495):	 total squared error = 3.25239, marker error: RMS = 0.360688, max = 1.30230 (BR)
[2025-11-14 06:58:49.274] [info] Frame 500 (t = 2.5):	 total squared error = 3.27576, marker error: RMS = 0.361981, max = 1.30702 (BR)
[2025-11-14 06:58:49.292] [info] Frame 501 (t = 2.50500):	 total squared error = 3.29946, marker error: RMS = 0.363288, max = 1.3118 (BR)
[2025-11-14 06:58:49.316] [info] Frame 502 (t = 2.51):	 total squared error = 3.32348, marker error: RMS = 0.364608, max = 1.31661 (BR)
[2025-11-14 06:58:49.331] [info] Frame 503 (t = 2.515):	 total squared error = 3.34781, marker error: RMS = 0.365941, max = 1.32147 (BR)
[2025-11-14 06:58:49.366] [info] Frame 504 (t = 2.52):	 total squared error = 3.37245, marker error: RMS = 0.367285, max = 1.32637 (BR)
[2025-11-14 06:58:49.393] [info] Frame 505 (t = 2.525):	 total squared error = 3.39741, marker error: RMS = 0.368641, max = 1.33131 (BR)
[2025-11-14 06:58:49.406] [info] Frame 506 (t = 2.53):	 total squared error = 3.42267, marker error: RMS = 0.370009, max = 1.33629 (BR)
[2025-11-14 06:58:49.441] [info] Frame 507 (t = 2.535):	 total squared error = 3.44822, marker error: RMS = 0.371388, max = 1.34131 (BR)
[2025-11-14 06:58:49.478] [info] Frame 508 (t = 2.54):	 total squared error = 3.47408, marker error: RMS = 0.372778, max = 1.34636 (BR)
[2025-11-14 06:58:49.494] [info] Frame 509 (t = 2.545):	 total squared error = 3.50023, marker error: RMS = 0.374178, max = 1.35145 (BR)
[2025-11-14 06:58:49.518] [info] Frame 510 (t = 2.55):	 total squared error = 3.52665, marker error: RMS = 0.375588, max = 1.35657 (BR)
[2025-11-14 06:58:49.538] [info] Frame 511 (t = 2.555):	 total squared error = 3.55335, marker error: RMS = 0.377007, max = 1.36173 (BR)
[2025-11-14 06:58:49.555] [info] Frame 512 (t = 2.56):	 total squared error = 3.58031, marker error: RMS = 0.378434, max = 1.36691 (BR)
[2025-11-14 06:58:49.595] [info] Frame 513 (t = 2.565):	 total squared error = 3.60748, marker error: RMS = 0.379867, max = 1.37212 (BR)
[2025-11-14 06:58:49.615] [info] Frame 514 (t = 2.57):	 total squared error = 3.6349, marker error: RMS = 0.381308, max = 1.37734 (BR)
[2025-11-14 06:58:49.639] [info] Frame 515 (t = 2.575):	 total squared error = 3.66251, marker error: RMS = 0.382754, max = 1.38259 (BR)
[2025-11-14 06:58:49.663] [info] Frame 516 (t = 2.58):	 total squared error = 3.69032, marker error: RMS = 0.384204, max = 1.38785 (BR)
[2025-11-14 06:58:49.691] [info] Frame 517 (t = 2.585):	 total squared error = 3.71829, marker error: RMS = 0.385657, max = 1.39312 (BR)
[2025-11-14 06:58:49.723] [info] Frame 518 (t = 2.59):	 total squared error = 3.7464, marker error: RMS = 0.387113, max = 1.3984 (BR)
[2025-11-14 06:58:49.744] [info] Frame 519 (t = 2.595):	 total squared error = 3.77464, marker error: RMS = 0.388569, max = 1.40368 (BR)
[2025-11-14 06:58:49.772] [info] Frame 520 (t = 2.6):	 total squared error = 3.80298, marker error: RMS = 0.390025, max = 1.40895 (BR)
[2025-11-14 06:58:49.794] [info] Frame 521 (t = 2.60500):	 total squared error = 3.8314, marker error: RMS = 0.391479, max = 1.41422 (BR)
[2025-11-14 06:58:49.821] [info] Frame 522 (t = 2.61):	 total squared error = 3.85987, marker error: RMS = 0.392931, max = 1.41948 (BR)
[2025-11-14 06:58:49.844] [info] Frame 523 (t = 2.615):	 total squared error = 3.88838, marker error: RMS = 0.39438, max = 1.42472 (BR)
[2025-11-14 06:58:49.872] [info] Frame 524 (t = 2.62):	 total squared error = 3.91689, marker error: RMS = 0.395823, max = 1.42994 (BR)
[2025-11-14 06:58:49.895] [info] Frame 525 (t = 2.625):	 total squared error = 3.94538, marker error: RMS = 0.39726, max = 1.43513 (BR)
[2025-11-14 06:58:49.921] [info] Frame 526 (t = 2.63):	 total squared error = 3.97384, marker error: RMS = 0.39869, max = 1.44030 (BR)
[2025-11-14 06:58:49.945] [info] Frame 527 (t = 2.635):	 total squared error = 4.00222, marker error: RMS = 0.400111, max = 1.44544 (BR)
[2025-11-14 06:58:49.978] [info] Frame 528 (t = 2.64):	 total squared error = 4.03052, marker error: RMS = 0.401523, max = 1.45053 (BR)
[2025-11-14 06:58:50.005] [info] Frame 529 (t = 2.645):	 total squared error = 4.0587, marker error: RMS = 0.402924, max = 1.45559 (BR)
[2025-11-14 06:58:50.033] [info] Frame 530 (t = 2.65):	 total squared error = 4.08675, marker error: RMS = 0.404314, max = 1.46059 (BR)
[2025-11-14 06:58:50.062] [info] Frame 531 (t = 2.655):	 total squared error = 4.11462, marker error: RMS = 0.405690, max = 1.46555 (BR)
[2025-11-14 06:58:50.093] [info] Frame 532 (t = 2.66):	 total squared error = 4.14229, marker error: RMS = 0.407052, max = 1.47045 (BR)
[2025-11-14 06:58:50.119] [info] Frame 533 (t = 2.665):	 total squared error = 4.16975, marker error: RMS = 0.408399, max = 1.47529 (BR)
[2025-11-14 06:58:50.147] [info] Frame 534 (t = 2.67):	 total squared error = 4.19696, marker error: RMS = 0.409729, max = 1.48006 (BR)
[2025-11-14 06:58:50.182] [info] Frame 535 (t = 2.675):	 total squared error = 4.22389, marker error: RMS = 0.411042, max = 1.48477 (BR)
[2025-11-14 06:58:50.206] [info] Frame 536 (t = 2.68):	 total squared error = 4.25052, marker error: RMS = 0.412336, max = 1.4894 (BR)
[2025-11-14 06:58:50.237] [info] Frame 537 (t = 2.685):	 total squared error = 4.27682, marker error: RMS = 0.413609, max = 1.49396 (BR)
[2025-11-14 06:58:50.266] [info] Frame 538 (t = 2.69):	 total squared error = 4.30277, marker error: RMS = 0.414863, max = 1.49843 (BR)
[2025-11-14 06:58:50.281] [info] Frame 539 (t = 2.695):	 total squared error = 4.32836, marker error: RMS = 0.416094, max = 1.50282 (BR)
[2025-11-14 06:58:50.314] [info] Frame 540 (t = 2.7):	 total squared error = 4.35353, marker error: RMS = 0.417302, max = 1.50713 (BR)
[2025-11-14 06:58:50.346] [info] Frame 541 (t = 2.70500):	 total squared error = 4.37828, marker error: RMS = 0.418487, max = 1.51134 (BR)
[2025-11-14 06:58:50.377] [info] Frame 542 (t = 2.71):	 total squared error = 4.40260, marker error: RMS = 0.419647, max = 1.51546 (BR)
[2025-11-14 06:58:50.407] [info] Frame 543 (t = 2.715):	 total squared error = 4.42645, marker error: RMS = 0.420782, max = 1.51948 (BR)
[2025-11-14 06:58:50.442] [info] Frame 544 (t = 2.72):	 total squared error = 4.44981, marker error: RMS = 0.421891, max = 1.5234 (BR)
[2025-11-14 06:58:50.481] [info] Frame 545 (t = 2.725):	 total squared error = 4.47267, marker error: RMS = 0.422974, max = 1.52722 (BR)
[2025-11-14 06:58:50.506] [info] Frame 546 (t = 2.73):	 total squared error = 4.49502, marker error: RMS = 0.424029, max = 1.53094 (BR)
[2025-11-14 06:58:50.542] [info] Frame 547 (t = 2.735):	 total squared error = 4.51683, marker error: RMS = 0.425057, max = 1.53455 (BR)
[2025-11-14 06:58:50.570] [info] Frame 548 (t = 2.74):	 total squared error = 4.5381, marker error: RMS = 0.426056, max = 1.53805 (BR)
[2025-11-14 06:58:50.603] [info] Frame 549 (t = 2.745):	 total squared error = 4.55881, marker error: RMS = 0.427027, max = 1.54145 (BR)
[2025-11-14 06:58:50.629] [info] Frame 550 (t = 2.75):	 total squared error = 4.57897, marker error: RMS = 0.427971, max = 1.54473 (BR)
[2025-11-14 06:58:50.654] [info] Frame 551 (t = 2.755):	 total squared error = 4.59856, marker error: RMS = 0.428885, max = 1.54791 (BR)
[2025-11-14 06:58:50.680] [info] Frame 552 (t = 2.76):	 total squared error = 4.61759, marker error: RMS = 0.429771, max = 1.55098 (BR)
[2025-11-14 06:58:50.704] [info] Frame 553 (t = 2.765):	 total squared error = 4.63605, marker error: RMS = 0.430630, max = 1.55394 (BR)
[2025-11-14 06:58:50.728] [info] Frame 554 (t = 2.77):	 total squared error = 4.65393, marker error: RMS = 0.431459, max = 1.5568 (BR)
[2025-11-14 06:58:50.752] [info] Frame 555 (t = 2.775):	 total squared error = 4.67125, marker error: RMS = 0.432262, max = 1.55955 (BR)
[2025-11-14 06:58:50.783] [info] Frame 556 (t = 2.78):	 total squared error = 4.688, marker error: RMS = 0.433036, max = 1.5622 (BR)
[2025-11-14 06:58:50.811] [info] Frame 557 (t = 2.785):	 total squared error = 4.70417, marker error: RMS = 0.433782, max = 1.56474 (BR)
[2025-11-14 06:58:50.838] [info] Frame 558 (t = 2.79):	 total squared error = 4.71978, marker error: RMS = 0.434501, max = 1.56719 (BR)
[2025-11-14 06:58:50.864] [info] Frame 559 (t = 2.795):	 total squared error = 4.73482, marker error: RMS = 0.435193, max = 1.56953 (BR)
[2025-11-14 06:58:50.894] [info] Frame 560 (t = 2.8):	 total squared error = 4.74927, marker error: RMS = 0.435857, max = 1.57178 (BR)
[2025-11-14 06:58:50.939] [info] Frame 561 (t = 2.80500):	 total squared error = 4.76316, marker error: RMS = 0.436493, max = 1.57392 (BR)
[2025-11-14 06:58:50.984] [info] Frame 562 (t = 2.81):	 total squared error = 4.77645, marker error: RMS = 0.437102, max = 1.57597 (BR)
[2025-11-14 06:58:51.050] [info] Frame 563 (t = 2.815):	 total squared error = 4.78917, marker error: RMS = 0.437683, max = 1.57792 (BR)
[2025-11-14 06:58:51.095] [info] Frame 564 (t = 2.82):	 total squared error = 4.80129, marker error: RMS = 0.438237, max = 1.57977 (BR)
[2025-11-14 06:58:51.133] [info] Frame 565 (t = 2.825):	 total squared error = 4.81282, marker error: RMS = 0.438763, max = 1.58153 (BR)
[2025-11-14 06:58:51.173] [info] Frame 566 (t = 2.83):	 total squared error = 4.82376, marker error: RMS = 0.439261, max = 1.58319 (BR)
[2025-11-14 06:58:51.209] [info] Frame 567 (t = 2.835):	 total squared error = 4.8341, marker error: RMS = 0.439732, max = 1.58475 (BR)
[2025-11-14 06:58:51.242] [info] Frame 568 (t = 2.84):	 total squared error = 4.84385, marker error: RMS = 0.440175, max = 1.58621 (BR)
[2025-11-14 06:58:51.279] [info] Frame 569 (t = 2.845):	 total squared error = 4.85301, marker error: RMS = 0.440591, max = 1.58759 (BR)
[2025-11-14 06:58:51.323] [info] Frame 570 (t = 2.85):	 total squared error = 4.86159, marker error: RMS = 0.440980, max = 1.58887 (BR)
[2025-11-14 06:58:51.366] [info] Frame 571 (t = 2.855):	 total squared error = 4.8696, marker error: RMS = 0.441343, max = 1.59005 (BR)
[2025-11-14 06:58:51.406] [info] Frame 572 (t = 2.86):	 total squared error = 4.87704, marker error: RMS = 0.44168, max = 1.59115 (BR)
[2025-11-14 06:58:51.449] [info] Frame 573 (t = 2.865):	 total squared error = 4.88392, marker error: RMS = 0.441992, max = 1.59216 (BR)
[2025-11-14 06:58:51.489] [info] Frame 574 (t = 2.87):	 total squared error = 4.89026, marker error: RMS = 0.442279, max = 1.59309 (BR)
[2025-11-14 06:58:51.525] [info] Frame 575 (t = 2.875):	 total squared error = 4.89607, marker error: RMS = 0.442541, max = 1.59394 (BR)
[2025-11-14 06:58:51.575] [info] Frame 576 (t = 2.88):	 total squared error = 4.90135, marker error: RMS = 0.44278, max = 1.5947 (BR)
[2025-11-14 06:58:51.632] [info] Frame 577 (t = 2.885):	 total squared error = 4.90614, marker error: RMS = 0.442996, max = 1.59539 (BR)
[2025-11-14 06:58:51.665] [info] Frame 578 (t = 2.89):	 total squared error = 4.91044, marker error: RMS = 0.44319, max = 1.596 (BR)
[2025-11-14 06:58:51.709] [info] Frame 579 (t = 2.895):	 total squared error = 4.91426, marker error: RMS = 0.443363, max = 1.59654 (BR)
[2025-11-14 06:58:51.738] [info] Frame 580 (t = 2.9):	 total squared error = 4.91764, marker error: RMS = 0.443515, max = 1.59702 (BR)
[2025-11-14 06:58:51.766] [info] Frame 581 (t = 2.90500):	 total squared error = 4.92059, marker error: RMS = 0.443648, max = 1.59742 (BR)
[2025-11-14 06:58:51.794] [info] Frame 582 (t = 2.91):	 total squared error = 4.92312, marker error: RMS = 0.443762, max = 1.59777 (BR)
[2025-11-14 06:58:51.826] [info] Frame 583 (t = 2.915):	 total squared error = 4.92528, marker error: RMS = 0.44386, max = 1.59806 (BR)
[2025-11-14 06:58:51.855] [info] Frame 584 (t = 2.92):	 total squared error = 4.92709, marker error: RMS = 0.443941, max = 1.5983 (BR)
[2025-11-14 06:58:51.893] [info] Frame 585 (t = 2.925):	 total squared error = 4.92857, marker error: RMS = 0.444008, max = 1.59849 (BR)
[2025-11-14 06:58:51.925] [info] Frame 586 (t = 2.93):	 total squared error = 4.92976, marker error: RMS = 0.444061, max = 1.59863 (BR)
[2025-11-14 06:58:51.953] [info] Frame 587 (t = 2.935):	 total squared error = 4.93070, marker error: RMS = 0.444103, max = 1.59875 (BR)
[2025-11-14 06:58:51.992] [info] Frame 588 (t = 2.94):	 total squared error = 4.9314, marker error: RMS = 0.444135, max = 1.59883 (BR)
[2025-11-14 06:58:52.031] [info] Frame 589 (t = 2.945):	 total squared error = 4.93191, marker error: RMS = 0.444158, max = 1.59888 (BR)
[2025-11-14 06:58:52.053] [info] Frame 590 (t = 2.95):	 total squared error = 4.93226, marker error: RMS = 0.444174, max = 1.59891 (BR)
[2025-11-14 06:58:52.076] [info] Frame 591 (t = 2.955):	 total squared error = 4.93248, marker error: RMS = 0.444184, max = 1.59893 (BR)
[2025-11-14 06:58:52.098] [info] Frame 592 (t = 2.96):	 total squared error = 4.93258, marker error: RMS = 0.444188, max = 1.59893 (BR)
[2025-11-14 06:58:52.131] [info] Frame 593 (t = 2.965):	 total squared error = 4.93261, marker error: RMS = 0.44419, max = 1.59892 (BR)
[2025-11-14 06:58:52.155] [info] Frame 594 (t = 2.97):	 total squared error = 4.93258, marker error: RMS = 0.444188, max = 1.5989 (BR)
[2025-11-14 06:58:52.182] [info] Frame 595 (t = 2.975):	 total squared error = 4.93251, marker error: RMS = 0.444185, max = 1.59888 (BR)
[2025-11-14 06:58:52.207] [info] Frame 596 (t = 2.98):	 total squared error = 4.93244, marker error: RMS = 0.444182, max = 1.59887 (BR)
[2025-11-14 06:58:52.235] [info] Frame 597 (t = 2.985):	 total squared error = 4.93236, marker error: RMS = 0.444178, max = 1.59885 (BR)
[2025-11-14 06:58:52.263] [info] Frame 598 (t = 2.99):	 total squared error = 4.9323, marker error: RMS = 0.444176, max = 1.59884 (BR)
[2025-11-14 06:58:52.289] [info] Frame 599 (t = 2.995):	 total squared error = 4.93227, marker error: RMS = 0.444174, max = 1.59884 (BR)
[2025-11-14 06:58:52.316] [info] Frame 600 (t = 3.0):	 total squared error = 4.93228, marker error: RMS = 0.444175, max = 1.59884 (BR)
[2025-11-14 06:58:52.344] [info] Frame 601 (t = 3.00500):	 total squared error = 4.93234, marker error: RMS = 0.444177, max = 1.59885 (BR)
[2025-11-14 06:58:52.370] [info] Frame 602 (t = 3.01):	 total squared error = 4.93245, marker error: RMS = 0.444182, max = 1.59887 (BR)
[2025-11-14 06:58:52.396] [info] Frame 603 (t = 3.015):	 total squared error = 4.93262, marker error: RMS = 0.44419, max = 1.5989 (BR)
[2025-11-14 06:58:52.418] [info] Frame 604 (t = 3.02):	 total squared error = 4.93287, marker error: RMS = 0.444201, max = 1.59894 (BR)
[2025-11-14 06:58:52.442] [info] Frame 605 (t = 3.025):	 total squared error = 4.93318, marker error: RMS = 0.444215, max = 1.599 (BR)
[2025-11-14 06:58:52.464] [info] Frame 606 (t = 3.03):	 total squared error = 4.93356, marker error: RMS = 0.444232, max = 1.59906 (BR)
[2025-11-14 06:58:52.487] [info] Frame 607 (t = 3.035):	 total squared error = 4.93401, marker error: RMS = 0.444253, max = 1.59914 (BR)
[2025-11-14 06:58:52.518] [info] Frame 608 (t = 3.04):	 total squared error = 4.93452, marker error: RMS = 0.444276, max = 1.59922 (BR)
[2025-11-14 06:58:52.551] [info] Frame 609 (t = 3.045):	 total squared error = 4.93509, marker error: RMS = 0.444301, max = 1.59932 (BR)
[2025-11-14 06:58:52.577] [info] Frame 610 (t = 3.05):	 total squared error = 4.93572, marker error: RMS = 0.44433, max = 1.59942 (BR)
[2025-11-14 06:58:52.603] [info] Frame 611 (t = 3.055):	 total squared error = 4.93639, marker error: RMS = 0.44436, max = 1.59953 (BR)
[2025-11-14 06:58:52.638] [info] Frame 612 (t = 3.06):	 total squared error = 4.93708, marker error: RMS = 0.444391, max = 1.59965 (BR)
[2025-11-14 06:58:52.669] [info] Frame 613 (t = 3.065):	 total squared error = 4.9378, marker error: RMS = 0.444423, max = 1.59976 (BR)
[2025-11-14 06:58:52.697] [info] Frame 614 (t = 3.07):	 total squared error = 4.93851, marker error: RMS = 0.444455, max = 1.59988 (BR)
[2025-11-14 06:58:52.724] [info] Frame 615 (t = 3.075):	 total squared error = 4.93921, marker error: RMS = 0.444487, max = 1.6 (BR)
[2025-11-14 06:58:52.756] [info] Frame 616 (t = 3.08):	 total squared error = 4.93988, marker error: RMS = 0.444517, max = 1.60011 (BR)
[2025-11-14 06:58:52.782] [info] Frame 617 (t = 3.085):	 total squared error = 4.94051, marker error: RMS = 0.444545, max = 1.60021 (BR)
[2025-11-14 06:58:52.805] [info] Frame 618 (t = 3.09):	 total squared error = 4.94108, marker error: RMS = 0.444571, max = 1.60031 (BR)
[2025-11-14 06:58:52.832] [info] Frame 619 (t = 3.095):	 total squared error = 4.94157, marker error: RMS = 0.444593, max = 1.60039 (BR)
[2025-11-14 06:58:52.863] [info] Frame 620 (t = 3.1):	 total squared error = 4.942, marker error: RMS = 0.444612, max = 1.60047 (BR)
[2025-11-14 06:58:52.886] [info] Frame 621 (t = 3.10500):	 total squared error = 4.94234, marker error: RMS = 0.444628, max = 1.60053 (BR)
[2025-11-14 06:58:52.914] [info] Frame 622 (t = 3.11):	 total squared error = 4.94261, marker error: RMS = 0.444639, max = 1.60058 (BR)
[2025-11-14 06:58:52.933] [info] Frame 623 (t = 3.115):	 total squared error = 4.9428, marker error: RMS = 0.444648, max = 1.60062 (BR)
[2025-11-14 06:58:52.959] [info] Frame 624 (t = 3.12):	 total squared error = 4.94292, marker error: RMS = 0.444654, max = 1.60064 (BR)
[2025-11-14 06:58:52.980] [info] Frame 625 (t = 3.125):	 total squared error = 4.94299, marker error: RMS = 0.444657, max = 1.60067 (BR)
[2025-11-14 06:58:53.015] [info] Frame 626 (t = 3.13):	 total squared error = 4.94301, marker error: RMS = 0.444658, max = 1.60068 (BR)
[2025-11-14 06:58:53.045] [info] Frame 627 (t = 3.135):	 total squared error = 4.94299, marker error: RMS = 0.444657, max = 1.60069 (BR)
[2025-11-14 06:58:53.077] [info] Frame 628 (t = 3.14):	 total squared error = 4.94296, marker error: RMS = 0.444655, max = 1.60070 (BR)
[2025-11-14 06:58:53.108] [info] Frame 629 (t = 3.145):	 total squared error = 4.94292, marker error: RMS = 0.444653, max = 1.60071 (BR)
[2025-11-14 06:58:53.141] [info] Frame 630 (t = 3.15):	 total squared error = 4.94288, marker error: RMS = 0.444652, max = 1.60072 (BR)
[2025-11-14 06:58:53.174] [info] Frame 631 (t = 3.155):	 total squared error = 4.94286, marker error: RMS = 0.444651, max = 1.60074 (BR)
[2025-11-14 06:58:53.209] [info] Frame 632 (t = 3.16):	 total squared error = 4.94286, marker error: RMS = 0.444651, max = 1.60076 (BR)
[2025-11-14 06:58:53.244] [info] Frame 633 (t = 3.165):	 total squared error = 4.9429, marker error: RMS = 0.444652, max = 1.60078 (BR)
[2025-11-14 06:58:53.267] [info] Frame 634 (t = 3.17):	 total squared error = 4.94296, marker error: RMS = 0.444655, max = 1.60081 (BR)
[2025-11-14 06:58:53.294] [info] Frame 635 (t = 3.175):	 total squared error = 4.94305, marker error: RMS = 0.444659, max = 1.60084 (BR)
[2025-11-14 06:58:53.313] [info] Frame 636 (t = 3.18):	 total squared error = 4.94316, marker error: RMS = 0.444664, max = 1.60088 (BR)
[2025-11-14 06:58:53.364] [info] Frame 637 (t = 3.185):	 total squared error = 4.94329, marker error: RMS = 0.44467, max = 1.60092 (BR)
[2025-11-14 06:58:53.395] [info] Frame 638 (t = 3.19):	 total squared error = 4.94343, marker error: RMS = 0.444677, max = 1.60095 (BR)
[2025-11-14 06:58:53.423] [info] Frame 639 (t = 3.195):	 total squared error = 4.94358, marker error: RMS = 0.444683, max = 1.60099 (BR)
[2025-11-14 06:58:53.452] [info] Frame 640 (t = 3.2):	 total squared error = 4.94371, marker error: RMS = 0.444689, max = 1.60102 (BR)
[2025-11-14 06:58:53.487] [info] Frame 641 (t = 3.20500):	 total squared error = 4.94382, marker error: RMS = 0.444694, max = 1.60105 (BR)
[2025-11-14 06:58:53.534] [info] Frame 642 (t = 3.21):	 total squared error = 4.9439, marker error: RMS = 0.444698, max = 1.60107 (BR)
[2025-11-14 06:58:53.567] [info] Frame 643 (t = 3.215):	 total squared error = 4.94395, marker error: RMS = 0.4447, max = 1.60108 (BR)
[2025-11-14 06:58:53.606] [info] Frame 644 (t = 3.22):	 total squared error = 4.94397, marker error: RMS = 0.444701, max = 1.60109 (BR)
[2025-11-14 06:58:53.646] [info] Frame 645 (t = 3.225):	 total squared error = 4.94398, marker error: RMS = 0.444701, max = 1.60109 (BR)
[2025-11-14 06:58:53.686] [info] InverseKinematicsTool completed 645 frames in 21 second(s).
[2025-11-14 06:58:53.749] [info] Loaded model tps_transformed from file ..\..\..\..\models\Athlete_03_MRI_BG\25_03_31\scaled.osim
[2025-11-14 06:58:53.852] [info] Storage: read data file = joint_angles.mot (nr=645 nc=40)
[2025-11-14 06:58:53.948] [info] Loaded model tps_transformed from file ..\..\..\..\models\Athlete_03_MRI_BG\25_03_31\scaled.osim
[2025-11-14 06:58:54.041] [cout] [info] 
               MODEL: tps_transformed
         coordinates: 39
              forces: 97
           actuators: 97
             muscles: 80
            analyses: 0
              probes: 0
              bodies: 22
              joints: 22
         constraints: 2
             markers: 45
         controllers: 0
  contact geometries: 0
misc modelcomponents: 0
[2025-11-14 06:58:54.042] [info] Running tool ...
[2025-11-14 06:58:54.139] [info] Storage: read data file = grf.mot (nr=6460 nc=46)
[2025-11-14 06:58:54.256] [info] ExternalForce::grf_r_4 Data source being set to grf
[2025-11-14 06:58:54.256] [info] ExternalForce::grf_l_5 Data source being set to grf
[2025-11-14 06:58:54.274] [info] Storage: read data file = joint_angles.mot (nr=645 nc=40)
[2025-11-14 06:58:54.289] [info] Low-pass filtering coordinates data with a cutoff frequency of 6.0...
