[2025-11-11 13:36:41.443] [info] Storage: read data file = joint_angles.mot (nr=92 nc=40)
[2025-11-11 13:36:41.459] [info] Updating Model file from 40500 to latest format...
[2025-11-11 13:36:41.478] [info] Loaded model 012 from file ..\..\..\..\models\012\pre\scaled.osim
[2025-11-11 13:36:41.478] [warning] Couldn't find file 'Raja\r_pelvis.vtp'.
[2025-11-11 13:36:41.479] [warning] Couldn't find file 'Raja\l_pelvis.vtp'.
[2025-11-11 13:36:41.479] [warning] Couldn't find file 'Raja\sacrum.vtp'.
[2025-11-11 13:36:41.479] [warning] Couldn't find file 'Raja\r_femur.vtp'.
[2025-11-11 13:36:41.479] [warning] Couldn't find file 'Raja\r_tibia.vtp'.
[2025-11-11 13:36:41.479] [warning] Couldn't find file 'Raja\r_fibula.vtp'.
[2025-11-11 13:36:41.480] [warning] Couldn't find file 'Raja\r_patella.vtp'.
[2025-11-11 13:36:41.480] [warning] Couldn't find file 'Raja\r_talus.vtp'.
[2025-11-11 13:36:41.480] [warning] Couldn't find file 'Raja\r_foot.vtp'.
[2025-11-11 13:36:41.480] [warning] Couldn't find file 'Raja\r_bofoot.vtp'.
[2025-11-11 13:36:41.481] [warning] Couldn't find file 'Raja\l_femur.vtp'.
[2025-11-11 13:36:41.481] [warning] Couldn't find file 'Raja\l_tibia.vtp'.
[2025-11-11 13:36:41.481] [warning] Couldn't find file 'Raja\l_fibula.vtp'.
[2025-11-11 13:36:41.481] [warning] Couldn't find file 'Raja\l_patella.vtp'.
[2025-11-11 13:36:41.482] [warning] Couldn't find file 'Raja\l_talus.vtp'.
[2025-11-11 13:36:41.482] [warning] Couldn't find file 'Raja\l_foot.vtp'.
[2025-11-11 13:36:41.482] [warning] Couldn't find file 'Raja\l_bofoot.vtp'.
[2025-11-11 13:36:41.482] [warning] Couldn't find file 'Raja\hat_spine.vtp'.
[2025-11-11 13:36:41.482] [warning] Couldn't find file 'Raja\hat_jaw.vtp'.
[2025-11-11 13:36:41.482] [warning] Couldn't find file 'Raja\hat_skull.vtp'.
[2025-11-11 13:36:41.482] [warning] Couldn't find file 'Raja\hat_ribs_scap.vtp'.
[2025-11-11 13:36:41.482] [warning] Couldn't find file 'Raja\humerus_rv.vtp'.
[2025-11-11 13:36:41.483] [warning] Couldn't find file 'Raja\ulna_rv.vtp'.
[2025-11-11 13:36:41.483] [warning] Couldn't find file 'Raja\radius_rv.vtp'.
[2025-11-11 13:36:41.483] [warning] Couldn't find file 'Raja\pisiform_rvs.vtp'.
[2025-11-11 13:36:41.483] [warning] Couldn't find file 'Raja\lunate_rvs.vtp'.
[2025-11-11 13:36:41.483] [warning] Couldn't find file 'Raja\scaphoid_rvs.vtp'.
[2025-11-11 13:36:41.483] [warning] Couldn't find file 'Raja\triquetrum_rvs.vtp'.
[2025-11-11 13:36:41.483] [warning] Couldn't find file 'Raja\hamate_rvs.vtp'.
[2025-11-11 13:36:41.484] [warning] Couldn't find file 'Raja\capitate_rvs.vtp'.
[2025-11-11 13:36:41.484] [warning] Couldn't find file 'Raja\trapezoid_rvs.vtp'.
[2025-11-11 13:36:41.484] [warning] Couldn't find file 'Raja\trapezium_rvs.vtp'.
[2025-11-11 13:36:41.484] [warning] Couldn't find file 'Raja\metacarpal2_rvs.vtp'.
[2025-11-11 13:36:41.484] [warning] Couldn't find file 'Raja\index_proximal_rvs.vtp'.
[2025-11-11 13:36:41.484] [warning] Couldn't find file 'Raja\index_medial_rvs.vtp'.
[2025-11-11 13:36:41.484] [warning] Couldn't find file 'Raja\index_distal_rvs.vtp'.
[2025-11-11 13:36:41.484] [warning] Couldn't find file 'metacarpal3_rvs.vtp'.
[2025-11-11 13:36:41.484] [warning] Couldn't find file 'Raja\middle_proximal_rvs.vtp'.
[2025-11-11 13:36:41.484] [warning] Couldn't find file 'middle_medial_rvs.vtp'.
[2025-11-11 13:36:41.485] [warning] Couldn't find file 'Raja\middle_distal_rvs.vtp'.
[2025-11-11 13:36:41.485] [warning] Couldn't find file 'Raja\metacarpal4_rvs.vtp'.
[2025-11-11 13:36:41.485] [warning] Couldn't find file 'Raja\ring_proximal_rvs.vtp'.
[2025-11-11 13:36:41.485] [warning] Couldn't find file 'Raja\ring_medial_rvs.vtp'.
[2025-11-11 13:36:41.485] [warning] Couldn't find file 'Raja\ring_distal_rvs.vtp'.
[2025-11-11 13:36:41.485] [warning] Couldn't find file 'Raja\metacarpal5_rvs.vtp'.
[2025-11-11 13:36:41.485] [warning] Couldn't find file 'Raja\little_proximal_rvs.vtp'.
[2025-11-11 13:36:41.485] [warning] Couldn't find file 'Raja\little_medial_rvs.vtp'.
[2025-11-11 13:36:41.485] [warning] Couldn't find file 'Raja\little_distal_rvs.vtp'.
[2025-11-11 13:36:41.485] [warning] Couldn't find file 'Raja\metacarpal1_rvs.vtp'.
[2025-11-11 13:36:41.485] [warning] Couldn't find file 'Raja\thumb_proximal_rvs.vtp'.
[2025-11-11 13:36:41.486] [warning] Couldn't find file 'Raja\thumb_distal_rvs.vtp'.
[2025-11-11 13:36:41.486] [warning] Couldn't find file 'Raja\humerus_lv.vtp'.
[2025-11-11 13:36:41.486] [warning] Couldn't find file 'Raja\ulna_lv.vtp'.
[2025-11-11 13:36:41.486] [warning] Couldn't find file 'Raja\radius_lv.vtp'.
[2025-11-11 13:36:41.486] [warning] Couldn't find file 'Raja\pisiform_lvs.vtp'.
[2025-11-11 13:36:41.486] [warning] Couldn't find file 'Raja\lunate_lvs.vtp'.
[2025-11-11 13:36:41.486] [warning] Couldn't find file 'Raja\scaphoid_lvs.vtp'.
[2025-11-11 13:36:41.487] [warning] Couldn't find file 'Raja\triquetrum_lvs.vtp'.
[2025-11-11 13:36:41.487] [warning] Couldn't find file 'Raja\hamate_lvs.vtp'.
[2025-11-11 13:36:41.487] [warning] Couldn't find file 'Raja\capitate_lvs.vtp'.
[2025-11-11 13:36:41.487] [warning] Couldn't find file 'Raja\trapezoid_lvs.vtp'.
[2025-11-11 13:36:41.487] [warning] Couldn't find file 'Raja\trapezium_lvs.vtp'.
[2025-11-11 13:36:41.487] [warning] Couldn't find file 'Raja\metacarpal2_lvs.vtp'.
[2025-11-11 13:36:41.487] [warning] Couldn't find file 'Raja\index_proximal_lvs.vtp'.
[2025-11-11 13:36:41.487] [warning] Couldn't find file 'Raja\index_medial_lvs.vtp'.
[2025-11-11 13:36:41.487] [warning] Couldn't find file 'Raja\index_distal_lvs.vtp'.
[2025-11-11 13:36:41.487] [warning] Couldn't find file 'Raja\metacarpal3_lvs.vtp'.
[2025-11-11 13:36:41.487] [warning] Couldn't find file 'Raja\middle_proximal_lvs.vtp'.
[2025-11-11 13:36:41.488] [warning] Couldn't find file 'Raja\middle_medial_lvs.vtp'.
[2025-11-11 13:36:41.488] [warning] Couldn't find file 'Raja\middle_distal_lvs.vtp'.
[2025-11-11 13:36:41.488] [warning] Couldn't find file 'Raja\metacarpal4_lvs.vtp'.
[2025-11-11 13:36:41.488] [warning] Couldn't find file 'Raja\ring_proximal_lvs.vtp'.
[2025-11-11 13:36:41.488] [warning] Couldn't find file 'Raja\ring_medial_lvs.vtp'.
[2025-11-11 13:36:41.488] [warning] Couldn't find file 'Raja\ring_distal_lvs.vtp'.
[2025-11-11 13:36:41.488] [warning] Couldn't find file 'Raja\metacarpal5_lvs.vtp'.
[2025-11-11 13:36:41.488] [warning] Couldn't find file 'Raja\little_proximal_lvs.vtp'.
[2025-11-11 13:36:41.489] [warning] Couldn't find file 'Raja\little_medial_lvs.vtp'.
[2025-11-11 13:36:41.489] [warning] Couldn't find file 'Raja\little_distal_lvs.vtp'.
[2025-11-11 13:36:41.489] [warning] Couldn't find file 'Raja\metacarpal1_lvs.vtp'.
[2025-11-11 13:36:41.489] [warning] Couldn't find file 'Raja\thumb_proximal_lvs.vtp'.
[2025-11-11 13:36:41.489] [warning] Couldn't find file 'Raja\thumb_distal_lvs.vtp'.
[2025-11-11 13:36:46.331] [info] Storage: read data file = joint_angles.mot (nr=92 nc=40)
[2025-11-11 13:36:46.347] [info] Updating Model file from 40500 to latest format...
[2025-11-11 13:36:46.367] [info] Loaded model 012 from file ..\..\..\..\models\012\pre\scaled.osim
[2025-11-11 13:36:46.367] [warning] Couldn't find file 'Raja\r_pelvis.vtp'.
[2025-11-11 13:36:46.368] [warning] Couldn't find file 'Raja\l_pelvis.vtp'.
[2025-11-11 13:36:46.368] [warning] Couldn't find file 'Raja\sacrum.vtp'.
[2025-11-11 13:36:46.368] [warning] Couldn't find file 'Raja\r_femur.vtp'.
[2025-11-11 13:36:46.368] [warning] Couldn't find file 'Raja\r_tibia.vtp'.
[2025-11-11 13:36:46.368] [warning] Couldn't find file 'Raja\r_fibula.vtp'.
[2025-11-11 13:36:46.368] [warning] Couldn't find file 'Raja\r_patella.vtp'.
[2025-11-11 13:36:46.368] [warning] Couldn't find file 'Raja\r_talus.vtp'.
[2025-11-11 13:36:46.368] [warning] Couldn't find file 'Raja\r_foot.vtp'.
[2025-11-11 13:36:46.368] [warning] Couldn't find file 'Raja\r_bofoot.vtp'.
[2025-11-11 13:36:46.369] [warning] Couldn't find file 'Raja\l_femur.vtp'.
[2025-11-11 13:36:46.369] [warning] Couldn't find file 'Raja\l_tibia.vtp'.
[2025-11-11 13:36:46.369] [warning] Couldn't find file 'Raja\l_fibula.vtp'.
[2025-11-11 13:36:46.369] [warning] Couldn't find file 'Raja\l_patella.vtp'.
[2025-11-11 13:36:46.369] [warning] Couldn't find file 'Raja\l_talus.vtp'.
[2025-11-11 13:36:46.369] [warning] Couldn't find file 'Raja\l_foot.vtp'.
[2025-11-11 13:36:46.369] [warning] Couldn't find file 'Raja\l_bofoot.vtp'.
[2025-11-11 13:36:46.369] [warning] Couldn't find file 'Raja\hat_spine.vtp'.
[2025-11-11 13:36:46.369] [warning] Couldn't find file 'Raja\hat_jaw.vtp'.
[2025-11-11 13:36:46.370] [warning] Couldn't find file 'Raja\hat_skull.vtp'.
[2025-11-11 13:36:46.370] [warning] Couldn't find file 'Raja\hat_ribs_scap.vtp'.
[2025-11-11 13:36:46.370] [warning] Couldn't find file 'Raja\humerus_rv.vtp'.
[2025-11-11 13:36:46.370] [warning] Couldn't find file 'Raja\ulna_rv.vtp'.
[2025-11-11 13:36:46.370] [warning] Couldn't find file 'Raja\radius_rv.vtp'.
[2025-11-11 13:36:46.370] [warning] Couldn't find file 'Raja\pisiform_rvs.vtp'.
[2025-11-11 13:36:46.370] [warning] Couldn't find file 'Raja\lunate_rvs.vtp'.
[2025-11-11 13:36:46.370] [warning] Couldn't find file 'Raja\scaphoid_rvs.vtp'.
[2025-11-11 13:36:46.370] [warning] Couldn't find file 'Raja\triquetrum_rvs.vtp'.
[2025-11-11 13:36:46.371] [warning] Couldn't find file 'Raja\hamate_rvs.vtp'.
[2025-11-11 13:36:46.371] [warning] Couldn't find file 'Raja\capitate_rvs.vtp'.
[2025-11-11 13:36:46.371] [warning] Couldn't find file 'Raja\trapezoid_rvs.vtp'.
[2025-11-11 13:36:46.371] [warning] Couldn't find file 'Raja\trapezium_rvs.vtp'.
[2025-11-11 13:36:46.371] [warning] Couldn't find file 'Raja\metacarpal2_rvs.vtp'.
[2025-11-11 13:36:46.371] [warning] Couldn't find file 'Raja\index_proximal_rvs.vtp'.
[2025-11-11 13:36:46.371] [warning] Couldn't find file 'Raja\index_medial_rvs.vtp'.
[2025-11-11 13:36:46.371] [warning] Couldn't find file 'Raja\index_distal_rvs.vtp'.
[2025-11-11 13:36:46.371] [warning] Couldn't find file 'metacarpal3_rvs.vtp'.
[2025-11-11 13:36:46.371] [warning] Couldn't find file 'Raja\middle_proximal_rvs.vtp'.
[2025-11-11 13:36:46.371] [warning] Couldn't find file 'middle_medial_rvs.vtp'.
[2025-11-11 13:36:46.371] [warning] Couldn't find file 'Raja\middle_distal_rvs.vtp'.
[2025-11-11 13:36:46.372] [warning] Couldn't find file 'Raja\metacarpal4_rvs.vtp'.
[2025-11-11 13:36:46.372] [warning] Couldn't find file 'Raja\ring_proximal_rvs.vtp'.
[2025-11-11 13:36:46.372] [warning] Couldn't find file 'Raja\ring_medial_rvs.vtp'.
[2025-11-11 13:36:46.372] [warning] Couldn't find file 'Raja\ring_distal_rvs.vtp'.
[2025-11-11 13:36:46.372] [warning] Couldn't find file 'Raja\metacarpal5_rvs.vtp'.
[2025-11-11 13:36:46.372] [warning] Couldn't find file 'Raja\little_proximal_rvs.vtp'.
[2025-11-11 13:36:46.372] [warning] Couldn't find file 'Raja\little_medial_rvs.vtp'.
[2025-11-11 13:36:46.373] [warning] Couldn't find file 'Raja\little_distal_rvs.vtp'.
[2025-11-11 13:36:46.373] [warning] Couldn't find file 'Raja\metacarpal1_rvs.vtp'.
[2025-11-11 13:36:46.373] [warning] Couldn't find file 'Raja\thumb_proximal_rvs.vtp'.
[2025-11-11 13:36:46.373] [warning] Couldn't find file 'Raja\thumb_distal_rvs.vtp'.
[2025-11-11 13:36:46.373] [warning] Couldn't find file 'Raja\humerus_lv.vtp'.
[2025-11-11 13:36:46.373] [warning] Couldn't find file 'Raja\ulna_lv.vtp'.
[2025-11-11 13:36:46.373] [warning] Couldn't find file 'Raja\radius_lv.vtp'.
[2025-11-11 13:36:46.374] [warning] Couldn't find file 'Raja\pisiform_lvs.vtp'.
[2025-11-11 13:36:46.374] [warning] Couldn't find file 'Raja\lunate_lvs.vtp'.
[2025-11-11 13:36:46.374] [warning] Couldn't find file 'Raja\scaphoid_lvs.vtp'.
[2025-11-11 13:36:46.374] [warning] Couldn't find file 'Raja\triquetrum_lvs.vtp'.
[2025-11-11 13:36:46.374] [warning] Couldn't find file 'Raja\hamate_lvs.vtp'.
[2025-11-11 13:36:46.374] [warning] Couldn't find file 'Raja\capitate_lvs.vtp'.
[2025-11-11 13:36:46.374] [warning] Couldn't find file 'Raja\trapezoid_lvs.vtp'.
[2025-11-11 13:36:46.374] [warning] Couldn't find file 'Raja\trapezium_lvs.vtp'.
[2025-11-11 13:36:46.374] [warning] Couldn't find file 'Raja\metacarpal2_lvs.vtp'.
[2025-11-11 13:36:46.374] [warning] Couldn't find file 'Raja\index_proximal_lvs.vtp'.
[2025-11-11 13:36:46.375] [warning] Couldn't find file 'Raja\index_medial_lvs.vtp'.
[2025-11-11 13:36:46.375] [warning] Couldn't find file 'Raja\index_distal_lvs.vtp'.
[2025-11-11 13:36:46.375] [warning] Couldn't find file 'Raja\metacarpal3_lvs.vtp'.
[2025-11-11 13:36:46.375] [warning] Couldn't find file 'Raja\middle_proximal_lvs.vtp'.
[2025-11-11 13:36:46.375] [warning] Couldn't find file 'Raja\middle_medial_lvs.vtp'.
[2025-11-11 13:36:46.375] [warning] Couldn't find file 'Raja\middle_distal_lvs.vtp'.
[2025-11-11 13:36:46.375] [warning] Couldn't find file 'Raja\metacarpal4_lvs.vtp'.
[2025-11-11 13:36:46.375] [warning] Couldn't find file 'Raja\ring_proximal_lvs.vtp'.
[2025-11-11 13:36:46.375] [warning] Couldn't find file 'Raja\ring_medial_lvs.vtp'.
[2025-11-11 13:36:46.375] [warning] Couldn't find file 'Raja\ring_distal_lvs.vtp'.
[2025-11-11 13:36:46.376] [warning] Couldn't find file 'Raja\metacarpal5_lvs.vtp'.
[2025-11-11 13:36:46.376] [warning] Couldn't find file 'Raja\little_proximal_lvs.vtp'.
[2025-11-11 13:36:46.376] [warning] Couldn't find file 'Raja\little_medial_lvs.vtp'.
[2025-11-11 13:36:46.376] [warning] Couldn't find file 'Raja\little_distal_lvs.vtp'.
[2025-11-11 13:36:46.376] [warning] Couldn't find file 'Raja\metacarpal1_lvs.vtp'.
[2025-11-11 13:36:46.376] [warning] Couldn't find file 'Raja\thumb_proximal_lvs.vtp'.
[2025-11-11 13:36:46.376] [warning] Couldn't find file 'Raja\thumb_distal_lvs.vtp'.
[2025-11-11 13:36:51.315] [info] Updating Model file from 40500 to latest format...
[2025-11-11 13:36:51.333] [info] Loaded model 012 from file ..\..\..\..\models\012\pre\scaled.osim
[2025-11-11 13:36:51.334] [warning] Couldn't find file 'Raja\r_pelvis.vtp'.
[2025-11-11 13:36:51.334] [warning] Couldn't find file 'Raja\l_pelvis.vtp'.
[2025-11-11 13:36:51.334] [warning] Couldn't find file 'Raja\sacrum.vtp'.
[2025-11-11 13:36:51.334] [warning] Couldn't find file 'Raja\r_femur.vtp'.
[2025-11-11 13:36:51.334] [warning] Couldn't find file 'Raja\r_tibia.vtp'.
[2025-11-11 13:36:51.334] [warning] Couldn't find file 'Raja\r_fibula.vtp'.
[2025-11-11 13:36:51.334] [warning] Couldn't find file 'Raja\r_patella.vtp'.
[2025-11-11 13:36:51.334] [warning] Couldn't find file 'Raja\r_talus.vtp'.
[2025-11-11 13:36:51.335] [warning] Couldn't find file 'Raja\r_foot.vtp'.
[2025-11-11 13:36:51.335] [warning] Couldn't find file 'Raja\r_bofoot.vtp'.
[2025-11-11 13:36:51.335] [warning] Couldn't find file 'Raja\l_femur.vtp'.
[2025-11-11 13:36:51.335] [warning] Couldn't find file 'Raja\l_tibia.vtp'.
[2025-11-11 13:36:51.335] [warning] Couldn't find file 'Raja\l_fibula.vtp'.
[2025-11-11 13:36:51.335] [warning] Couldn't find file 'Raja\l_patella.vtp'.
[2025-11-11 13:36:51.335] [warning] Couldn't find file 'Raja\l_talus.vtp'.
[2025-11-11 13:36:51.335] [warning] Couldn't find file 'Raja\l_foot.vtp'.
[2025-11-11 13:36:51.335] [warning] Couldn't find file 'Raja\l_bofoot.vtp'.
[2025-11-11 13:36:51.336] [warning] Couldn't find file 'Raja\hat_spine.vtp'.
[2025-11-11 13:36:51.336] [warning] Couldn't find file 'Raja\hat_jaw.vtp'.
[2025-11-11 13:36:51.336] [warning] Couldn't find file 'Raja\hat_skull.vtp'.
[2025-11-11 13:36:51.336] [warning] Couldn't find file 'Raja\hat_ribs_scap.vtp'.
[2025-11-11 13:36:51.336] [warning] Couldn't find file 'Raja\humerus_rv.vtp'.
[2025-11-11 13:36:51.336] [warning] Couldn't find file 'Raja\ulna_rv.vtp'.
[2025-11-11 13:36:51.336] [warning] Couldn't find file 'Raja\radius_rv.vtp'.
[2025-11-11 13:36:51.336] [warning] Couldn't find file 'Raja\pisiform_rvs.vtp'.
[2025-11-11 13:36:51.336] [warning] Couldn't find file 'Raja\lunate_rvs.vtp'.
[2025-11-11 13:36:51.336] [warning] Couldn't find file 'Raja\scaphoid_rvs.vtp'.
[2025-11-11 13:36:51.336] [warning] Couldn't find file 'Raja\triquetrum_rvs.vtp'.
[2025-11-11 13:36:51.336] [warning] Couldn't find file 'Raja\hamate_rvs.vtp'.
[2025-11-11 13:36:51.337] [warning] Couldn't find file 'Raja\capitate_rvs.vtp'.
[2025-11-11 13:36:51.337] [warning] Couldn't find file 'Raja\trapezoid_rvs.vtp'.
[2025-11-11 13:36:51.337] [warning] Couldn't find file 'Raja\trapezium_rvs.vtp'.
[2025-11-11 13:36:51.337] [warning] Couldn't find file 'Raja\metacarpal2_rvs.vtp'.
[2025-11-11 13:36:51.337] [warning] Couldn't find file 'Raja\index_proximal_rvs.vtp'.
[2025-11-11 13:36:51.338] [warning] Couldn't find file 'Raja\index_medial_rvs.vtp'.
[2025-11-11 13:36:51.338] [warning] Couldn't find file 'Raja\index_distal_rvs.vtp'.
[2025-11-11 13:36:51.338] [warning] Couldn't find file 'metacarpal3_rvs.vtp'.
[2025-11-11 13:36:51.338] [warning] Couldn't find file 'Raja\middle_proximal_rvs.vtp'.
[2025-11-11 13:36:51.338] [warning] Couldn't find file 'middle_medial_rvs.vtp'.
[2025-11-11 13:36:51.338] [warning] Couldn't find file 'Raja\middle_distal_rvs.vtp'.
[2025-11-11 13:36:51.339] [warning] Couldn't find file 'Raja\metacarpal4_rvs.vtp'.
[2025-11-11 13:36:51.339] [warning] Couldn't find file 'Raja\ring_proximal_rvs.vtp'.
[2025-11-11 13:36:51.339] [warning] Couldn't find file 'Raja\ring_medial_rvs.vtp'.
[2025-11-11 13:36:51.339] [warning] Couldn't find file 'Raja\ring_distal_rvs.vtp'.
[2025-11-11 13:36:51.339] [warning] Couldn't find file 'Raja\metacarpal5_rvs.vtp'.
[2025-11-11 13:36:51.339] [warning] Couldn't find file 'Raja\little_proximal_rvs.vtp'.
[2025-11-11 13:36:51.339] [warning] Couldn't find file 'Raja\little_medial_rvs.vtp'.
[2025-11-11 13:36:51.339] [warning] Couldn't find file 'Raja\little_distal_rvs.vtp'.
[2025-11-11 13:36:51.339] [warning] Couldn't find file 'Raja\metacarpal1_rvs.vtp'.
[2025-11-11 13:36:51.340] [warning] Couldn't find file 'Raja\thumb_proximal_rvs.vtp'.
[2025-11-11 13:36:51.340] [warning] Couldn't find file 'Raja\thumb_distal_rvs.vtp'.
[2025-11-11 13:36:51.340] [warning] Couldn't find file 'Raja\humerus_lv.vtp'.
[2025-11-11 13:36:51.340] [warning] Couldn't find file 'Raja\ulna_lv.vtp'.
[2025-11-11 13:36:51.340] [warning] Couldn't find file 'Raja\radius_lv.vtp'.
[2025-11-11 13:36:51.340] [warning] Couldn't find file 'Raja\pisiform_lvs.vtp'.
[2025-11-11 13:36:51.340] [warning] Couldn't find file 'Raja\lunate_lvs.vtp'.
[2025-11-11 13:36:51.340] [warning] Couldn't find file 'Raja\scaphoid_lvs.vtp'.
[2025-11-11 13:36:51.340] [warning] Couldn't find file 'Raja\triquetrum_lvs.vtp'.
[2025-11-11 13:36:51.340] [warning] Couldn't find file 'Raja\hamate_lvs.vtp'.
[2025-11-11 13:36:51.340] [warning] Couldn't find file 'Raja\capitate_lvs.vtp'.
[2025-11-11 13:36:51.341] [warning] Couldn't find file 'Raja\trapezoid_lvs.vtp'.
[2025-11-11 13:36:51.341] [warning] Couldn't find file 'Raja\trapezium_lvs.vtp'.
[2025-11-11 13:36:51.341] [warning] Couldn't find file 'Raja\metacarpal2_lvs.vtp'.
[2025-11-11 13:36:51.341] [warning] Couldn't find file 'Raja\index_proximal_lvs.vtp'.
[2025-11-11 13:36:51.341] [warning] Couldn't find file 'Raja\index_medial_lvs.vtp'.
[2025-11-11 13:36:51.341] [warning] Couldn't find file 'Raja\index_distal_lvs.vtp'.
[2025-11-11 13:36:51.341] [warning] Couldn't find file 'Raja\metacarpal3_lvs.vtp'.
[2025-11-11 13:36:51.341] [warning] Couldn't find file 'Raja\middle_proximal_lvs.vtp'.
[2025-11-11 13:36:51.341] [warning] Couldn't find file 'Raja\middle_medial_lvs.vtp'.
[2025-11-11 13:36:51.341] [warning] Couldn't find file 'Raja\middle_distal_lvs.vtp'.
[2025-11-11 13:36:51.341] [warning] Couldn't find file 'Raja\metacarpal4_lvs.vtp'.
[2025-11-11 13:36:51.342] [warning] Couldn't find file 'Raja\ring_proximal_lvs.vtp'.
[2025-11-11 13:36:51.342] [warning] Couldn't find file 'Raja\ring_medial_lvs.vtp'.
[2025-11-11 13:36:51.342] [warning] Couldn't find file 'Raja\ring_distal_lvs.vtp'.
[2025-11-11 13:36:51.342] [warning] Couldn't find file 'Raja\metacarpal5_lvs.vtp'.
[2025-11-11 13:36:51.342] [warning] Couldn't find file 'Raja\little_proximal_lvs.vtp'.
[2025-11-11 13:36:51.342] [warning] Couldn't find file 'Raja\little_medial_lvs.vtp'.
[2025-11-11 13:36:51.342] [warning] Couldn't find file 'Raja\little_distal_lvs.vtp'.
[2025-11-11 13:36:51.342] [warning] Couldn't find file 'Raja\metacarpal1_lvs.vtp'.
[2025-11-11 13:36:51.342] [warning] Couldn't find file 'Raja\thumb_proximal_lvs.vtp'.
[2025-11-11 13:36:51.342] [warning] Couldn't find file 'Raja\thumb_distal_lvs.vtp'.
[2025-11-11 13:36:51.345] [info] Storage: read data file = joint_angles.mot (nr=92 nc=40)
[2025-11-11 13:36:51.369] [info] Updating Model file from 40500 to latest format...
[2025-11-11 13:36:51.386] [info] Loaded model 012 from file ..\..\..\..\models\012\pre\scaled.osim
[2025-11-11 13:36:51.387] [warning] Couldn't find file 'Raja\r_pelvis.vtp'.
[2025-11-11 13:36:51.387] [warning] Couldn't find file 'Raja\l_pelvis.vtp'.
[2025-11-11 13:36:51.387] [warning] Couldn't find file 'Raja\sacrum.vtp'.
[2025-11-11 13:36:51.387] [warning] Couldn't find file 'Raja\r_femur.vtp'.
[2025-11-11 13:36:51.387] [warning] Couldn't find file 'Raja\r_tibia.vtp'.
[2025-11-11 13:36:51.387] [warning] Couldn't find file 'Raja\r_fibula.vtp'.
[2025-11-11 13:36:51.388] [warning] Couldn't find file 'Raja\r_patella.vtp'.
[2025-11-11 13:36:51.388] [warning] Couldn't find file 'Raja\r_talus.vtp'.
[2025-11-11 13:36:51.388] [warning] Couldn't find file 'Raja\r_foot.vtp'.
[2025-11-11 13:36:51.388] [warning] Couldn't find file 'Raja\r_bofoot.vtp'.
[2025-11-11 13:36:51.388] [warning] Couldn't find file 'Raja\l_femur.vtp'.
[2025-11-11 13:36:51.388] [warning] Couldn't find file 'Raja\l_tibia.vtp'.
[2025-11-11 13:36:51.388] [warning] Couldn't find file 'Raja\l_fibula.vtp'.
[2025-11-11 13:36:51.388] [warning] Couldn't find file 'Raja\l_patella.vtp'.
[2025-11-11 13:36:51.388] [warning] Couldn't find file 'Raja\l_talus.vtp'.
[2025-11-11 13:36:51.388] [warning] Couldn't find file 'Raja\l_foot.vtp'.
[2025-11-11 13:36:51.388] [warning] Couldn't find file 'Raja\l_bofoot.vtp'.
[2025-11-11 13:36:51.389] [warning] Couldn't find file 'Raja\hat_spine.vtp'.
[2025-11-11 13:36:51.389] [warning] Couldn't find file 'Raja\hat_jaw.vtp'.
[2025-11-11 13:36:51.389] [warning] Couldn't find file 'Raja\hat_skull.vtp'.
[2025-11-11 13:36:51.389] [warning] Couldn't find file 'Raja\hat_ribs_scap.vtp'.
[2025-11-11 13:36:51.389] [warning] Couldn't find file 'Raja\humerus_rv.vtp'.
[2025-11-11 13:36:51.389] [warning] Couldn't find file 'Raja\ulna_rv.vtp'.
[2025-11-11 13:36:51.389] [warning] Couldn't find file 'Raja\radius_rv.vtp'.
[2025-11-11 13:36:51.389] [warning] Couldn't find file 'Raja\pisiform_rvs.vtp'.
[2025-11-11 13:36:51.389] [warning] Couldn't find file 'Raja\lunate_rvs.vtp'.
[2025-11-11 13:36:51.389] [warning] Couldn't find file 'Raja\scaphoid_rvs.vtp'.
[2025-11-11 13:36:51.390] [warning] Couldn't find file 'Raja\triquetrum_rvs.vtp'.
[2025-11-11 13:36:51.390] [warning] Couldn't find file 'Raja\hamate_rvs.vtp'.
[2025-11-11 13:36:51.390] [warning] Couldn't find file 'Raja\capitate_rvs.vtp'.
[2025-11-11 13:36:51.390] [warning] Couldn't find file 'Raja\trapezoid_rvs.vtp'.
[2025-11-11 13:36:51.390] [warning] Couldn't find file 'Raja\trapezium_rvs.vtp'.
[2025-11-11 13:36:51.390] [warning] Couldn't find file 'Raja\metacarpal2_rvs.vtp'.
[2025-11-11 13:36:51.390] [warning] Couldn't find file 'Raja\index_proximal_rvs.vtp'.
[2025-11-11 13:36:51.390] [warning] Couldn't find file 'Raja\index_medial_rvs.vtp'.
[2025-11-11 13:36:51.390] [warning] Couldn't find file 'Raja\index_distal_rvs.vtp'.
[2025-11-11 13:36:51.390] [warning] Couldn't find file 'metacarpal3_rvs.vtp'.
[2025-11-11 13:36:51.391] [warning] Couldn't find file 'Raja\middle_proximal_rvs.vtp'.
[2025-11-11 13:36:51.391] [warning] Couldn't find file 'middle_medial_rvs.vtp'.
[2025-11-11 13:36:51.391] [warning] Couldn't find file 'Raja\middle_distal_rvs.vtp'.
[2025-11-11 13:36:51.391] [warning] Couldn't find file 'Raja\metacarpal4_rvs.vtp'.
[2025-11-11 13:36:51.391] [warning] Couldn't find file 'Raja\ring_proximal_rvs.vtp'.
[2025-11-11 13:36:51.391] [warning] Couldn't find file 'Raja\ring_medial_rvs.vtp'.
[2025-11-11 13:36:51.391] [warning] Couldn't find file 'Raja\ring_distal_rvs.vtp'.
[2025-11-11 13:36:51.391] [warning] Couldn't find file 'Raja\metacarpal5_rvs.vtp'.
[2025-11-11 13:36:51.391] [warning] Couldn't find file 'Raja\little_proximal_rvs.vtp'.
[2025-11-11 13:36:51.391] [warning] Couldn't find file 'Raja\little_medial_rvs.vtp'.
[2025-11-11 13:36:51.391] [warning] Couldn't find file 'Raja\little_distal_rvs.vtp'.
[2025-11-11 13:36:51.391] [warning] Couldn't find file 'Raja\metacarpal1_rvs.vtp'.
[2025-11-11 13:36:51.392] [warning] Couldn't find file 'Raja\thumb_proximal_rvs.vtp'.
[2025-11-11 13:36:51.392] [warning] Couldn't find file 'Raja\thumb_distal_rvs.vtp'.
[2025-11-11 13:36:51.392] [warning] Couldn't find file 'Raja\humerus_lv.vtp'.
[2025-11-11 13:36:51.392] [warning] Couldn't find file 'Raja\ulna_lv.vtp'.
[2025-11-11 13:36:51.392] [warning] Couldn't find file 'Raja\radius_lv.vtp'.
[2025-11-11 13:36:51.392] [warning] Couldn't find file 'Raja\pisiform_lvs.vtp'.
[2025-11-11 13:36:51.392] [warning] Couldn't find file 'Raja\lunate_lvs.vtp'.
[2025-11-11 13:36:51.392] [warning] Couldn't find file 'Raja\scaphoid_lvs.vtp'.
[2025-11-11 13:36:51.392] [warning] Couldn't find file 'Raja\triquetrum_lvs.vtp'.
[2025-11-11 13:36:51.392] [warning] Couldn't find file 'Raja\hamate_lvs.vtp'.
[2025-11-11 13:36:51.392] [warning] Couldn't find file 'Raja\capitate_lvs.vtp'.
[2025-11-11 13:36:51.392] [warning] Couldn't find file 'Raja\trapezoid_lvs.vtp'.
[2025-11-11 13:36:51.393] [warning] Couldn't find file 'Raja\trapezium_lvs.vtp'.
[2025-11-11 13:36:51.393] [warning] Couldn't find file 'Raja\metacarpal2_lvs.vtp'.
[2025-11-11 13:36:51.393] [warning] Couldn't find file 'Raja\index_proximal_lvs.vtp'.
[2025-11-11 13:36:51.393] [warning] Couldn't find file 'Raja\index_medial_lvs.vtp'.
[2025-11-11 13:36:51.393] [warning] Couldn't find file 'Raja\index_distal_lvs.vtp'.
[2025-11-11 13:36:51.393] [warning] Couldn't find file 'Raja\metacarpal3_lvs.vtp'.
[2025-11-11 13:36:51.393] [warning] Couldn't find file 'Raja\middle_proximal_lvs.vtp'.
[2025-11-11 13:36:51.393] [warning] Couldn't find file 'Raja\middle_medial_lvs.vtp'.
[2025-11-11 13:36:51.393] [warning] Couldn't find file 'Raja\middle_distal_lvs.vtp'.
[2025-11-11 13:36:51.393] [warning] Couldn't find file 'Raja\metacarpal4_lvs.vtp'.
[2025-11-11 13:36:51.393] [warning] Couldn't find file 'Raja\ring_proximal_lvs.vtp'.
[2025-11-11 13:36:51.393] [warning] Couldn't find file 'Raja\ring_medial_lvs.vtp'.
[2025-11-11 13:36:51.394] [warning] Couldn't find file 'Raja\ring_distal_lvs.vtp'.
[2025-11-11 13:36:51.394] [warning] Couldn't find file 'Raja\metacarpal5_lvs.vtp'.
[2025-11-11 13:36:51.394] [warning] Couldn't find file 'Raja\little_proximal_lvs.vtp'.
[2025-11-11 13:36:51.394] [warning] Couldn't find file 'Raja\little_medial_lvs.vtp'.
[2025-11-11 13:36:51.394] [warning] Couldn't find file 'Raja\little_distal_lvs.vtp'.
[2025-11-11 13:36:51.394] [warning] Couldn't find file 'Raja\metacarpal1_lvs.vtp'.
[2025-11-11 13:36:51.394] [warning] Couldn't find file 'Raja\thumb_proximal_lvs.vtp'.
[2025-11-11 13:36:51.394] [warning] Couldn't find file 'Raja\thumb_distal_lvs.vtp'.
[2025-11-11 13:36:52.348] [info] Updating Model file from 40500 to latest format...
[2025-11-11 13:36:52.366] [info] Loaded model 012 from file ..\..\..\..\models\012\pre\scaled.osim
[2025-11-11 13:36:52.366] [warning] Couldn't find file 'Raja\r_pelvis.vtp'.
[2025-11-11 13:36:52.367] [warning] Couldn't find file 'Raja\l_pelvis.vtp'.
[2025-11-11 13:36:52.367] [warning] Couldn't find file 'Raja\sacrum.vtp'.
[2025-11-11 13:36:52.367] [warning] Couldn't find file 'Raja\r_femur.vtp'.
[2025-11-11 13:36:52.367] [warning] Couldn't find file 'Raja\r_tibia.vtp'.
[2025-11-11 13:36:52.367] [warning] Couldn't find file 'Raja\r_fibula.vtp'.
[2025-11-11 13:36:52.367] [warning] Couldn't find file 'Raja\r_patella.vtp'.
[2025-11-11 13:36:52.367] [warning] Couldn't find file 'Raja\r_talus.vtp'.
[2025-11-11 13:36:52.367] [warning] Couldn't find file 'Raja\r_foot.vtp'.
[2025-11-11 13:36:52.368] [warning] Couldn't find file 'Raja\r_bofoot.vtp'.
[2025-11-11 13:36:52.368] [warning] Couldn't find file 'Raja\l_femur.vtp'.
[2025-11-11 13:36:52.368] [warning] Couldn't find file 'Raja\l_tibia.vtp'.
[2025-11-11 13:36:52.368] [warning] Couldn't find file 'Raja\l_fibula.vtp'.
[2025-11-11 13:36:52.368] [warning] Couldn't find file 'Raja\l_patella.vtp'.
[2025-11-11 13:36:52.368] [warning] Couldn't find file 'Raja\l_talus.vtp'.
[2025-11-11 13:36:52.368] [warning] Couldn't find file 'Raja\l_foot.vtp'.
[2025-11-11 13:36:52.368] [warning] Couldn't find file 'Raja\l_bofoot.vtp'.
[2025-11-11 13:36:52.368] [warning] Couldn't find file 'Raja\hat_spine.vtp'.
[2025-11-11 13:36:52.368] [warning] Couldn't find file 'Raja\hat_jaw.vtp'.
[2025-11-11 13:36:52.368] [warning] Couldn't find file 'Raja\hat_skull.vtp'.
[2025-11-11 13:36:52.369] [warning] Couldn't find file 'Raja\hat_ribs_scap.vtp'.
[2025-11-11 13:36:52.369] [warning] Couldn't find file 'Raja\humerus_rv.vtp'.
[2025-11-11 13:36:52.369] [warning] Couldn't find file 'Raja\ulna_rv.vtp'.
[2025-11-11 13:36:52.369] [warning] Couldn't find file 'Raja\radius_rv.vtp'.
[2025-11-11 13:36:52.369] [warning] Couldn't find file 'Raja\pisiform_rvs.vtp'.
[2025-11-11 13:36:52.369] [warning] Couldn't find file 'Raja\lunate_rvs.vtp'.
[2025-11-11 13:36:52.369] [warning] Couldn't find file 'Raja\scaphoid_rvs.vtp'.
[2025-11-11 13:36:52.369] [warning] Couldn't find file 'Raja\triquetrum_rvs.vtp'.
[2025-11-11 13:36:52.369] [warning] Couldn't find file 'Raja\hamate_rvs.vtp'.
[2025-11-11 13:36:52.369] [warning] Couldn't find file 'Raja\capitate_rvs.vtp'.
[2025-11-11 13:36:52.369] [warning] Couldn't find file 'Raja\trapezoid_rvs.vtp'.
[2025-11-11 13:36:52.369] [warning] Couldn't find file 'Raja\trapezium_rvs.vtp'.
[2025-11-11 13:36:52.369] [warning] Couldn't find file 'Raja\metacarpal2_rvs.vtp'.
[2025-11-11 13:36:52.370] [warning] Couldn't find file 'Raja\index_proximal_rvs.vtp'.
[2025-11-11 13:36:52.370] [warning] Couldn't find file 'Raja\index_medial_rvs.vtp'.
[2025-11-11 13:36:52.370] [warning] Couldn't find file 'Raja\index_distal_rvs.vtp'.
[2025-11-11 13:36:52.370] [warning] Couldn't find file 'metacarpal3_rvs.vtp'.
[2025-11-11 13:36:52.370] [warning] Couldn't find file 'Raja\middle_proximal_rvs.vtp'.
[2025-11-11 13:36:52.370] [warning] Couldn't find file 'middle_medial_rvs.vtp'.
[2025-11-11 13:36:52.370] [warning] Couldn't find file 'Raja\middle_distal_rvs.vtp'.
[2025-11-11 13:36:52.370] [warning] Couldn't find file 'Raja\metacarpal4_rvs.vtp'.
[2025-11-11 13:36:52.370] [warning] Couldn't find file 'Raja\ring_proximal_rvs.vtp'.
[2025-11-11 13:36:52.370] [warning] Couldn't find file 'Raja\ring_medial_rvs.vtp'.
[2025-11-11 13:36:52.370] [warning] Couldn't find file 'Raja\ring_distal_rvs.vtp'.
[2025-11-11 13:36:52.370] [warning] Couldn't find file 'Raja\metacarpal5_rvs.vtp'.
[2025-11-11 13:36:52.370] [warning] Couldn't find file 'Raja\little_proximal_rvs.vtp'.
[2025-11-11 13:36:52.371] [warning] Couldn't find file 'Raja\little_medial_rvs.vtp'.
[2025-11-11 13:36:52.371] [warning] Couldn't find file 'Raja\little_distal_rvs.vtp'.
[2025-11-11 13:36:52.371] [warning] Couldn't find file 'Raja\metacarpal1_rvs.vtp'.
[2025-11-11 13:36:52.371] [warning] Couldn't find file 'Raja\thumb_proximal_rvs.vtp'.
[2025-11-11 13:36:52.371] [warning] Couldn't find file 'Raja\thumb_distal_rvs.vtp'.
[2025-11-11 13:36:52.371] [warning] Couldn't find file 'Raja\humerus_lv.vtp'.
[2025-11-11 13:36:52.371] [warning] Couldn't find file 'Raja\ulna_lv.vtp'.
[2025-11-11 13:36:52.371] [warning] Couldn't find file 'Raja\radius_lv.vtp'.
[2025-11-11 13:36:52.371] [warning] Couldn't find file 'Raja\pisiform_lvs.vtp'.
[2025-11-11 13:36:52.371] [warning] Couldn't find file 'Raja\lunate_lvs.vtp'.
[2025-11-11 13:36:52.371] [warning] Couldn't find file 'Raja\scaphoid_lvs.vtp'.
[2025-11-11 13:36:52.371] [warning] Couldn't find file 'Raja\triquetrum_lvs.vtp'.
[2025-11-11 13:36:52.372] [warning] Couldn't find file 'Raja\hamate_lvs.vtp'.
[2025-11-11 13:36:52.372] [warning] Couldn't find file 'Raja\capitate_lvs.vtp'.
[2025-11-11 13:36:52.372] [warning] Couldn't find file 'Raja\trapezoid_lvs.vtp'.
[2025-11-11 13:36:52.372] [warning] Couldn't find file 'Raja\trapezium_lvs.vtp'.
[2025-11-11 13:36:52.372] [warning] Couldn't find file 'Raja\metacarpal2_lvs.vtp'.
[2025-11-11 13:36:52.372] [warning] Couldn't find file 'Raja\index_proximal_lvs.vtp'.
[2025-11-11 13:36:52.372] [warning] Couldn't find file 'Raja\index_medial_lvs.vtp'.
[2025-11-11 13:36:52.372] [warning] Couldn't find file 'Raja\index_distal_lvs.vtp'.
[2025-11-11 13:36:52.372] [warning] Couldn't find file 'Raja\metacarpal3_lvs.vtp'.
[2025-11-11 13:36:52.373] [warning] Couldn't find file 'Raja\middle_proximal_lvs.vtp'.
[2025-11-11 13:36:52.373] [warning] Couldn't find file 'Raja\middle_medial_lvs.vtp'.
[2025-11-11 13:36:52.373] [warning] Couldn't find file 'Raja\middle_distal_lvs.vtp'.
[2025-11-11 13:36:52.373] [warning] Couldn't find file 'Raja\metacarpal4_lvs.vtp'.
[2025-11-11 13:36:52.373] [warning] Couldn't find file 'Raja\ring_proximal_lvs.vtp'.
[2025-11-11 13:36:52.373] [warning] Couldn't find file 'Raja\ring_medial_lvs.vtp'.
[2025-11-11 13:36:52.373] [warning] Couldn't find file 'Raja\ring_distal_lvs.vtp'.
[2025-11-11 13:36:52.373] [warning] Couldn't find file 'Raja\metacarpal5_lvs.vtp'.
[2025-11-11 13:36:52.373] [warning] Couldn't find file 'Raja\little_proximal_lvs.vtp'.
[2025-11-11 13:36:52.373] [warning] Couldn't find file 'Raja\little_medial_lvs.vtp'.
[2025-11-11 13:36:52.373] [warning] Couldn't find file 'Raja\little_distal_lvs.vtp'.
[2025-11-11 13:36:52.373] [warning] Couldn't find file 'Raja\metacarpal1_lvs.vtp'.
[2025-11-11 13:36:52.374] [warning] Couldn't find file 'Raja\thumb_proximal_lvs.vtp'.
[2025-11-11 13:36:52.374] [warning] Couldn't find file 'Raja\thumb_distal_lvs.vtp'.
[2025-11-11 13:36:52.376] [info] Storage: read data file = joint_angles.mot (nr=92 nc=40)
