[2026-03-23 16:41:11.078] [info] Loaded model Athlete_03_GPK_MRI_scaled from file ..\..\..\..\models\Athlete_03_GPK_MRI\25_03_31\scaled.osim
[2026-03-23 16:41:11.079] [warning] Couldn't find file 'r_pelvis.stl'.
[2026-03-23 16:41:11.079] [warning] Couldn't find file 'l_pelvis.stl'.
[2026-03-23 16:41:11.079] [warning] Couldn't find file 'sacrum.stl'.
[2026-03-23 16:41:11.079] [warning] Couldn't find file 'femur_r.stl'.
[2026-03-23 16:41:11.079] [warning] Couldn't find file 'tibia_r.stl'.
[2026-03-23 16:41:11.080] [warning] Couldn't find file 'fibula_r.stl'.
[2026-03-23 16:41:11.080] [warning] Couldn't find file 'patella_r.stl'.
[2026-03-23 16:41:11.080] [warning] Couldn't find file 'femur_l.stl'.
[2026-03-23 16:41:11.080] [warning] Couldn't find file 'tibia_l.stl'.
[2026-03-23 16:41:11.081] [warning] Couldn't find file 'fibula_l.stl'.
[2026-03-23 16:41:11.081] [warning] Couldn't find file 'patella_l.stl'.
[2026-03-23 16:41:59.816] [info] Loaded model Athlete_03_GPK_MRI_scaled from file ..\..\..\..\models\Athlete_03_GPK_MRI\25_03_31\scaled.osim
[2026-03-23 16:41:59.817] [warning] Couldn't find file 'r_pelvis.stl'.
[2026-03-23 16:41:59.817] [warning] Couldn't find file 'l_pelvis.stl'.
[2026-03-23 16:41:59.817] [warning] Couldn't find file 'sacrum.stl'.
[2026-03-23 16:41:59.817] [warning] Couldn't find file 'femur_r.stl'.
[2026-03-23 16:41:59.817] [warning] Couldn't find file 'tibia_r.stl'.
[2026-03-23 16:41:59.817] [warning] Couldn't find file 'fibula_r.stl'.
[2026-03-23 16:41:59.817] [warning] Couldn't find file 'patella_r.stl'.
[2026-03-23 16:41:59.817] [warning] Couldn't find file 'femur_l.stl'.
[2026-03-23 16:41:59.818] [warning] Couldn't find file 'tibia_l.stl'.
[2026-03-23 16:41:59.818] [warning] Couldn't find file 'fibula_l.stl'.
[2026-03-23 16:41:59.818] [warning] Couldn't find file 'patella_l.stl'.
