[2025-10-14 11:39:02.903] [warning] Failed to read 'class SimTK::Vec<3,double,1>': property 'translation' with input '': does not contain enough values (minimum: 1, got: 0): the data (all fields) have been ignored
[2025-10-14 11:39:02.906] [warning] Failed to read 'class SimTK::Vec<3,double,1>': property 'translation' with input '': does not contain enough values (minimum: 1, got: 0): the data (all fields) have been ignored
[2025-10-14 11:39:03.023] [info] Loaded model tps_transformed from file c:\Git\1_current_projects\powerlifing_model\models\athlete_03\final_results\personalized\tps_transformed.osim
[2025-10-14 11:39:03.026] [warning] Couldn't find file 'bones\r_pelvis.stl'.
[2025-10-14 11:39:03.026] [warning] Couldn't find file 'bones\l_pelvis.stl'.
[2025-10-14 11:39:03.026] [warning] Couldn't find file 'bones\sacrum.stl'.
[2025-10-14 11:39:03.027] [warning] Couldn't find file 'bones\femur_r.stl'.
[2025-10-14 11:39:03.028] [warning] Couldn't find file 'bones\tibia_r.stl'.
[2025-10-14 11:39:03.028] [warning] Couldn't find file 'bones\fibula_r.stl'.
[2025-10-14 11:39:03.028] [warning] Couldn't find file 'bones\patella_r.stl'.
[2025-10-14 11:39:03.029] [warning] Couldn't find file 'r_talus.vtp'.
[2025-10-14 11:39:03.029] [warning] Couldn't find file 'r_foot.vtp'.
[2025-10-14 11:39:03.029] [warning] Couldn't find file 'r_bofoot.vtp'.
[2025-10-14 11:39:03.029] [warning] Couldn't find file 'bones\femur_l.stl'.
[2025-10-14 11:39:03.030] [warning] Couldn't find file 'bones\tibia_l.stl'.
[2025-10-14 11:39:03.030] [warning] Couldn't find file 'bones\fibula_l.stl'.
[2025-10-14 11:39:03.030] [warning] Couldn't find file 'bones\patella_l.stl'.
[2025-10-14 11:39:03.031] [warning] Couldn't find file 'l_talus.vtp'.
[2025-10-14 11:39:03.031] [warning] Couldn't find file 'l_foot.vtp'.
[2025-10-14 11:39:03.031] [warning] Couldn't find file 'l_bofoot.vtp'.
[2025-10-14 11:39:03.031] [warning] Couldn't find file 'hat_spine.vtp'.
[2025-10-14 11:39:03.031] [warning] Couldn't find file 'hat_jaw.vtp'.
[2025-10-14 11:39:03.032] [warning] Couldn't find file 'hat_skull.vtp'.
[2025-10-14 11:39:03.032] [warning] Couldn't find file 'hat_ribs_scap.vtp'.
[2025-10-14 11:39:03.032] [warning] Couldn't find file 'humerus_rv.vtp'.
[2025-10-14 11:39:03.032] [warning] Couldn't find file 'ulna_rv.vtp'.
[2025-10-14 11:39:03.032] [warning] Couldn't find file 'radius_rv.vtp'.
[2025-10-14 11:39:03.033] [warning] Couldn't find file 'pisiform_rvs.vtp'.
[2025-10-14 11:39:03.033] [warning] Couldn't find file 'lunate_rvs.vtp'.
[2025-10-14 11:39:03.033] [warning] Couldn't find file 'scaphoid_rvs.vtp'.
[2025-10-14 11:39:03.033] [warning] Couldn't find file 'triquetrum_rvs.vtp'.
[2025-10-14 11:39:03.033] [warning] Couldn't find file 'hamate_rvs.vtp'.
[2025-10-14 11:39:03.033] [warning] Couldn't find file 'capitate_rvs.vtp'.
[2025-10-14 11:39:03.034] [warning] Couldn't find file 'trapezoid_rvs.vtp'.
[2025-10-14 11:39:03.034] [warning] Couldn't find file 'trapezium_rvs.vtp'.
[2025-10-14 11:39:03.034] [warning] Couldn't find file 'metacarpal2_rvs.vtp'.
[2025-10-14 11:39:03.034] [warning] Couldn't find file 'index_proximal_rvs.vtp'.
[2025-10-14 11:39:03.034] [warning] Couldn't find file 'index_medial_rvs.vtp'.
[2025-10-14 11:39:03.035] [warning] Couldn't find file 'index_distal_rvs.vtp'.
[2025-10-14 11:39:03.035] [warning] Couldn't find file 'metacarpal3_rvs.vtp'.
[2025-10-14 11:39:03.035] [warning] Couldn't find file 'middle_proximal_rvs.vtp'.
[2025-10-14 11:39:03.035] [warning] Couldn't find file 'middle_medial_rvs.vtp'.
[2025-10-14 11:39:03.035] [warning] Couldn't find file 'middle_distal_rvs.vtp'.
[2025-10-14 11:39:03.036] [warning] Couldn't find file 'metacarpal4_rvs.vtp'.
[2025-10-14 11:39:03.036] [warning] Couldn't find file 'ring_proximal_rvs.vtp'.
[2025-10-14 11:39:03.036] [warning] Couldn't find file 'ring_medial_rvs.vtp'.
[2025-10-14 11:39:03.037] [warning] Couldn't find file 'ring_distal_rvs.vtp'.
[2025-10-14 11:39:03.037] [warning] Couldn't find file 'metacarpal5_rvs.vtp'.
[2025-10-14 11:39:03.037] [warning] Couldn't find file 'little_proximal_rvs.vtp'.
[2025-10-14 11:39:03.037] [warning] Couldn't find file 'little_medial_rvs.vtp'.
[2025-10-14 11:39:03.037] [warning] Couldn't find file 'little_distal_rvs.vtp'.
[2025-10-14 11:39:03.038] [warning] Couldn't find file 'metacarpal1_rvs.vtp'.
[2025-10-14 11:39:03.038] [warning] Couldn't find file 'thumb_proximal_rvs.vtp'.
[2025-10-14 11:39:03.038] [warning] Couldn't find file 'thumb_distal_rvs.vtp'.
[2025-10-14 11:39:03.038] [warning] Couldn't find file 'humerus_lv.vtp'.
[2025-10-14 11:39:03.038] [warning] Couldn't find file 'ulna_lv.vtp'.
[2025-10-14 11:39:03.038] [warning] Couldn't find file 'radius_lv.vtp'.
[2025-10-14 11:39:03.039] [warning] Couldn't find file 'pisiform_lvs.vtp'.
[2025-10-14 11:39:03.039] [warning] Couldn't find file 'lunate_lvs.vtp'.
[2025-10-14 11:39:03.039] [warning] Couldn't find file 'scaphoid_lvs.vtp'.
[2025-10-14 11:39:03.039] [warning] Couldn't find file 'triquetrum_lvs.vtp'.
[2025-10-14 11:39:03.039] [warning] Couldn't find file 'hamate_lvs.vtp'.
[2025-10-14 11:39:03.040] [warning] Couldn't find file 'capitate_lvs.vtp'.
[2025-10-14 11:39:03.040] [warning] Couldn't find file 'trapezoid_lvs.vtp'.
[2025-10-14 11:39:03.040] [warning] Couldn't find file 'trapezium_lvs.vtp'.
[2025-10-14 11:39:03.040] [warning] Couldn't find file 'metacarpal2_lvs.vtp'.
[2025-10-14 11:39:03.040] [warning] Couldn't find file 'index_proximal_lvs.vtp'.
[2025-10-14 11:39:03.040] [warning] Couldn't find file 'index_medial_lvs.vtp'.
[2025-10-14 11:39:03.041] [warning] Couldn't find file 'index_distal_lvs.vtp'.
[2025-10-14 11:39:03.041] [warning] Couldn't find file 'metacarpal3_lvs.vtp'.
[2025-10-14 11:39:03.041] [warning] Couldn't find file 'middle_proximal_lvs.vtp'.
[2025-10-14 11:39:03.041] [warning] Couldn't find file 'middle_medial_lvs.vtp'.
[2025-10-14 11:39:03.041] [warning] Couldn't find file 'middle_distal_lvs.vtp'.
[2025-10-14 11:39:03.042] [warning] Couldn't find file 'metacarpal4_lvs.vtp'.
[2025-10-14 11:39:03.042] [warning] Couldn't find file 'ring_proximal_lvs.vtp'.
[2025-10-14 11:39:03.042] [warning] Couldn't find file 'ring_medial_lvs.vtp'.
[2025-10-14 11:39:03.042] [warning] Couldn't find file 'ring_distal_lvs.vtp'.
[2025-10-14 11:39:03.042] [warning] Couldn't find file 'metacarpal5_lvs.vtp'.
[2025-10-14 11:39:03.043] [warning] Couldn't find file 'little_proximal_lvs.vtp'.
[2025-10-14 11:39:03.043] [warning] Couldn't find file 'little_medial_lvs.vtp'.
[2025-10-14 11:39:03.044] [warning] Couldn't find file 'little_distal_lvs.vtp'.
[2025-10-14 11:39:03.044] [warning] Couldn't find file 'metacarpal1_lvs.vtp'.
[2025-10-14 11:39:03.044] [warning] Couldn't find file 'thumb_proximal_lvs.vtp'.
[2025-10-14 11:39:03.045] [warning] Couldn't find file 'thumb_distal_lvs.vtp'.
