[2025-10-19 13:39:22.977] [info] Loaded model Catelli_high_hip_flexion_V4.0_scaled_scaled_joints_updated from file C:\Git\1_current_projects\powerlifing_model\models\Athlete_03_scaled_increased_3.00.osim
[2025-10-23 13:29:56.553] [info] Loaded model Athlete_03 from file C:\Git\1_current_projects\powerlifing_model\simulations\Athlete_03\25_03_31\Squat_bw_01\..\model_scaled.osim
[2025-10-23 13:29:56.554] [warning] Couldn't find file 'r_pelvis.vtp'.
[2025-10-23 13:29:56.554] [warning] Couldn't find file 'l_pelvis.vtp'.
[2025-10-23 13:29:56.555] [warning] Couldn't find file 'sacrum.vtp'.
[2025-10-23 13:29:56.555] [warning] Couldn't find file 'r_femur.vtp'.
[2025-10-23 13:29:56.555] [warning] Couldn't find file 'r_tibia.vtp'.
[2025-10-23 13:29:56.563] [warning] Couldn't find file 'r_fibula.vtp'.
[2025-10-23 13:29:56.563] [warning] Couldn't find file 'r_patella.vtp'.
[2025-10-23 13:29:56.564] [warning] Couldn't find file 'r_talus.vtp'.
[2025-10-23 13:29:56.564] [warning] Couldn't find file 'r_foot.vtp'.
[2025-10-23 13:29:56.565] [warning] Couldn't find file 'r_bofoot.vtp'.
[2025-10-23 13:29:56.565] [warning] Couldn't find file 'l_femur.vtp'.
[2025-10-23 13:29:56.565] [warning] Couldn't find file 'l_tibia.vtp'.
[2025-10-23 13:29:56.565] [warning] Couldn't find file 'l_fibula.vtp'.
[2025-10-23 13:29:56.566] [warning] Couldn't find file 'l_patella.vtp'.
[2025-10-23 13:29:56.566] [warning] Couldn't find file 'l_talus.vtp'.
[2025-10-23 13:29:56.566] [warning] Couldn't find file 'l_foot.vtp'.
[2025-10-23 13:29:56.566] [warning] Couldn't find file 'l_bofoot.vtp'.
[2025-10-23 13:29:56.566] [warning] Couldn't find file 'hat_spine.vtp'.
[2025-10-23 13:29:56.567] [warning] Couldn't find file 'hat_jaw.vtp'.
[2025-10-23 13:29:56.567] [warning] Couldn't find file 'hat_skull.vtp'.
[2025-10-23 13:29:56.567] [warning] Couldn't find file 'hat_ribs_scap.vtp'.
[2025-10-23 13:29:56.567] [warning] Couldn't find file 'humerus_rv.vtp'.
[2025-10-23 13:29:56.567] [warning] Couldn't find file 'ulna_rv.vtp'.
[2025-10-23 13:29:56.568] [warning] Couldn't find file 'radius_rv.vtp'.
[2025-10-23 13:29:56.568] [warning] Couldn't find file 'pisiform_rvs.vtp'.
[2025-10-23 13:29:56.568] [warning] Couldn't find file 'lunate_rvs.vtp'.
[2025-10-23 13:29:56.568] [warning] Couldn't find file 'scaphoid_rvs.vtp'.
[2025-10-23 13:29:56.569] [warning] Couldn't find file 'triquetrum_rvs.vtp'.
[2025-10-23 13:29:56.569] [warning] Couldn't find file 'hamate_rvs.vtp'.
[2025-10-23 13:29:56.570] [warning] Couldn't find file 'capitate_rvs.vtp'.
[2025-10-23 13:29:56.570] [warning] Couldn't find file 'trapezoid_rvs.vtp'.
[2025-10-23 13:29:56.570] [warning] Couldn't find file 'trapezium_rvs.vtp'.
[2025-10-23 13:29:56.570] [warning] Couldn't find file 'metacarpal2_rvs.vtp'.
[2025-10-23 13:29:56.571] [warning] Couldn't find file 'index_proximal_rvs.vtp'.
[2025-10-23 13:29:56.571] [warning] Couldn't find file 'index_medial_rvs.vtp'.
[2025-10-23 13:29:56.571] [warning] Couldn't find file 'index_distal_rvs.vtp'.
[2025-10-23 13:29:56.571] [warning] Couldn't find file 'metacarpal3_rvs.vtp'.
[2025-10-23 13:29:56.571] [warning] Couldn't find file 'middle_proximal_rvs.vtp'.
[2025-10-23 13:29:56.572] [warning] Couldn't find file 'middle_medial_rvs.vtp'.
[2025-10-23 13:29:56.572] [warning] Couldn't find file 'middle_distal_rvs.vtp'.
[2025-10-23 13:29:56.572] [warning] Couldn't find file 'metacarpal4_rvs.vtp'.
[2025-10-23 13:29:56.572] [warning] Couldn't find file 'ring_proximal_rvs.vtp'.
[2025-10-23 13:29:56.572] [warning] Couldn't find file 'ring_medial_rvs.vtp'.
[2025-10-23 13:29:56.573] [warning] Couldn't find file 'ring_distal_rvs.vtp'.
[2025-10-23 13:29:56.573] [warning] Couldn't find file 'metacarpal5_rvs.vtp'.
[2025-10-23 13:29:56.573] [warning] Couldn't find file 'little_proximal_rvs.vtp'.
[2025-10-23 13:29:56.573] [warning] Couldn't find file 'little_medial_rvs.vtp'.
[2025-10-23 13:29:56.573] [warning] Couldn't find file 'little_distal_rvs.vtp'.
[2025-10-23 13:29:56.574] [warning] Couldn't find file 'metacarpal1_rvs.vtp'.
[2025-10-23 13:29:56.574] [warning] Couldn't find file 'thumb_proximal_rvs.vtp'.
[2025-10-23 13:29:56.574] [warning] Couldn't find file 'thumb_distal_rvs.vtp'.
[2025-10-23 13:29:56.574] [warning] Couldn't find file 'humerus_lv.vtp'.
[2025-10-23 13:29:56.575] [warning] Couldn't find file 'ulna_lv.vtp'.
[2025-10-23 13:29:56.575] [warning] Couldn't find file 'radius_lv.vtp'.
[2025-10-23 13:29:56.575] [warning] Couldn't find file 'pisiform_lvs.vtp'.
[2025-10-23 13:29:56.575] [warning] Couldn't find file 'lunate_lvs.vtp'.
[2025-10-23 13:29:56.575] [warning] Couldn't find file 'scaphoid_lvs.vtp'.
[2025-10-23 13:29:56.576] [warning] Couldn't find file 'triquetrum_lvs.vtp'.
[2025-10-23 13:29:56.576] [warning] Couldn't find file 'hamate_lvs.vtp'.
[2025-10-23 13:29:56.576] [warning] Couldn't find file 'capitate_lvs.vtp'.
[2025-10-23 13:29:56.576] [warning] Couldn't find file 'trapezoid_lvs.vtp'.
[2025-10-23 13:29:56.577] [warning] Couldn't find file 'trapezium_lvs.vtp'.
[2025-10-23 13:29:56.577] [warning] Couldn't find file 'metacarpal2_lvs.vtp'.
[2025-10-23 13:29:56.577] [warning] Couldn't find file 'index_proximal_lvs.vtp'.
[2025-10-23 13:29:56.577] [warning] Couldn't find file 'index_medial_lvs.vtp'.
[2025-10-23 13:29:56.577] [warning] Couldn't find file 'index_distal_lvs.vtp'.
[2025-10-23 13:29:56.577] [warning] Couldn't find file 'metacarpal3_lvs.vtp'.
[2025-10-23 13:29:56.578] [warning] Couldn't find file 'middle_proximal_lvs.vtp'.
[2025-10-23 13:29:56.578] [warning] Couldn't find file 'middle_medial_lvs.vtp'.
[2025-10-23 13:29:56.578] [warning] Couldn't find file 'middle_distal_lvs.vtp'.
[2025-10-23 13:29:56.578] [warning] Couldn't find file 'metacarpal4_lvs.vtp'.
[2025-10-23 13:29:56.578] [warning] Couldn't find file 'ring_proximal_lvs.vtp'.
[2025-10-23 13:29:56.578] [warning] Couldn't find file 'ring_medial_lvs.vtp'.
[2025-10-23 13:29:56.578] [warning] Couldn't find file 'ring_distal_lvs.vtp'.
[2025-10-23 13:29:56.579] [warning] Couldn't find file 'metacarpal5_lvs.vtp'.
[2025-10-23 13:29:56.579] [warning] Couldn't find file 'little_proximal_lvs.vtp'.
[2025-10-23 13:29:56.579] [warning] Couldn't find file 'little_medial_lvs.vtp'.
[2025-10-23 13:29:56.579] [warning] Couldn't find file 'little_distal_lvs.vtp'.
[2025-10-23 13:29:56.579] [warning] Couldn't find file 'metacarpal1_lvs.vtp'.
[2025-10-23 13:29:56.579] [warning] Couldn't find file 'thumb_proximal_lvs.vtp'.
[2025-10-23 13:29:56.579] [warning] Couldn't find file 'thumb_distal_lvs.vtp'.
