INFO: Calculated optimized muscle parameters for addbrev_r in 46.27807140350342 seconds.
                         Lm Opt        Lts
Template model       : [0.1031, 0.035450291324676]
Optimized param      : [0.11134159 0.02091759]
Nr of eval points    : 966/1000 used
fval                 : 0.0069530109655363236
var from template [%]: [ 7.99378076 40.99458124]%


INFO: Calculated optimized muscle parameters for addlong_r in 46.25046396255493 seconds.
                         Lm Opt        Lts
Template model       : [0.1082, 0.131799363342026]
Optimized param      : [0.11200561 0.12356795]
Nr of eval points    : 927/1000 used
fval                 : 0.007175317658368273
var from template [%]: [3.51719851 6.24541099]%


INFO: Calculated optimized muscle parameters for addmagDist_r in 50.64165496826172 seconds.
                         Lm Opt        Lts
Template model       : [0.1772, 0.0873806954617727]
Optimized param      : [0.20930883 0.04762504]
Nr of eval points    : 1000/1000 used
fval                 : 0.007354444709929188
var from template [%]: [18.12010809 45.49706875]%


INFO: Calculated optimized muscle parameters for addmagIsch_r in 52.978792905807495 seconds.
                         Lm Opt        Lts
Template model       : [0.1562, 0.216343023454343]
Optimized param      : [0.17494566 0.18392084]
Nr of eval points    : 1000/1000 used
fval                 : 0.002922288996310287
var from template [%]: [12.00105963 14.98647049]%


INFO: Calculated optimized muscle parameters for addmagMid_r in 53.55429935455322 seconds.
                         Lm Opt        Lts
Template model       : [0.1377, 0.0466276999070464]
Optimized param      : [0.16800167 0.0109939 ]
Nr of eval points    : 1000/1000 used
fval                 : 0.0029572796878885874
var from template [%]: [22.00557208 76.42195649]%


INFO: Calculated optimized muscle parameters for addmagProx_r in 51.75176024436951 seconds.
                         Lm Opt        Lts
Template model       : [0.1056, 0.0403240979232675]
Optimized param      : [0.1185506  0.03239585]
Nr of eval points    : 930/1000 used
fval                 : 0.00561019733943042
var from template [%]: [12.26382369 19.661313  ]%


INFO: Calculated optimized muscle parameters for bflh_r in 725.1201815605164 seconds.
                         Lm Opt        Lts
Template model       : [0.0976, 0.3325]
Optimized param      : [0.10875415 0.30304691]
Nr of eval points    : 8447/10000 used
fval                 : 0.0027891001923304273
var from template [%]: [11.42843116  8.85807269]%


INFO: Calculated optimized muscle parameters for bfsh_r in 0.3875916004180908 seconds.
                         Lm Opt        Lts
Template model       : [0.1103, 0.105817218589115]
Optimized param      : [0.12636074 0.08193804]
Nr of eval points    : 10/10 used
fval                 : 0.0002808169448900066
var from template [%]: [14.56095662 22.56643659]%


INFO: Calculated optimized muscle parameters for edl_r in 4.0512919425964355 seconds.
                         Lm Opt        Lts
Template model       : [0.0693, 0.368875245465225]
Optimized param      : [0.07104116 0.37106268]
Nr of eval points    : 100/100 used
fval                 : 0.0002266793750966337
var from template [%]: [2.51249653 0.59300234]%


INFO: Calculated optimized muscle parameters for ehl_r in 4.1704301834106445 seconds.
                         Lm Opt        Lts
Template model       : [0.0748, 0.326795279537187]
Optimized param      : [0.07757149 0.32960771]
Nr of eval points    : 100/100 used
fval                 : 0.00021468903951469523
var from template [%]: [3.70519843 0.86060993]%


INFO: Calculated optimized muscle parameters for fdl_r in 3.918194055557251 seconds.
                         Lm Opt        Lts
Template model       : [0.0446, 0.378772856793842]
Optimized param      : [0.05160271 0.37952902]
Nr of eval points    : 97/100 used
fval                 : 0.0004737847676974344
var from template [%]: [15.70114437  0.19963373]%


INFO: Calculated optimized muscle parameters for fhl_r in 4.28058934211731 seconds.
                         Lm Opt        Lts
Template model       : [0.0527, 0.354339676836818]
Optimized param      : [0.0614276  0.35348348]
Nr of eval points    : 97/100 used
fval                 : 0.0003616411369207617
var from template [%]: [16.56091206  0.24163094]%


INFO: Calculated optimized muscle parameters for gaslat_r in 57.605687618255615 seconds.
                         Lm Opt        Lts
Template model       : [0.069, 0.374]
Optimized param      : [0.05955831 0.3769313 ]
Nr of eval points    : 607/1000 used
fval                 : 0.0035366451417227925
var from template [%]: [13.68360317  0.7837696 ]%


INFO: Calculated optimized muscle parameters for gasmed_r in 56.681159019470215 seconds.
                         Lm Opt        Lts
Template model       : [0.059, 0.387]
Optimized param      : [0.05445308 0.39020363]
Nr of eval points    : 571/1000 used
fval                 : 0.0024436615854952336
var from template [%]: [7.70664286 0.82781124]%


INFO: Calculated optimized muscle parameters for glmax1_r in 44.726452112197876 seconds.
                         Lm Opt        Lts
Template model       : [0.147, 0.0873]
Optimized param      : [0.10850882 0.11104235]
Nr of eval points    : 1000/1000 used
fval                 : 0.013487186813578604
var from template [%]: [26.18447488 27.19627486]%


INFO: Calculated optimized muscle parameters for glmax2_r in 44.88752007484436 seconds.
                         Lm Opt        Lts
Template model       : [0.157, 0.109]
Optimized param      : [0.1044563  0.13600618]
Nr of eval points    : 1000/1000 used
fval                 : 0.007467922700031535
var from template [%]: [33.46732537 24.7763124 ]%


INFO: Calculated optimized muscle parameters for glmax3_r in 46.49914050102234 seconds.
                         Lm Opt        Lts
Template model       : [0.167, 0.103]
Optimized param      : [0.1803698  0.08333484]
Nr of eval points    : 1000/1000 used
fval                 : 0.004051446677475785
var from template [%]: [ 8.0058673  19.09238746]%


INFO: Calculated optimized muscle parameters for glmed1_r in 49.121678590774536 seconds.
                         Lm Opt        Lts
Template model       : [0.073, 0.0558168319436554]
Optimized param      : [0.06533853 0.05068631]
Nr of eval points    : 907/1000 used
fval                 : 0.015332961680985422
var from template [%]: [10.49516463  9.19171254]%


INFO: Calculated optimized muscle parameters for glmed2_r in 46.45493125915527 seconds.
                         Lm Opt        Lts
Template model       : [0.073, 0.0652488111992348]
Optimized param      : [0.05040487 0.06499966]
Nr of eval points    : 956/1000 used
fval                 : 0.014673049589893697
var from template [%]: [30.95223259  0.38184561]%


INFO: Calculated optimized muscle parameters for glmed3_r in 47.401732444763184 seconds.
                         Lm Opt        Lts
Template model       : [0.073, 0.0452328436013583]
Optimized param      : [0.04290605 0.07033826]
Nr of eval points    : 969/1000 used
fval                 : 0.012496323739514661
var from template [%]: [41.2245901  55.50261923]%


INFO: Calculated optimized muscle parameters for glmin1_r in 46.521156549453735 seconds.
                         Lm Opt        Lts
Template model       : [0.068, 0.0161377823749703]
Optimized param      : [0.06456712 0.01286886]
Nr of eval points    : 880/1000 used
fval                 : 0.012992925453439353
var from template [%]: [ 5.04835817 20.25634689]%


INFO: Calculated optimized muscle parameters for glmin2_r in 45.89182257652283 seconds.
                         Lm Opt        Lts
Template model       : [0.056, 0.0260990524098789]
Optimized param      : [0.05095738 0.02470965]
Nr of eval points    : 864/1000 used
fval                 : 0.01304680208625094
var from template [%]: [9.00466995 5.32356213]%


INFO: Calculated optimized muscle parameters for glmin3_r in 45.764355182647705 seconds.
                         Lm Opt        Lts
Template model       : [0.038, 0.0508725]
Optimized param      : [0.02974291 0.05077422]
Nr of eval points    : 792/1000 used
fval                 : 0.011218786765552638
var from template [%]: [21.72917529  0.1931806 ]%


INFO: Calculated optimized muscle parameters for grac_r in 674.5288705825806 seconds.
                         Lm Opt        Lts
Template model       : [0.2278, 0.172013810564373]
Optimized param      : [0.25442134 0.12914669]
Nr of eval points    : 10000/10000 used
fval                 : 0.0025879662518767652
var from template [%]: [11.68627696 24.92074477]%


INFO: Calculated optimized muscle parameters for iliacus_r in 48.55710768699646 seconds.
                         Lm Opt        Lts
Template model       : [0.1066, 0.0961207083983258]
Optimized param      : [0.0938954  0.09139373]
Nr of eval points    : 863/1000 used
fval                 : 0.0038805317549822967
var from template [%]: [11.91800725  4.91775686]%


INFO: Calculated optimized muscle parameters for perbrev_r in 3.8531136512756348 seconds.
                         Lm Opt        Lts
Template model       : [0.0454, 0.147527533956538]
Optimized param      : [0.04207708 0.15817266]
Nr of eval points    : 100/100 used
fval                 : 0.0013553682757385544
var from template [%]: [7.31921252 7.21568772]%


INFO: Calculated optimized muscle parameters for perlong_r in 3.8608288764953613 seconds.
                         Lm Opt        Lts
Template model       : [0.0508, 0.332220762637978]
Optimized param      : [0.05023391 0.33892859]
Nr of eval points    : 100/100 used
fval                 : 0.0013009747746133829
var from template [%]: [1.1143547  2.01908598]%


INFO: Calculated optimized muscle parameters for piri_r in 45.22438979148865 seconds.
                         Lm Opt        Lts
Template model       : [0.026, 0.114906238342785]
Optimized param      : [0.01791647 0.11283532]
Nr of eval points    : 742/1000 used
fval                 : 0.00901066024681672
var from template [%]: [31.09048648  1.8022691 ]%


INFO: Calculated optimized muscle parameters for psoas_r in 46.85514855384827 seconds.
                         Lm Opt        Lts
Template model       : [0.1169, 0.0995431658555083]
Optimized param      : [0.10210136 0.07524338]
Nr of eval points    : 1000/1000 used
fval                 : 0.003817672556624266
var from template [%]: [12.65923287 24.41130585]%


INFO: Calculated optimized muscle parameters for recfem_r in 694.7608766555786 seconds.
                         Lm Opt        Lts
Template model       : [0.0759, 0.4504]
Optimized param      : [0.07499728 0.44240289]
Nr of eval points    : 6927/10000 used
fval                 : 0.0022664378807681546
var from template [%]: [1.18936095 1.77555783]%


INFO: Calculated optimized muscle parameters for sart_r in 675.273669719696 seconds.
                         Lm Opt        Lts
Template model       : [0.403, 0.123999830194402]
Optimized param      : [0.39223158 0.1303797 ]
Nr of eval points    : 10000/10000 used
fval                 : 0.004146450280471258
var from template [%]: [2.6720648  5.14506012]%


INFO: Calculated optimized muscle parameters for semimem_r in 725.1348359584808 seconds.
                         Lm Opt        Lts
Template model       : [0.086, 0.335]
Optimized param      : [0.09534946 0.30788712]
Nr of eval points    : 7807/10000 used
fval                 : 0.0023195304227649665
var from template [%]: [10.87146023  8.09339767]%


INFO: Calculated optimized muscle parameters for glmin1_r in 60.20358681678772 seconds.
                         Lm Opt        Lts
Template model       : [0.068, 0.0161377823749703]
Optimized param      : [0.06456712 0.01286886]
Nr of eval points    : 880/1000 used
fval                 : 0.012992925453439353
var from template [%]: [ 5.04835817 20.25634689]%


INFO: Calculated optimized muscle parameters for glmin2_r in 59.8398380279541 seconds.
                         Lm Opt        Lts
Template model       : [0.056, 0.0260990524098789]
Optimized param      : [0.05095738 0.02470965]
Nr of eval points    : 864/1000 used
fval                 : 0.01304680208625094
var from template [%]: [9.00466995 5.32356213]%


INFO: Calculated optimized muscle parameters for glmin3_r in 56.56853771209717 seconds.
                         Lm Opt        Lts
Template model       : [0.038, 0.0508725]
Optimized param      : [0.02974291 0.05077422]
Nr of eval points    : 792/1000 used
fval                 : 0.011218786765552638
var from template [%]: [21.72917529  0.1931806 ]%


INFO: Calculated optimized muscle parameters for semiten_r in 777.6510677337646 seconds.
                         Lm Opt        Lts
Template model       : [0.193, 0.24719894503751]
Optimized param      : [0.2087205  0.21578868]
Nr of eval points    : 10000/10000 used
fval                 : 0.0033690373771611075
var from template [%]: [ 8.14533666 12.70647048]%


INFO: Calculated optimized muscle parameters for soleus_r in 4.7537841796875 seconds.
                         Lm Opt        Lts
Template model       : [0.044, 0.28135]
Optimized param      : [0.04478799 0.28204051]
Nr of eval points    : 83/100 used
fval                 : 5.820532460754636e-05
var from template [%]: [1.7908804  0.24542816]%


INFO: Calculated optimized muscle parameters for tfl_r in 775.0991263389587 seconds.
                         Lm Opt        Lts
Template model       : [0.095, 0.449497053805428]
Optimized param      : [0.09023479 0.44446019]
Nr of eval points    : 4840/10000 used
fval                 : 0.007108802947858887
var from template [%]: [5.0160071  1.12055479]%


INFO: Calculated optimized muscle parameters for tibant_r in 5.404048681259155 seconds.
                         Lm Opt        Lts
Template model       : [0.0683, 0.240461026409367]
Optimized param      : [0.07177264 0.24124947]
Nr of eval points    : 94/100 used
fval                 : 0.00024811381789681505
var from template [%]: [5.08439677 0.32788713]%


INFO: Calculated optimized muscle parameters for tibpost_r in 5.32893180847168 seconds.
                         Lm Opt        Lts
Template model       : [0.0378, 0.280779613883954]
Optimized param      : [0.04310324 0.280746  ]
Nr of eval points    : 94/100 used
fval                 : 0.0004019553821225418
var from template [%]: [1.40297254e+01 1.19703553e-02]%


INFO: Calculated optimized muscle parameters for vasint_r in 0.5403149127960205 seconds.
                         Lm Opt        Lts
Template model       : [0.117, 0.205]
Optimized param      : [0.12168184 0.19065996]
Nr of eval points    : 10/10 used
fval                 : 0.0015633053443366784
var from template [%]: [4.00157174 6.99514033]%


INFO: Calculated optimized muscle parameters for vaslat_r in 0.5272018909454346 seconds.
                         Lm Opt        Lts
Template model       : [0.117, 0.221]
Optimized param      : [0.1195291  0.21061406]
Nr of eval points    : 10/10 used
fval                 : 0.0012800293846958757
var from template [%]: [2.16162104 4.69951842]%


INFO: Calculated optimized muscle parameters for vasmed_r in 0.4803779125213623 seconds.
                         Lm Opt        Lts
Template model       : [0.11, 0.208]
Optimized param      : [0.11339044 0.19872009]
Nr of eval points    : 10/10 used
fval                 : 0.0015068528043334177
var from template [%]: [3.0822158 4.4614974]%


INFO: Calculated optimized muscle parameters for addbrev_l in 57.92795753479004 seconds.
                         Lm Opt        Lts
Template model       : [0.1031, 0.035450291324676]
Optimized param      : [0.10991311 0.02197757]
Nr of eval points    : 966/1000 used
fval                 : 0.007090225046165695
var from template [%]: [ 6.60825278 38.00455541]%


INFO: Calculated optimized muscle parameters for addlong_l in 58.38814926147461 seconds.
                         Lm Opt        Lts
Template model       : [0.1082, 0.131799363342026]
Optimized param      : [0.10965512 0.12577111]
Nr of eval points    : 927/1000 used
fval                 : 0.007958753395016218
var from template [%]: [1.34484499 4.57381302]%


INFO: Calculated optimized muscle parameters for addmagDist_l in 55.830832719802856 seconds.
                         Lm Opt        Lts
Template model       : [0.1772, 0.0873806954617727]
Optimized param      : [0.20766095 0.04865287]
Nr of eval points    : 1000/1000 used
fval                 : 0.005686700879630958
var from template [%]: [17.1901525  44.32080228]%


INFO: Calculated optimized muscle parameters for addmagIsch_l in 56.23728704452515 seconds.
                         Lm Opt        Lts
Template model       : [0.1562, 0.216343023454343]
Optimized param      : [0.17432567 0.18424331]
Nr of eval points    : 1000/1000 used
fval                 : 0.0033659040085706245
var from template [%]: [11.60414362 14.83741406]%


INFO: Calculated optimized muscle parameters for addmagMid_l in 55.908286571502686 seconds.
                         Lm Opt        Lts
Template model       : [0.1377, 0.0466276999070464]
Optimized param      : [0.16649378 0.01143879]
Nr of eval points    : 1000/1000 used
fval                 : 0.003106083491345678
var from template [%]: [20.91051344 75.46781314]%


INFO: Calculated optimized muscle parameters for addmagProx_l in 59.752028703689575 seconds.
                         Lm Opt        Lts
Template model       : [0.1056, 0.0403240979232675]
Optimized param      : [0.11507641 0.03240919]
Nr of eval points    : 930/1000 used
fval                 : 0.0072523795574147495
var from template [%]: [ 8.97387094 19.62824208]%


INFO: Calculated optimized muscle parameters for bflh_l in 906.3641374111176 seconds.
                         Lm Opt        Lts
Template model       : [0.0976, 0.3325]
Optimized param      : [0.10997072 0.30598803]
Nr of eval points    : 8447/10000 used
fval                 : 0.0035511016631580147
var from template [%]: [12.67491986  7.97352554]%


INFO: Calculated optimized muscle parameters for bfsh_l in 0.44144463539123535 seconds.
                         Lm Opt        Lts
Template model       : [0.1103, 0.105817218589115]
Optimized param      : [0.12953921 0.08373212]
Nr of eval points    : 10/10 used
fval                 : 0.002507396133687419
var from template [%]: [17.44262129 20.87098316]%


INFO: Calculated optimized muscle parameters for edl_l in 4.135965585708618 seconds.
                         Lm Opt        Lts
Template model       : [0.0693, 0.368875245465225]
Optimized param      : [0.06353683 0.37631418]
Nr of eval points    : 100/100 used
fval                 : 0.00041254369763540514
var from template [%]: [8.31626417 2.01665242]%


INFO: Calculated optimized muscle parameters for ehl_l in 4.678056955337524 seconds.
                         Lm Opt        Lts
Template model       : [0.0748, 0.326795279537187]
Optimized param      : [0.07298598 0.33303021]
Nr of eval points    : 100/100 used
fval                 : 0.0006118517083855019
var from template [%]: [2.42516214 1.90790159]%


INFO: Calculated optimized muscle parameters for fdl_l in 4.16683292388916 seconds.
                         Lm Opt        Lts
Template model       : [0.0446, 0.378772856793842]
Optimized param      : [0.0476646  0.38285305]
Nr of eval points    : 97/100 used
fval                 : 0.0001757656074064591
var from template [%]: [6.87130902 1.07721385]%


INFO: Calculated optimized muscle parameters for fhl_l in 4.113842487335205 seconds.
                         Lm Opt        Lts
Template model       : [0.0527, 0.354339676836818]
Optimized param      : [0.05606291 0.35712306]
Nr of eval points    : 97/100 used
fval                 : 0.00012257249133774956
var from template [%]: [6.38122831 0.785513  ]%


INFO: Calculated optimized muscle parameters for gaslat_l in 57.676730155944824 seconds.
                         Lm Opt        Lts
Template model       : [0.069, 0.374]
Optimized param      : [0.05944632 0.37591014]
Nr of eval points    : 607/1000 used
fval                 : 0.003641142754393599
var from template [%]: [13.84590936  0.51073142]%


INFO: Calculated optimized muscle parameters for gasmed_l in 58.0093994140625 seconds.
                         Lm Opt        Lts
Template model       : [0.059, 0.387]
Optimized param      : [0.05402216 0.3880247 ]
Nr of eval points    : 571/1000 used
fval                 : 0.0024918378974555975
var from template [%]: [8.43701417 0.26478121]%


INFO: Calculated optimized muscle parameters for glmax1_l in 49.2242317199707 seconds.
                         Lm Opt        Lts
Template model       : [0.147, 0.0873]
Optimized param      : [0.10605318 0.12204137]
Nr of eval points    : 1000/1000 used
fval                 : 0.014172114391782642
var from template [%]: [27.85498162 39.7953833 ]%


INFO: Calculated optimized muscle parameters for glmax2_l in 52.77053785324097 seconds.
                         Lm Opt        Lts
Template model       : [0.157, 0.109]
Optimized param      : [0.14427033 0.12363226]
Nr of eval points    : 1000/1000 used
fval                 : 0.008517113608487234
var from template [%]: [ 8.10806761 13.42409451]%


INFO: Calculated optimized muscle parameters for glmax3_l in 53.25297284126282 seconds.
                         Lm Opt        Lts
Template model       : [0.167, 0.103]
Optimized param      : [0.18238674 0.0830795 ]
Nr of eval points    : 1000/1000 used
fval                 : 0.004342032848991014
var from template [%]: [ 9.21361938 19.34028944]%


INFO: Calculated optimized muscle parameters for glmed1_l in 52.54224443435669 seconds.
                         Lm Opt        Lts
Template model       : [0.073, 0.0558168319436554]
Optimized param      : [0.0671042  0.05053942]
Nr of eval points    : 907/1000 used
fval                 : 0.014567450287749625
var from template [%]: [8.07643869 9.45487271]%


INFO: Calculated optimized muscle parameters for glmed2_l in 53.59511637687683 seconds.
                         Lm Opt        Lts
Template model       : [0.073, 0.0652488111992348]
Optimized param      : [0.05303558 0.07599261]
Nr of eval points    : 956/1000 used
fval                 : 0.014322448016916255
var from template [%]: [27.34851375 16.46589872]%


INFO: Calculated optimized muscle parameters for glmed3_l in 51.40348982810974 seconds.
                         Lm Opt        Lts
Template model       : [0.073, 0.0452328436013583]
Optimized param      : [0.04648353 0.08329449]
Nr of eval points    : 969/1000 used
fval                 : 0.012706592598332171
var from template [%]: [36.32393167 84.14603818]%


INFO: Calculated optimized muscle parameters for glmin1_l in 52.90946674346924 seconds.
                         Lm Opt        Lts
Template model       : [0.068, 0.0161377823749703]
Optimized param      : [0.06396928 0.01639824]
Nr of eval points    : 880/1000 used
fval                 : 0.012446530461575076
var from template [%]: [5.92752585 1.61398131]%


INFO: Calculated optimized muscle parameters for glmin2_l in 52.69283318519592 seconds.
                         Lm Opt        Lts
Template model       : [0.056, 0.0260990524098789]
Optimized param      : [0.05146614 0.02999183]
Nr of eval points    : 864/1000 used
fval                 : 0.012630448921794098
var from template [%]: [ 8.09617864 14.91541048]%


INFO: Calculated optimized muscle parameters for glmin3_l in 52.161763429641724 seconds.
                         Lm Opt        Lts
Template model       : [0.038, 0.0508725]
Optimized param      : [0.03138248 0.05893435]
Nr of eval points    : 792/1000 used
fval                 : 0.011239819982557533
var from template [%]: [17.41451334 15.84716428]%


INFO: Calculated optimized muscle parameters for grac_l in 862.8886241912842 seconds.
                         Lm Opt        Lts
Template model       : [0.2278, 0.172013810564373]
Optimized param      : [0.2575022 0.1259614]
Nr of eval points    : 10000/10000 used
fval                 : 0.0019639016948468572
var from template [%]: [13.03871908 26.77251034]%


INFO: Calculated optimized muscle parameters for iliacus_l in 54.7538526058197 seconds.
                         Lm Opt        Lts
Template model       : [0.1066, 0.0961207083983258]
Optimized param      : [0.09055327 0.09851602]
Nr of eval points    : 863/1000 used
fval                 : 0.0037156040991159164
var from template [%]: [15.05321693  2.49198753]%


INFO: Calculated optimized muscle parameters for perbrev_l in 4.8068528175354 seconds.
                         Lm Opt        Lts
Template model       : [0.0454, 0.147527533956538]
Optimized param      : [0.04220263 0.15638389]
Nr of eval points    : 100/100 used
fval                 : 0.0013258599150289376
var from template [%]: [7.04267537 6.00318924]%


INFO: Calculated optimized muscle parameters for perlong_l in 5.274445533752441 seconds.
                         Lm Opt        Lts
Template model       : [0.0508, 0.332220762637978]
Optimized param      : [0.0498153  0.33681033]
Nr of eval points    : 100/100 used
fval                 : 0.0012150474763751907
var from template [%]: [1.93838025 1.38148204]%


INFO: Calculated optimized muscle parameters for piri_l in 55.03948640823364 seconds.
                         Lm Opt        Lts
Template model       : [0.026, 0.114906238342785]
Optimized param      : [0.01920035 0.12863793]
Nr of eval points    : 742/1000 used
fval                 : 0.009057545688379189
var from template [%]: [26.15251382 11.95034861]%


INFO: Calculated optimized muscle parameters for psoas_l in 64.5020170211792 seconds.
                         Lm Opt        Lts
Template model       : [0.1169, 0.0995431658555083]
Optimized param      : [0.10358795 0.0781535 ]
Nr of eval points    : 1000/1000 used
fval                 : 0.0038451599142863948
var from template [%]: [11.38755323 21.48782612]%


INFO: Calculated optimized muscle parameters for recfem_l in 899.6740746498108 seconds.
                         Lm Opt        Lts
Template model       : [0.0759, 0.4504]
Optimized param      : [0.0731403  0.44644303]
Nr of eval points    : 6927/10000 used
fval                 : 0.002990552429029299
var from template [%]: [3.63597036 0.87854597]%


INFO: Calculated optimized muscle parameters for sart_l in 992.8524062633514 seconds.
                         Lm Opt        Lts
Template model       : [0.403, 0.123999830194402]
Optimized param      : [0.38642284 0.13549468]
Nr of eval points    : 10000/10000 used
fval                 : 0.005324553611516059
var from template [%]: [4.11343928 9.27005256]%


INFO: Calculated optimized muscle parameters for semimem_l in 910.4663376808167 seconds.
                         Lm Opt        Lts
Template model       : [0.086, 0.335]
Optimized param      : [0.09698678 0.3111034 ]
Nr of eval points    : 7807/10000 used
fval                 : 0.002923561448543989
var from template [%]: [12.77532052  7.1333146 ]%


INFO: Calculated optimized muscle parameters for semiten_l in 980.7630553245544 seconds.
                         Lm Opt        Lts
Template model       : [0.193, 0.24719894503751]
Optimized param      : [0.2119295  0.21168024]
Nr of eval points    : 10000/10000 used
fval                 : 0.00433814121586421
var from template [%]: [ 9.80803116 14.36846818]%


INFO: Calculated optimized muscle parameters for soleus_l in 8.825328826904297 seconds.
                         Lm Opt        Lts
Template model       : [0.044, 0.28135]
Optimized param      : [0.0446791  0.28070579]
Nr of eval points    : 83/100 used
fval                 : 1.5377121010252625e-05
var from template [%]: [1.54340192 0.22896979]%


INFO: Calculated optimized muscle parameters for tfl_l in 3065.6050436496735 seconds.
                         Lm Opt        Lts
Template model       : [0.095, 0.449497053805428]
Optimized param      : [0.08551279 0.44755488]
Nr of eval points    : 4840/10000 used
fval                 : 0.005955552777792651
var from template [%]: [9.9865373  0.43207675]%


INFO: Calculated optimized muscle parameters for tibant_l in 2.657247304916382 seconds.
                         Lm Opt        Lts
Template model       : [0.0683, 0.240461026409367]
Optimized param      : [0.06798325 0.24562107]
Nr of eval points    : 94/100 used
fval                 : 0.0006669689702399569
var from template [%]: [0.46376995 2.1458956 ]%


INFO: Calculated optimized muscle parameters for tibpost_l in 2.689972400665283 seconds.
                         Lm Opt        Lts
Template model       : [0.0378, 0.280779613883954]
Optimized param      : [0.03991304 0.28204028]
Nr of eval points    : 94/100 used
fval                 : 0.00012260616644308608
var from template [%]: [5.5900468  0.44898687]%


INFO: Calculated optimized muscle parameters for vasint_l in 0.2869584560394287 seconds.
                         Lm Opt        Lts
Template model       : [0.117, 0.205]
Optimized param      : [0.11808968 0.19468012]
Nr of eval points    : 10/10 used
fval                 : 0.0018384287938589285
var from template [%]: [0.93134793 5.0340869 ]%


INFO: Calculated optimized muscle parameters for vaslat_l in 0.3339064121246338 seconds.
                         Lm Opt        Lts
Template model       : [0.117, 0.221]
Optimized param      : [0.11407962 0.21686162]
Nr of eval points    : 10/10 used
fval                 : 0.0015288552972415053
var from template [%]: [2.49605052 1.87256964]%


INFO: Calculated optimized muscle parameters for vasmed_l in 0.2986898422241211 seconds.
                         Lm Opt        Lts
Template model       : [0.11, 0.208]
Optimized param      : [0.10957526 0.2018143 ]
Nr of eval points    : 10/10 used
fval                 : 0.00178233989227791
var from template [%]: [0.38612747 2.97389611]%


