[2025-12-17 09:57:31.795] [info] Loaded model Athlete_03 from file ..\..\..\..\models\Athlete_03_MRI_Katya\25_03_31\scaled_increased_3.00.osim
[2025-12-17 09:57:31.889] [info] Loaded model Athlete_03 from file ..\..\..\..\models\Athlete_03_MRI_Katya\25_03_31\scaled_increased_3.00.osim
[2025-12-17 09:57:32.020] [info] Loaded model Athlete_03 from file ..\..\..\..\models\Athlete_03_MRI_Katya\25_03_31\scaled_increased_3.00.osim
[2025-12-17 09:57:32.096] [cout] [info] 
               MODEL: Athlete_03
         coordinates: 39
              forces: 97
           actuators: 97
             muscles: 80
            analyses: 0
              probes: 0
              bodies: 22
              joints: 22
         constraints: 2
             markers: 39
         controllers: 0
  contact geometries: 0
misc modelcomponents: 0
[2025-12-17 09:57:32.102] [info] Running tool .
[2025-12-17 09:57:32.336] [info] Frame 1 (t = 0.00500000):	 total squared error = 0.00120711, marker error: RMS = 0.00724450, max = 0.0141731 (XIPH)
[2025-12-17 09:57:32.345] [info] Frame 2 (t = 0.01):	 total squared error = 0.00121388, marker error: RMS = 0.00726480, max = 0.0143596 (XIPH)
[2025-12-17 09:57:32.365] [info] Frame 3 (t = 0.015):	 total squared error = 0.00121817, marker error: RMS = 0.00727762, max = 0.0146412 (XIPH)
[2025-12-17 09:57:32.381] [info] Frame 4 (t = 0.02):	 total squared error = 0.00123043, marker error: RMS = 0.00731417, max = 0.0148062 (XIPH)
[2025-12-17 09:57:32.397] [info] Frame 5 (t = 0.025):	 total squared error = 0.00124634, marker error: RMS = 0.00736130, max = 0.0150207 (XIPH)
[2025-12-17 09:57:32.404] [info] Frame 6 (t = 0.03):	 total squared error = 0.00126991, marker error: RMS = 0.00743058, max = 0.0153816 (XIPH)
[2025-12-17 09:57:32.419] [info] Frame 7 (t = 0.035):	 total squared error = 0.00129542, marker error: RMS = 0.00750485, max = 0.0155159 (XIPH)
[2025-12-17 09:57:32.439] [info] Frame 8 (t = 0.04):	 total squared error = 0.00131955, marker error: RMS = 0.00757441, max = 0.015976 (XIPH)
[2025-12-17 09:57:32.453] [info] Frame 9 (t = 0.045):	 total squared error = 0.00135325, marker error: RMS = 0.00767052, max = 0.0161878 (XIPH)
[2025-12-17 09:57:32.477] [info] Frame 10 (t = 0.05):	 total squared error = 0.00138582, marker error: RMS = 0.00776229, max = 0.0165516 (STRN)
[2025-12-17 09:57:32.502] [info] Frame 11 (t = 0.055):	 total squared error = 0.00142003, marker error: RMS = 0.00785750, max = 0.0168218 (STRN)
[2025-12-17 09:57:32.516] [info] Frame 12 (t = 0.06):	 total squared error = 0.00145507, marker error: RMS = 0.00795385, max = 0.0170547 (STRN)
[2025-12-17 09:57:32.544] [info] Frame 13 (t = 0.065):	 total squared error = 0.00148192, marker error: RMS = 0.00802691, max = 0.0173434 (STRN)
[2025-12-17 09:57:32.561] [info] Frame 14 (t = 0.07):	 total squared error = 0.00150777, marker error: RMS = 0.00809662, max = 0.0175137 (STRN)
[2025-12-17 09:57:32.582] [info] Frame 15 (t = 0.075):	 total squared error = 0.00152802, marker error: RMS = 0.00815080, max = 0.0176618 (STRN)
[2025-12-17 09:57:32.599] [info] Frame 16 (t = 0.08):	 total squared error = 0.00154299, marker error: RMS = 0.00819065, max = 0.0178251 (STRN)
[2025-12-17 09:57:32.621] [info] Frame 17 (t = 0.085):	 total squared error = 0.00154930, marker error: RMS = 0.00820736, max = 0.0180912 (STRN)
[2025-12-17 09:57:32.634] [info] Frame 18 (t = 0.09):	 total squared error = 0.00155752, marker error: RMS = 0.00822912, max = 0.0181588 (STRN)
[2025-12-17 09:57:32.651] [info] Frame 19 (t = 0.095):	 total squared error = 0.00156653, marker error: RMS = 0.00825287, max = 0.0181727 (STRN)
[2025-12-17 09:57:32.678] [info] Frame 20 (t = 0.1):	 total squared error = 0.00157741, marker error: RMS = 0.00828148, max = 0.0182695 (STRN)
[2025-12-17 09:57:32.693] [info] Frame 21 (t = 0.105000):	 total squared error = 0.00159908, marker error: RMS = 0.00833817, max = 0.0181995 (STRN)
[2025-12-17 09:57:32.708] [info] Frame 22 (t = 0.11):	 total squared error = 0.00163166, marker error: RMS = 0.00842269, max = 0.0180978 (STRN)
[2025-12-17 09:57:32.723] [info] Frame 23 (t = 0.115):	 total squared error = 0.00167783, marker error: RMS = 0.00854103, max = 0.0179828 (STRN)
[2025-12-17 09:57:32.742] [info] Frame 24 (t = 0.12):	 total squared error = 0.00173694, marker error: RMS = 0.00869017, max = 0.0178158 (STRN)
[2025-12-17 09:57:32.757] [info] Frame 25 (t = 0.125):	 total squared error = 0.00181026, marker error: RMS = 0.00887169, max = 0.0175537 (STRN)
[2025-12-17 09:57:32.774] [info] Frame 26 (t = 0.13):	 total squared error = 0.00189369, marker error: RMS = 0.00907382, max = 0.0172979 (STRN)
[2025-12-17 09:57:32.797] [info] Frame 27 (t = 0.135):	 total squared error = 0.00197298, marker error: RMS = 0.00926184, max = 0.016977 (STRN)
[2025-12-17 09:57:32.818] [info] Frame 28 (t = 0.14):	 total squared error = 0.00206561, marker error: RMS = 0.00947677, max = 0.017347 (LTH2)
[2025-12-17 09:57:32.832] [info] Frame 29 (t = 0.145):	 total squared error = 0.00216394, marker error: RMS = 0.00969972, max = 0.0184627 (LTH2)
[2025-12-17 09:57:32.854] [info] Frame 30 (t = 0.15):	 total squared error = 0.00225579, marker error: RMS = 0.00990343, max = 0.0189443 (LTH2)
[2025-12-17 09:57:32.872] [info] Frame 31 (t = 0.155):	 total squared error = 0.00235168, marker error: RMS = 0.0101117, max = 0.0198803 (LTH2)
[2025-12-17 09:57:32.891] [info] Frame 32 (t = 0.16):	 total squared error = 0.00244339, marker error: RMS = 0.0103070, max = 0.0203903 (LTH2)
[2025-12-17 09:57:32.915] [info] Frame 33 (t = 0.165):	 total squared error = 0.00253094, marker error: RMS = 0.0104900, max = 0.0208009 (LTH2)
[2025-12-17 09:57:32.936] [info] Frame 34 (t = 0.17):	 total squared error = 0.00262746, marker error: RMS = 0.0106882, max = 0.0215906 (LTH2)
[2025-12-17 09:57:32.958] [info] Frame 35 (t = 0.175):	 total squared error = 0.00272795, marker error: RMS = 0.0108907, max = 0.0222488 (LTH2)
[2025-12-17 09:57:32.977] [info] Frame 36 (t = 0.18):	 total squared error = 0.00283377, marker error: RMS = 0.0110999, max = 0.0228251 (LTH2)
[2025-12-17 09:57:32.989] [info] Frame 37 (t = 0.185):	 total squared error = 0.00296397, marker error: RMS = 0.011352, max = 0.0238262 (LTH2)
[2025-12-17 09:57:33.015] [info] Frame 38 (t = 0.19):	 total squared error = 0.00307009, marker error: RMS = 0.0115535, max = 0.023966 (LTH2)
[2025-12-17 09:57:33.033] [info] Frame 39 (t = 0.195):	 total squared error = 0.00320298, marker error: RMS = 0.0118008, max = 0.0246396 (LTH2)
[2025-12-17 09:57:33.060] [info] Frame 40 (t = 0.2):	 total squared error = 0.00334129, marker error: RMS = 0.0120529, max = 0.0251512 (LTH2)
[2025-12-17 09:57:33.074] [info] Frame 41 (t = 0.205000):	 total squared error = 0.00349350, marker error: RMS = 0.0123244, max = 0.0259108 (LTH2)
[2025-12-17 09:57:33.092] [info] Frame 42 (t = 0.21):	 total squared error = 0.00363673, marker error: RMS = 0.0125745, max = 0.0263961 (LTH2)
[2025-12-17 09:57:33.106] [info] Frame 43 (t = 0.215):	 total squared error = 0.00379562, marker error: RMS = 0.0128463, max = 0.0270369 (LTH2)
[2025-12-17 09:57:33.134] [info] Frame 44 (t = 0.22):	 total squared error = 0.00393988, marker error: RMS = 0.0130881, max = 0.0274195 (LTH2)
[2025-12-17 09:57:33.162] [info] Frame 45 (t = 0.225):	 total squared error = 0.00409283, marker error: RMS = 0.0133398, max = 0.027933 (LTH2)
[2025-12-17 09:57:33.176] [info] Frame 46 (t = 0.23):	 total squared error = 0.00425133, marker error: RMS = 0.0135956, max = 0.0284385 (LTH2)
[2025-12-17 09:57:33.202] [info] Frame 47 (t = 0.235):	 total squared error = 0.00439478, marker error: RMS = 0.0138231, max = 0.0287703 (LTH2)
[2025-12-17 09:57:33.220] [info] Frame 48 (t = 0.24):	 total squared error = 0.00454035, marker error: RMS = 0.0140501, max = 0.0291097 (LTH2)
[2025-12-17 09:57:33.236] [info] Frame 49 (t = 0.245):	 total squared error = 0.00467837, marker error: RMS = 0.0142621, max = 0.0293325 (LTH2)
[2025-12-17 09:57:33.253] [info] Frame 50 (t = 0.25):	 total squared error = 0.00480224, marker error: RMS = 0.0144497, max = 0.0294809 (LTH2)
[2025-12-17 09:57:33.263] [info] Frame 51 (t = 0.255):	 total squared error = 0.00491610, marker error: RMS = 0.01462, max = 0.029556 (LTH2)
[2025-12-17 09:57:33.277] [info] Frame 52 (t = 0.26):	 total squared error = 0.00500186, marker error: RMS = 0.0147469, max = 0.0293952 (LTH2)
[2025-12-17 09:57:33.296] [info] Frame 53 (t = 0.265):	 total squared error = 0.00506096, marker error: RMS = 0.0148338, max = 0.0292353 (LTH2)
[2025-12-17 09:57:33.310] [info] Frame 54 (t = 0.27):	 total squared error = 0.00509193, marker error: RMS = 0.0148791, max = 0.0288561 (LTH2)
[2025-12-17 09:57:33.320] [info] Frame 55 (t = 0.275):	 total squared error = 0.00509405, marker error: RMS = 0.0148822, max = 0.0284507 (LTH2)
[2025-12-17 09:57:33.348] [info] Frame 56 (t = 0.28):	 total squared error = 0.00505090, marker error: RMS = 0.0148191, max = 0.0277434 (LTH2)
[2025-12-17 09:57:33.363] [info] Frame 57 (t = 0.285):	 total squared error = 0.00497929, marker error: RMS = 0.0147136, max = 0.0271893 (LSHA2)
[2025-12-17 09:57:33.384] [info] Frame 58 (t = 0.29):	 total squared error = 0.00487566, marker error: RMS = 0.0145597, max = 0.0271166 (LSHA2)
[2025-12-17 09:57:33.400] [info] Frame 59 (t = 0.295):	 total squared error = 0.00474428, marker error: RMS = 0.0143622, max = 0.0268845 (LSHA2)
[2025-12-17 09:57:33.408] [info] Frame 60 (t = 0.3):	 total squared error = 0.00459353, marker error: RMS = 0.0141322, max = 0.0265798 (LSHA2)
[2025-12-17 09:57:33.421] [info] Frame 61 (t = 0.305000):	 total squared error = 0.00442093, marker error: RMS = 0.0138641, max = 0.0260796 (LSHA2)
[2025-12-17 09:57:33.438] [info] Frame 62 (t = 0.31):	 total squared error = 0.00423737, marker error: RMS = 0.0135733, max = 0.0256675 (LSHA2)
[2025-12-17 09:57:33.454] [info] Frame 63 (t = 0.315):	 total squared error = 0.00405113, marker error: RMS = 0.0132716, max = 0.0251537 (LSHA2)
[2025-12-17 09:57:33.472] [info] Frame 64 (t = 0.32):	 total squared error = 0.00386589, marker error: RMS = 0.0129647, max = 0.0246972 (LSHA2)
[2025-12-17 09:57:33.490] [info] Frame 65 (t = 0.325):	 total squared error = 0.00368550, marker error: RMS = 0.0126586, max = 0.0241157 (LSHA2)
[2025-12-17 09:57:33.506] [info] Frame 66 (t = 0.33):	 total squared error = 0.00351580, marker error: RMS = 0.0123637, max = 0.0236666 (LSHA2)
[2025-12-17 09:57:33.528] [info] Frame 67 (t = 0.335):	 total squared error = 0.00335772, marker error: RMS = 0.0120825, max = 0.0231103 (LSHA2)
[2025-12-17 09:57:33.544] [info] Frame 68 (t = 0.34):	 total squared error = 0.00321631, marker error: RMS = 0.0118254, max = 0.0226621 (LSHA2)
[2025-12-17 09:57:33.566] [info] Frame 69 (t = 0.345):	 total squared error = 0.00309223, marker error: RMS = 0.011595, max = 0.0221771 (LSHA2)
[2025-12-17 09:57:33.586] [info] Frame 70 (t = 0.35):	 total squared error = 0.00298901, marker error: RMS = 0.0113999, max = 0.0218231 (LSHA2)
[2025-12-17 09:57:33.605] [info] Frame 71 (t = 0.355):	 total squared error = 0.00290581, marker error: RMS = 0.0112401, max = 0.0214423 (LSHA2)
[2025-12-17 09:57:33.629] [info] Frame 72 (t = 0.36):	 total squared error = 0.00284346, marker error: RMS = 0.0111188, max = 0.0210458 (LSHA2)
[2025-12-17 09:57:33.659] [info] Frame 73 (t = 0.365):	 total squared error = 0.00280259, marker error: RMS = 0.0110386, max = 0.0207277 (LSHA2)
[2025-12-17 09:57:33.687] [info] Frame 74 (t = 0.37):	 total squared error = 0.00278218, marker error: RMS = 0.0109984, max = 0.0204729 (LSHA2)
[2025-12-17 09:57:33.707] [info] Frame 75 (t = 0.375):	 total squared error = 0.00278199, marker error: RMS = 0.0109980, max = 0.0203320 (LSHA2)
[2025-12-17 09:57:33.733] [info] Frame 76 (t = 0.38):	 total squared error = 0.00279658, marker error: RMS = 0.0110268, max = 0.0200733 (LSHA2)
[2025-12-17 09:57:33.745] [info] Frame 77 (t = 0.385):	 total squared error = 0.00283175, marker error: RMS = 0.0110959, max = 0.0200883 (LSHA2)
[2025-12-17 09:57:33.768] [info] Frame 78 (t = 0.39):	 total squared error = 0.00286847, marker error: RMS = 0.0111676, max = 0.0198432 (LSHA2)
[2025-12-17 09:57:33.780] [info] Frame 79 (t = 0.395):	 total squared error = 0.00292311, marker error: RMS = 0.0112735, max = 0.019964 (LSHA2)
[2025-12-17 09:57:33.801] [info] Frame 80 (t = 0.4):	 total squared error = 0.00297109, marker error: RMS = 0.0113656, max = 0.0197102 (LSHA2)
[2025-12-17 09:57:33.818] [info] Frame 81 (t = 0.405000):	 total squared error = 0.00302553, marker error: RMS = 0.0114693, max = 0.0198133 (LSHA2)
[2025-12-17 09:57:33.838] [info] Frame 82 (t = 0.41):	 total squared error = 0.00307260, marker error: RMS = 0.0115582, max = 0.019762 (LSHA2)
[2025-12-17 09:57:33.864] [info] Frame 83 (t = 0.415):	 total squared error = 0.00311158, marker error: RMS = 0.0116313, max = 0.0196514 (LSHA2)
[2025-12-17 09:57:33.878] [info] Frame 84 (t = 0.42):	 total squared error = 0.00314077, marker error: RMS = 0.0116857, max = 0.0197531 (LSHA2)
[2025-12-17 09:57:33.899] [info] Frame 85 (t = 0.425):	 total squared error = 0.00314694, marker error: RMS = 0.0116971, max = 0.0194041 (LSHA2)
[2025-12-17 09:57:33.924] [info] Frame 86 (t = 0.43):	 total squared error = 0.00313599, marker error: RMS = 0.0116768, max = 0.0191837 (LSHA2)
[2025-12-17 09:57:33.945] [info] Frame 87 (t = 0.435):	 total squared error = 0.00310288, marker error: RMS = 0.011615, max = 0.0188659 (LSHA2)
[2025-12-17 09:57:33.966] [info] Frame 88 (t = 0.44):	 total squared error = 0.00304623, marker error: RMS = 0.0115085, max = 0.0184575 (LSHA2)
[2025-12-17 09:57:33.979] [info] Frame 89 (t = 0.445):	 total squared error = 0.00296917, marker error: RMS = 0.011362, max = 0.0181965 (XIPH)
[2025-12-17 09:57:34.002] [info] Frame 90 (t = 0.45):	 total squared error = 0.00286263, marker error: RMS = 0.0111563, max = 0.0184268 (XIPH)
[2025-12-17 09:57:34.018] [info] Frame 91 (t = 0.455):	 total squared error = 0.00274010, marker error: RMS = 0.0109149, max = 0.0183761 (XIPH)
[2025-12-17 09:57:34.040] [info] Frame 92 (t = 0.46):	 total squared error = 0.00259852, marker error: RMS = 0.0106292, max = 0.0184415 (XIPH)
[2025-12-17 09:57:34.054] [info] Frame 93 (t = 0.465):	 total squared error = 0.00244604, marker error: RMS = 0.0103126, max = 0.0183415 (XIPH)
[2025-12-17 09:57:34.069] [info] Frame 94 (t = 0.47):	 total squared error = 0.00228647, marker error: RMS = 0.00997055, max = 0.0182648 (XIPH)
[2025-12-17 09:57:34.083] [info] Frame 95 (t = 0.475):	 total squared error = 0.00212499, marker error: RMS = 0.00961202, max = 0.0182278 (XIPH)
[2025-12-17 09:57:34.097] [info] Frame 96 (t = 0.48):	 total squared error = 0.00196860, marker error: RMS = 0.00925157, max = 0.0180892 (XIPH)
[2025-12-17 09:57:34.111] [info] Frame 97 (t = 0.485):	 total squared error = 0.00182259, marker error: RMS = 0.00890186, max = 0.0179646 (XIPH)
[2025-12-17 09:57:34.126] [info] Frame 98 (t = 0.49):	 total squared error = 0.00169286, marker error: RMS = 0.00857919, max = 0.0178141 (XIPH)
[2025-12-17 09:57:34.141] [info] Frame 99 (t = 0.495):	 total squared error = 0.00158384, marker error: RMS = 0.00829835, max = 0.017651 (XIPH)
[2025-12-17 09:57:34.165] [info] Frame 100 (t = 0.5):	 total squared error = 0.00149838, marker error: RMS = 0.00807137, max = 0.0175293 (XIPH)
[2025-12-17 09:57:34.180] [info] Frame 101 (t = 0.505000):	 total squared error = 0.00143810, marker error: RMS = 0.00790733, max = 0.0172907 (XIPH)
[2025-12-17 09:57:34.200] [info] Frame 102 (t = 0.51):	 total squared error = 0.00140214, marker error: RMS = 0.00780786, max = 0.0171407 (XIPH)
[2025-12-17 09:57:34.215] [info] Frame 103 (t = 0.515):	 total squared error = 0.00138937, marker error: RMS = 0.00777223, max = 0.0169272 (XIPH)
[2025-12-17 09:57:34.231] [info] Frame 104 (t = 0.52):	 total squared error = 0.00139468, marker error: RMS = 0.00778706, max = 0.0167692 (XIPH)
[2025-12-17 09:57:34.256] [info] Frame 105 (t = 0.525):	 total squared error = 0.00141428, marker error: RMS = 0.00784158, max = 0.0165179 (XIPH)
[2025-12-17 09:57:34.271] [info] Frame 106 (t = 0.53):	 total squared error = 0.00144083, marker error: RMS = 0.00791485, max = 0.0163842 (XIPH)
[2025-12-17 09:57:34.285] [info] Frame 107 (t = 0.535):	 total squared error = 0.00147237, marker error: RMS = 0.00800101, max = 0.0163201 (XIPH)
[2025-12-17 09:57:34.298] [info] Frame 108 (t = 0.54):	 total squared error = 0.00150516, marker error: RMS = 0.00808960, max = 0.0163007 (XIPH)
[2025-12-17 09:57:34.313] [info] Frame 109 (t = 0.545):	 total squared error = 0.00153709, marker error: RMS = 0.00817497, max = 0.016323 (XIPH)
[2025-12-17 09:57:34.333] [info] Frame 110 (t = 0.55):	 total squared error = 0.00156700, marker error: RMS = 0.00825411, max = 0.0164461 (XIPH)
[2025-12-17 09:57:34.342] [info] Frame 111 (t = 0.555):	 total squared error = 0.00159710, marker error: RMS = 0.00833301, max = 0.0164847 (XIPH)
[2025-12-17 09:57:34.349] [info] Frame 112 (t = 0.56):	 total squared error = 0.00162925, marker error: RMS = 0.00841647, max = 0.0165701 (XIPH)
[2025-12-17 09:57:34.371] [info] Frame 113 (t = 0.565):	 total squared error = 0.00165709, marker error: RMS = 0.00848808, max = 0.0169924 (XIPH)
[2025-12-17 09:57:34.378] [info] Frame 114 (t = 0.57):	 total squared error = 0.00169679, marker error: RMS = 0.00858914, max = 0.0171961 (XIPH)
[2025-12-17 09:57:34.398] [info] Frame 115 (t = 0.575):	 total squared error = 0.00174130, marker error: RMS = 0.00870108, max = 0.017351 (XIPH)
[2025-12-17 09:57:34.455] [info] Frame 116 (t = 0.58):	 total squared error = 0.00178336, marker error: RMS = 0.00880552, max = 0.0177126 (XIPH)
[2025-12-17 09:57:34.483] [info] Frame 117 (t = 0.585):	 total squared error = 0.00183630, marker error: RMS = 0.00893526, max = 0.0179187 (XIPH)
[2025-12-17 09:57:34.499] [info] Frame 118 (t = 0.59):	 total squared error = 0.00189070, marker error: RMS = 0.00906667, max = 0.0181047 (XIPH)
[2025-12-17 09:57:34.520] [info] Frame 119 (t = 0.595):	 total squared error = 0.00193647, marker error: RMS = 0.00917575, max = 0.0184126 (XIPH)
[2025-12-17 09:57:34.531] [info] Frame 120 (t = 0.6):	 total squared error = 0.00198202, marker error: RMS = 0.00928304, max = 0.0185185 (XIPH)
[2025-12-17 09:57:34.543] [info] Frame 121 (t = 0.605000):	 total squared error = 0.00201803, marker error: RMS = 0.00936698, max = 0.0186273 (XIPH)
[2025-12-17 09:57:34.558] [info] Frame 122 (t = 0.61):	 total squared error = 0.00204110, marker error: RMS = 0.00942037, max = 0.0186916 (XIPH)
[2025-12-17 09:57:34.574] [info] Frame 123 (t = 0.615):	 total squared error = 0.00204864, marker error: RMS = 0.00943777, max = 0.0187101 (XIPH)
[2025-12-17 09:57:34.595] [info] Frame 124 (t = 0.62):	 total squared error = 0.00203908, marker error: RMS = 0.00941570, max = 0.0188134 (XIPH)
[2025-12-17 09:57:34.608] [info] Frame 125 (t = 0.625):	 total squared error = 0.00201882, marker error: RMS = 0.00936881, max = 0.0187345 (XIPH)
[2025-12-17 09:57:34.620] [info] Frame 126 (t = 0.63):	 total squared error = 0.00198601, marker error: RMS = 0.00929236, max = 0.0186283 (XIPH)
[2025-12-17 09:57:34.634] [info] Frame 127 (t = 0.635):	 total squared error = 0.00194359, marker error: RMS = 0.00919261, max = 0.0184834 (XIPH)
[2025-12-17 09:57:34.649] [info] Frame 128 (t = 0.64):	 total squared error = 0.00189484, marker error: RMS = 0.00907657, max = 0.0183124 (XIPH)
[2025-12-17 09:57:34.669] [info] Frame 129 (t = 0.645):	 total squared error = 0.00184268, marker error: RMS = 0.00895079, max = 0.018154 (XIPH)
[2025-12-17 09:57:34.687] [info] Frame 130 (t = 0.65):	 total squared error = 0.00178976, marker error: RMS = 0.00882131, max = 0.0179359 (XIPH)
[2025-12-17 09:57:34.701] [info] Frame 131 (t = 0.655):	 total squared error = 0.00173712, marker error: RMS = 0.00869062, max = 0.0176769 (XIPH)
[2025-12-17 09:57:34.720] [info] Frame 132 (t = 0.66):	 total squared error = 0.00168376, marker error: RMS = 0.00855611, max = 0.0174229 (XIPH)
[2025-12-17 09:57:34.742] [info] Frame 133 (t = 0.665):	 total squared error = 0.00162959, marker error: RMS = 0.00841734, max = 0.0172582 (XIPH)
[2025-12-17 09:57:34.760] [info] Frame 134 (t = 0.67):	 total squared error = 0.00157225, marker error: RMS = 0.00826792, max = 0.0170150 (XIPH)
[2025-12-17 09:57:34.784] [info] Frame 135 (t = 0.675):	 total squared error = 0.00151155, marker error: RMS = 0.00810675, max = 0.0167643 (XIPH)
[2025-12-17 09:57:34.805] [info] Frame 136 (t = 0.68):	 total squared error = 0.00144652, marker error: RMS = 0.00793045, max = 0.0164929 (XIPH)
[2025-12-17 09:57:34.823] [info] Frame 137 (t = 0.685):	 total squared error = 0.00137810, marker error: RMS = 0.00774063, max = 0.0162068 (XIPH)
[2025-12-17 09:57:34.840] [info] Frame 138 (t = 0.69):	 total squared error = 0.00130813, marker error: RMS = 0.00754156, max = 0.0158535 (XIPH)
[2025-12-17 09:57:34.853] [info] Frame 139 (t = 0.695):	 total squared error = 0.00124348, marker error: RMS = 0.00735285, max = 0.0154461 (XIPH)
[2025-12-17 09:57:34.879] [info] Frame 140 (t = 0.7):	 total squared error = 0.00116298, marker error: RMS = 0.00711088, max = 0.0154216 (XIPH)
[2025-12-17 09:57:34.898] [info] Frame 141 (t = 0.705000):	 total squared error = 0.00109475, marker error: RMS = 0.00689912, max = 0.0151616 (XIPH)
[2025-12-17 09:57:34.918] [info] Frame 142 (t = 0.71):	 total squared error = 0.00103278, marker error: RMS = 0.00670102, max = 0.0148815 (XIPH)
[2025-12-17 09:57:34.937] [info] Frame 143 (t = 0.715):	 total squared error = 0.000978110, marker error: RMS = 0.00652124, max = 0.0146821 (XIPH)
[2025-12-17 09:57:34.964] [info] Frame 144 (t = 0.72):	 total squared error = 0.000933258, marker error: RMS = 0.00636996, max = 0.014365 (XIPH)
[2025-12-17 09:57:34.981] [info] Frame 145 (t = 0.725):	 total squared error = 0.000901145, marker error: RMS = 0.00625941, max = 0.0141026 (XIPH)
[2025-12-17 09:57:35.011] [info] Frame 146 (t = 0.73):	 total squared error = 0.000880344, marker error: RMS = 0.00618675, max = 0.0138836 (XIPH)
[2025-12-17 09:57:35.038] [info] Frame 147 (t = 0.735):	 total squared error = 0.000871406, marker error: RMS = 0.00615526, max = 0.0136691 (XIPH)
[2025-12-17 09:57:35.050] [info] Frame 148 (t = 0.74):	 total squared error = 0.000882565, marker error: RMS = 0.00619455, max = 0.0134477 (XIPH)
[2025-12-17 09:57:35.076] [info] Frame 149 (t = 0.745):	 total squared error = 0.000879728, marker error: RMS = 0.00618458, max = 0.0133076 (XIPH)
[2025-12-17 09:57:35.094] [info] Frame 150 (t = 0.75):	 total squared error = 0.000890609, marker error: RMS = 0.00622271, max = 0.0131994 (XIPH)
[2025-12-17 09:57:35.115] [info] Frame 151 (t = 0.755):	 total squared error = 0.000901936, marker error: RMS = 0.00626216, max = 0.0130662 (XIPH)
[2025-12-17 09:57:35.144] [info] Frame 152 (t = 0.76):	 total squared error = 0.000911406, marker error: RMS = 0.00629495, max = 0.0129792 (XIPH)
[2025-12-17 09:57:35.160] [info] Frame 153 (t = 0.765):	 total squared error = 0.000918079, marker error: RMS = 0.00631795, max = 0.0129219 (XIPH)
[2025-12-17 09:57:35.183] [info] Frame 154 (t = 0.77):	 total squared error = 0.000917153, marker error: RMS = 0.00631476, max = 0.0129395 (XIPH)
[2025-12-17 09:57:35.195] [info] Frame 155 (t = 0.775):	 total squared error = 0.000916432, marker error: RMS = 0.00631228, max = 0.0130148 (XIPH)
[2025-12-17 09:57:35.219] [info] Frame 156 (t = 0.78):	 total squared error = 0.000906068, marker error: RMS = 0.00627648, max = 0.0130296 (XIPH)
[2025-12-17 09:57:35.236] [info] Frame 157 (t = 0.785):	 total squared error = 0.000896318, marker error: RMS = 0.00624262, max = 0.0131414 (XIPH)
[2025-12-17 09:57:35.248] [info] Frame 158 (t = 0.79):	 total squared error = 0.000888662, marker error: RMS = 0.00621590, max = 0.0132704 (XIPH)
[2025-12-17 09:57:35.267] [info] Frame 159 (t = 0.795):	 total squared error = 0.000878028, marker error: RMS = 0.00617860, max = 0.0134208 (XIPH)
[2025-12-17 09:57:35.282] [info] Frame 160 (t = 0.8):	 total squared error = 0.000869811, marker error: RMS = 0.00614962, max = 0.0136127 (XIPH)
[2025-12-17 09:57:35.296] [info] Frame 161 (t = 0.805000):	 total squared error = 0.000864842, marker error: RMS = 0.00613203, max = 0.0138463 (XIPH)
[2025-12-17 09:57:35.312] [info] Frame 162 (t = 0.81):	 total squared error = 0.000862218, marker error: RMS = 0.00612272, max = 0.0141515 (XIPH)
[2025-12-17 09:57:35.326] [info] Frame 163 (t = 0.815):	 total squared error = 0.000860620, marker error: RMS = 0.00611705, max = 0.0143677 (XIPH)
[2025-12-17 09:57:35.345] [info] Frame 164 (t = 0.82):	 total squared error = 0.000862040, marker error: RMS = 0.00612209, max = 0.0145499 (XIPH)
[2025-12-17 09:57:35.361] [info] Frame 165 (t = 0.825):	 total squared error = 0.000863880, marker error: RMS = 0.00612862, max = 0.0148504 (XIPH)
[2025-12-17 09:57:35.375] [info] Frame 166 (t = 0.83):	 total squared error = 0.000868394, marker error: RMS = 0.00614461, max = 0.0151017 (XIPH)
[2025-12-17 09:57:35.392] [info] Frame 167 (t = 0.835):	 total squared error = 0.000875487, marker error: RMS = 0.00616966, max = 0.0153361 (XIPH)
[2025-12-17 09:57:35.407] [info] Frame 168 (t = 0.84):	 total squared error = 0.000885881, marker error: RMS = 0.00620617, max = 0.0155211 (XIPH)
[2025-12-17 09:57:35.430] [info] Frame 169 (t = 0.845):	 total squared error = 0.000900294, marker error: RMS = 0.00625645, max = 0.0156068 (XIPH)
[2025-12-17 09:57:35.449] [info] Frame 170 (t = 0.85):	 total squared error = 0.000920571, marker error: RMS = 0.00632652, max = 0.0157774 (XIPH)
[2025-12-17 09:57:35.467] [info] Frame 171 (t = 0.855):	 total squared error = 0.000947747, marker error: RMS = 0.00641922, max = 0.0159086 (XIPH)
[2025-12-17 09:57:35.481] [info] Frame 172 (t = 0.86):	 total squared error = 0.000982967, marker error: RMS = 0.00653741, max = 0.0160420 (XIPH)
[2025-12-17 09:57:35.495] [info] Frame 173 (t = 0.865):	 total squared error = 0.00102719, marker error: RMS = 0.00668286, max = 0.0161446 (XIPH)
[2025-12-17 09:57:35.511] [info] Frame 174 (t = 0.87):	 total squared error = 0.00107949, marker error: RMS = 0.00685086, max = 0.0162315 (XIPH)
[2025-12-17 09:57:35.528] [info] Frame 175 (t = 0.875):	 total squared error = 0.00114115, marker error: RMS = 0.00704379, max = 0.0162937 (XIPH)
[2025-12-17 09:57:35.541] [info] Frame 176 (t = 0.88):	 total squared error = 0.00121194, marker error: RMS = 0.00725900, max = 0.0163624 (XIPH)
[2025-12-17 09:57:35.560] [info] Frame 177 (t = 0.885):	 total squared error = 0.00129018, marker error: RMS = 0.00748964, max = 0.0163915 (XIPH)
[2025-12-17 09:57:35.571] [info] Frame 178 (t = 0.89):	 total squared error = 0.00137977, marker error: RMS = 0.00774532, max = 0.0163657 (XIPH)
[2025-12-17 09:57:35.587] [info] Frame 179 (t = 0.895):	 total squared error = 0.00147076, marker error: RMS = 0.00799663, max = 0.0164797 (XIPH)
[2025-12-17 09:57:35.604] [info] Frame 180 (t = 0.9):	 total squared error = 0.00156850, marker error: RMS = 0.00825808, max = 0.016593 (XIPH)
[2025-12-17 09:57:35.613] [info] Frame 181 (t = 0.905000):	 total squared error = 0.00167624, marker error: RMS = 0.00853698, max = 0.0164698 (XIPH)
[2025-12-17 09:57:35.634] [info] Frame 182 (t = 0.91):	 total squared error = 0.00177435, marker error: RMS = 0.00878327, max = 0.0167118 (XIPH)
[2025-12-17 09:57:35.647] [info] Frame 183 (t = 0.915):	 total squared error = 0.00188285, marker error: RMS = 0.00904783, max = 0.016614 (XIPH)
[2025-12-17 09:57:35.659] [info] Frame 184 (t = 0.92):	 total squared error = 0.00199095, marker error: RMS = 0.00930392, max = 0.0173864 (RTH3)
[2025-12-17 09:57:35.684] [info] Frame 185 (t = 0.925):	 total squared error = 0.00208177, marker error: RMS = 0.00951377, max = 0.0176993 (RTH3)
[2025-12-17 09:57:35.696] [info] Frame 186 (t = 0.93):	 total squared error = 0.00218005, marker error: RMS = 0.00973574, max = 0.0185243 (RTH3)
[2025-12-17 09:57:35.709] [info] Frame 187 (t = 0.935):	 total squared error = 0.00227170, marker error: RMS = 0.00993829, max = 0.0192365 (RTH3)
[2025-12-17 09:57:35.728] [info] Frame 188 (t = 0.94):	 total squared error = 0.00234374, marker error: RMS = 0.0100946, max = 0.019498 (RTH3)
[2025-12-17 09:57:35.742] [info] Frame 189 (t = 0.945):	 total squared error = 0.00241500, marker error: RMS = 0.0102470, max = 0.0200688 (RTH3)
[2025-12-17 09:57:35.756] [info] Frame 190 (t = 0.95):	 total squared error = 0.00247253, marker error: RMS = 0.0103683, max = 0.0204641 (RTH3)
[2025-12-17 09:57:35.775] [info] Frame 191 (t = 0.955):	 total squared error = 0.00250001, marker error: RMS = 0.0104257, max = 0.0203445 (RTH3)
[2025-12-17 09:57:35.788] [info] Frame 192 (t = 0.96):	 total squared error = 0.00252568, marker error: RMS = 0.0104791, max = 0.0205518 (RTH3)
[2025-12-17 09:57:35.807] [info] Frame 193 (t = 0.965):	 total squared error = 0.00252920, marker error: RMS = 0.0104864, max = 0.0204270 (RTH3)
[2025-12-17 09:57:35.819] [info] Frame 194 (t = 0.97):	 total squared error = 0.00252090, marker error: RMS = 0.0104692, max = 0.0203718 (RTH3)
[2025-12-17 09:57:35.832] [info] Frame 195 (t = 0.975):	 total squared error = 0.00249535, marker error: RMS = 0.0104160, max = 0.0202005 (RTH3)
[2025-12-17 09:57:35.845] [info] Frame 196 (t = 0.98):	 total squared error = 0.00245325, marker error: RMS = 0.0103278, max = 0.0198294 (RTH3)
[2025-12-17 09:57:35.856] [info] Frame 197 (t = 0.985):	 total squared error = 0.00239524, marker error: RMS = 0.0102049, max = 0.0193614 (RTH3)
[2025-12-17 09:57:35.876] [info] Frame 198 (t = 0.99):	 total squared error = 0.00231049, marker error: RMS = 0.0100228, max = 0.0185437 (RTH3)
[2025-12-17 09:57:35.891] [info] Frame 199 (t = 0.995):	 total squared error = 0.00222330, marker error: RMS = 0.00983185, max = 0.017871 (RTH3)
[2025-12-17 09:57:35.906] [info] Frame 200 (t = 1.0):	 total squared error = 0.00212523, marker error: RMS = 0.00961256, max = 0.0173495 (XIPH)
[2025-12-17 09:57:35.922] [info] Frame 201 (t = 1.00500):	 total squared error = 0.00201853, marker error: RMS = 0.00936814, max = 0.0173424 (XIPH)
[2025-12-17 09:57:35.935] [info] Frame 202 (t = 1.01):	 total squared error = 0.00190790, marker error: RMS = 0.00910781, max = 0.0171906 (XIPH)
[2025-12-17 09:57:35.953] [info] Frame 203 (t = 1.015):	 total squared error = 0.00179130, marker error: RMS = 0.00882511, max = 0.0172393 (XIPH)
[2025-12-17 09:57:35.978] [info] Frame 204 (t = 1.02):	 total squared error = 0.00167267, marker error: RMS = 0.00852789, max = 0.0173355 (XIPH)
[2025-12-17 09:57:35.995] [info] Frame 205 (t = 1.025):	 total squared error = 0.00156271, marker error: RMS = 0.00824281, max = 0.0172408 (XIPH)
[2025-12-17 09:57:36.011] [info] Frame 206 (t = 1.03):	 total squared error = 0.00146086, marker error: RMS = 0.00796967, max = 0.0171534 (XIPH)
[2025-12-17 09:57:36.030] [info] Frame 207 (t = 1.035):	 total squared error = 0.00136980, marker error: RMS = 0.00771728, max = 0.0171018 (XIPH)
[2025-12-17 09:57:36.045] [info] Frame 208 (t = 1.04):	 total squared error = 0.00129198, marker error: RMS = 0.00749487, max = 0.0170429 (XIPH)
[2025-12-17 09:57:36.063] [info] Frame 209 (t = 1.045):	 total squared error = 0.00122905, marker error: RMS = 0.00731007, max = 0.0169828 (XIPH)
[2025-12-17 09:57:36.079] [info] Frame 210 (t = 1.05):	 total squared error = 0.00118153, marker error: RMS = 0.00716735, max = 0.0168655 (XIPH)
[2025-12-17 09:57:36.096] [info] Frame 211 (t = 1.055):	 total squared error = 0.00115023, marker error: RMS = 0.00707176, max = 0.0167726 (XIPH)
[2025-12-17 09:57:36.114] [info] Frame 212 (t = 1.06):	 total squared error = 0.00113392, marker error: RMS = 0.00702146, max = 0.0166904 (XIPH)
[2025-12-17 09:57:36.138] [info] Frame 213 (t = 1.065):	 total squared error = 0.00113084, marker error: RMS = 0.00701190, max = 0.0165916 (XIPH)
[2025-12-17 09:57:36.157] [info] Frame 214 (t = 1.07):	 total squared error = 0.00113885, marker error: RMS = 0.00703670, max = 0.0165335 (XIPH)
[2025-12-17 09:57:36.174] [info] Frame 215 (t = 1.075):	 total squared error = 0.00115507, marker error: RMS = 0.00708665, max = 0.0164503 (XIPH)
[2025-12-17 09:57:36.199] [info] Frame 216 (t = 1.08):	 total squared error = 0.00117692, marker error: RMS = 0.00715334, max = 0.0164031 (XIPH)
[2025-12-17 09:57:36.214] [info] Frame 217 (t = 1.085):	 total squared error = 0.00120290, marker error: RMS = 0.00723188, max = 0.0163347 (XIPH)
[2025-12-17 09:57:36.240] [info] Frame 218 (t = 1.09):	 total squared error = 0.00122831, marker error: RMS = 0.00730785, max = 0.016366 (XIPH)
[2025-12-17 09:57:36.252] [info] Frame 219 (t = 1.095):	 total squared error = 0.00125455, marker error: RMS = 0.00738552, max = 0.0163652 (XIPH)
[2025-12-17 09:57:36.267] [info] Frame 220 (t = 1.1):	 total squared error = 0.00127901, marker error: RMS = 0.00745714, max = 0.0164635 (XIPH)
[2025-12-17 09:57:36.276] [info] Frame 221 (t = 1.10500):	 total squared error = 0.00130467, marker error: RMS = 0.00753158, max = 0.0165512 (XIPH)
[2025-12-17 09:57:36.298] [info] Frame 222 (t = 1.11):	 total squared error = 0.00132657, marker error: RMS = 0.00759454, max = 0.016773 (XIPH)
[2025-12-17 09:57:36.310] [info] Frame 223 (t = 1.115):	 total squared error = 0.00135189, marker error: RMS = 0.00766666, max = 0.0169674 (XIPH)
[2025-12-17 09:57:36.327] [info] Frame 224 (t = 1.12):	 total squared error = 0.00137746, marker error: RMS = 0.00773882, max = 0.0170537 (XIPH)
[2025-12-17 09:57:36.347] [info] Frame 225 (t = 1.125):	 total squared error = 0.00140154, marker error: RMS = 0.00780617, max = 0.0173734 (XIPH)
[2025-12-17 09:57:36.361] [info] Frame 226 (t = 1.13):	 total squared error = 0.00142962, marker error: RMS = 0.00788400, max = 0.0175588 (XIPH)
[2025-12-17 09:57:36.375] [info] Frame 227 (t = 1.135):	 total squared error = 0.00145868, marker error: RMS = 0.00796373, max = 0.0177168 (XIPH)
[2025-12-17 09:57:36.398] [info] Frame 228 (t = 1.14):	 total squared error = 0.00148259, marker error: RMS = 0.00802872, max = 0.0180176 (XIPH)
[2025-12-17 09:57:36.412] [info] Frame 229 (t = 1.145):	 total squared error = 0.00151002, marker error: RMS = 0.00810266, max = 0.0181767 (XIPH)
[2025-12-17 09:57:36.435] [info] Frame 230 (t = 1.15):	 total squared error = 0.00153297, marker error: RMS = 0.00816400, max = 0.0183486 (XIPH)
[2025-12-17 09:57:36.451] [info] Frame 231 (t = 1.155):	 total squared error = 0.00155610, marker error: RMS = 0.00822536, max = 0.0184519 (XIPH)
[2025-12-17 09:57:36.466] [info] Frame 232 (t = 1.16):	 total squared error = 0.00157580, marker error: RMS = 0.00827725, max = 0.0185449 (XIPH)
[2025-12-17 09:57:36.490] [info] Frame 233 (t = 1.165):	 total squared error = 0.00158750, marker error: RMS = 0.00830794, max = 0.0187094 (XIPH)
[2025-12-17 09:57:36.502] [info] Frame 234 (t = 1.17):	 total squared error = 0.00159938, marker error: RMS = 0.00833896, max = 0.0187726 (XIPH)
[2025-12-17 09:57:36.517] [info] Frame 235 (t = 1.175):	 total squared error = 0.00160750, marker error: RMS = 0.00836010, max = 0.0187695 (XIPH)
[2025-12-17 09:57:36.539] [info] Frame 236 (t = 1.18):	 total squared error = 0.00160890, marker error: RMS = 0.00836374, max = 0.0188477 (XIPH)
[2025-12-17 09:57:36.556] [info] Frame 237 (t = 1.185):	 total squared error = 0.00161089, marker error: RMS = 0.00836892, max = 0.0188206 (XIPH)
[2025-12-17 09:57:36.571] [info] Frame 238 (t = 1.19):	 total squared error = 0.00161169, marker error: RMS = 0.00837099, max = 0.0187927 (XIPH)
[2025-12-17 09:57:36.585] [info] Frame 239 (t = 1.195):	 total squared error = 0.00161175, marker error: RMS = 0.00837115, max = 0.0187422 (XIPH)
[2025-12-17 09:57:36.598] [info] Frame 240 (t = 1.2):	 total squared error = 0.00161195, marker error: RMS = 0.00837166, max = 0.0187115 (XIPH)
[2025-12-17 09:57:36.612] [info] Frame 241 (t = 1.20500):	 total squared error = 0.00161221, marker error: RMS = 0.00837234, max = 0.0186838 (XIPH)
[2025-12-17 09:57:36.623] [info] Frame 242 (t = 1.21):	 total squared error = 0.00161317, marker error: RMS = 0.00837484, max = 0.0186796 (XIPH)
[2025-12-17 09:57:36.638] [info] Frame 243 (t = 1.215):	 total squared error = 0.00161249, marker error: RMS = 0.00837307, max = 0.0186529 (XIPH)
[2025-12-17 09:57:36.653] [info] Frame 244 (t = 1.22):	 total squared error = 0.00161258, marker error: RMS = 0.00837331, max = 0.0186649 (XIPH)
[2025-12-17 09:57:36.666] [info] Frame 245 (t = 1.225):	 total squared error = 0.00161309, marker error: RMS = 0.00837463, max = 0.0186683 (XIPH)
[2025-12-17 09:57:36.676] [info] InverseKinematicsTool completed 245 frames in 4 second(s).
[2025-12-17 09:57:36.730] [info] Loaded model Athlete_03 from file ..\..\..\..\models\Athlete_03_MRI_Katya\25_03_31\scaled_increased_3.00.osim
[2025-12-17 09:57:36.813] [info] Storage: read data file = joint_angles.mot (nr=245 nc=40)
[2025-12-17 09:57:36.873] [info] Loaded model Athlete_03 from file ..\..\..\..\models\Athlete_03_MRI_Katya\25_03_31\scaled_increased_3.00.osim
[2025-12-17 09:57:36.934] [cout] [info] 
               MODEL: Athlete_03
         coordinates: 39
              forces: 97
           actuators: 97
             muscles: 80
            analyses: 0
              probes: 0
              bodies: 22
              joints: 22
         constraints: 2
             markers: 39
         controllers: 0
  contact geometries: 0
misc modelcomponents: 0
[2025-12-17 09:57:36.935] [info] Running tool ...
[2025-12-17 09:57:37.044] [info] Storage: read data file = grf.mot (nr=2460 nc=46)
[2025-12-17 09:57:37.080] [info] ExternalForce::grf_r_2 Data source being set to grf
[2025-12-17 09:57:37.092] [info] Storage: read data file = joint_angles.mot (nr=245 nc=40)
[2025-12-17 09:57:37.097] [info] Low-pass filtering coordinates data with a cutoff frequency of 6.0...
[2025-12-17 09:57:37.341] [info] InverseDynamicsTool: 245 time frames in 162 millisecond(s).
[2025-12-17 09:57:37.412] [info] Loaded model Athlete_03 from file ..\..\..\..\models\Athlete_03_MRI_Katya\25_03_31\scaled_increased_3.00.osim
[2025-12-17 09:57:37.483] [info] Storage: read data file = joint_angles.mot (nr=245 nc=40)
[2025-12-17 09:57:37.514] [info] AbstractTool  loading model ..\..\..\..\models\Athlete_03_MRI_Katya\25_03_31\scaled_increased_3.00.osim
[2025-12-17 09:57:37.547] [info] Loaded model Athlete_03 from file ..\..\..\..\models\Athlete_03_MRI_Katya\25_03_31\scaled_increased_3.00.osim
[2025-12-17 09:57:37.726] [info] Storage: read data file = grf.mot (nr=2460 nc=46)
[2025-12-17 09:57:37.754] [info] ExternalForce::grf_r_2 Data source being set to grf
[2025-12-17 09:57:37.768] [info] Loading coordinates from file 'joint_angles.mot'.
[2025-12-17 09:57:37.769] [info] Storage: read data file = joint_angles.mot (nr=245 nc=40)
[2025-12-17 09:57:37.773] [info] Low-pass filtering coordinates data with a cutoff frequency of 6.0...
[2025-12-17 09:57:38.017] [info] AssemblySolver::track() attempt Failed: SimTK Exception thrown at Assembler.cpp:973:
  Method Assembler::track() failed because:
Unable to achieve required assembly error tolerance.
Assembly error tolerance achieved: 6.8909119341626225e-09 required: 1e-10.
[2025-12-17 09:57:38.024] [error] Model unable to assemble: AssemblySolver::assemble() Failed: SimTK Exception thrown at Assembler.cpp:897:
  Method Assembler::assemble() failed because:
Unable to achieve required assembly error tolerance.
Assembly error tolerance achieved: 6.8909118674680398e-09 required: 1e-10..Model relaxing constraints and trying again.
[2025-12-17 09:57:38.326] [info] Found 489 state vectors with time stamps ranging from -0.605000 to 1.835.
[2025-12-17 09:57:38.326] [info] Executing the analyses from 0.00500000 to 1.225...
[2025-12-17 09:57:38.335] [warning] MuscleAnalysis: coordinate mtp_angle_r is locked and can't be varied.
[2025-12-17 09:57:38.335] [warning] MuscleAnalysis: coordinate mtp_angle_l is locked and can't be varied.
[2025-12-17 09:57:38.335] [warning] MuscleAnalysis: coordinate wrist_flex_r is locked and can't be varied.
[2025-12-17 09:57:38.335] [warning] MuscleAnalysis: coordinate wrist_dev_r is locked and can't be varied.
[2025-12-17 09:57:38.335] [warning] MuscleAnalysis: coordinate wrist_flex_l is locked and can't be varied.
[2025-12-17 09:57:38.336] [warning] MuscleAnalysis: coordinate wrist_dev_l is locked and can't be varied.
[2025-12-17 09:58:26.440] [info] Printing results of investigation  to MuscleAnalysis
[2025-12-17 09:58:27.891] [info] Loaded model Athlete_03 from file ..\..\..\..\models\Athlete_03_MRI_Katya\25_03_31\scaled_increased_3.00.osim
[2025-12-17 09:58:27.943] [info] Storage: read data file = joint_angles.mot (nr=245 nc=40)
[2025-12-17 09:58:27.974] [info] AbstractTool SO loading model ..\..\..\..\models\Athlete_03_MRI_Katya\25_03_31\scaled_increased_3.00.osim
[2025-12-17 09:58:28.010] [info] Loaded model Athlete_03 from file ..\..\..\..\models\Athlete_03_MRI_Katya\25_03_31\scaled_increased_3.00.osim
[2025-12-17 09:58:28.075] [info] Adding force object set from actuators_so.xml
[2025-12-17 09:58:28.149] [info] Storage: read data file = grf.mot (nr=2460 nc=46)
[2025-12-17 09:58:28.178] [info] ExternalForce::grf_r_2 Data source being set to grf
[2025-12-17 09:58:28.185] [info] Loading coordinates from file 'joint_angles.mot'.
[2025-12-17 09:58:28.185] [info] Storage: read data file = joint_angles.mot (nr=245 nc=40)
[2025-12-17 09:58:28.189] [info] Low-pass filtering coordinates data with a cutoff frequency of 6.0...
[2025-12-17 09:58:28.422] [info] AssemblySolver::track() attempt Failed: SimTK Exception thrown at Assembler.cpp:973:
  Method Assembler::track() failed because:
Unable to achieve required assembly error tolerance.
Assembly error tolerance achieved: 6.8909119341626225e-09 required: 1e-10.
[2025-12-17 09:58:28.429] [error] Model unable to assemble: AssemblySolver::assemble() Failed: SimTK Exception thrown at Assembler.cpp:897:
  Method Assembler::assemble() failed because:
Unable to achieve required assembly error tolerance.
Assembly error tolerance achieved: 6.8909118674680398e-09 required: 1e-10..Model relaxing constraints and trying again.
[2025-12-17 09:58:28.705] [info] Found 489 state vectors with time stamps ranging from -0.605000 to 1.835.
[2025-12-17 09:58:28.706] [info] Executing the analyses from 0.00500000 to 1.225...
[2025-12-17 09:58:28.792] [info] Storage: read data file = grf.mot (nr=2460 nc=46)
[2025-12-17 09:58:28.822] [info] ExternalForce::grf_r_2 Data source being set to grf
[2025-12-17 09:58:28.853] [info] Storage: read data file = grf.mot (nr=2460 nc=46)
[2025-12-17 09:58:28.883] [info] ExternalForce::grf_r_2 Data source being set to grf
[2025-12-17 09:58:29.276] [cout] [info] time = 0.00500000 Performance = 4.53864 Constraint violation = 9.74682e-13
[2025-12-17 09:58:29.278] [info] Bounds for 'addbrev_r': 0.01 to 1.0.
[2025-12-17 09:58:29.278] [info] Bounds for 'addlong_r': 0.01 to 1.0.
[2025-12-17 09:58:29.278] [info] Bounds for 'addmagDist_r': 0.01 to 1.0.
[2025-12-17 09:58:29.278] [info] Bounds for 'addmagIsch_r': 0.01 to 1.0.
[2025-12-17 09:58:29.278] [info] Bounds for 'addmagMid_r': 0.01 to 1.0.
[2025-12-17 09:58:29.278] [info] Bounds for 'addmagProx_r': 0.01 to 1.0.
[2025-12-17 09:58:29.279] [info] Bounds for 'bflh_r': 0.01 to 1.0.
[2025-12-17 09:58:29.279] [info] Bounds for 'bfsh_r': 0.01 to 1.0.
[2025-12-17 09:58:29.279] [info] Bounds for 'edl_r': 0.01 to 1.0.
[2025-12-17 09:58:29.279] [info] Bounds for 'ehl_r': 0.01 to 1.0.
[2025-12-17 09:58:29.279] [info] Bounds for 'fdl_r': 0.01 to 1.0.
[2025-12-17 09:58:29.279] [info] Bounds for 'fhl_r': 0.01 to 1.0.
[2025-12-17 09:58:29.279] [info] Bounds for 'gaslat_r': 0.01 to 1.0.
[2025-12-17 09:58:29.279] [info] Bounds for 'gasmed_r': 0.01 to 1.0.
[2025-12-17 09:58:29.279] [info] Bounds for 'glmax1_r': 0.01 to 1.0.
[2025-12-17 09:58:29.279] [info] Bounds for 'glmax2_r': 0.01 to 1.0.
[2025-12-17 09:58:29.279] [info] Bounds for 'glmax3_r': 0.01 to 1.0.
[2025-12-17 09:58:29.279] [info] Bounds for 'glmed1_r': 0.01 to 1.0.
[2025-12-17 09:58:29.279] [info] Bounds for 'glmed2_r': 0.01 to 1.0.
[2025-12-17 09:58:29.279] [info] Bounds for 'glmed3_r': 0.01 to 1.0.
[2025-12-17 09:58:29.279] [info] Bounds for 'glmin1_r': 0.01 to 1.0.
[2025-12-17 09:58:29.279] [info] Bounds for 'glmin2_r': 0.01 to 1.0.
[2025-12-17 09:58:29.279] [info] Bounds for 'glmin3_r': 0.01 to 1.0.
[2025-12-17 09:58:29.280] [info] Bounds for 'grac_r': 0.01 to 1.0.
[2025-12-17 09:58:29.280] [info] Bounds for 'iliacus_r': 0.01 to 1.0.
[2025-12-17 09:58:29.280] [info] Bounds for 'perbrev_r': 0.01 to 1.0.
[2025-12-17 09:58:29.280] [info] Bounds for 'perlong_r': 0.01 to 1.0.
[2025-12-17 09:58:29.280] [info] Bounds for 'piri_r': 0.01 to 1.0.
[2025-12-17 09:58:29.280] [info] Bounds for 'psoas_r': 0.01 to 1.0.
[2025-12-17 09:58:29.280] [info] Bounds for 'recfem_r': 0.01 to 1.0.
[2025-12-17 09:58:29.280] [info] Bounds for 'sart_r': 0.01 to 1.0.
[2025-12-17 09:58:29.280] [info] Bounds for 'semimem_r': 0.01 to 1.0.
[2025-12-17 09:58:29.281] [info] Bounds for 'semiten_r': 0.01 to 1.0.
[2025-12-17 09:58:29.281] [info] Bounds for 'soleus_r': 0.01 to 1.0.
[2025-12-17 09:58:29.281] [info] Bounds for 'tfl_r': 0.01 to 1.0.
[2025-12-17 09:58:29.281] [info] Bounds for 'tibant_r': 0.01 to 1.0.
[2025-12-17 09:58:29.281] [info] Bounds for 'tibpost_r': 0.01 to 1.0.
[2025-12-17 09:58:29.281] [info] Bounds for 'vasint_r': 0.01 to 1.0.
[2025-12-17 09:58:29.281] [info] Bounds for 'vaslat_r': 0.01 to 1.0.
[2025-12-17 09:58:29.281] [info] Bounds for 'vasmed_r': 0.01 to 1.0.
[2025-12-17 09:58:29.281] [info] Bounds for 'addbrev_l': 0.01 to 1.0.
[2025-12-17 09:58:29.281] [info] Bounds for 'addlong_l': 0.01 to 1.0.
[2025-12-17 09:58:29.281] [info] Bounds for 'addmagDist_l': 0.01 to 1.0.
[2025-12-17 09:58:29.281] [info] Bounds for 'addmagIsch_l': 0.01 to 1.0.
[2025-12-17 09:58:29.281] [info] Bounds for 'addmagMid_l': 0.01 to 1.0.
[2025-12-17 09:58:29.281] [info] Bounds for 'addmagProx_l': 0.01 to 1.0.
[2025-12-17 09:58:29.281] [info] Bounds for 'bflh_l': 0.01 to 1.0.
[2025-12-17 09:58:29.281] [info] Bounds for 'bfsh_l': 0.01 to 1.0.
[2025-12-17 09:58:29.281] [info] Bounds for 'edl_l': 0.01 to 1.0.
[2025-12-17 09:58:29.282] [info] Bounds for 'ehl_l': 0.01 to 1.0.
[2025-12-17 09:58:29.282] [info] Bounds for 'fdl_l': 0.01 to 1.0.
[2025-12-17 09:58:29.282] [info] Bounds for 'fhl_l': 0.01 to 1.0.
[2025-12-17 09:58:29.282] [info] Bounds for 'gaslat_l': 0.01 to 1.0.
[2025-12-17 09:58:29.282] [info] Bounds for 'gasmed_l': 0.01 to 1.0.
[2025-12-17 09:58:29.282] [info] Bounds for 'glmax1_l': 0.01 to 1.0.
[2025-12-17 09:58:29.282] [info] Bounds for 'glmax2_l': 0.01 to 1.0.
[2025-12-17 09:58:29.282] [info] Bounds for 'glmax3_l': 0.01 to 1.0.
[2025-12-17 09:58:29.282] [info] Bounds for 'glmed1_l': 0.01 to 1.0.
[2025-12-17 09:58:29.282] [info] Bounds for 'glmed2_l': 0.01 to 1.0.
[2025-12-17 09:58:29.282] [info] Bounds for 'glmed3_l': 0.01 to 1.0.
[2025-12-17 09:58:29.282] [info] Bounds for 'glmin1_l': 0.01 to 1.0.
[2025-12-17 09:58:29.282] [info] Bounds for 'glmin2_l': 0.01 to 1.0.
[2025-12-17 09:58:29.282] [info] Bounds for 'glmin3_l': 0.01 to 1.0.
[2025-12-17 09:58:29.283] [info] Bounds for 'grac_l': 0.01 to 1.0.
[2025-12-17 09:58:29.283] [info] Bounds for 'iliacus_l': 0.01 to 1.0.
[2025-12-17 09:58:29.283] [info] Bounds for 'perbrev_l': 0.01 to 1.0.
[2025-12-17 09:58:29.283] [info] Bounds for 'perlong_l': 0.01 to 1.0.
[2025-12-17 09:58:29.283] [info] Bounds for 'piri_l': 0.01 to 1.0.
[2025-12-17 09:58:29.283] [info] Bounds for 'psoas_l': 0.01 to 1.0.
[2025-12-17 09:58:29.283] [info] Bounds for 'recfem_l': 0.01 to 1.0.
[2025-12-17 09:58:29.283] [info] Bounds for 'sart_l': 0.01 to 1.0.
[2025-12-17 09:58:29.283] [info] Bounds for 'semimem_l': 0.01 to 1.0.
[2025-12-17 09:58:29.283] [info] Bounds for 'semiten_l': 0.01 to 1.0.
[2025-12-17 09:58:29.283] [info] Bounds for 'soleus_l': 0.01 to 1.0.
[2025-12-17 09:58:29.283] [info] Bounds for 'tfl_l': 0.01 to 1.0.
[2025-12-17 09:58:29.283] [info] Bounds for 'tibant_l': 0.01 to 1.0.
[2025-12-17 09:58:29.283] [info] Bounds for 'tibpost_l': 0.01 to 1.0.
[2025-12-17 09:58:29.283] [info] Bounds for 'vasint_l': 0.01 to 1.0.
[2025-12-17 09:58:29.284] [info] Bounds for 'vaslat_l': 0.01 to 1.0.
[2025-12-17 09:58:29.284] [info] Bounds for 'vasmed_l': 0.01 to 1.0.
[2025-12-17 09:58:29.284] [info] Bounds for 'lumbar_ext': -inf to inf.
[2025-12-17 09:58:29.284] [info] Bounds for 'lumbar_bend': -inf to inf.
[2025-12-17 09:58:29.284] [info] Bounds for 'lumbar_rot': -inf to inf.
[2025-12-17 09:58:29.284] [info] Bounds for 'shoulder_flex_r': -inf to inf.
[2025-12-17 09:58:29.284] [info] Bounds for 'shoulder_add_r': -inf to inf.
[2025-12-17 09:58:29.284] [info] Bounds for 'shoulder_rot_r': -inf to inf.
[2025-12-17 09:58:29.284] [info] Bounds for 'elbow_flex_r': -inf to inf.
[2025-12-17 09:58:29.284] [info] Bounds for 'pro_sup_r': -inf to inf.
[2025-12-17 09:58:29.284] [info] Bounds for 'wrist_flex_r': -inf to inf.
[2025-12-17 09:58:29.284] [info] Bounds for 'wrist_dev_r': -inf to inf.
[2025-12-17 09:58:29.284] [info] Bounds for 'shoulder_flex_l': -inf to inf.
[2025-12-17 09:58:29.284] [info] Bounds for 'shoulder_add_l': -inf to inf.
[2025-12-17 09:58:29.284] [info] Bounds for 'shoulder_rot_l': -inf to inf.
[2025-12-17 09:58:29.284] [info] Bounds for 'elbow_flex_l': -inf to inf.
[2025-12-17 09:58:29.284] [info] Bounds for 'pro_sup_l': -inf to inf.
[2025-12-17 09:58:29.285] [info] Bounds for 'wrist_flex_l': -inf to inf.
[2025-12-17 09:58:29.285] [info] Bounds for 'wrist_dev_l': -inf to inf.
[2025-12-17 09:58:29.285] [info] Bounds for 'FX': -inf to inf.
[2025-12-17 09:58:29.285] [info] Bounds for 'FY': -inf to inf.
[2025-12-17 09:58:29.285] [info] Bounds for 'FZ': -inf to inf.
[2025-12-17 09:58:29.285] [info] Bounds for 'MX': -inf to inf.
[2025-12-17 09:58:29.285] [info] Bounds for 'MY': -inf to inf.
[2025-12-17 09:58:29.285] [info] Bounds for 'MZ': -inf to inf.
[2025-12-17 09:58:29.285] [info] Bounds for 'hip_flexion_r_reserve': -1.0 to 1.0.
[2025-12-17 09:58:29.285] [info] Bounds for 'hip_adduction_r_reserve': -1.0 to 1.0.
[2025-12-17 09:58:29.285] [info] Bounds for 'hip_rotation_r_reserve': -1.0 to 1.0.
[2025-12-17 09:58:29.285] [info] Bounds for 'knee_angle_r_reserve': -1.0 to 1.0.
[2025-12-17 09:58:29.285] [info] Bounds for 'ankle_angle_r_reserve': -1.0 to 1.0.
[2025-12-17 09:58:29.285] [info] Bounds for 'hip_flexion_l_reserve': -1.0 to 1.0.
[2025-12-17 09:58:29.285] [info] Bounds for 'hip_adduction_l_reserve': -1.0 to 1.0.
[2025-12-17 09:58:29.285] [info] Bounds for 'hip_rotation_l_reserve': -1.0 to 1.0.
[2025-12-17 09:58:29.286] [info] Bounds for 'knee_angle_l_reserve': -1.0 to 1.0.
[2025-12-17 09:58:29.286] [info] Bounds for 'ankle_angle_l_reserve': -1.0 to 1.0.
[2025-12-17 09:58:29.482] [cout] [info] time = 0.01 Performance = 3.98572 Constraint violation = 3.86956e-13
[2025-12-17 09:58:29.685] [cout] [info] time = 0.015 Performance = 5.21553 Constraint violation = 5.77268e-13
[2025-12-17 09:58:29.877] [cout] [info] time = 0.02 Performance = 7.85978 Constraint violation = 5.20557e-13
[2025-12-17 09:58:30.062] [cout] [info] time = 0.025 Performance = 11.3581 Constraint violation = 4.42396e-13
[2025-12-17 09:58:30.245] [cout] [info] time = 0.03 Performance = 15.0624 Constraint violation = 3.65653e-13
[2025-12-17 09:58:30.426] [cout] [info] time = 0.035 Performance = 18.3505 Constraint violation = 1.22746e-12
[2025-12-17 09:58:30.613] [cout] [info] time = 0.04 Performance = 20.728 Constraint violation = 1.45217e-12
[2025-12-17 09:58:30.809] [cout] [info] time = 0.045 Performance = 21.9027 Constraint violation = 9.52365e-13
[2025-12-17 09:58:30.990] [cout] [info] time = 0.05 Performance = 21.8071 Constraint violation = 2.25231e-12
[2025-12-17 09:58:31.170] [cout] [info] time = 0.055 Performance = 20.5906 Constraint violation = 6.35194e-13
[2025-12-17 09:58:31.349] [cout] [info] time = 0.06 Performance = 18.5807 Constraint violation = 6.32458e-13
[2025-12-17 09:58:31.526] [cout] [info] time = 0.065 Performance = 16.2232 Constraint violation = 6.63674e-13
[2025-12-17 09:58:31.706] [cout] [info] time = 0.07 Performance = 13.7467 Constraint violation = 3.54473e-13
[2025-12-17 09:58:31.887] [cout] [info] time = 0.075 Performance = 12.0085 Constraint violation = 3.848e-13
[2025-12-17 09:58:32.064] [cout] [info] time = 0.08 Performance = 11.37 Constraint violation = 7.9438e-13
[2025-12-17 09:58:32.247] [cout] [info] time = 0.085 Performance = 12.1827 Constraint violation = 1.35075e-12
[2025-12-17 09:58:32.424] [cout] [info] time = 0.09 Performance = 14.6363 Constraint violation = 2.18468e-12
[2025-12-17 09:58:32.605] [cout] [info] time = 0.095 Performance = 18.746 Constraint violation = 3.08737e-12
[2025-12-17 09:58:32.792] [cout] [info] time = 0.1 Performance = 24.3801 Constraint violation = 6.50109e-12
[2025-12-17 09:58:32.994] [cout] [info] time = 0.105000 Performance = 31.2683 Constraint violation = 1.10007e-12
[2025-12-17 09:58:33.186] [cout] [info] time = 0.11 Performance = 39.0156 Constraint violation = 5.56631e-12
[2025-12-17 09:58:33.374] [cout] [info] time = 0.115 Performance = 47.1244 Constraint violation = 6.64897e-11
[2025-12-17 09:58:33.558] [cout] [info] time = 0.12 Performance = 55.0122 Constraint violation = 1.25997e-10
[2025-12-17 09:58:33.749] [cout] [info] time = 0.125 Performance = 62.0676 Constraint violation = 8.35911e-11
[2025-12-17 09:58:33.940] [cout] [info] time = 0.13 Performance = 67.7116 Constraint violation = 2.72112e-10
[2025-12-17 09:58:34.193] [cout] [info] time = 0.135 Performance = 71.4577 Constraint violation = 4.90696e-11
[2025-12-17 09:58:34.492] [cout] [info] time = 0.14 Performance = 72.9746 Constraint violation = 3.80707e-11
[2025-12-17 09:58:34.690] [cout] [info] time = 0.145 Performance = 72.1353 Constraint violation = 5.90286e-11
[2025-12-17 09:58:34.878] [cout] [info] time = 0.15 Performance = 69.0384 Constraint violation = 2.10114e-11
[2025-12-17 09:58:35.058] [cout] [info] time = 0.155 Performance = 64.0003 Constraint violation = 1.27022e-12
[2025-12-17 09:58:35.238] [cout] [info] time = 0.16 Performance = 57.5199 Constraint violation = 1.15523e-11
[2025-12-17 09:58:35.410] [cout] [info] time = 0.165 Performance = 50.1995 Constraint violation = 8.67226e-12
[2025-12-17 09:58:35.592] [cout] [info] time = 0.17 Performance = 42.6614 Constraint violation = 3.92686e-12
[2025-12-17 09:58:35.778] [cout] [info] time = 0.175 Performance = 35.4574 Constraint violation = 5.32496e-11
[2025-12-17 09:58:35.951] [cout] [info] time = 0.18 Performance = 29.0051 Constraint violation = 2.27248e-11
[2025-12-17 09:58:36.133] [cout] [info] time = 0.185 Performance = 23.5591 Constraint violation = 2.31304e-11
[2025-12-17 09:58:36.308] [cout] [info] time = 0.19 Performance = 19.2144 Constraint violation = 5.8563e-12
[2025-12-17 09:58:36.481] [cout] [info] time = 0.195 Performance = 15.9392 Constraint violation = 5.10559e-12
[2025-12-17 09:58:36.646] [cout] [info] time = 0.2 Performance = 13.6232 Constraint violation = 1.73021e-12
[2025-12-17 09:58:36.819] [cout] [info] time = 0.205000 Performance = 12.1184 Constraint violation = 1.49763e-12
[2025-12-17 09:58:36.992] [cout] [info] time = 0.21 Performance = 11.2833 Constraint violation = 3.71972e-12
[2025-12-17 09:58:37.162] [cout] [info] time = 0.215 Performance = 10.9973 Constraint violation = 2.37409e-12
[2025-12-17 09:58:37.349] [cout] [info] time = 0.22 Performance = 11.1639 Constraint violation = 5.38105e-12
[2025-12-17 09:58:37.529] [cout] [info] time = 0.225 Performance = 11.6981 Constraint violation = 2.56442e-12
[2025-12-17 09:58:37.693] [cout] [info] time = 0.23 Performance = 12.5196 Constraint violation = 2.93824e-12
[2025-12-17 09:58:37.873] [cout] [info] time = 0.235 Performance = 13.5377 Constraint violation = 3.69082e-12
[2025-12-17 09:58:38.050] [cout] [info] time = 0.24 Performance = 14.648 Constraint violation = 4.14582e-12
[2025-12-17 09:58:38.228] [cout] [info] time = 0.245 Performance = 15.7388 Constraint violation = 1.99381e-12
[2025-12-17 09:58:38.403] [cout] [info] time = 0.25 Performance = 16.7001 Constraint violation = 6.92253e-12
[2025-12-17 09:58:38.569] [cout] [info] time = 0.255 Performance = 17.4351 Constraint violation = 2.64603e-12
[2025-12-17 09:58:38.740] [cout] [info] time = 0.26 Performance = 17.8667 Constraint violation = 1.23994e-11
[2025-12-17 09:58:38.915] [cout] [info] time = 0.265 Performance = 17.9457 Constraint violation = 5.11373e-12
[2025-12-17 09:58:39.086] [cout] [info] time = 0.27 Performance = 17.6508 Constraint violation = 8.27186e-12
[2025-12-17 09:58:39.264] [cout] [info] time = 0.275 Performance = 16.9907 Constraint violation = 1.23162e-11
[2025-12-17 09:58:39.437] [cout] [info] time = 0.28 Performance = 16.0006 Constraint violation = 1.13612e-11
[2025-12-17 09:58:39.610] [cout] [info] time = 0.285 Performance = 14.7367 Constraint violation = 4.57411e-12
[2025-12-17 09:58:39.795] [cout] [info] time = 0.29 Performance = 13.2705 Constraint violation = 1.07558e-11
[2025-12-17 09:58:39.978] [cout] [info] time = 0.295 Performance = 11.6811 Constraint violation = 1.87385e-12
[2025-12-17 09:58:40.164] [cout] [info] time = 0.3 Performance = 10.053 Constraint violation = 5.97882e-12
[2025-12-17 09:58:40.353] [cout] [info] time = 0.305000 Performance = 8.47188 Constraint violation = 1.12778e-12
[2025-12-17 09:58:40.545] [cout] [info] time = 0.31 Performance = 7.01707 Constraint violation = 1.42186e-12
[2025-12-17 09:58:40.711] [cout] [info] time = 0.315 Performance = 5.75844 Constraint violation = 4.45562e-12
[2025-12-17 09:58:40.887] [cout] [info] time = 0.32 Performance = 4.74536 Constraint violation = 1.75117e-12
[2025-12-17 09:58:41.061] [cout] [info] time = 0.325 Performance = 4.00616 Constraint violation = 3.75518e-12
[2025-12-17 09:58:41.257] [cout] [info] time = 0.33 Performance = 3.54078 Constraint violation = 2.60508e-11
[2025-12-17 09:58:41.440] [cout] [info] time = 0.335 Performance = 3.32466 Constraint violation = 2.76028e-12
[2025-12-17 09:58:41.612] [cout] [info] time = 0.34 Performance = 3.30912 Constraint violation = 9.93894e-13
[2025-12-17 09:58:41.794] [cout] [info] time = 0.345 Performance = 3.4299 Constraint violation = 1.17682e-12
[2025-12-17 09:58:41.971] [cout] [info] time = 0.35 Performance = 3.62167 Constraint violation = 1.06905e-12
[2025-12-17 09:58:42.144] [cout] [info] time = 0.355 Performance = 3.81818 Constraint violation = 2.75416e-12
[2025-12-17 09:58:42.317] [cout] [info] time = 0.36 Performance = 3.9665 Constraint violation = 2.32906e-12
[2025-12-17 09:58:42.501] [cout] [info] time = 0.365 Performance = 4.02717 Constraint violation = 1.90969e-12
[2025-12-17 09:58:42.677] [cout] [info] time = 0.37 Performance = 3.98385 Constraint violation = 7.79042e-13
[2025-12-17 09:58:42.852] [cout] [info] time = 0.375 Performance = 3.83642 Constraint violation = 3.682e-12
[2025-12-17 09:58:43.025] [cout] [info] time = 0.38 Performance = 3.60525 Constraint violation = 2.43852e-12
[2025-12-17 09:58:43.222] [cout] [info] time = 0.385 Performance = 3.32437 Constraint violation = 1.47507e-12
[2025-12-17 09:58:43.425] [cout] [info] time = 0.39 Performance = 3.04035 Constraint violation = 1.71098e-12
[2025-12-17 09:58:43.594] [cout] [info] time = 0.395 Performance = 2.80809 Constraint violation = 4.50479e-12
[2025-12-17 09:58:43.771] [cout] [info] time = 0.4 Performance = 2.68415 Constraint violation = 1.45001e-12
[2025-12-17 09:58:43.949] [cout] [info] time = 0.405000 Performance = 2.71883 Constraint violation = 1.02513e-12
[2025-12-17 09:58:44.120] [cout] [info] time = 0.41 Performance = 2.9473 Constraint violation = 7.98055e-13
[2025-12-17 09:58:44.301] [cout] [info] time = 0.415 Performance = 3.38174 Constraint violation = 1.49524e-12
[2025-12-17 09:58:44.476] [cout] [info] time = 0.42 Performance = 4.00622 Constraint violation = 2.77738e-12
[2025-12-17 09:58:44.654] [cout] [info] time = 0.425 Performance = 4.77502 Constraint violation = 6.0269e-12
[2025-12-17 09:58:44.835] [cout] [info] time = 0.43 Performance = 5.61566 Constraint violation = 1.95451e-11
[2025-12-17 09:58:45.007] [cout] [info] time = 0.435 Performance = 6.43748 Constraint violation = 9.35224e-12
[2025-12-17 09:58:45.184] [cout] [info] time = 0.44 Performance = 7.14549 Constraint violation = 1.14217e-12
[2025-12-17 09:58:45.367] [cout] [info] time = 0.445 Performance = 7.65642 Constraint violation = 4.15956e-12
[2025-12-17 09:58:45.550] [cout] [info] time = 0.45 Performance = 7.91318 Constraint violation = 1.6835e-12
[2025-12-17 09:58:45.742] [cout] [info] time = 0.455 Performance = 7.89472 Constraint violation = 3.11252e-12
[2025-12-17 09:58:45.925] [cout] [info] time = 0.46 Performance = 7.62194 Constraint violation = 4.12461e-12
[2025-12-17 09:58:46.104] [cout] [info] time = 0.465 Performance = 7.15042 Constraint violation = 4.33050e-12
[2025-12-17 09:58:46.285] [cout] [info] time = 0.47 Performance = 6.5598 Constraint violation = 1.19432e-12
[2025-12-17 09:58:46.468] [cout] [info] time = 0.475 Performance = 5.93607 Constraint violation = 3.2519e-12
[2025-12-17 09:58:46.694] [cout] [info] time = 0.48 Performance = 5.35474 Constraint violation = 5.94276e-12
[2025-12-17 09:58:46.949] [cout] [info] time = 0.485 Performance = 4.86947 Constraint violation = 1.37536e-12
[2025-12-17 09:58:47.301] [cout] [info] time = 0.49 Performance = 4.51144 Constraint violation = 4.57748e-12
[2025-12-17 09:58:47.517] [cout] [info] time = 0.495 Performance = 4.29953 Constraint violation = 1.42078e-12
[2025-12-17 09:58:47.726] [cout] [info] time = 0.5 Performance = 4.25786 Constraint violation = 1.66004e-12
[2025-12-17 09:58:47.930] [cout] [info] time = 0.505000 Performance = 4.42747 Constraint violation = 6.72594e-13
[2025-12-17 09:58:48.151] [cout] [info] time = 0.51 Performance = 4.87479 Constraint violation = 1.11451e-12
[2025-12-17 09:58:48.345] [cout] [info] time = 0.515 Performance = 5.68571 Constraint violation = 2.94905e-12
[2025-12-17 09:58:48.535] [cout] [info] time = 0.52 Performance = 6.94733 Constraint violation = 7.77947e-12
[2025-12-17 09:58:48.735] [cout] [info] time = 0.525 Performance = 8.72144 Constraint violation = 2.98867e-12
[2025-12-17 09:58:48.930] [cout] [info] time = 0.53 Performance = 11.0191 Constraint violation = 2.13040e-11
[2025-12-17 09:58:49.170] [cout] [info] time = 0.535 Performance = 13.788 Constraint violation = 2.11426e-11
[2025-12-17 09:58:49.378] [cout] [info] time = 0.54 Performance = 16.9166 Constraint violation = 2.22605e-11
[2025-12-17 09:58:49.573] [cout] [info] time = 0.545 Performance = 20.2567 Constraint violation = 1.94077e-11
[2025-12-17 09:58:49.832] [cout] [info] time = 0.55 Performance = 23.6448 Constraint violation = 6.24751e-12
[2025-12-17 09:58:50.178] [cout] [info] time = 0.555 Performance = 26.9227 Constraint violation = 6.49642e-12
[2025-12-17 09:58:50.470] [cout] [info] time = 0.56 Performance = 29.952 Constraint violation = 7.3485e-12
[2025-12-17 09:58:50.693] [cout] [info] time = 0.565 Performance = 32.6155 Constraint violation = 7.01554e-12
[2025-12-17 09:58:50.929] [cout] [info] time = 0.57 Performance = 34.8133 Constraint violation = 1.37711e-12
[2025-12-17 09:58:51.149] [cout] [info] time = 0.575 Performance = 36.46 Constraint violation = 1.29885e-12
[2025-12-17 09:58:51.363] [cout] [info] time = 0.58 Performance = 37.4883 Constraint violation = 1.15901e-11
[2025-12-17 09:58:51.598] [cout] [info] time = 0.585 Performance = 37.8607 Constraint violation = 9.35469e-12
[2025-12-17 09:58:51.816] [cout] [info] time = 0.59 Performance = 37.5831 Constraint violation = 3.54944e-12
[2025-12-17 09:58:52.035] [cout] [info] time = 0.595 Performance = 36.7175 Constraint violation = 1.07252e-11
[2025-12-17 09:58:52.223] [cout] [info] time = 0.6 Performance = 35.3856 Constraint violation = 3.13143e-12
[2025-12-17 09:58:52.416] [cout] [info] time = 0.605000 Performance = 33.7608 Constraint violation = 3.75974e-12
[2025-12-17 09:58:52.639] [cout] [info] time = 0.61 Performance = 32.0491 Constraint violation = 4.47838e-12
[2025-12-17 09:58:52.841] [cout] [info] time = 0.615 Performance = 30.4645 Constraint violation = 4.61524e-12
[2025-12-17 09:58:53.053] [cout] [info] time = 0.62 Performance = 29.2003 Constraint violation = 2.17584e-12
[2025-12-17 09:58:53.267] [cout] [info] time = 0.625 Performance = 28.4029 Constraint violation = 6.24584e-12
[2025-12-17 09:58:53.486] [cout] [info] time = 0.63 Performance = 28.1578 Constraint violation = 2.47531e-11
[2025-12-17 09:58:53.695] [cout] [info] time = 0.635 Performance = 28.4842 Constraint violation = 5.37585e-11
[2025-12-17 09:58:53.899] [cout] [info] time = 0.64 Performance = 29.3441 Constraint violation = 2.23535e-11
[2025-12-17 09:58:54.092] [cout] [info] time = 0.645 Performance = 30.6539 Constraint violation = 1.15014e-11
[2025-12-17 09:58:54.292] [cout] [info] time = 0.65 Performance = 32.2979 Constraint violation = 1.31948e-11
[2025-12-17 09:58:54.474] [cout] [info] time = 0.655 Performance = 34.1366 Constraint violation = 2.36402e-11
[2025-12-17 09:58:54.663] [cout] [info] time = 0.66 Performance = 36.0168 Constraint violation = 4.45301e-11
[2025-12-17 09:58:54.857] [cout] [info] time = 0.665 Performance = 37.779 Constraint violation = 3.59778e-11
[2025-12-17 09:58:55.053] [cout] [info] time = 0.67 Performance = 39.2749 Constraint violation = 1.95631e-11
[2025-12-17 09:58:55.236] [cout] [info] time = 0.675 Performance = 40.376 Constraint violation = 4.86519e-12
[2025-12-17 09:58:55.428] [cout] [info] time = 0.68 Performance = 40.9828 Constraint violation = 2.94493e-11
[2025-12-17 09:58:55.607] [cout] [info] time = 0.685 Performance = 41.0369 Constraint violation = 1.65299e-11
[2025-12-17 09:58:55.794] [cout] [info] time = 0.69 Performance = 40.525 Constraint violation = 1.86384e-12
[2025-12-17 09:58:55.973] [cout] [info] time = 0.695 Performance = 39.4794 Constraint violation = 1.9859e-12
[2025-12-17 09:58:56.153] [cout] [info] time = 0.7 Performance = 37.9732 Constraint violation = 1.74443e-12
[2025-12-17 09:58:56.326] [cout] [info] time = 0.705000 Performance = 36.1064 Constraint violation = 1.88578e-12
[2025-12-17 09:58:56.504] [cout] [info] time = 0.71 Performance = 33.9927 Constraint violation = 4.66274e-12
[2025-12-17 09:58:56.686] [cout] [info] time = 0.715 Performance = 31.746 Constraint violation = 9.46531e-13
[2025-12-17 09:58:56.869] [cout] [info] time = 0.72 Performance = 29.5418 Constraint violation = 9.34377e-13
[2025-12-17 09:58:57.046] [cout] [info] time = 0.725 Performance = 27.3231 Constraint violation = 7.31557e-13
[2025-12-17 09:58:57.226] [cout] [info] time = 0.73 Performance = 25.2184 Constraint violation = 1.75329e-12
[2025-12-17 09:58:57.404] [cout] [info] time = 0.735 Performance = 23.2718 Constraint violation = 2.81309e-13
[2025-12-17 09:58:57.575] [cout] [info] time = 0.74 Performance = 21.5121 Constraint violation = 1.91474e-12
[2025-12-17 09:58:57.759] [cout] [info] time = 0.745 Performance = 19.9535 Constraint violation = 9.09048e-12
[2025-12-17 09:58:57.961] [cout] [info] time = 0.75 Performance = 18.6067 Constraint violation = 7.08333e-12
[2025-12-17 09:58:58.180] [cout] [info] time = 0.755 Performance = 17.4693 Constraint violation = 4.18929e-12
[2025-12-17 09:58:58.407] [cout] [info] time = 0.76 Performance = 16.5342 Constraint violation = 3.69101e-12
[2025-12-17 09:58:58.615] [cout] [info] time = 0.765 Performance = 15.7956 Constraint violation = 5.39138e-12
[2025-12-17 09:58:58.809] [cout] [info] time = 0.77 Performance = 15.2435 Constraint violation = 2.59227e-12
[2025-12-17 09:58:59.000] [cout] [info] time = 0.775 Performance = 14.8708 Constraint violation = 1.12050e-12
[2025-12-17 09:58:59.179] [cout] [info] time = 0.78 Performance = 14.6713 Constraint violation = 1.26797e-11
[2025-12-17 09:58:59.370] [cout] [info] time = 0.785 Performance = 14.6383 Constraint violation = 2.35722e-12
[2025-12-17 09:58:59.545] [cout] [info] time = 0.79 Performance = 14.7675 Constraint violation = 1.15502e-12
[2025-12-17 09:58:59.731] [cout] [info] time = 0.795 Performance = 15.0497 Constraint violation = 3.45562e-13
[2025-12-17 09:58:59.904] [cout] [info] time = 0.8 Performance = 15.4677 Constraint violation = 4.28316e-13
[2025-12-17 09:59:00.088] [cout] [info] time = 0.805000 Performance = 15.9959 Constraint violation = 7.98225e-13
[2025-12-17 09:59:00.262] [cout] [info] time = 0.81 Performance = 16.5985 Constraint violation = 5.31661e-13
[2025-12-17 09:59:00.443] [cout] [info] time = 0.815 Performance = 17.2298 Constraint violation = 2.35673e-12
[2025-12-17 09:59:00.620] [cout] [info] time = 0.82 Performance = 17.8379 Constraint violation = 2.53645e-12
[2025-12-17 09:59:00.792] [cout] [info] time = 0.825 Performance = 18.3691 Constraint violation = 1.81845e-12
[2025-12-17 09:59:00.977] [cout] [info] time = 0.83 Performance = 18.7723 Constraint violation = 7.91354e-13
[2025-12-17 09:59:01.167] [cout] [info] time = 0.835 Performance = 19.0014 Constraint violation = 1.41736e-12
[2025-12-17 09:59:01.354] [cout] [info] time = 0.84 Performance = 19.0208 Constraint violation = 8.05848e-13
[2025-12-17 09:59:01.537] [cout] [info] time = 0.845 Performance = 18.8063 Constraint violation = 8.2159e-13
[2025-12-17 09:59:01.714] [cout] [info] time = 0.85 Performance = 18.3479 Constraint violation = 9.17171e-13
[2025-12-17 09:59:01.894] [cout] [info] time = 0.855 Performance = 17.6493 Constraint violation = 6.19872e-13
[2025-12-17 09:59:02.063] [cout] [info] time = 0.86 Performance = 16.7308 Constraint violation = 1.04665e-12
[2025-12-17 09:59:02.237] [cout] [info] time = 0.865 Performance = 15.6251 Constraint violation = 9.47821e-13
[2025-12-17 09:59:02.414] [cout] [info] time = 0.87 Performance = 14.3787 Constraint violation = 2.89003e-13
[2025-12-17 09:59:02.584] [cout] [info] time = 0.875 Performance = 13.0451 Constraint violation = 3.05253e-13
[2025-12-17 09:59:02.762] [cout] [info] time = 0.88 Performance = 11.6852 Constraint violation = 6.60329e-13
[2025-12-17 09:59:02.940] [cout] [info] time = 0.885 Performance = 10.36 Constraint violation = 5.74091e-13
[2025-12-17 09:59:03.117] [cout] [info] time = 0.89 Performance = 9.12345 Constraint violation = 4.95721e-13
[2025-12-17 09:59:03.319] [cout] [info] time = 0.895 Performance = 8.01973 Constraint violation = 2.21884e-13
[2025-12-17 09:59:03.557] [cout] [info] time = 0.9 Performance = 7.078 Constraint violation = 6.08307e-13
[2025-12-17 09:59:03.724] [cout] [info] time = 0.905000 Performance = 6.31236 Constraint violation = 5.90819e-13
[2025-12-17 09:59:03.906] [cout] [info] time = 0.91 Performance = 5.72476 Constraint violation = 2.16242e-13
[2025-12-17 09:59:04.088] [cout] [info] time = 0.915 Performance = 5.30281 Constraint violation = 4.81762e-13
[2025-12-17 09:59:04.279] [cout] [info] time = 0.92 Performance = 5.02484 Constraint violation = 4.19539e-13
[2025-12-17 09:59:04.468] [cout] [info] time = 0.925 Performance = 4.86108 Constraint violation = 4.38678e-13
[2025-12-17 09:59:04.654] [cout] [info] time = 0.93 Performance = 4.77986 Constraint violation = 8.39689e-13
[2025-12-17 09:59:04.836] [cout] [info] time = 0.935 Performance = 4.74942 Constraint violation = 4.7317e-13
[2025-12-17 09:59:05.025] [cout] [info] time = 0.94 Performance = 4.74231 Constraint violation = 4.40232e-13
[2025-12-17 09:59:05.203] [cout] [info] time = 0.945 Performance = 4.73771 Constraint violation = 7.73265e-13
[2025-12-17 09:59:05.397] [cout] [info] time = 0.95 Performance = 4.72371 Constraint violation = 2.76984e-13
[2025-12-17 09:59:05.579] [cout] [info] time = 0.955 Performance = 4.69682 Constraint violation = 5.12767e-13
[2025-12-17 09:59:05.755] [cout] [info] time = 0.96 Performance = 4.66358 Constraint violation = 7.16843e-13
[2025-12-17 09:59:05.941] [cout] [info] time = 0.965 Performance = 4.63575 Constraint violation = 6.13867e-13
[2025-12-17 09:59:06.129] [cout] [info] time = 0.97 Performance = 4.62982 Constraint violation = 3.75821e-13
[2025-12-17 09:59:06.322] [cout] [info] time = 0.975 Performance = 4.66639 Constraint violation = 1.88287e-12
[2025-12-17 09:59:06.518] [cout] [info] time = 0.98 Performance = 4.76907 Constraint violation = 2.79511e-13
[2025-12-17 09:59:06.716] [cout] [info] time = 0.985 Performance = 4.96468 Constraint violation = 4.51767e-13
[2025-12-17 09:59:06.912] [cout] [info] time = 0.99 Performance = 5.28065 Constraint violation = 6.25357e-13
[2025-12-17 09:59:07.104] [cout] [info] time = 0.995 Performance = 5.74379 Constraint violation = 2.4588e-13
[2025-12-17 09:59:07.296] [cout] [info] time = 1.0 Performance = 6.38165 Constraint violation = 4.74944e-13
[2025-12-17 09:59:07.493] [cout] [info] time = 1.00500 Performance = 7.22030 Constraint violation = 8.1213e-13
[2025-12-17 09:59:07.687] [cout] [info] time = 1.01 Performance = 8.28181 Constraint violation = 4.47483e-13
[2025-12-17 09:59:07.889] [cout] [info] time = 1.015 Performance = 9.57677 Constraint violation = 6.88171e-13
[2025-12-17 09:59:08.092] [cout] [info] time = 1.02 Performance = 11.0958 Constraint violation = 4.90269e-13
[2025-12-17 09:59:08.292] [cout] [info] time = 1.025 Performance = 12.8017 Constraint violation = 5.41643e-13
[2025-12-17 09:59:08.482] [cout] [info] time = 1.03 Performance = 14.6257 Constraint violation = 2.74317e-13
[2025-12-17 09:59:08.675] [cout] [info] time = 1.035 Performance = 16.4665 Constraint violation = 2.63717e-12
[2025-12-17 09:59:08.884] [cout] [info] time = 1.04 Performance = 18.1952 Constraint violation = 8.38937e-13
[2025-12-17 09:59:09.098] [cout] [info] time = 1.045 Performance = 19.666 Constraint violation = 3.78442e-13
[2025-12-17 09:59:09.296] [cout] [info] time = 1.05 Performance = 20.7283 Constraint violation = 8.0577e-13
[2025-12-17 09:59:09.496] [cout] [info] time = 1.055 Performance = 21.2529 Constraint violation = 2.34784e-12
[2025-12-17 09:59:09.685] [cout] [info] time = 1.06 Performance = 21.1531 Constraint violation = 1.64666e-12
[2025-12-17 09:59:09.890] [cout] [info] time = 1.065 Performance = 20.4136 Constraint violation = 1.31284e-12
[2025-12-17 09:59:10.093] [cout] [info] time = 1.07 Performance = 19.1132 Constraint violation = 4.2652e-12
[2025-12-17 09:59:10.302] [cout] [info] time = 1.075 Performance = 17.4403 Constraint violation = 5.1436e-13
[2025-12-17 09:59:10.514] [cout] [info] time = 1.08 Performance = 15.7023 Constraint violation = 6.71103e-13
[2025-12-17 09:59:10.709] [cout] [info] time = 1.085 Performance = 14.3247 Constraint violation = 5.40833e-13
[2025-12-17 09:59:10.906] [cout] [info] time = 1.09 Performance = 13.8409 Constraint violation = 9.89193e-13
[2025-12-17 09:59:11.099] [cout] [info] time = 1.095 Performance = 14.8687 Constraint violation = 6.14468e-13
[2025-12-17 09:59:11.281] [cout] [info] time = 1.1 Performance = 18.1111 Constraint violation = 7.74941e-13
[2025-12-17 09:59:11.470] [cout] [info] time = 1.10500 Performance = 24.344 Constraint violation = 9.17171e-13
[2025-12-17 09:59:11.663] [cout] [info] time = 1.11 Performance = 34.4114 Constraint violation = 4.47484e-12
[2025-12-17 09:59:11.861] [cout] [info] time = 1.115 Performance = 49.2004 Constraint violation = 4.42001e-11
[2025-12-17 09:59:12.063] [cout] [info] time = 1.12 Performance = 69.5864 Constraint violation = 1.22404e-10
[2025-12-17 09:59:12.257] [cout] [info] time = 1.125 Performance = 96.3509 Constraint violation = 2.29063e-10
[2025-12-17 09:59:12.445] [cout] [info] time = 1.13 Performance = 130.056 Constraint violation = 5.11687e-10
[2025-12-17 09:59:12.682] [cout] [info] time = 1.135 Performance = 170.863 Constraint violation = 4.90900e-10
[2025-12-17 09:59:12.897] [cout] [info] time = 1.14 Performance = 218.344 Constraint violation = 2.96152e-10
[2025-12-17 09:59:13.098] [cout] [info] time = 1.145 Performance = 271.282 Constraint violation = 1.10666e-11
[2025-12-17 09:59:13.294] [cout] [info] time = 1.15 Performance = 327.545 Constraint violation = 3.39737e-11
[2025-12-17 09:59:13.483] [cout] [info] time = 1.155 Performance = 384.047 Constraint violation = 1.02466e-10
[2025-12-17 09:59:13.675] [cout] [info] time = 1.16 Performance = 436.867 Constraint violation = 2.5575e-10
[2025-12-17 09:59:13.884] [cout] [info] time = 1.165 Performance = 481.538 Constraint violation = 1.42935e-09
[2025-12-17 09:59:14.092] [cout] [info] time = 1.17 Performance = 513.491 Constraint violation = 1.54969e-09
[2025-12-17 09:59:14.304] [cout] [info] time = 1.175 Performance = 528.628 Constraint violation = 3.44945e-09
[2025-12-17 09:59:14.517] [cout] [info] time = 1.18 Performance = 523.957 Constraint violation = 6.10497e-10
[2025-12-17 09:59:14.780] [cout] [info] time = 1.185 Performance = 498.163 Constraint violation = 4.30846e-09
[2025-12-17 09:59:14.980] [cout] [info] time = 1.19 Performance = 452.05 Constraint violation = 2.85522e-10
[2025-12-17 09:59:15.183] [cout] [info] time = 1.195 Performance = 388.712 Constraint violation = 3.82634e-10
[2025-12-17 09:59:15.390] [cout] [info] time = 1.2 Performance = 313.385 Constraint violation = 8.19352e-11
[2025-12-17 09:59:15.591] [cout] [info] time = 1.20500 Performance = 232.973 Constraint violation = 3.97935e-10
[2025-12-17 09:59:15.791] [cout] [info] time = 1.21 Performance = 155.268 Constraint violation = 2.39364e-10
[2025-12-17 09:59:16.046] [cout] [info] time = 1.215 Performance = 87.9947 Constraint violation = 3.66017e-10
[2025-12-17 09:59:16.241] [cout] [info] time = 1.22 Performance = 37.7872 Constraint violation = 1.02282e-11
[2025-12-17 09:59:16.431] [cout] [info] time = 1.225 Performance = 9.3 Constraint violation = 1.35454e-12
[2025-12-17 09:59:16.433] [info] Printing results of investigation SO to .
