[2025-11-14 03:19:19.289] [info] Loaded model tps_transformed from file ..\..\..\..\models\Athlete_03_MRI_BG\25_03_31\scaled.osim
[2025-11-14 03:19:19.424] [info] Loaded model tps_transformed from file ..\..\..\..\models\Athlete_03_MRI_BG\25_03_31\scaled.osim
[2025-11-14 03:19:19.578] [info] Loaded model tps_transformed from file ..\..\..\..\models\Athlete_03_MRI_BG\25_03_31\scaled.osim
[2025-11-14 03:19:19.668] [cout] [info] 
               MODEL: tps_transformed
         coordinates: 39
              forces: 97
           actuators: 97
             muscles: 80
            analyses: 0
              probes: 0
              bodies: 22
              joints: 22
         constraints: 2
             markers: 45
         controllers: 0
  contact geometries: 0
misc modelcomponents: 0
[2025-11-14 03:19:19.670] [info] Running tool .
[2025-11-14 03:19:19.992] [info] Frame 1 (t = 0.00500000):	 total squared error = 0.00535442, marker error: RMS = 0.0152578, max = 0.0347409 (STRN)
[2025-11-14 03:19:20.010] [info] Frame 2 (t = 0.01):	 total squared error = 0.00532597, marker error: RMS = 0.0152172, max = 0.0346358 (STRN)
[2025-11-14 03:19:20.022] [info] Frame 3 (t = 0.015):	 total squared error = 0.00529747, marker error: RMS = 0.0151765, max = 0.0346446 (STRN)
[2025-11-14 03:19:20.049] [info] Frame 4 (t = 0.02):	 total squared error = 0.00526591, marker error: RMS = 0.0151312, max = 0.0342916 (STRN)
[2025-11-14 03:19:20.062] [info] Frame 5 (t = 0.025):	 total squared error = 0.00524065, marker error: RMS = 0.0150948, max = 0.0343029 (STRN)
[2025-11-14 03:19:20.084] [info] Frame 6 (t = 0.03):	 total squared error = 0.00521682, marker error: RMS = 0.0150605, max = 0.0339677 (STRN)
[2025-11-14 03:19:20.097] [info] Frame 7 (t = 0.035):	 total squared error = 0.00520133, marker error: RMS = 0.0150381, max = 0.0340071 (STRN)
[2025-11-14 03:19:20.128] [info] Frame 8 (t = 0.04):	 total squared error = 0.00518185, marker error: RMS = 0.0150099, max = 0.0335039 (STRN)
[2025-11-14 03:19:20.147] [info] Frame 9 (t = 0.045):	 total squared error = 0.00517429, marker error: RMS = 0.014999, max = 0.0333904 (STRN)
[2025-11-14 03:19:20.181] [info] Frame 10 (t = 0.05):	 total squared error = 0.00516778, marker error: RMS = 0.0149895, max = 0.0331166 (STRN)
[2025-11-14 03:19:20.198] [info] Frame 11 (t = 0.055):	 total squared error = 0.00516935, marker error: RMS = 0.0149918, max = 0.0329662 (STRN)
[2025-11-14 03:19:20.222] [info] Frame 12 (t = 0.06):	 total squared error = 0.00516970, marker error: RMS = 0.0149923, max = 0.0327757 (STRN)
[2025-11-14 03:19:20.260] [info] Frame 13 (t = 0.065):	 total squared error = 0.00516838, marker error: RMS = 0.0149904, max = 0.0325083 (STRN)
[2025-11-14 03:19:20.281] [info] Frame 14 (t = 0.07):	 total squared error = 0.00517426, marker error: RMS = 0.0149989, max = 0.0322959 (STRN)
[2025-11-14 03:19:20.306] [info] Frame 15 (t = 0.075):	 total squared error = 0.00518005, marker error: RMS = 0.0150073, max = 0.0322004 (STRN)
[2025-11-14 03:19:20.334] [info] Frame 16 (t = 0.08):	 total squared error = 0.00518730, marker error: RMS = 0.0150178, max = 0.0319637 (STRN)
[2025-11-14 03:19:20.353] [info] Frame 17 (t = 0.085):	 total squared error = 0.00520256, marker error: RMS = 0.0150399, max = 0.0318671 (STRN)
[2025-11-14 03:19:20.377] [info] Frame 18 (t = 0.09):	 total squared error = 0.00522436, marker error: RMS = 0.0150714, max = 0.0317608 (STRN)
[2025-11-14 03:19:20.398] [info] Frame 19 (t = 0.095):	 total squared error = 0.00525346, marker error: RMS = 0.0151133, max = 0.0316651 (STRN)
[2025-11-14 03:19:20.431] [info] Frame 20 (t = 0.1):	 total squared error = 0.00529097, marker error: RMS = 0.0151671, max = 0.0314479 (STRN)
[2025-11-14 03:19:20.452] [info] Frame 21 (t = 0.105000):	 total squared error = 0.00534332, marker error: RMS = 0.015242, max = 0.0314112 (STRN)
[2025-11-14 03:19:20.472] [info] Frame 22 (t = 0.11):	 total squared error = 0.00540765, marker error: RMS = 0.0153335, max = 0.0314155 (STRN)
[2025-11-14 03:19:20.502] [info] Frame 23 (t = 0.115):	 total squared error = 0.00548125, marker error: RMS = 0.0154375, max = 0.0313596 (STRN)
[2025-11-14 03:19:20.529] [info] Frame 24 (t = 0.12):	 total squared error = 0.00556406, marker error: RMS = 0.0155536, max = 0.0313712 (STRN)
[2025-11-14 03:19:20.550] [info] Frame 25 (t = 0.125):	 total squared error = 0.00565342, marker error: RMS = 0.015678, max = 0.0314386 (STRN)
[2025-11-14 03:19:20.581] [info] Frame 26 (t = 0.13):	 total squared error = 0.00574622, marker error: RMS = 0.0158062, max = 0.0315803 (STRN)
[2025-11-14 03:19:20.602] [info] Frame 27 (t = 0.135):	 total squared error = 0.00584201, marker error: RMS = 0.0159374, max = 0.0316548 (STRN)
[2025-11-14 03:19:20.628] [info] Frame 28 (t = 0.14):	 total squared error = 0.00593970, marker error: RMS = 0.0160701, max = 0.0318431 (STRN)
[2025-11-14 03:19:20.656] [info] Frame 29 (t = 0.145):	 total squared error = 0.00603835, marker error: RMS = 0.0162030, max = 0.0320930 (STRN)
[2025-11-14 03:19:20.684] [info] Frame 30 (t = 0.15):	 total squared error = 0.00614008, marker error: RMS = 0.0163389, max = 0.0323014 (STRN)
[2025-11-14 03:19:20.708] [info] Frame 31 (t = 0.155):	 total squared error = 0.00624818, marker error: RMS = 0.0164821, max = 0.0324856 (STRN)
[2025-11-14 03:19:20.730] [info] Frame 32 (t = 0.16):	 total squared error = 0.00636523, marker error: RMS = 0.0166358, max = 0.0327945 (STRN)
[2025-11-14 03:19:20.762] [info] Frame 33 (t = 0.165):	 total squared error = 0.00649026, marker error: RMS = 0.0167984, max = 0.0330765 (STRN)
[2025-11-14 03:19:20.781] [info] Frame 34 (t = 0.17):	 total squared error = 0.00663617, marker error: RMS = 0.0169861, max = 0.0332696 (STRN)
[2025-11-14 03:19:20.812] [info] Frame 35 (t = 0.175):	 total squared error = 0.00678451, marker error: RMS = 0.0171749, max = 0.0336387 (STRN)
[2025-11-14 03:19:20.837] [info] Frame 36 (t = 0.18):	 total squared error = 0.00695956, marker error: RMS = 0.0173951, max = 0.0337089 (STRN)
[2025-11-14 03:19:20.884] [info] Frame 37 (t = 0.185):	 total squared error = 0.00713976, marker error: RMS = 0.0176189, max = 0.0339806 (STRN)
[2025-11-14 03:19:20.933] [info] Frame 38 (t = 0.19):	 total squared error = 0.00733363, marker error: RMS = 0.0178565, max = 0.0341696 (STRN)
[2025-11-14 03:19:20.966] [info] Frame 39 (t = 0.195):	 total squared error = 0.00753683, marker error: RMS = 0.0181022, max = 0.0342714 (STRN)
[2025-11-14 03:19:20.999] [info] Frame 40 (t = 0.2):	 total squared error = 0.00774271, marker error: RMS = 0.0183477, max = 0.0343263 (STRN)
[2025-11-14 03:19:21.035] [info] Frame 41 (t = 0.205000):	 total squared error = 0.00794761, marker error: RMS = 0.0185889, max = 0.0344147 (STRN)
[2025-11-14 03:19:21.057] [info] Frame 42 (t = 0.21):	 total squared error = 0.00815157, marker error: RMS = 0.0188259, max = 0.0344182 (STRN)
[2025-11-14 03:19:21.085] [info] Frame 43 (t = 0.215):	 total squared error = 0.00834402, marker error: RMS = 0.0190469, max = 0.0343726 (STRN)
[2025-11-14 03:19:21.110] [info] Frame 44 (t = 0.22):	 total squared error = 0.00853337, marker error: RMS = 0.0192618, max = 0.0348385 (LTH2)
[2025-11-14 03:19:21.150] [info] Frame 45 (t = 0.225):	 total squared error = 0.00870747, marker error: RMS = 0.0194573, max = 0.0350574 (LTH2)
[2025-11-14 03:19:21.176] [info] Frame 46 (t = 0.23):	 total squared error = 0.00887592, marker error: RMS = 0.0196446, max = 0.0355839 (LTH2)
[2025-11-14 03:19:21.199] [info] Frame 47 (t = 0.235):	 total squared error = 0.00903371, marker error: RMS = 0.0198184, max = 0.0358873 (LTH2)
[2025-11-14 03:19:21.226] [info] Frame 48 (t = 0.24):	 total squared error = 0.00917955, marker error: RMS = 0.0199778, max = 0.0362775 (LTH2)
[2025-11-14 03:19:21.257] [info] Frame 49 (t = 0.245):	 total squared error = 0.00931214, marker error: RMS = 0.0201215, max = 0.0364798 (LTH2)
[2025-11-14 03:19:21.282] [info] Frame 50 (t = 0.25):	 total squared error = 0.00942857, marker error: RMS = 0.0202469, max = 0.0366573 (LTH2)
[2025-11-14 03:19:21.312] [info] Frame 51 (t = 0.255):	 total squared error = 0.00952562, marker error: RMS = 0.0203509, max = 0.0367325 (LTH2)
[2025-11-14 03:19:21.334] [info] Frame 52 (t = 0.26):	 total squared error = 0.00959885, marker error: RMS = 0.0204289, max = 0.0367627 (LTH2)
[2025-11-14 03:19:21.364] [info] Frame 53 (t = 0.265):	 total squared error = 0.00964167, marker error: RMS = 0.0204744, max = 0.0365487 (LTH2)
[2025-11-14 03:19:21.391] [info] Frame 54 (t = 0.27):	 total squared error = 0.00965225, marker error: RMS = 0.0204857, max = 0.0362785 (LTH2)
[2025-11-14 03:19:21.414] [info] Frame 55 (t = 0.275):	 total squared error = 0.00962642, marker error: RMS = 0.0204583, max = 0.0357803 (LTH2)
[2025-11-14 03:19:21.429] [info] Frame 56 (t = 0.28):	 total squared error = 0.00956582, marker error: RMS = 0.0203938, max = 0.0352881 (LTH2)
[2025-11-14 03:19:21.458] [info] Frame 57 (t = 0.285):	 total squared error = 0.00945953, marker error: RMS = 0.0202801, max = 0.0346218 (LTH2)
[2025-11-14 03:19:21.484] [info] Frame 58 (t = 0.29):	 total squared error = 0.00932009, marker error: RMS = 0.0201301, max = 0.0337537 (LTH2)
[2025-11-14 03:19:21.550] [info] Frame 59 (t = 0.295):	 total squared error = 0.00914737, marker error: RMS = 0.0199427, max = 0.0329080 (LTH2)
[2025-11-14 03:19:21.607] [info] Frame 60 (t = 0.3):	 total squared error = 0.00894593, marker error: RMS = 0.0197219, max = 0.0323309 (STRN)
[2025-11-14 03:19:21.645] [info] Frame 61 (t = 0.305000):	 total squared error = 0.00872127, marker error: RMS = 0.0194727, max = 0.0322258 (STRN)
[2025-11-14 03:19:21.668] [info] Frame 62 (t = 0.31):	 total squared error = 0.00848001, marker error: RMS = 0.0192015, max = 0.0321085 (STRN)
[2025-11-14 03:19:21.699] [info] Frame 63 (t = 0.315):	 total squared error = 0.00822825, marker error: RMS = 0.0189143, max = 0.0319828 (STRN)
[2025-11-14 03:19:21.731] [info] Frame 64 (t = 0.32):	 total squared error = 0.00797215, marker error: RMS = 0.0186176, max = 0.0319132 (STRN)
[2025-11-14 03:19:21.768] [info] Frame 65 (t = 0.325):	 total squared error = 0.00771706, marker error: RMS = 0.0183173, max = 0.0318109 (STRN)
[2025-11-14 03:19:21.801] [info] Frame 66 (t = 0.33):	 total squared error = 0.00747143, marker error: RMS = 0.0180235, max = 0.0318462 (STRN)
[2025-11-14 03:19:21.848] [info] Frame 67 (t = 0.335):	 total squared error = 0.00723135, marker error: RMS = 0.0177315, max = 0.0315675 (STRN)
[2025-11-14 03:19:21.884] [info] Frame 68 (t = 0.34):	 total squared error = 0.00700949, marker error: RMS = 0.0174574, max = 0.0314892 (STRN)
[2025-11-14 03:19:21.907] [info] Frame 69 (t = 0.345):	 total squared error = 0.00681053, marker error: RMS = 0.0172078, max = 0.0315632 (STRN)
[2025-11-14 03:19:21.952] [info] Frame 70 (t = 0.35):	 total squared error = 0.00662206, marker error: RMS = 0.0169681, max = 0.0312549 (STRN)
[2025-11-14 03:19:21.982] [info] Frame 71 (t = 0.355):	 total squared error = 0.00646155, marker error: RMS = 0.0167612, max = 0.0311868 (STRN)
[2025-11-14 03:19:22.023] [info] Frame 72 (t = 0.36):	 total squared error = 0.00632426, marker error: RMS = 0.0165821, max = 0.0311298 (STRN)
[2025-11-14 03:19:22.061] [info] Frame 73 (t = 0.365):	 total squared error = 0.00621085, marker error: RMS = 0.0164328, max = 0.0310712 (STRN)
[2025-11-14 03:19:22.093] [info] Frame 74 (t = 0.37):	 total squared error = 0.00611970, marker error: RMS = 0.0163118, max = 0.0310102 (STRN)
[2025-11-14 03:19:22.123] [info] Frame 75 (t = 0.375):	 total squared error = 0.00605046, marker error: RMS = 0.0162192, max = 0.0309403 (STRN)
[2025-11-14 03:19:22.143] [info] Frame 76 (t = 0.38):	 total squared error = 0.00600498, marker error: RMS = 0.0161582, max = 0.0310506 (STRN)
[2025-11-14 03:19:22.177] [info] Frame 77 (t = 0.385):	 total squared error = 0.00596818, marker error: RMS = 0.0161086, max = 0.0308144 (STRN)
[2025-11-14 03:19:22.210] [info] Frame 78 (t = 0.39):	 total squared error = 0.00594944, marker error: RMS = 0.0160833, max = 0.0307328 (STRN)
[2025-11-14 03:19:22.243] [info] Frame 79 (t = 0.395):	 total squared error = 0.00594226, marker error: RMS = 0.0160736, max = 0.0307043 (STRN)
[2025-11-14 03:19:22.264] [info] Frame 80 (t = 0.4):	 total squared error = 0.00594694, marker error: RMS = 0.0160799, max = 0.0307431 (STRN)
[2025-11-14 03:19:22.300] [info] Frame 81 (t = 0.405000):	 total squared error = 0.00594472, marker error: RMS = 0.0160769, max = 0.0304950 (STRN)
[2025-11-14 03:19:22.322] [info] Frame 82 (t = 0.41):	 total squared error = 0.00595116, marker error: RMS = 0.0160856, max = 0.0305660 (STRN)
[2025-11-14 03:19:22.360] [info] Frame 83 (t = 0.415):	 total squared error = 0.00594607, marker error: RMS = 0.0160787, max = 0.0304249 (STRN)
[2025-11-14 03:19:22.380] [info] Frame 84 (t = 0.42):	 total squared error = 0.00594230, marker error: RMS = 0.0160736, max = 0.0306571 (STRN)
[2025-11-14 03:19:22.398] [info] Frame 85 (t = 0.425):	 total squared error = 0.00592934, marker error: RMS = 0.0160561, max = 0.0307129 (STRN)
[2025-11-14 03:19:22.418] [info] Frame 86 (t = 0.43):	 total squared error = 0.00589988, marker error: RMS = 0.0160161, max = 0.0306979 (STRN)
[2025-11-14 03:19:22.455] [info] Frame 87 (t = 0.435):	 total squared error = 0.00583441, marker error: RMS = 0.015927, max = 0.0303520 (STRN)
[2025-11-14 03:19:22.494] [info] Frame 88 (t = 0.44):	 total squared error = 0.00576939, marker error: RMS = 0.015838, max = 0.0303149 (STRN)
[2025-11-14 03:19:22.529] [info] Frame 89 (t = 0.445):	 total squared error = 0.00568933, marker error: RMS = 0.0157278, max = 0.0303215 (STRN)
[2025-11-14 03:19:22.557] [info] Frame 90 (t = 0.45):	 total squared error = 0.00559709, marker error: RMS = 0.0155997, max = 0.0304274 (STRN)
[2025-11-14 03:19:22.595] [info] Frame 91 (t = 0.455):	 total squared error = 0.00548985, marker error: RMS = 0.0154496, max = 0.0303783 (STRN)
[2025-11-14 03:19:22.621] [info] Frame 92 (t = 0.46):	 total squared error = 0.00537832, marker error: RMS = 0.0152918, max = 0.0304567 (STRN)
[2025-11-14 03:19:22.649] [info] Frame 93 (t = 0.465):	 total squared error = 0.00526256, marker error: RMS = 0.0151264, max = 0.0305269 (STRN)
[2025-11-14 03:19:22.683] [info] Frame 94 (t = 0.47):	 total squared error = 0.00514602, marker error: RMS = 0.0149579, max = 0.0305735 (STRN)
[2025-11-14 03:19:22.709] [info] Frame 95 (t = 0.475):	 total squared error = 0.00504116, marker error: RMS = 0.0148048, max = 0.0307413 (STRN)
[2025-11-14 03:19:22.731] [info] Frame 96 (t = 0.48):	 total squared error = 0.00494840, marker error: RMS = 0.0146679, max = 0.0307343 (STRN)
[2025-11-14 03:19:22.766] [info] Frame 97 (t = 0.485):	 total squared error = 0.00487301, marker error: RMS = 0.0145558, max = 0.0308873 (STRN)
[2025-11-14 03:19:22.805] [info] Frame 98 (t = 0.49):	 total squared error = 0.00482007, marker error: RMS = 0.0144765, max = 0.0309798 (STRN)
[2025-11-14 03:19:22.845] [info] Frame 99 (t = 0.495):	 total squared error = 0.00479117, marker error: RMS = 0.014433, max = 0.0310363 (STRN)
[2025-11-14 03:19:22.873] [info] Frame 100 (t = 0.5):	 total squared error = 0.00479039, marker error: RMS = 0.0144318, max = 0.0310934 (STRN)
[2025-11-14 03:19:22.901] [info] Frame 101 (t = 0.505000):	 total squared error = 0.00481537, marker error: RMS = 0.0144694, max = 0.0311512 (STRN)
[2025-11-14 03:19:22.933] [info] Frame 102 (t = 0.51):	 total squared error = 0.00486203, marker error: RMS = 0.0145393, max = 0.0312050 (STRN)
[2025-11-14 03:19:22.960] [info] Frame 103 (t = 0.515):	 total squared error = 0.00492741, marker error: RMS = 0.0146368, max = 0.0312621 (STRN)
[2025-11-14 03:19:22.984] [info] Frame 104 (t = 0.52):	 total squared error = 0.00500191, marker error: RMS = 0.014747, max = 0.031284 (STRN)
[2025-11-14 03:19:23.012] [info] Frame 105 (t = 0.525):	 total squared error = 0.00508137, marker error: RMS = 0.0148637, max = 0.031345 (STRN)
[2025-11-14 03:19:23.033] [info] Frame 106 (t = 0.53):	 total squared error = 0.00515596, marker error: RMS = 0.0149724, max = 0.031323 (STRN)
[2025-11-14 03:19:23.061] [info] Frame 107 (t = 0.535):	 total squared error = 0.00521832, marker error: RMS = 0.0150626, max = 0.0312604 (STRN)
[2025-11-14 03:19:23.074] [info] Frame 108 (t = 0.54):	 total squared error = 0.00527190, marker error: RMS = 0.0151398, max = 0.0312874 (STRN)
[2025-11-14 03:19:23.113] [info] Frame 109 (t = 0.545):	 total squared error = 0.00528630, marker error: RMS = 0.0151604, max = 0.0313413 (LHEE)
[2025-11-14 03:19:23.133] [info] Frame 110 (t = 0.55):	 total squared error = 0.00529538, marker error: RMS = 0.0151735, max = 0.0314513 (LHEE)
[2025-11-14 03:19:23.168] [info] Frame 111 (t = 0.555):	 total squared error = 0.00528189, marker error: RMS = 0.0151541, max = 0.0314537 (LHEE)
[2025-11-14 03:19:23.183] [info] Frame 112 (t = 0.56):	 total squared error = 0.00526031, marker error: RMS = 0.0151231, max = 0.0313193 (LHEE)
[2025-11-14 03:19:23.215] [info] Frame 113 (t = 0.565):	 total squared error = 0.00522760, marker error: RMS = 0.0150760, max = 0.0311749 (LHEE)
[2025-11-14 03:19:23.228] [info] Frame 114 (t = 0.57):	 total squared error = 0.00519806, marker error: RMS = 0.0150334, max = 0.0308483 (STRN)
[2025-11-14 03:19:23.252] [info] Frame 115 (t = 0.575):	 total squared error = 0.00516844, marker error: RMS = 0.0149905, max = 0.0305225 (STRN)
[2025-11-14 03:19:23.283] [info] Frame 116 (t = 0.58):	 total squared error = 0.00514722, marker error: RMS = 0.0149597, max = 0.0304015 (STRN)
[2025-11-14 03:19:23.311] [info] Frame 117 (t = 0.585):	 total squared error = 0.00513452, marker error: RMS = 0.0149412, max = 0.0302617 (STRN)
[2025-11-14 03:19:23.335] [info] Frame 118 (t = 0.59):	 total squared error = 0.00513363, marker error: RMS = 0.0149399, max = 0.0301629 (STRN)
[2025-11-14 03:19:23.380] [info] Frame 119 (t = 0.595):	 total squared error = 0.00513857, marker error: RMS = 0.0149471, max = 0.0299758 (STRN)
[2025-11-14 03:19:23.403] [info] Frame 120 (t = 0.6):	 total squared error = 0.00515766, marker error: RMS = 0.0149748, max = 0.0299383 (STRN)
[2025-11-14 03:19:23.432] [info] Frame 121 (t = 0.605000):	 total squared error = 0.00518392, marker error: RMS = 0.0150129, max = 0.029826 (STRN)
[2025-11-14 03:19:23.482] [info] Frame 122 (t = 0.61):	 total squared error = 0.00521229, marker error: RMS = 0.0150540, max = 0.0297142 (STRN)
[2025-11-14 03:19:23.515] [info] Frame 123 (t = 0.615):	 total squared error = 0.00524897, marker error: RMS = 0.0151068, max = 0.0297168 (STRN)
[2025-11-14 03:19:23.539] [info] Frame 124 (t = 0.62):	 total squared error = 0.00529053, marker error: RMS = 0.0151665, max = 0.0296681 (STRN)
[2025-11-14 03:19:23.568] [info] Frame 125 (t = 0.625):	 total squared error = 0.00533647, marker error: RMS = 0.0152322, max = 0.0296851 (STRN)
[2025-11-14 03:19:23.598] [info] Frame 126 (t = 0.63):	 total squared error = 0.00538702, marker error: RMS = 0.0153042, max = 0.0297482 (STRN)
[2025-11-14 03:19:23.630] [info] Frame 127 (t = 0.635):	 total squared error = 0.00544149, marker error: RMS = 0.0153814, max = 0.0298104 (STRN)
[2025-11-14 03:19:23.665] [info] Frame 128 (t = 0.64):	 total squared error = 0.00549909, marker error: RMS = 0.0154626, max = 0.0298375 (STRN)
[2025-11-14 03:19:23.709] [info] Frame 129 (t = 0.645):	 total squared error = 0.00556102, marker error: RMS = 0.0155494, max = 0.0298357 (STRN)
[2025-11-14 03:19:23.739] [info] Frame 130 (t = 0.65):	 total squared error = 0.00562730, marker error: RMS = 0.0156418, max = 0.0300231 (STRN)
[2025-11-14 03:19:23.769] [info] Frame 131 (t = 0.655):	 total squared error = 0.00569438, marker error: RMS = 0.0157347, max = 0.0301965 (STRN)
[2025-11-14 03:19:23.799] [info] Frame 132 (t = 0.66):	 total squared error = 0.00575921, marker error: RMS = 0.015824, max = 0.0303680 (STRN)
[2025-11-14 03:19:23.831] [info] Frame 133 (t = 0.665):	 total squared error = 0.00581885, marker error: RMS = 0.0159058, max = 0.0305779 (STRN)
[2025-11-14 03:19:23.863] [info] Frame 134 (t = 0.67):	 total squared error = 0.00587184, marker error: RMS = 0.015978, max = 0.0308080 (STRN)
[2025-11-14 03:19:23.895] [info] Frame 135 (t = 0.675):	 total squared error = 0.00591890, marker error: RMS = 0.0160419, max = 0.0310198 (STRN)
[2025-11-14 03:19:23.928] [info] Frame 136 (t = 0.68):	 total squared error = 0.00596102, marker error: RMS = 0.0160989, max = 0.0313060 (STRN)
[2025-11-14 03:19:23.952] [info] Frame 137 (t = 0.685):	 total squared error = 0.00600195, marker error: RMS = 0.0161541, max = 0.0315323 (STRN)
[2025-11-14 03:19:23.984] [info] Frame 138 (t = 0.69):	 total squared error = 0.00604232, marker error: RMS = 0.0162083, max = 0.0318891 (STRN)
[2025-11-14 03:19:24.034] [info] Frame 139 (t = 0.695):	 total squared error = 0.00608789, marker error: RMS = 0.0162693, max = 0.0323328 (STRN)
[2025-11-14 03:19:24.066] [info] Frame 140 (t = 0.7):	 total squared error = 0.00613999, marker error: RMS = 0.0163388, max = 0.0326304 (STRN)
[2025-11-14 03:19:24.101] [info] Frame 141 (t = 0.705000):	 total squared error = 0.00620225, marker error: RMS = 0.0164214, max = 0.032999 (STRN)
[2025-11-14 03:19:24.147] [info] Frame 142 (t = 0.71):	 total squared error = 0.00627556, marker error: RMS = 0.0165182, max = 0.0334795 (STRN)
[2025-11-14 03:19:24.180] [info] Frame 143 (t = 0.715):	 total squared error = 0.00635920, marker error: RMS = 0.0166279, max = 0.0337925 (STRN)
[2025-11-14 03:19:24.226] [info] Frame 144 (t = 0.72):	 total squared error = 0.00645385, marker error: RMS = 0.0167512, max = 0.0342571 (STRN)
[2025-11-14 03:19:24.261] [info] Frame 145 (t = 0.725):	 total squared error = 0.00655663, marker error: RMS = 0.016884, max = 0.0345707 (STRN)
[2025-11-14 03:19:24.307] [info] Frame 146 (t = 0.73):	 total squared error = 0.00666523, marker error: RMS = 0.0170233, max = 0.0350372 (STRN)
[2025-11-14 03:19:24.346] [info] Frame 147 (t = 0.735):	 total squared error = 0.00677551, marker error: RMS = 0.0171635, max = 0.0353234 (STRN)
[2025-11-14 03:19:24.382] [info] Frame 148 (t = 0.74):	 total squared error = 0.00688462, marker error: RMS = 0.0173012, max = 0.0356132 (STRN)
[2025-11-14 03:19:24.423] [info] Frame 149 (t = 0.745):	 total squared error = 0.00698815, marker error: RMS = 0.0174308, max = 0.0358944 (STRN)
[2025-11-14 03:19:24.468] [info] Frame 150 (t = 0.75):	 total squared error = 0.00708286, marker error: RMS = 0.0175485, max = 0.0362108 (STRN)
[2025-11-14 03:19:24.495] [info] Frame 151 (t = 0.755):	 total squared error = 0.00716923, marker error: RMS = 0.0176552, max = 0.0360891 (STRN)
[2025-11-14 03:19:24.532] [info] Frame 152 (t = 0.76):	 total squared error = 0.00723264, marker error: RMS = 0.0177331, max = 0.0364905 (STRN)
[2025-11-14 03:19:24.577] [info] Frame 153 (t = 0.765):	 total squared error = 0.00728687, marker error: RMS = 0.0177995, max = 0.0366811 (STRN)
[2025-11-14 03:19:24.612] [info] Frame 154 (t = 0.77):	 total squared error = 0.00732719, marker error: RMS = 0.0178486, max = 0.0366427 (STRN)
[2025-11-14 03:19:24.650] [info] Frame 155 (t = 0.775):	 total squared error = 0.00735465, marker error: RMS = 0.017882, max = 0.0368026 (STRN)
[2025-11-14 03:19:24.695] [info] Frame 156 (t = 0.78):	 total squared error = 0.00737141, marker error: RMS = 0.0179024, max = 0.0368138 (STRN)
[2025-11-14 03:19:24.716] [info] Frame 157 (t = 0.785):	 total squared error = 0.00738001, marker error: RMS = 0.0179128, max = 0.0366523 (STRN)
[2025-11-14 03:19:24.757] [info] Frame 158 (t = 0.79):	 total squared error = 0.00737755, marker error: RMS = 0.0179099, max = 0.0367852 (STRN)
[2025-11-14 03:19:24.790] [info] Frame 159 (t = 0.795):	 total squared error = 0.00736766, marker error: RMS = 0.0178979, max = 0.0366352 (STRN)
[2025-11-14 03:19:24.818] [info] Frame 160 (t = 0.8):	 total squared error = 0.00734965, marker error: RMS = 0.017876, max = 0.0365438 (STRN)
[2025-11-14 03:19:24.844] [info] Frame 161 (t = 0.805000):	 total squared error = 0.00732111, marker error: RMS = 0.0178412, max = 0.0364386 (STRN)
[2025-11-14 03:19:24.882] [info] Frame 162 (t = 0.81):	 total squared error = 0.00727941, marker error: RMS = 0.0177903, max = 0.0365687 (STRN)
[2025-11-14 03:19:24.926] [info] Frame 163 (t = 0.815):	 total squared error = 0.00722385, marker error: RMS = 0.0177223, max = 0.03651 (STRN)
[2025-11-14 03:19:24.962] [info] Frame 164 (t = 0.82):	 total squared error = 0.00715235, marker error: RMS = 0.0176344, max = 0.0364282 (STRN)
[2025-11-14 03:19:24.986] [info] Frame 165 (t = 0.825):	 total squared error = 0.00706419, marker error: RMS = 0.0175254, max = 0.0363922 (STRN)
[2025-11-14 03:19:25.015] [info] Frame 166 (t = 0.83):	 total squared error = 0.00695900, marker error: RMS = 0.0173944, max = 0.0363161 (STRN)
[2025-11-14 03:19:25.047] [info] Frame 167 (t = 0.835):	 total squared error = 0.00683800, marker error: RMS = 0.0172425, max = 0.0362649 (STRN)
[2025-11-14 03:19:25.072] [info] Frame 168 (t = 0.84):	 total squared error = 0.00670253, marker error: RMS = 0.0170709, max = 0.0362449 (STRN)
[2025-11-14 03:19:25.101] [info] Frame 169 (t = 0.845):	 total squared error = 0.00655572, marker error: RMS = 0.0168829, max = 0.0361895 (STRN)
[2025-11-14 03:19:25.147] [info] Frame 170 (t = 0.85):	 total squared error = 0.00639942, marker error: RMS = 0.0166804, max = 0.0361084 (STRN)
[2025-11-14 03:19:25.176] [info] Frame 171 (t = 0.855):	 total squared error = 0.00623969, marker error: RMS = 0.0164709, max = 0.0361366 (STRN)
[2025-11-14 03:19:25.216] [info] Frame 172 (t = 0.86):	 total squared error = 0.00607731, marker error: RMS = 0.0162552, max = 0.0360845 (STRN)
[2025-11-14 03:19:25.262] [info] Frame 173 (t = 0.865):	 total squared error = 0.00591455, marker error: RMS = 0.0160360, max = 0.0358838 (STRN)
[2025-11-14 03:19:25.287] [info] Frame 174 (t = 0.87):	 total squared error = 0.00575858, marker error: RMS = 0.0158232, max = 0.0359447 (STRN)
[2025-11-14 03:19:25.334] [info] Frame 175 (t = 0.875):	 total squared error = 0.00560623, marker error: RMS = 0.0156125, max = 0.0356915 (STRN)
[2025-11-14 03:19:25.368] [info] Frame 176 (t = 0.88):	 total squared error = 0.00546378, marker error: RMS = 0.0154128, max = 0.0356325 (STRN)
[2025-11-14 03:19:25.409] [info] Frame 177 (t = 0.885):	 total squared error = 0.00533087, marker error: RMS = 0.0152242, max = 0.0354923 (STRN)
[2025-11-14 03:19:25.446] [info] Frame 178 (t = 0.89):	 total squared error = 0.00520895, marker error: RMS = 0.0150491, max = 0.0353795 (STRN)
[2025-11-14 03:19:25.480] [info] Frame 179 (t = 0.895):	 total squared error = 0.00509887, marker error: RMS = 0.0148893, max = 0.0353053 (STRN)
[2025-11-14 03:19:25.500] [info] Frame 180 (t = 0.9):	 total squared error = 0.00500492, marker error: RMS = 0.0147514, max = 0.0354223 (STRN)
[2025-11-14 03:19:25.544] [info] Frame 181 (t = 0.905000):	 total squared error = 0.00491669, marker error: RMS = 0.0146208, max = 0.0352027 (STRN)
[2025-11-14 03:19:25.563] [info] Frame 182 (t = 0.91):	 total squared error = 0.00484984, marker error: RMS = 0.0145211, max = 0.0353669 (STRN)
[2025-11-14 03:19:25.600] [info] Frame 183 (t = 0.915):	 total squared error = 0.00478533, marker error: RMS = 0.0144242, max = 0.0349346 (STRN)
[2025-11-14 03:19:25.634] [info] Frame 184 (t = 0.92):	 total squared error = 0.00473966, marker error: RMS = 0.0143552, max = 0.0348887 (STRN)
[2025-11-14 03:19:25.679] [info] Frame 185 (t = 0.925):	 total squared error = 0.00470719, marker error: RMS = 0.0143060, max = 0.0348126 (STRN)
[2025-11-14 03:19:25.700] [info] Frame 186 (t = 0.93):	 total squared error = 0.00469107, marker error: RMS = 0.0142814, max = 0.0350201 (STRN)
[2025-11-14 03:19:25.734] [info] Frame 187 (t = 0.935):	 total squared error = 0.00468037, marker error: RMS = 0.0142651, max = 0.0347637 (STRN)
[2025-11-14 03:19:25.761] [info] Frame 188 (t = 0.94):	 total squared error = 0.00468840, marker error: RMS = 0.0142774, max = 0.0349689 (STRN)
[2025-11-14 03:19:25.797] [info] Frame 189 (t = 0.945):	 total squared error = 0.00469962, marker error: RMS = 0.0142944, max = 0.0346958 (STRN)
[2025-11-14 03:19:25.817] [info] Frame 190 (t = 0.95):	 total squared error = 0.00472869, marker error: RMS = 0.0143386, max = 0.0350211 (STRN)
[2025-11-14 03:19:25.849] [info] Frame 191 (t = 0.955):	 total squared error = 0.00475665, marker error: RMS = 0.0143809, max = 0.034723 (STRN)
[2025-11-14 03:19:25.898] [info] Frame 192 (t = 0.96):	 total squared error = 0.00479509, marker error: RMS = 0.0144389, max = 0.0346825 (STRN)
[2025-11-14 03:19:25.917] [info] Frame 193 (t = 0.965):	 total squared error = 0.00484185, marker error: RMS = 0.0145091, max = 0.0350058 (STRN)
[2025-11-14 03:19:25.952] [info] Frame 194 (t = 0.97):	 total squared error = 0.00488538, marker error: RMS = 0.0145742, max = 0.0347903 (STRN)
[2025-11-14 03:19:25.994] [info] Frame 195 (t = 0.975):	 total squared error = 0.00493276, marker error: RMS = 0.0146447, max = 0.0348488 (STRN)
[2025-11-14 03:19:26.016] [info] Frame 196 (t = 0.98):	 total squared error = 0.00498200, marker error: RMS = 0.0147176, max = 0.0350549 (STRN)
[2025-11-14 03:19:26.061] [info] Frame 197 (t = 0.985):	 total squared error = 0.00502347, marker error: RMS = 0.0147788, max = 0.0349722 (STRN)
[2025-11-14 03:19:26.085] [info] Frame 198 (t = 0.99):	 total squared error = 0.00506551, marker error: RMS = 0.0148405, max = 0.0352089 (STRN)
[2025-11-14 03:19:26.125] [info] Frame 199 (t = 0.995):	 total squared error = 0.00509802, marker error: RMS = 0.014888, max = 0.0351712 (STRN)
[2025-11-14 03:19:26.161] [info] Frame 200 (t = 1.0):	 total squared error = 0.00512708, marker error: RMS = 0.0149304, max = 0.0352899 (STRN)
[2025-11-14 03:19:26.199] [info] Frame 201 (t = 1.00500):	 total squared error = 0.00514757, marker error: RMS = 0.0149602, max = 0.0352956 (STRN)
[2025-11-14 03:19:26.217] [info] Frame 202 (t = 1.01):	 total squared error = 0.00516710, marker error: RMS = 0.0149886, max = 0.0357317 (STRN)
[2025-11-14 03:19:26.254] [info] Frame 203 (t = 1.015):	 total squared error = 0.00517403, marker error: RMS = 0.0149986, max = 0.0355871 (STRN)
[2025-11-14 03:19:26.282] [info] Frame 204 (t = 1.02):	 total squared error = 0.00517977, marker error: RMS = 0.0150069, max = 0.035735 (STRN)
[2025-11-14 03:19:26.314] [info] Frame 205 (t = 1.025):	 total squared error = 0.00518172, marker error: RMS = 0.0150097, max = 0.0357933 (STRN)
[2025-11-14 03:19:26.360] [info] Frame 206 (t = 1.03):	 total squared error = 0.00518156, marker error: RMS = 0.0150095, max = 0.0357493 (STRN)
[2025-11-14 03:19:26.390] [info] Frame 207 (t = 1.035):	 total squared error = 0.00518559, marker error: RMS = 0.0150153, max = 0.0358782 (STRN)
[2025-11-14 03:19:26.418] [info] Frame 208 (t = 1.04):	 total squared error = 0.00519353, marker error: RMS = 0.0150268, max = 0.0359908 (STRN)
[2025-11-14 03:19:26.451] [info] Frame 209 (t = 1.045):	 total squared error = 0.00520648, marker error: RMS = 0.0150455, max = 0.0360534 (STRN)
[2025-11-14 03:19:26.501] [info] Frame 210 (t = 1.05):	 total squared error = 0.00522362, marker error: RMS = 0.0150703, max = 0.0360721 (STRN)
[2025-11-14 03:19:26.532] [info] Frame 211 (t = 1.055):	 total squared error = 0.00524992, marker error: RMS = 0.0151082, max = 0.0361715 (STRN)
[2025-11-14 03:19:26.579] [info] Frame 212 (t = 1.06):	 total squared error = 0.00528074, marker error: RMS = 0.0151525, max = 0.0361949 (STRN)
[2025-11-14 03:19:26.611] [info] Frame 213 (t = 1.065):	 total squared error = 0.00531804, marker error: RMS = 0.0152059, max = 0.0362822 (STRN)
[2025-11-14 03:19:26.635] [info] Frame 214 (t = 1.07):	 total squared error = 0.00535835, marker error: RMS = 0.0152634, max = 0.0363439 (STRN)
[2025-11-14 03:19:26.680] [info] Frame 215 (t = 1.075):	 total squared error = 0.00539517, marker error: RMS = 0.0153158, max = 0.0363233 (STRN)
[2025-11-14 03:19:26.714] [info] Frame 216 (t = 1.08):	 total squared error = 0.00543209, marker error: RMS = 0.0153681, max = 0.0363648 (STRN)
[2025-11-14 03:19:26.742] [info] Frame 217 (t = 1.085):	 total squared error = 0.00546322, marker error: RMS = 0.015412, max = 0.0363579 (STRN)
[2025-11-14 03:19:26.778] [info] Frame 218 (t = 1.09):	 total squared error = 0.00548341, marker error: RMS = 0.0154405, max = 0.0362824 (STRN)
[2025-11-14 03:19:26.799] [info] Frame 219 (t = 1.095):	 total squared error = 0.00549852, marker error: RMS = 0.0154618, max = 0.0362679 (STRN)
[2025-11-14 03:19:26.828] [info] Frame 220 (t = 1.1):	 total squared error = 0.00550188, marker error: RMS = 0.0154665, max = 0.0362688 (STRN)
[2025-11-14 03:19:26.860] [info] Frame 221 (t = 1.10500):	 total squared error = 0.00549597, marker error: RMS = 0.0154582, max = 0.0360767 (STRN)
[2025-11-14 03:19:26.880] [info] Frame 222 (t = 1.11):	 total squared error = 0.00548471, marker error: RMS = 0.0154423, max = 0.0360703 (STRN)
[2025-11-14 03:19:26.908] [info] Frame 223 (t = 1.115):	 total squared error = 0.00546722, marker error: RMS = 0.0154177, max = 0.0358562 (STRN)
[2025-11-14 03:19:26.947] [info] Frame 224 (t = 1.12):	 total squared error = 0.00544377, marker error: RMS = 0.0153846, max = 0.0356447 (STRN)
[2025-11-14 03:19:26.975] [info] Frame 225 (t = 1.125):	 total squared error = 0.00542322, marker error: RMS = 0.0153555, max = 0.0355186 (STRN)
[2025-11-14 03:19:27.000] [info] Frame 226 (t = 1.13):	 total squared error = 0.00540288, marker error: RMS = 0.0153267, max = 0.0353853 (STRN)
[2025-11-14 03:19:27.030] [info] Frame 227 (t = 1.135):	 total squared error = 0.00538342, marker error: RMS = 0.0152991, max = 0.0352145 (STRN)
[2025-11-14 03:19:27.086] [info] Frame 228 (t = 1.14):	 total squared error = 0.00536087, marker error: RMS = 0.015267, max = 0.0349457 (STRN)
[2025-11-14 03:19:27.125] [info] Frame 229 (t = 1.145):	 total squared error = 0.00534656, marker error: RMS = 0.0152466, max = 0.0348581 (STRN)
[2025-11-14 03:19:27.151] [info] Frame 230 (t = 1.15):	 total squared error = 0.00533567, marker error: RMS = 0.0152311, max = 0.0346973 (STRN)
[2025-11-14 03:19:27.179] [info] Frame 231 (t = 1.155):	 total squared error = 0.00532826, marker error: RMS = 0.0152205, max = 0.0345848 (STRN)
[2025-11-14 03:19:27.217] [info] Frame 232 (t = 1.16):	 total squared error = 0.00531898, marker error: RMS = 0.0152072, max = 0.0343288 (STRN)
[2025-11-14 03:19:27.245] [info] Frame 233 (t = 1.165):	 total squared error = 0.00531976, marker error: RMS = 0.0152084, max = 0.0342462 (STRN)
[2025-11-14 03:19:27.266] [info] Frame 234 (t = 1.17):	 total squared error = 0.00532748, marker error: RMS = 0.0152194, max = 0.0340780 (STRN)
[2025-11-14 03:19:27.285] [info] Frame 235 (t = 1.175):	 total squared error = 0.00533924, marker error: RMS = 0.0152362, max = 0.0339777 (STRN)
[2025-11-14 03:19:27.323] [info] Frame 236 (t = 1.18):	 total squared error = 0.00534969, marker error: RMS = 0.0152511, max = 0.0337978 (STRN)
[2025-11-14 03:19:27.347] [info] Frame 237 (t = 1.185):	 total squared error = 0.00537210, marker error: RMS = 0.015283, max = 0.0337409 (STRN)
[2025-11-14 03:19:27.377] [info] Frame 238 (t = 1.19):	 total squared error = 0.00539842, marker error: RMS = 0.0153204, max = 0.0336819 (STRN)
[2025-11-14 03:19:27.406] [info] Frame 239 (t = 1.195):	 total squared error = 0.00542626, marker error: RMS = 0.0153598, max = 0.0336184 (STRN)
[2025-11-14 03:19:27.439] [info] Frame 240 (t = 1.2):	 total squared error = 0.00545222, marker error: RMS = 0.0153965, max = 0.0334995 (STRN)
[2025-11-14 03:19:27.450] [info] Frame 241 (t = 1.20500):	 total squared error = 0.00547750, marker error: RMS = 0.0154322, max = 0.0337007 (STRN)
[2025-11-14 03:19:27.478] [info] Frame 242 (t = 1.21):	 total squared error = 0.00549281, marker error: RMS = 0.0154537, max = 0.0334875 (STRN)
[2025-11-14 03:19:27.527] [info] Frame 243 (t = 1.215):	 total squared error = 0.00550217, marker error: RMS = 0.0154669, max = 0.0334064 (STRN)
[2025-11-14 03:19:27.572] [info] Frame 244 (t = 1.22):	 total squared error = 0.00550657, marker error: RMS = 0.0154731, max = 0.0334161 (STRN)
[2025-11-14 03:19:27.597] [info] Frame 245 (t = 1.225):	 total squared error = 0.00551122, marker error: RMS = 0.0154796, max = 0.0335561 (STRN)
[2025-11-14 03:19:27.618] [info] InverseKinematicsTool completed 245 frames in 8 second(s).
[2025-11-14 03:19:27.696] [info] Loaded model tps_transformed from file ..\..\..\..\models\Athlete_03_MRI_BG\25_03_31\scaled.osim
[2025-11-14 03:19:27.825] [info] Storage: read data file = joint_angles.mot (nr=245 nc=40)
[2025-11-14 03:19:27.914] [info] Loaded model tps_transformed from file ..\..\..\..\models\Athlete_03_MRI_BG\25_03_31\scaled.osim
[2025-11-14 03:19:28.007] [cout] [info] 
               MODEL: tps_transformed
         coordinates: 39
              forces: 97
           actuators: 97
             muscles: 80
            analyses: 0
              probes: 0
              bodies: 22
              joints: 22
         constraints: 2
             markers: 45
         controllers: 0
  contact geometries: 0
misc modelcomponents: 0
[2025-11-14 03:19:28.007] [info] Running tool ...
[2025-11-14 03:19:28.127] [info] Storage: read data file = grf.mot (nr=2460 nc=46)
[2025-11-14 03:19:28.176] [info] ExternalForce::grf_r_2 Data source being set to grf
[2025-11-14 03:19:28.186] [info] Storage: read data file = joint_angles.mot (nr=245 nc=40)
[2025-11-14 03:19:28.194] [info] Low-pass filtering coordinates data with a cutoff frequency of 6.0...
[2025-11-14 03:19:28.590] [info] InverseDynamicsTool: 245 time frames in 265 millisecond(s).
[2025-11-14 03:19:28.685] [info] Loaded model tps_transformed from file ..\..\..\..\models\Athlete_03_MRI_BG\25_03_31\scaled.osim
[2025-11-14 03:19:28.797] [info] Storage: read data file = joint_angles.mot (nr=245 nc=40)
[2025-11-14 03:19:28.869] [info] AbstractTool  loading model ..\..\..\..\models\Athlete_03_MRI_BG\25_03_31\scaled.osim
[2025-11-14 03:19:28.933] [info] Loaded model tps_transformed from file ..\..\..\..\models\Athlete_03_MRI_BG\25_03_31\scaled.osim
[2025-11-14 03:19:29.215] [info] Storage: read data file = grf.mot (nr=2460 nc=46)
[2025-11-14 03:19:29.262] [info] ExternalForce::grf_r_2 Data source being set to grf
[2025-11-14 03:19:29.283] [info] Loading coordinates from file 'joint_angles.mot'.
[2025-11-14 03:19:29.283] [info] Storage: read data file = joint_angles.mot (nr=245 nc=40)
[2025-11-14 03:19:29.291] [info] Low-pass filtering coordinates data with a cutoff frequency of 6.0...
[2025-11-14 03:19:29.758] [info] AssemblySolver::track() attempt Failed: SimTK Exception thrown at Assembler.cpp:973:
  Method Assembler::track() failed because:
Unable to achieve required assembly error tolerance.
Assembly error tolerance achieved: 6.2070182015808428e-09 required: 1e-10.
[2025-11-14 03:19:29.768] [error] Model unable to assemble: AssemblySolver::assemble() Failed: SimTK Exception thrown at Assembler.cpp:897:
  Method Assembler::assemble() failed because:
Unable to achieve required assembly error tolerance.
Assembly error tolerance achieved: 6.2070182342317271e-09 required: 1e-10..Model relaxing constraints and trying again.
[2025-11-14 03:19:30.246] [info] Found 489 state vectors with time stamps ranging from -0.605000 to 1.835.
[2025-11-14 03:19:30.247] [info] Executing the analyses from 0.00500000 to 1.225...
[2025-11-14 03:19:30.270] [warning] MuscleAnalysis: coordinate mtp_angle_r is locked and can't be varied.
[2025-11-14 03:19:30.270] [warning] MuscleAnalysis: coordinate mtp_angle_l is locked and can't be varied.
[2025-11-14 03:19:30.271] [warning] MuscleAnalysis: coordinate wrist_flex_r is locked and can't be varied.
[2025-11-14 03:19:30.271] [warning] MuscleAnalysis: coordinate wrist_dev_r is locked and can't be varied.
[2025-11-14 03:19:30.271] [warning] MuscleAnalysis: coordinate wrist_flex_l is locked and can't be varied.
[2025-11-14 03:19:30.271] [warning] MuscleAnalysis: coordinate wrist_dev_l is locked and can't be varied.
