INFO: Calculated optimized muscle parameters for addbrev_r in 176.59542989730835 seconds.
                         Lm Opt        Lts
Template model       : [0.10310000000836027, 0.03545029132755063]
Optimized param      : [0.1058811  0.02751599]
Nr of eval points    : 959/1000 used
fval                 : 0.0017767731891962383
var from template [%]: [ 2.69747646 22.38148568]%


INFO: Calculated optimized muscle parameters for addlong_r in 181.10103273391724 seconds.
                         Lm Opt        Lts
Template model       : [0.10820000003526961, 0.1317993633849882]
Optimized param      : [0.1139954  0.11669436]
Nr of eval points    : 914/1000 used
fval                 : 0.002537994921399529
var from template [%]: [ 5.35619416 11.46060618]%


INFO: Calculated optimized muscle parameters for addmagDist_r in 230.02231216430664 seconds.
                         Lm Opt        Lts
Template model       : [0.17719999980994516, 0.08738069536805304]
Optimized param      : [0.18817433 0.06853122]
Nr of eval points    : 1000/1000 used
fval                 : 0.001670735427324689
var from template [%]: [ 6.19318591 21.57167031]%


INFO: Calculated optimized muscle parameters for addmagIsch_r in 185.55229568481445 seconds.
                         Lm Opt        Lts
Template model       : [0.15619999986938368, 0.21634302327343438]
Optimized param      : [0.16821093 0.19264866]
Nr of eval points    : 1000/1000 used
fval                 : 0.0018833662817335259
var from template [%]: [ 7.68945496 10.9522216 ]%


INFO: Calculated optimized muscle parameters for addmagMid_r in 199.20429921150208 seconds.
                         Lm Opt        Lts
Template model       : [0.13769999985931536, 0.046627699859408046]
Optimized param      : [0.14132803 0.03700274]
Nr of eval points    : 1000/1000 used
fval                 : 0.0011845587076312115
var from template [%]: [ 2.6347365  20.64216065]%


INFO: Calculated optimized muscle parameters for addmagProx_r in 169.16545629501343 seconds.
                         Lm Opt        Lts
Template model       : [0.10559999997795093, 0.04032409791484791]
Optimized param      : [0.10640721 0.03578995]
Nr of eval points    : 916/1000 used
fval                 : 0.001099725540979266
var from template [%]: [ 0.76440793 11.24425424]%


