INFO: Calculated optimized muscle parameters for addbrev_r in 222.32735919952393 seconds.
                         Lm Opt        Lts
Template model       : [0.10310000000836027, 0.03545029132755063]
Optimized param      : [0.1058811  0.02751599]
Nr of eval points    : 959/1000 used
fval                 : 0.0017767731891962383
var from template [%]: [ 2.69747646 22.38148568]%


INFO: Calculated optimized muscle parameters for addlong_r in 241.79792141914368 seconds.
                         Lm Opt        Lts
Template model       : [0.10820000003526961, 0.1317993633849882]
Optimized param      : [0.1139954  0.11669436]
Nr of eval points    : 914/1000 used
fval                 : 0.002537994921399529
var from template [%]: [ 5.35619416 11.46060618]%


INFO: Calculated optimized muscle parameters for addmagDist_r in 251.28339838981628 seconds.
                         Lm Opt        Lts
Template model       : [0.17719999980994516, 0.08738069536805304]
Optimized param      : [0.18817433 0.06853122]
Nr of eval points    : 1000/1000 used
fval                 : 0.001670735427324689
var from template [%]: [ 6.19318591 21.57167031]%


INFO: Calculated optimized muscle parameters for addmagIsch_r in 261.1858916282654 seconds.
                         Lm Opt        Lts
Template model       : [0.15619999986938368, 0.21634302327343438]
Optimized param      : [0.16821093 0.19264866]
Nr of eval points    : 1000/1000 used
fval                 : 0.0018833662817335259
var from template [%]: [ 7.68945496 10.9522216 ]%


INFO: Calculated optimized muscle parameters for addmagMid_r in 256.3917853832245 seconds.
                         Lm Opt        Lts
Template model       : [0.13769999985931536, 0.046627699859408046]
Optimized param      : [0.14132803 0.03700274]
Nr of eval points    : 1000/1000 used
fval                 : 0.0011845587076312115
var from template [%]: [ 2.6347365  20.64216065]%


INFO: Calculated optimized muscle parameters for addmagProx_r in 224.66599535942078 seconds.
                         Lm Opt        Lts
Template model       : [0.10559999997795093, 0.04032409791484791]
Optimized param      : [0.10640721 0.03578995]
Nr of eval points    : 916/1000 used
fval                 : 0.001099725540979266
var from template [%]: [ 0.76440793 11.24425424]%


INFO: Calculated optimized muscle parameters for bflh_r in 3178.266170501709 seconds.
                         Lm Opt        Lts
Template model       : [0.09760050029329186, 0.3252283146138964]
Optimized param      : [0.10523822 0.30756136]
Nr of eval points    : 8148/10000 used
fval                 : 0.0022795260282842482
var from template [%]: [7.82549192 5.43217103]%


INFO: Calculated optimized muscle parameters for bfsh_r in 0.7769312858581543 seconds.
                         Lm Opt        Lts
Template model       : [0.11030072513105804, 0.10581791424960163]
Optimized param      : [0.11127024 0.09891034]
Nr of eval points    : 10/10 used
fval                 : 0.00016215532845689534
var from template [%]: [0.87897308 6.52779048]%


INFO: Calculated optimized muscle parameters for edl_r in 12.765446424484253 seconds.
                         Lm Opt        Lts
Template model       : [0.06929999999341888, 0.36887524543019445]
Optimized param      : [0.06855194 0.36859285]
Nr of eval points    : 100/100 used
fval                 : 4.544145735896521e-05
var from template [%]: [1.07945099 0.07655649]%


INFO: Calculated optimized muscle parameters for ehl_r in 17.121658325195312 seconds.
                         Lm Opt        Lts
Template model       : [0.0747999999917401, 0.32679527950110016]
Optimized param      : [0.07400792 0.32688103]
Nr of eval points    : 100/100 used
fval                 : 5.735004597424034e-05
var from template [%]: [1.05893299 0.02624027]%


INFO: Calculated optimized muscle parameters for fdl_r in 12.761754512786865 seconds.
                         Lm Opt        Lts
Template model       : [0.04460000000093839, 0.3787728568018114]
Optimized param      : [0.0469137  0.37725385]
Nr of eval points    : 100/100 used
fval                 : 0.00014141295510439647
var from template [%]: [5.18766701 0.40103271]%


INFO: Calculated optimized muscle parameters for fhl_r in 11.927112579345703 seconds.
                         Lm Opt        Lts
Template model       : [0.05270000000205144, 0.35433967685061135]
Optimized param      : [0.05481891 0.3529577 ]
Nr of eval points    : 100/100 used
fval                 : 6.738512736259364e-05
var from template [%]: [4.02070409 0.39001408]%


INFO: Calculated optimized muscle parameters for gaslat_r in 299.84880924224854 seconds.
                         Lm Opt        Lts
Template model       : [0.05880010932070043, 0.37607086912179377]
Optimized param      : [0.05859065 0.37475576]
Nr of eval points    : 639/1000 used
fval                 : 0.0005143790058733691
var from template [%]: [0.35622707 0.34969724]%


INFO: Calculated optimized muscle parameters for gasmed_r in 236.31746912002563 seconds.
                         Lm Opt        Lts
Template model       : [0.05099999754314629, 0.3987163134188271]
Optimized param      : [0.05111368 0.39680393]
Nr of eval points    : 482/1000 used
fval                 : 0.0003519001920792921
var from template [%]: [0.22291017 0.47963557]%


INFO: Calculated optimized muscle parameters for glmax1_r in 166.77040433883667 seconds.
                         Lm Opt        Lts
Template model       : [0.14699999985077486, 0.048840888896705105]
Optimized param      : [0.14750739 0.0590571 ]
Nr of eval points    : 1000/1000 used
fval                 : 0.013364676581685008
var from template [%]: [ 0.34516205 20.91733981]%


INFO: Calculated optimized muscle parameters for glmax2_r in 167.8632161617279 seconds.
                         Lm Opt        Lts
Template model       : [0.15699999979493634, 0.06788715109059411]
Optimized param      : [0.16482655 0.06795987]
Nr of eval points    : 1000/1000 used
fval                 : 0.0005767014232681781
var from template [%]: [4.98506456 0.10712248]%


INFO: Calculated optimized muscle parameters for glmax3_r in 161.1705241203308 seconds.
                         Lm Opt        Lts
Template model       : [0.16699999962441678, 0.06971660572757796]
Optimized param      : [0.1777414  0.06273355]
Nr of eval points    : 1000/1000 used
fval                 : 0.0019268981122949498
var from template [%]: [ 6.43197419 10.01634939]%


INFO: Calculated optimized muscle parameters for glmed1_r in 205.39513850212097 seconds.
                         Lm Opt        Lts
Template model       : [0.07663066919183706, 0.058592892931652346]
Optimized param      : [0.07453214 0.06689133]
Nr of eval points    : 859/1000 used
fval                 : 0.00023226692878818128
var from template [%]: [ 2.73849182 14.16288109]%


INFO: Calculated optimized muscle parameters for glmed2_r in 247.6949028968811 seconds.
                         Lm Opt        Lts
Template model       : [0.08435828651894627, 0.07540106726254356]
Optimized param      : [0.08287115 0.0853433 ]
Nr of eval points    : 957/1000 used
fval                 : 0.0003028541989354031
var from template [%]: [ 1.7628819  13.18579475]%


INFO: Calculated optimized muscle parameters for glmed3_r in 194.0072727203369 seconds.
                         Lm Opt        Lts
Template model       : [0.07803258917747607, 0.04835117674073726]
Optimized param      : [0.07826173 0.05386562]
Nr of eval points    : 966/1000 used
fval                 : 0.0003829748144196628
var from template [%]: [ 0.29364236 11.40497282]%


INFO: Calculated optimized muscle parameters for glmin1_r in 173.88880467414856 seconds.
                         Lm Opt        Lts
Template model       : [0.08143894684253156, 0.019327117661640428]
Optimized param      : [0.0792682  0.02685064]
Nr of eval points    : 851/1000 used
fval                 : 0.0005627506154785549
var from template [%]: [ 2.66549432 38.92730839]%


INFO: Calculated optimized muscle parameters for glmin2_r in 189.00271344184875 seconds.
                         Lm Opt        Lts
Template model       : [0.06873620023869667, 0.0320348159372442]
Optimized param      : [0.06711401 0.03914149]
Nr of eval points    : 858/1000 used
fval                 : 0.0001616829921023596
var from template [%]: [ 2.3600195  22.18423508]%


INFO: Calculated optimized muscle parameters for glmin3_r in 181.0842752456665 seconds.
                         Lm Opt        Lts
Template model       : [0.035385497174108764, 0.047372334341838115]
Optimized param      : [0.03550171 0.05065798]
Nr of eval points    : 733/1000 used
fval                 : 0.00030357753903594194
var from template [%]: [0.32841389 6.93580002]%


INFO: Calculated optimized muscle parameters for grac_r in 3259.886752843857 seconds.
                         Lm Opt        Lts
Template model       : [0.22780083649497473, 0.1720144422091848]
Optimized param      : [0.23062377 0.15380041]
Nr of eval points    : 10000/10000 used
fval                 : 0.0014436244969167724
var from template [%]: [ 1.23921083 10.58866384]%


INFO: Calculated optimized muscle parameters for iliacus_r in 164.30365324020386 seconds.
                         Lm Opt        Lts
Template model       : [0.10660000009399155, 0.09612070848307752]
Optimized param      : [0.10793138 0.10404399]
Nr of eval points    : 873/1000 used
fval                 : 0.00304063592023082
var from template [%]: [1.24895138 8.24305594]%


INFO: Calculated optimized muscle parameters for perbrev_r in 11.530200481414795 seconds.
                         Lm Opt        Lts
Template model       : [0.045400000001609125, 0.14752753396176685]
Optimized param      : [0.04574571 0.14640179]
Nr of eval points    : 100/100 used
fval                 : 8.046080138106871e-05
var from template [%]: [0.76148125 0.76307464]%


INFO: Calculated optimized muscle parameters for perlong_r in 11.589060068130493 seconds.
                         Lm Opt        Lts
Template model       : [0.05080000000136352, 0.33222076264689515]
Optimized param      : [0.05063374 0.33166079]
Nr of eval points    : 100/100 used
fval                 : 7.754263170638022e-05
var from template [%]: [0.32728974 0.16855588]%


INFO: Calculated optimized muscle parameters for piri_r in 166.1744945049286 seconds.
                         Lm Opt        Lts
Template model       : [0.026000000002415362, 0.11490623835345963]
Optimized param      : [0.02676226 0.11729816]
Nr of eval points    : 717/1000 used
fval                 : 0.0003014290997776102
var from template [%]: [2.93177393 2.08162557]%


INFO: Calculated optimized muscle parameters for psoas_r in 166.40626168251038 seconds.
                         Lm Opt        Lts
Template model       : [0.11690000005443217, 0.0995431659018586]
Optimized param      : [0.12386113 0.10352192]
Nr of eval points    : 1000/1000 used
fval                 : 0.0016497859974607901
var from template [%]: [5.95477411 3.99701321]%


INFO: Calculated optimized muscle parameters for recfem_r in 3901.1291134357452 seconds.
                         Lm Opt        Lts
Template model       : [0.07589948570776486, 0.4484904984436308]
Optimized param      : [0.08008088 0.4310923 ]
Nr of eval points    : 6142/10000 used
fval                 : 0.0025007739338346224
var from template [%]: [5.50912241 3.87927932]%


INFO: Calculated optimized muscle parameters for sart_r in 4391.924410104752 seconds.
                         Lm Opt        Lts
Template model       : [0.4030005606751179, 0.12400000270958665]
Optimized param      : [0.43307436 0.08527594]
Nr of eval points    : 10000/10000 used
fval                 : 0.0020183286420341314
var from template [%]: [ 7.46247072 31.22907893]%


INFO: Calculated optimized muscle parameters for semimem_r in 60059.5867524147 seconds.
                         Lm Opt        Lts
Template model       : [0.06900039097580782, 0.34758794906523044]
Optimized param      : [0.07393967 0.33252564]
Nr of eval points    : 7245/10000 used
fval                 : 0.0022420404080137476
var from template [%]: [7.15832874 4.3333806 ]%


INFO: Calculated optimized muscle parameters for semiten_r in 3187.617514848709 seconds.
                         Lm Opt        Lts
Template model       : [0.19300118447397843, 0.24720046213967523]
Optimized param      : [0.20586443 0.22248952]
Nr of eval points    : 10000/10000 used
fval                 : 0.002695486972198377
var from template [%]: [6.66485357 9.99631799]%


INFO: Calculated optimized muscle parameters for soleus_r in 12.53292727470398 seconds.
                         Lm Opt        Lts
Template model       : [0.0440000000064923, 0.27675587241681193]
Optimized param      : [0.04474487 0.27519444]
Nr of eval points    : 90/100 used
fval                 : 3.063816403764347e-05
var from template [%]: [1.69288876 0.56419262]%


INFO: Calculated optimized muscle parameters for tfl_r in 4196.6864767074585 seconds.
                         Lm Opt        Lts
Template model       : [0.0931366167271434, 0.4406803665290137]
Optimized param      : [0.09350427 0.43337635]
Nr of eval points    : 4299/10000 used
fval                 : 0.0013978668172901908
var from template [%]: [0.39474162 1.65743994]%


INFO: Calculated optimized muscle parameters for tibant_r in 19.8469021320343 seconds.
                         Lm Opt        Lts
Template model       : [0.06829999998904245, 0.2404610263707892]
Optimized param      : [0.06778647 0.23967113]
Nr of eval points    : 100/100 used
fval                 : 6.393023428830618e-05
var from template [%]: [0.75186927 0.32849077]%


INFO: Calculated optimized muscle parameters for tibpost_r in 20.87082576751709 seconds.
                         Lm Opt        Lts
Template model       : [0.03780000000121245, 0.2807796138929601]
Optimized param      : [0.03950342 0.27868982]
Nr of eval points    : 99/100 used
fval                 : 0.00014108655195749055
var from template [%]: [4.50639835 0.74428389]%


INFO: Calculated optimized muscle parameters for vasint_r in 1.2413923740386963 seconds.
                         Lm Opt        Lts
Template model       : [0.09929881552799173, 0.2022082583328849]
Optimized param      : [0.09708185 0.19592527]
Nr of eval points    : 10/10 used
fval                 : 4.313916259153117e-05
var from template [%]: [2.23262434 3.10718917]%


INFO: Calculated optimized muscle parameters for vaslat_r in 1.2463669776916504 seconds.
                         Lm Opt        Lts
Template model       : [0.09939900675756376, 0.22059908050303775]
Optimized param      : [0.09722556 0.21371277]
Nr of eval points    : 10/10 used
fval                 : 4.2910926179542396e-05
var from template [%]: [2.18658518 3.1216384 ]%


INFO: Calculated optimized muscle parameters for vasmed_r in 1.233109474182129 seconds.
                         Lm Opt        Lts
Template model       : [0.09679884095994074, 0.199901877277669]
Optimized param      : [0.09467496 0.19377418]
Nr of eval points    : 10/10 used
fval                 : 4.75796336786197e-05
var from template [%]: [2.19411984 3.06535292]%


INFO: Calculated optimized muscle parameters for addbrev_l in 243.24339270591736 seconds.
                         Lm Opt        Lts
Template model       : [0.10310000000580612, 0.0354502913266724]
Optimized param      : [0.10635575 0.0289622 ]
Nr of eval points    : 959/1000 used
fval                 : 0.0017831171605351226
var from template [%]: [ 3.15785463 18.30192927]%


INFO: Calculated optimized muscle parameters for addlong_l in 244.69022870063782 seconds.
                         Lm Opt        Lts
Template model       : [0.10820000002074838, 0.13179936336729978]
Optimized param      : [0.11395557 0.12097795]
Nr of eval points    : 914/1000 used
fval                 : 0.002538418571458828
var from template [%]: [5.31938068 8.21052178]%


INFO: Calculated optimized muscle parameters for addmagDist_l in 241.40386843681335 seconds.
                         Lm Opt        Lts
Template model       : [0.1771999998927837, 0.0873806954089023]
Optimized param      : [0.18818077 0.07332933]
Nr of eval points    : 1000/1000 used
fval                 : 0.0016691756979428645
var from template [%]: [ 6.19682306 16.0806345 ]%


INFO: Calculated optimized muscle parameters for addmagIsch_l in 249.1050956249237 seconds.
                         Lm Opt        Lts
Template model       : [0.1561999999260451, 0.2163430233519126]
Optimized param      : [0.16822427 0.19982344]
Nr of eval points    : 1000/1000 used
fval                 : 0.001879567516886113
var from template [%]: [7.69799761 7.63582739]%


INFO: Calculated optimized muscle parameters for addmagMid_l in 212.5214524269104 seconds.
                         Lm Opt        Lts
Template model       : [0.13769999992148274, 0.04662769988045905]
Optimized param      : [0.14142802 0.0398011 ]
Nr of eval points    : 1000/1000 used
fval                 : 0.001186194571492975
var from template [%]: [ 2.70734706 14.64064453]%


INFO: Calculated optimized muscle parameters for addmagProx_l in 183.8443500995636 seconds.
                         Lm Opt        Lts
Template model       : [0.105599999988651, 0.0403240979189338]
Optimized param      : [0.10734012 0.03639108]
Nr of eval points    : 916/1000 used
fval                 : 0.0011146888683399969
var from template [%]: [1.64784109 9.7535153 ]%


INFO: Calculated optimized muscle parameters for bflh_l in 2870.180188894272 seconds.
                         Lm Opt        Lts
Template model       : [0.09760034124082517, 0.3252277846128665]
Optimized param      : [0.10544711 0.31501496]
Nr of eval points    : 8148/10000 used
fval                 : 0.0021413694567551903
var from template [%]: [8.03969663 3.14020719]%


INFO: Calculated optimized muscle parameters for bfsh_l in 0.7187583446502686 seconds.
                         Lm Opt        Lts
Template model       : [0.11030049458536244, 0.105817693073679]
Optimized param      : [0.11213215 0.10190747]
Nr of eval points    : 10/10 used
fval                 : 0.000116772930323172
var from template [%]: [1.66060403 3.69524277]%


INFO: Calculated optimized muscle parameters for edl_l in 12.250641584396362 seconds.
                         Lm Opt        Lts
Template model       : [0.06929999999821501, 0.3688752454557237]
Optimized param      : [0.07136337 0.36691817]
Nr of eval points    : 100/100 used
fval                 : 0.00039167744596851564
var from template [%]: [2.97743909 0.530553  ]%


INFO: Calculated optimized muscle parameters for ehl_l in 11.95342230796814 seconds.
                         Lm Opt        Lts
Template model       : [0.07479999999775969, 0.32679527952739923]
Optimized param      : [0.07779594 0.32334012]
Nr of eval points    : 100/100 used
fval                 : 0.0002777561758773029
var from template [%]: [4.00526881 1.05728463]%


INFO: Calculated optimized muscle parameters for fdl_l in 12.029771566390991 seconds.
                         Lm Opt        Lts
Template model       : [0.04460000000025452, 0.37877285679600353]
Optimized param      : [0.0353655  0.38150723]
Nr of eval points    : 100/100 used
fval                 : 0.001178190082545863
var from template [%]: [20.70516282  0.72190443]%


INFO: Calculated optimized muscle parameters for fhl_l in 12.295941829681396 seconds.
                         Lm Opt        Lts
Template model       : [0.05270000000055641, 0.35433967684055917]
Optimized param      : [0.0418373  0.35773167]
Nr of eval points    : 100/100 used
fval                 : 0.0008090215248436638
var from template [%]: [20.61233723  0.95727239]%


INFO: Calculated optimized muscle parameters for gaslat_l in 213.80410957336426 seconds.
                         Lm Opt        Lts
Template model       : [0.05880007456134647, 0.3760706468096144]
Optimized param      : [0.05506571 0.37829456]
Nr of eval points    : 639/1000 used
fval                 : 0.0009503194644912591
var from template [%]: [6.35094387 0.59135547]%


INFO: Calculated optimized muscle parameters for gasmed_l in 218.02000451087952 seconds.
                         Lm Opt        Lts
Template model       : [0.05099999832028134, 0.3987163194944435]
Optimized param      : [0.04750694 0.40038393]
Nr of eval points    : 482/1000 used
fval                 : 0.0006902057066042452
var from template [%]: [6.84913665 0.41824435]%


INFO: Calculated optimized muscle parameters for glmax1_l in 174.07019305229187 seconds.
                         Lm Opt        Lts
Template model       : [0.1469999999146854, 0.048840888917939446]
Optimized param      : [0.14496981 0.06334646]
Nr of eval points    : 1000/1000 used
fval                 : 0.01613352045221504
var from template [%]: [ 1.38108335 29.69964846]%


INFO: Calculated optimized muscle parameters for glmax2_l in 172.4960539340973 seconds.
                         Lm Opt        Lts
Template model       : [0.15699999988309107, 0.06788715112871241]
Optimized param      : [0.16625669 0.0682653 ]
Nr of eval points    : 1000/1000 used
fval                 : 0.0005348354508376725
var from template [%]: [5.8959837  0.55703103]%


INFO: Calculated optimized muscle parameters for glmax3_l in 171.91980719566345 seconds.
                         Lm Opt        Lts
Template model       : [0.1669999997870926, 0.06971660579548937]
Optimized param      : [0.17892988 0.06386111]
Nr of eval points    : 1000/1000 used
fval                 : 0.0019304752149032663
var from template [%]: [7.14363809 8.39899965]%


INFO: Calculated optimized muscle parameters for glmed1_l in 203.48055839538574 seconds.
                         Lm Opt        Lts
Template model       : [0.07640202256590162, 0.05841806648926436]
Optimized param      : [0.07555442 0.06621635]
Nr of eval points    : 860/1000 used
fval                 : 0.00022824415765835567
var from template [%]: [ 1.1093951  13.34909675]%


INFO: Calculated optimized muscle parameters for glmed2_l in 215.17392301559448 seconds.
                         Lm Opt        Lts
Template model       : [0.08455121313676288, 0.07557350880310826]
Optimized param      : [0.08450065 0.08481368]
Nr of eval points    : 958/1000 used
fval                 : 0.00029435275478688735
var from template [%]: [ 0.05980027 12.22672804]%


INFO: Calculated optimized muscle parameters for glmed3_l in 1439.5602400302887 seconds.
                         Lm Opt        Lts
Template model       : [0.07824677209050236, 0.048483890469600284]
Optimized param      : [0.07970616 0.05346851]
Nr of eval points    : 966/1000 used
fval                 : 0.00037277382941422514
var from template [%]: [ 1.8651073  10.28097577]%


INFO: Calculated optimized muscle parameters for glmin1_l in 164.182119846344 seconds.
                         Lm Opt        Lts
Template model       : [0.0811989601114009, 0.01927016393164238]
Optimized param      : [0.08041568 0.02591366]
Nr of eval points    : 858/1000 used
fval                 : 0.0005522446947649776
var from template [%]: [ 0.9646447  34.47555541]%


INFO: Calculated optimized muscle parameters for glmin2_l in 176.9103705883026 seconds.
                         Lm Opt        Lts
Template model       : [0.0686956420644123, 0.03201591361731032]
Optimized param      : [0.06821915 0.0384411 ]
Nr of eval points    : 854/1000 used
fval                 : 0.0001505271196741394
var from template [%]: [ 0.69362665 20.06872515]%


INFO: Calculated optimized muscle parameters for glmin3_l in 174.95224380493164 seconds.
                         Lm Opt        Lts
Template model       : [0.03519013730959461, 0.04711079632321978]
Optimized param      : [0.03577016 0.05050287]
Nr of eval points    : 739/1000 used
fval                 : 0.0003082812505812417
var from template [%]: [1.64825266 7.20020179]%


INFO: Calculated optimized muscle parameters for glmin1_r in 207.79271984100342 seconds.
                         Lm Opt        Lts
Template model       : [0.08143894684253156, 0.019327117661640428]
Optimized param      : [0.0792682  0.02685064]
Nr of eval points    : 851/1000 used
fval                 : 0.0005627506154785549
var from template [%]: [ 2.66549432 38.92730839]%


INFO: Calculated optimized muscle parameters for glmin2_r in 195.47208213806152 seconds.
                         Lm Opt        Lts
Template model       : [0.06873620023869667, 0.0320348159372442]
Optimized param      : [0.06711401 0.03914149]
Nr of eval points    : 858/1000 used
fval                 : 0.0001616829921023596
var from template [%]: [ 2.3600195  22.18423508]%


INFO: Calculated optimized muscle parameters for glmin3_r in 173.34262990951538 seconds.
                         Lm Opt        Lts
Template model       : [0.035385497174108764, 0.047372334341838115]
Optimized param      : [0.03550171 0.05065798]
Nr of eval points    : 733/1000 used
fval                 : 0.00030357753903594194
var from template [%]: [0.32841389 6.93580002]%


INFO: Calculated optimized muscle parameters for vasint_r in 0.699519157409668 seconds.
                         Lm Opt        Lts
Template model       : [0.09929881552799173, 0.2022082583328849]
Optimized param      : [0.09708185 0.19592527]
Nr of eval points    : 10/10 used
fval                 : 4.313916259153117e-05
var from template [%]: [2.23262434 3.10718917]%


INFO: Calculated optimized muscle parameters for glmin1_l in 168.2712743282318 seconds.
                         Lm Opt        Lts
Template model       : [0.0811989601114009, 0.01927016393164238]
Optimized param      : [0.08041568 0.02591366]
Nr of eval points    : 858/1000 used
fval                 : 0.0005522446947649776
var from template [%]: [ 0.9646447  34.47555541]%


INFO: Calculated optimized muscle parameters for glmin2_l in 156.06764030456543 seconds.
                         Lm Opt        Lts
Template model       : [0.0686956420644123, 0.03201591361731032]
Optimized param      : [0.06821915 0.0384411 ]
Nr of eval points    : 854/1000 used
fval                 : 0.0001505271196741394
var from template [%]: [ 0.69362665 20.06872515]%


INFO: Calculated optimized muscle parameters for glmin3_l in 178.41120743751526 seconds.
                         Lm Opt        Lts
Template model       : [0.03519013730959461, 0.04711079632321978]
Optimized param      : [0.03577016 0.05050287]
Nr of eval points    : 739/1000 used
fval                 : 0.0003082812505812417
var from template [%]: [1.64825266 7.20020179]%


INFO: Calculated optimized muscle parameters for grac_l in 3411.9024579524994 seconds.
                         Lm Opt        Lts
Template model       : [0.22780057054057287, 0.17201424138464527]
Optimized param      : [0.23125787 0.16109905]
Nr of eval points    : 10000/10000 used
fval                 : 0.0014424829810775757
var from template [%]: [1.51768489 6.34551805]%


INFO: Calculated optimized muscle parameters for iliacus_l in 251.43888187408447 seconds.
                         Lm Opt        Lts
Template model       : [0.10660000005344888, 0.0961207084465204]
Optimized param      : [0.10993581 0.10360067]
Nr of eval points    : 873/1000 used
fval                 : 0.002788840741790295
var from template [%]: [3.12927622 7.78183895]%


INFO: Calculated optimized muscle parameters for perbrev_l in 16.996726274490356 seconds.
                         Lm Opt        Lts
Template model       : [0.04540000000043645, 0.14752753395795626]
Optimized param      : [0.0382665  0.15682201]
Nr of eval points    : 100/100 used
fval                 : 0.0010771651614996137
var from template [%]: [15.7125511   6.30016496]%


INFO: Calculated optimized muscle parameters for perlong_l in 16.883255004882812 seconds.
                         Lm Opt        Lts
Template model       : [0.05080000000036982, 0.33222076264039657]
Optimized param      : [0.04274301 0.34166698]
Nr of eval points    : 100/100 used
fval                 : 0.0009209086111516883
var from template [%]: [15.8602089   2.84335701]%


INFO: Calculated optimized muscle parameters for piri_l in 241.90670204162598 seconds.
                         Lm Opt        Lts
Template model       : [0.026000000001258513, 0.11490623834834697]
Optimized param      : [0.02714399 0.11750426]
Nr of eval points    : 717/1000 used
fval                 : 0.00030524437674129146
var from template [%]: [4.39994995 2.26099023]%


INFO: Calculated optimized muscle parameters for psoas_l in 246.33614563941956 seconds.
                         Lm Opt        Lts
Template model       : [0.11690000003104992, 0.09954316588194806]
Optimized param      : [0.12511322 0.10335938]
Nr of eval points    : 1000/1000 used
fval                 : 0.0015444071357686696
var from template [%]: [7.02584892 3.83373117]%


INFO: Calculated optimized muscle parameters for recfem_l in 5241.1565589904785 seconds.
                         Lm Opt        Lts
Template model       : [0.07589964921444395, 0.44849146460553985]
Optimized param      : [0.08053664 0.43990266]
Nr of eval points    : 6142/10000 used
fval                 : 0.0022124591606303306
var from template [%]: [6.109365   1.91504352]%


INFO: Calculated optimized muscle parameters for sart_l in 7518.26589512825 seconds.
                         Lm Opt        Lts
Template model       : [0.4030003823883879, 0.12399994785220637]
Optimized param      : [0.43377576 0.09293076]
Nr of eval points    : 10000/10000 used
fval                 : 0.001918200565648439
var from template [%]: [ 7.63656397 25.05580923]%


INFO: Calculated optimized muscle parameters for semimem_l in 48591.72946643829 seconds.
                         Lm Opt        Lts
Template model       : [0.06900026667461576, 0.3475873229007145]
Optimized param      : [0.07408475 0.34001566]
Nr of eval points    : 7245/10000 used
fval                 : 0.0020866199915242556
var from template [%]: [7.36879499 2.17834747]%


INFO: Calculated optimized muscle parameters for semiten_l in 2792.032117128372 seconds.
                         Lm Opt        Lts
Template model       : [0.19300080789977597, 0.24719997981456862]
Optimized param      : [0.20642871 0.22999739]
Nr of eval points    : 10000/10000 used
fval                 : 0.0025285082813312695
var from template [%]: [6.95743266 6.95897698]%


INFO: Calculated optimized muscle parameters for soleus_l in 11.430021047592163 seconds.
                         Lm Opt        Lts
Template model       : [0.04400000000176091, 0.27675587238705196]
Optimized param      : [0.04023967 0.27807243]
Nr of eval points    : 90/100 used
fval                 : 0.00027441004342781413
var from template [%]: [8.54621164 0.47571007]%


INFO: Calculated optimized muscle parameters for tfl_l in 2856.9850792884827 seconds.
                         Lm Opt        Lts
Template model       : [0.09316665495593268, 0.44082249384840644]
Optimized param      : [0.09450057 0.44085877]
Nr of eval points    : 4294/10000 used
fval                 : 0.0013957680951893277
var from template [%]: [1.43175109 0.00822925]%


INFO: Calculated optimized muscle parameters for tibant_l in 16.44548797607422 seconds.
                         Lm Opt        Lts
Template model       : [0.06829999999702802, 0.24046102639890365]
Optimized param      : [0.07026184 0.24083291]
Nr of eval points    : 100/100 used
fval                 : 0.00020004255854060083
var from template [%]: [2.87239111 0.15465598]%


INFO: Calculated optimized muscle parameters for tibpost_l in 19.776349544525146 seconds.
                         Lm Opt        Lts
Template model       : [0.037800000000328855, 0.2807796138863968]
Optimized param      : [0.03098993 0.2848021 ]
Nr of eval points    : 99/100 used
fval                 : 0.0011527462039043102
var from template [%]: [18.01604955  1.43261186]%


INFO: Calculated optimized muscle parameters for vasint_l in 1.177189826965332 seconds.
                         Lm Opt        Lts
Template model       : [0.09929919210764451, 0.2022090251850906]
Optimized param      : [0.09872189 0.19972839]
Nr of eval points    : 10/10 used
fval                 : 3.152520675753906e-05
var from template [%]: [0.58137252 1.22676738]%


INFO: Calculated optimized muscle parameters for vaslat_l in 1.2933685779571533 seconds.
                         Lm Opt        Lts
Template model       : [0.09939932254766211, 0.22059978134510447]
Optimized param      : [0.09885478 0.21787158]
Nr of eval points    : 10/10 used
fval                 : 3.1361273904050225e-05
var from template [%]: [0.54783263 1.23672089]%


INFO: Calculated optimized muscle parameters for vasmed_l in 1.1853599548339844 seconds.
                         Lm Opt        Lts
Template model       : [0.09679920945649446, 0.1999026382697649]
Optimized param      : [0.09626359 0.19751114]
Nr of eval points    : 10/10 used
fval                 : 3.477452323207849e-05
var from template [%]: [0.55333337 1.19633248]%


