[2025-11-10 14:53:40.444] [info] Updating Model file from 40000 to latest format...
[2025-11-10 14:53:40.547] [info] Loaded model 009 from file C:\Git\1_current_projects\powerlifing_model\models\Running_009\session1\model_scaled_increasedForce3.osim
[2025-11-10 14:53:40.548] [warning] Couldn't find file 'Raja\r_pelvis.vtp'.
[2025-11-10 14:53:40.548] [warning] Couldn't find file 'Raja\l_pelvis.vtp'.
[2025-11-10 14:53:40.548] [warning] Couldn't find file 'Raja\sacrum.vtp'.
[2025-11-10 14:53:40.548] [warning] Couldn't find file 'Raja\r_femur.vtp'.
[2025-11-10 14:53:40.548] [warning] Couldn't find file 'Raja\r_tibia.vtp'.
[2025-11-10 14:53:40.548] [warning] Couldn't find file 'Raja\r_fibula.vtp'.
[2025-11-10 14:53:40.548] [warning] Couldn't find file 'Raja\r_patella.vtp'.
[2025-11-10 14:53:40.549] [warning] Couldn't find file 'Raja\r_talus.vtp'.
[2025-11-10 14:53:40.549] [warning] Couldn't find file 'Raja\r_foot.vtp'.
[2025-11-10 14:53:40.549] [warning] Couldn't find file 'Raja\r_bofoot.vtp'.
[2025-11-10 14:53:40.549] [warning] Couldn't find file 'Raja\l_femur.vtp'.
[2025-11-10 14:53:40.549] [warning] Couldn't find file 'Raja\l_tibia.vtp'.
[2025-11-10 14:53:40.549] [warning] Couldn't find file 'Raja\l_fibula.vtp'.
[2025-11-10 14:53:40.550] [warning] Couldn't find file 'Raja\l_patella.vtp'.
[2025-11-10 14:53:40.550] [warning] Couldn't find file 'Raja\l_talus.vtp'.
[2025-11-10 14:53:40.550] [warning] Couldn't find file 'Raja\l_foot.vtp'.
[2025-11-10 14:53:40.550] [warning] Couldn't find file 'Raja\l_bofoot.vtp'.
[2025-11-10 14:53:40.550] [warning] Couldn't find file 'Raja\hat_spine.vtp'.
[2025-11-10 14:53:40.550] [warning] Couldn't find file 'Raja\hat_jaw.vtp'.
[2025-11-10 14:53:40.551] [warning] Couldn't find file 'Raja\hat_skull.vtp'.
[2025-11-10 14:53:40.551] [warning] Couldn't find file 'Raja\hat_ribs_scap.vtp'.
[2025-11-10 14:53:40.551] [warning] Couldn't find file 'Raja\humerus_rv.vtp'.
[2025-11-10 14:53:40.551] [warning] Couldn't find file 'Raja\ulna_rv.vtp'.
[2025-11-10 14:53:40.551] [warning] Couldn't find file 'Raja\radius_rv.vtp'.
[2025-11-10 14:53:40.551] [warning] Couldn't find file 'Raja\pisiform_rvs.vtp'.
[2025-11-10 14:53:40.551] [warning] Couldn't find file 'Raja\lunate_rvs.vtp'.
[2025-11-10 14:53:40.551] [warning] Couldn't find file 'Raja\scaphoid_rvs.vtp'.
[2025-11-10 14:53:40.551] [warning] Couldn't find file 'Raja\triquetrum_rvs.vtp'.
[2025-11-10 14:53:40.552] [warning] Couldn't find file 'Raja\hamate_rvs.vtp'.
[2025-11-10 14:53:40.552] [warning] Couldn't find file 'Raja\capitate_rvs.vtp'.
[2025-11-10 14:53:40.552] [warning] Couldn't find file 'Raja\trapezoid_rvs.vtp'.
[2025-11-10 14:53:40.552] [warning] Couldn't find file 'Raja\trapezium_rvs.vtp'.
[2025-11-10 14:53:40.552] [warning] Couldn't find file 'Raja\metacarpal2_rvs.vtp'.
[2025-11-10 14:53:40.552] [warning] Couldn't find file 'Raja\index_proximal_rvs.vtp'.
[2025-11-10 14:53:40.552] [warning] Couldn't find file 'Raja\index_medial_rvs.vtp'.
[2025-11-10 14:53:40.553] [warning] Couldn't find file 'Raja\index_distal_rvs.vtp'.
[2025-11-10 14:53:40.553] [warning] Couldn't find file 'metacarpal3_rvs.vtp'.
[2025-11-10 14:53:40.553] [warning] Couldn't find file 'Raja\middle_proximal_rvs.vtp'.
[2025-11-10 14:53:40.553] [warning] Couldn't find file 'middle_medial_rvs.vtp'.
[2025-11-10 14:53:40.553] [warning] Couldn't find file 'Raja\middle_distal_rvs.vtp'.
[2025-11-10 14:53:40.553] [warning] Couldn't find file 'Raja\metacarpal4_rvs.vtp'.
[2025-11-10 14:53:40.553] [warning] Couldn't find file 'Raja\ring_proximal_rvs.vtp'.
[2025-11-10 14:53:40.553] [warning] Couldn't find file 'Raja\ring_medial_rvs.vtp'.
[2025-11-10 14:53:40.554] [warning] Couldn't find file 'Raja\ring_distal_rvs.vtp'.
[2025-11-10 14:53:40.554] [warning] Couldn't find file 'Raja\metacarpal5_rvs.vtp'.
[2025-11-10 14:53:40.554] [warning] Couldn't find file 'Raja\little_proximal_rvs.vtp'.
[2025-11-10 14:53:40.554] [warning] Couldn't find file 'Raja\little_medial_rvs.vtp'.
[2025-11-10 14:53:40.554] [warning] Couldn't find file 'Raja\little_distal_rvs.vtp'.
[2025-11-10 14:53:40.554] [warning] Couldn't find file 'Raja\metacarpal1_rvs.vtp'.
[2025-11-10 14:53:40.554] [warning] Couldn't find file 'Raja\thumb_proximal_rvs.vtp'.
[2025-11-10 14:53:40.554] [warning] Couldn't find file 'Raja\thumb_distal_rvs.vtp'.
[2025-11-10 14:53:40.555] [warning] Couldn't find file 'Raja\humerus_lv.vtp'.
[2025-11-10 14:53:40.555] [warning] Couldn't find file 'Raja\ulna_lv.vtp'.
[2025-11-10 14:53:40.555] [warning] Couldn't find file 'Raja\radius_lv.vtp'.
[2025-11-10 14:53:40.555] [warning] Couldn't find file 'Raja\pisiform_lvs.vtp'.
[2025-11-10 14:53:40.555] [warning] Couldn't find file 'Raja\lunate_lvs.vtp'.
[2025-11-10 14:53:40.555] [warning] Couldn't find file 'Raja\scaphoid_lvs.vtp'.
[2025-11-10 14:53:40.555] [warning] Couldn't find file 'Raja\triquetrum_lvs.vtp'.
[2025-11-10 14:53:40.555] [warning] Couldn't find file 'Raja\hamate_lvs.vtp'.
[2025-11-10 14:53:40.555] [warning] Couldn't find file 'Raja\capitate_lvs.vtp'.
[2025-11-10 14:53:40.556] [warning] Couldn't find file 'Raja\trapezoid_lvs.vtp'.
[2025-11-10 14:53:40.556] [warning] Couldn't find file 'Raja\trapezium_lvs.vtp'.
[2025-11-10 14:53:40.556] [warning] Couldn't find file 'Raja\metacarpal2_lvs.vtp'.
[2025-11-10 14:53:40.556] [warning] Couldn't find file 'Raja\index_proximal_lvs.vtp'.
[2025-11-10 14:53:40.556] [warning] Couldn't find file 'Raja\index_medial_lvs.vtp'.
[2025-11-10 14:53:40.556] [warning] Couldn't find file 'Raja\index_distal_lvs.vtp'.
[2025-11-10 14:53:40.556] [warning] Couldn't find file 'Raja\metacarpal3_lvs.vtp'.
[2025-11-10 14:53:40.556] [warning] Couldn't find file 'Raja\middle_proximal_lvs.vtp'.
[2025-11-10 14:53:40.556] [warning] Couldn't find file 'Raja\middle_medial_lvs.vtp'.
[2025-11-10 14:53:40.557] [warning] Couldn't find file 'Raja\middle_distal_lvs.vtp'.
[2025-11-10 14:53:40.557] [warning] Couldn't find file 'Raja\metacarpal4_lvs.vtp'.
[2025-11-10 14:53:40.557] [warning] Couldn't find file 'Raja\ring_proximal_lvs.vtp'.
[2025-11-10 14:53:40.557] [warning] Couldn't find file 'Raja\ring_medial_lvs.vtp'.
[2025-11-10 14:53:40.557] [warning] Couldn't find file 'Raja\ring_distal_lvs.vtp'.
[2025-11-10 14:53:40.557] [warning] Couldn't find file 'Raja\metacarpal5_lvs.vtp'.
[2025-11-10 14:53:40.557] [warning] Couldn't find file 'Raja\little_proximal_lvs.vtp'.
[2025-11-10 14:53:40.557] [warning] Couldn't find file 'Raja\little_medial_lvs.vtp'.
[2025-11-10 14:53:40.558] [warning] Couldn't find file 'Raja\little_distal_lvs.vtp'.
[2025-11-10 14:53:40.558] [warning] Couldn't find file 'Raja\metacarpal1_lvs.vtp'.
[2025-11-10 14:53:40.558] [warning] Couldn't find file 'Raja\thumb_proximal_lvs.vtp'.
[2025-11-10 14:53:40.558] [warning] Couldn't find file 'Raja\thumb_distal_lvs.vtp'.
[2025-11-10 14:53:40.764] [warning] Visualizer couldn't open Raja\r_pelvis.vtp because: SimTK Exception thrown at PolygonalMesh.cpp:411:
  Error detected by Simbody method PolygonalMesh::loadVtpFile(): Attempt to load a VTK PolyData (.vtp) file from file name 'C:\Users\Bas\Documents\OpenSim\4.5\Models\Raja\r_pelvis.vtp' failed with message:
  SimTK Exception thrown at Xml.cpp:108:
  Error detected by Simbody method Xml::readFromFile(): Failed to load the Xml file 'C:\Users\Bas\Documents\OpenSim\4.5\Models\Raja\r_pelvis.vtp' with error 'Failed to open file (line=0, col=0)'.
  (Required condition 'loadOK' was not met.)

  (Required condition '!"failed"' was not met.)

[2025-11-10 14:53:40.764] [warning] Visualizer couldn't open Raja\l_pelvis.vtp because: SimTK Exception thrown at PolygonalMesh.cpp:411:
  Error detected by Simbody method PolygonalMesh::loadVtpFile(): Attempt to load a VTK PolyData (.vtp) file from file name 'C:\Users\Bas\Documents\OpenSim\4.5\Models\Raja\l_pelvis.vtp' failed with message:
  SimTK Exception thrown at Xml.cpp:108:
  Error detected by Simbody method Xml::readFromFile(): Failed to load the Xml file 'C:\Users\Bas\Documents\OpenSim\4.5\Models\Raja\l_pelvis.vtp' with error 'Failed to open file (line=0, col=0)'.
  (Required condition 'loadOK' was not met.)

  (Required condition '!"failed"' was not met.)

[2025-11-10 14:53:40.764] [warning] Visualizer couldn't open Raja\sacrum.vtp because: SimTK Exception thrown at PolygonalMesh.cpp:411:
  Error detected by Simbody method PolygonalMesh::loadVtpFile(): Attempt to load a VTK PolyData (.vtp) file from file name 'C:\Users\Bas\Documents\OpenSim\4.5\Models\Raja\sacrum.vtp' failed with message:
  SimTK Exception thrown at Xml.cpp:108:
  Error detected by Simbody method Xml::readFromFile(): Failed to load the Xml file 'C:\Users\Bas\Documents\OpenSim\4.5\Models\Raja\sacrum.vtp' with error 'Failed to open file (line=0, col=0)'.
  (Required condition 'loadOK' was not met.)

  (Required condition '!"failed"' was not met.)

[2025-11-10 14:53:40.767] [warning] Visualizer couldn't open Raja\r_femur.vtp because: SimTK Exception thrown at PolygonalMesh.cpp:411:
  Error detected by Simbody method PolygonalMesh::loadVtpFile(): Attempt to load a VTK PolyData (.vtp) file from file name 'C:\Users\Bas\Documents\OpenSim\4.5\Models\Raja\r_femur.vtp' failed with message:
  SimTK Exception thrown at Xml.cpp:108:
  Error detected by Simbody method Xml::readFromFile(): Failed to load the Xml file 'C:\Users\Bas\Documents\OpenSim\4.5\Models\Raja\r_femur.vtp' with error 'Failed to open file (line=0, col=0)'.
  (Required condition 'loadOK' was not met.)

  (Required condition '!"failed"' was not met.)

[2025-11-10 14:53:40.768] [warning] Visualizer couldn't open Raja\r_tibia.vtp because: SimTK Exception thrown at PolygonalMesh.cpp:411:
  Error detected by Simbody method PolygonalMesh::loadVtpFile(): Attempt to load a VTK PolyData (.vtp) file from file name 'C:\Users\Bas\Documents\OpenSim\4.5\Models\Raja\r_tibia.vtp' failed with message:
  SimTK Exception thrown at Xml.cpp:108:
  Error detected by Simbody method Xml::readFromFile(): Failed to load the Xml file 'C:\Users\Bas\Documents\OpenSim\4.5\Models\Raja\r_tibia.vtp' with error 'Failed to open file (line=0, col=0)'.
  (Required condition 'loadOK' was not met.)

  (Required condition '!"failed"' was not met.)

[2025-11-10 14:53:40.769] [warning] Visualizer couldn't open Raja\r_fibula.vtp because: SimTK Exception thrown at PolygonalMesh.cpp:411:
  Error detected by Simbody method PolygonalMesh::loadVtpFile(): Attempt to load a VTK PolyData (.vtp) file from file name 'C:\Users\Bas\Documents\OpenSim\4.5\Models\Raja\r_fibula.vtp' failed with message:
  SimTK Exception thrown at Xml.cpp:108:
  Error detected by Simbody method Xml::readFromFile(): Failed to load the Xml file 'C:\Users\Bas\Documents\OpenSim\4.5\Models\Raja\r_fibula.vtp' with error 'Failed to open file (line=0, col=0)'.
  (Required condition 'loadOK' was not met.)

  (Required condition '!"failed"' was not met.)

[2025-11-10 14:53:40.769] [warning] Visualizer couldn't open Raja\r_patella.vtp because: SimTK Exception thrown at PolygonalMesh.cpp:411:
  Error detected by Simbody method PolygonalMesh::loadVtpFile(): Attempt to load a VTK PolyData (.vtp) file from file name 'C:\Users\Bas\Documents\OpenSim\4.5\Models\Raja\r_patella.vtp' failed with message:
  SimTK Exception thrown at Xml.cpp:108:
  Error detected by Simbody method Xml::readFromFile(): Failed to load the Xml file 'C:\Users\Bas\Documents\OpenSim\4.5\Models\Raja\r_patella.vtp' with error 'Failed to open file (line=0, col=0)'.
  (Required condition 'loadOK' was not met.)

  (Required condition '!"failed"' was not met.)

[2025-11-10 14:53:40.770] [warning] Visualizer couldn't open Raja\r_talus.vtp because: SimTK Exception thrown at PolygonalMesh.cpp:411:
  Error detected by Simbody method PolygonalMesh::loadVtpFile(): Attempt to load a VTK PolyData (.vtp) file from file name 'C:\Users\Bas\Documents\OpenSim\4.5\Models\Raja\r_talus.vtp' failed with message:
  SimTK Exception thrown at Xml.cpp:108:
  Error detected by Simbody method Xml::readFromFile(): Failed to load the Xml file 'C:\Users\Bas\Documents\OpenSim\4.5\Models\Raja\r_talus.vtp' with error 'Failed to open file (line=0, col=0)'.
  (Required condition 'loadOK' was not met.)

  (Required condition '!"failed"' was not met.)

[2025-11-10 14:53:40.770] [warning] Visualizer couldn't open Raja\r_foot.vtp because: SimTK Exception thrown at PolygonalMesh.cpp:411:
  Error detected by Simbody method PolygonalMesh::loadVtpFile(): Attempt to load a VTK PolyData (.vtp) file from file name 'C:\Users\Bas\Documents\OpenSim\4.5\Models\Raja\r_foot.vtp' failed with message:
  SimTK Exception thrown at Xml.cpp:108:
  Error detected by Simbody method Xml::readFromFile(): Failed to load the Xml file 'C:\Users\Bas\Documents\OpenSim\4.5\Models\Raja\r_foot.vtp' with error 'Failed to open file (line=0, col=0)'.
  (Required condition 'loadOK' was not met.)

  (Required condition '!"failed"' was not met.)

[2025-11-10 14:53:40.770] [warning] Visualizer couldn't open Raja\r_bofoot.vtp because: SimTK Exception thrown at PolygonalMesh.cpp:411:
  Error detected by Simbody method PolygonalMesh::loadVtpFile(): Attempt to load a VTK PolyData (.vtp) file from file name 'C:\Users\Bas\Documents\OpenSim\4.5\Models\Raja\r_bofoot.vtp' failed with message:
  SimTK Exception thrown at Xml.cpp:108:
  Error detected by Simbody method Xml::readFromFile(): Failed to load the Xml file 'C:\Users\Bas\Documents\OpenSim\4.5\Models\Raja\r_bofoot.vtp' with error 'Failed to open file (line=0, col=0)'.
  (Required condition 'loadOK' was not met.)

  (Required condition '!"failed"' was not met.)

[2025-11-10 14:53:40.771] [warning] Visualizer couldn't open Raja\l_femur.vtp because: SimTK Exception thrown at PolygonalMesh.cpp:411:
  Error detected by Simbody method PolygonalMesh::loadVtpFile(): Attempt to load a VTK PolyData (.vtp) file from file name 'C:\Users\Bas\Documents\OpenSim\4.5\Models\Raja\l_femur.vtp' failed with message:
  SimTK Exception thrown at Xml.cpp:108:
  Error detected by Simbody method Xml::readFromFile(): Failed to load the Xml file 'C:\Users\Bas\Documents\OpenSim\4.5\Models\Raja\l_femur.vtp' with error 'Failed to open file (line=0, col=0)'.
  (Required condition 'loadOK' was not met.)

  (Required condition '!"failed"' was not met.)

[2025-11-10 14:53:40.772] [warning] Visualizer couldn't open Raja\l_tibia.vtp because: SimTK Exception thrown at PolygonalMesh.cpp:411:
  Error detected by Simbody method PolygonalMesh::loadVtpFile(): Attempt to load a VTK PolyData (.vtp) file from file name 'C:\Users\Bas\Documents\OpenSim\4.5\Models\Raja\l_tibia.vtp' failed with message:
  SimTK Exception thrown at Xml.cpp:108:
  Error detected by Simbody method Xml::readFromFile(): Failed to load the Xml file 'C:\Users\Bas\Documents\OpenSim\4.5\Models\Raja\l_tibia.vtp' with error 'Failed to open file (line=0, col=0)'.
  (Required condition 'loadOK' was not met.)

  (Required condition '!"failed"' was not met.)

[2025-11-10 14:53:40.772] [warning] Visualizer couldn't open Raja\l_fibula.vtp because: SimTK Exception thrown at PolygonalMesh.cpp:411:
  Error detected by Simbody method PolygonalMesh::loadVtpFile(): Attempt to load a VTK PolyData (.vtp) file from file name 'C:\Users\Bas\Documents\OpenSim\4.5\Models\Raja\l_fibula.vtp' failed with message:
  SimTK Exception thrown at Xml.cpp:108:
  Error detected by Simbody method Xml::readFromFile(): Failed to load the Xml file 'C:\Users\Bas\Documents\OpenSim\4.5\Models\Raja\l_fibula.vtp' with error 'Failed to open file (line=0, col=0)'.
  (Required condition 'loadOK' was not met.)

  (Required condition '!"failed"' was not met.)

[2025-11-10 14:53:40.773] [warning] Visualizer couldn't open Raja\l_patella.vtp because: SimTK Exception thrown at PolygonalMesh.cpp:411:
  Error detected by Simbody method PolygonalMesh::loadVtpFile(): Attempt to load a VTK PolyData (.vtp) file from file name 'C:\Users\Bas\Documents\OpenSim\4.5\Models\Raja\l_patella.vtp' failed with message:
  SimTK Exception thrown at Xml.cpp:108:
  Error detected by Simbody method Xml::readFromFile(): Failed to load the Xml file 'C:\Users\Bas\Documents\OpenSim\4.5\Models\Raja\l_patella.vtp' with error 'Failed to open file (line=0, col=0)'.
  (Required condition 'loadOK' was not met.)

  (Required condition '!"failed"' was not met.)

[2025-11-10 14:53:40.773] [warning] Visualizer couldn't open Raja\l_talus.vtp because: SimTK Exception thrown at PolygonalMesh.cpp:411:
  Error detected by Simbody method PolygonalMesh::loadVtpFile(): Attempt to load a VTK PolyData (.vtp) file from file name 'C:\Users\Bas\Documents\OpenSim\4.5\Models\Raja\l_talus.vtp' failed with message:
  SimTK Exception thrown at Xml.cpp:108:
  Error detected by Simbody method Xml::readFromFile(): Failed to load the Xml file 'C:\Users\Bas\Documents\OpenSim\4.5\Models\Raja\l_talus.vtp' with error 'Failed to open file (line=0, col=0)'.
  (Required condition 'loadOK' was not met.)

  (Required condition '!"failed"' was not met.)

[2025-11-10 14:53:40.773] [warning] Visualizer couldn't open Raja\l_foot.vtp because: SimTK Exception thrown at PolygonalMesh.cpp:411:
  Error detected by Simbody method PolygonalMesh::loadVtpFile(): Attempt to load a VTK PolyData (.vtp) file from file name 'C:\Users\Bas\Documents\OpenSim\4.5\Models\Raja\l_foot.vtp' failed with message:
  SimTK Exception thrown at Xml.cpp:108:
  Error detected by Simbody method Xml::readFromFile(): Failed to load the Xml file 'C:\Users\Bas\Documents\OpenSim\4.5\Models\Raja\l_foot.vtp' with error 'Failed to open file (line=0, col=0)'.
  (Required condition 'loadOK' was not met.)

  (Required condition '!"failed"' was not met.)

[2025-11-10 14:53:40.773] [warning] Visualizer couldn't open Raja\l_bofoot.vtp because: SimTK Exception thrown at PolygonalMesh.cpp:411:
  Error detected by Simbody method PolygonalMesh::loadVtpFile(): Attempt to load a VTK PolyData (.vtp) file from file name 'C:\Users\Bas\Documents\OpenSim\4.5\Models\Raja\l_bofoot.vtp' failed with message:
  SimTK Exception thrown at Xml.cpp:108:
  Error detected by Simbody method Xml::readFromFile(): Failed to load the Xml file 'C:\Users\Bas\Documents\OpenSim\4.5\Models\Raja\l_bofoot.vtp' with error 'Failed to open file (line=0, col=0)'.
  (Required condition 'loadOK' was not met.)

  (Required condition '!"failed"' was not met.)

[2025-11-10 14:53:40.774] [warning] Visualizer couldn't open Raja\hat_spine.vtp because: SimTK Exception thrown at PolygonalMesh.cpp:411:
  Error detected by Simbody method PolygonalMesh::loadVtpFile(): Attempt to load a VTK PolyData (.vtp) file from file name 'C:\Users\Bas\Documents\OpenSim\4.5\Models\Raja\hat_spine.vtp' failed with message:
  SimTK Exception thrown at Xml.cpp:108:
  Error detected by Simbody method Xml::readFromFile(): Failed to load the Xml file 'C:\Users\Bas\Documents\OpenSim\4.5\Models\Raja\hat_spine.vtp' with error 'Failed to open file (line=0, col=0)'.
  (Required condition 'loadOK' was not met.)

  (Required condition '!"failed"' was not met.)

[2025-11-10 14:53:40.774] [warning] Visualizer couldn't open Raja\hat_jaw.vtp because: SimTK Exception thrown at PolygonalMesh.cpp:411:
  Error detected by Simbody method PolygonalMesh::loadVtpFile(): Attempt to load a VTK PolyData (.vtp) file from file name 'C:\Users\Bas\Documents\OpenSim\4.5\Models\Raja\hat_jaw.vtp' failed with message:
  SimTK Exception thrown at Xml.cpp:108:
  Error detected by Simbody method Xml::readFromFile(): Failed to load the Xml file 'C:\Users\Bas\Documents\OpenSim\4.5\Models\Raja\hat_jaw.vtp' with error 'Failed to open file (line=0, col=0)'.
  (Required condition 'loadOK' was not met.)

  (Required condition '!"failed"' was not met.)

[2025-11-10 14:53:40.774] [warning] Visualizer couldn't open Raja\hat_skull.vtp because: SimTK Exception thrown at PolygonalMesh.cpp:411:
  Error detected by Simbody method PolygonalMesh::loadVtpFile(): Attempt to load a VTK PolyData (.vtp) file from file name 'C:\Users\Bas\Documents\OpenSim\4.5\Models\Raja\hat_skull.vtp' failed with message:
  SimTK Exception thrown at Xml.cpp:108:
  Error detected by Simbody method Xml::readFromFile(): Failed to load the Xml file 'C:\Users\Bas\Documents\OpenSim\4.5\Models\Raja\hat_skull.vtp' with error 'Failed to open file (line=0, col=0)'.
  (Required condition 'loadOK' was not met.)

  (Required condition '!"failed"' was not met.)

[2025-11-10 14:53:40.774] [warning] Visualizer couldn't open Raja\hat_ribs_scap.vtp because: SimTK Exception thrown at PolygonalMesh.cpp:411:
  Error detected by Simbody method PolygonalMesh::loadVtpFile(): Attempt to load a VTK PolyData (.vtp) file from file name 'C:\Users\Bas\Documents\OpenSim\4.5\Models\Raja\hat_ribs_scap.vtp' failed with message:
  SimTK Exception thrown at Xml.cpp:108:
  Error detected by Simbody method Xml::readFromFile(): Failed to load the Xml file 'C:\Users\Bas\Documents\OpenSim\4.5\Models\Raja\hat_ribs_scap.vtp' with error 'Failed to open file (line=0, col=0)'.
  (Required condition 'loadOK' was not met.)

  (Required condition '!"failed"' was not met.)

[2025-11-10 14:53:40.774] [warning] Visualizer couldn't open Raja\humerus_rv.vtp because: SimTK Exception thrown at PolygonalMesh.cpp:411:
  Error detected by Simbody method PolygonalMesh::loadVtpFile(): Attempt to load a VTK PolyData (.vtp) file from file name 'C:\Users\Bas\Documents\OpenSim\4.5\Models\Raja\humerus_rv.vtp' failed with message:
  SimTK Exception thrown at Xml.cpp:108:
  Error detected by Simbody method Xml::readFromFile(): Failed to load the Xml file 'C:\Users\Bas\Documents\OpenSim\4.5\Models\Raja\humerus_rv.vtp' with error 'Failed to open file (line=0, col=0)'.
  (Required condition 'loadOK' was not met.)

  (Required condition '!"failed"' was not met.)

[2025-11-10 14:53:40.774] [warning] Visualizer couldn't open Raja\ulna_rv.vtp because: SimTK Exception thrown at PolygonalMesh.cpp:411:
  Error detected by Simbody method PolygonalMesh::loadVtpFile(): Attempt to load a VTK PolyData (.vtp) file from file name 'C:\Users\Bas\Documents\OpenSim\4.5\Models\Raja\ulna_rv.vtp' failed with message:
  SimTK Exception thrown at Xml.cpp:108:
  Error detected by Simbody method Xml::readFromFile(): Failed to load the Xml file 'C:\Users\Bas\Documents\OpenSim\4.5\Models\Raja\ulna_rv.vtp' with error 'Failed to open file (line=0, col=0)'.
  (Required condition 'loadOK' was not met.)

  (Required condition '!"failed"' was not met.)

[2025-11-10 14:53:40.775] [warning] Visualizer couldn't open Raja\radius_rv.vtp because: SimTK Exception thrown at PolygonalMesh.cpp:411:
  Error detected by Simbody method PolygonalMesh::loadVtpFile(): Attempt to load a VTK PolyData (.vtp) file from file name 'C:\Users\Bas\Documents\OpenSim\4.5\Models\Raja\radius_rv.vtp' failed with message:
  SimTK Exception thrown at Xml.cpp:108:
  Error detected by Simbody method Xml::readFromFile(): Failed to load the Xml file 'C:\Users\Bas\Documents\OpenSim\4.5\Models\Raja\radius_rv.vtp' with error 'Failed to open file (line=0, col=0)'.
  (Required condition 'loadOK' was not met.)

  (Required condition '!"failed"' was not met.)

[2025-11-10 14:53:40.775] [warning] Visualizer couldn't open Raja\pisiform_rvs.vtp because: SimTK Exception thrown at PolygonalMesh.cpp:411:
  Error detected by Simbody method PolygonalMesh::loadVtpFile(): Attempt to load a VTK PolyData (.vtp) file from file name 'C:\Users\Bas\Documents\OpenSim\4.5\Models\Raja\pisiform_rvs.vtp' failed with message:
  SimTK Exception thrown at Xml.cpp:108:
  Error detected by Simbody method Xml::readFromFile(): Failed to load the Xml file 'C:\Users\Bas\Documents\OpenSim\4.5\Models\Raja\pisiform_rvs.vtp' with error 'Failed to open file (line=0, col=0)'.
  (Required condition 'loadOK' was not met.)

  (Required condition '!"failed"' was not met.)

[2025-11-10 14:53:40.775] [warning] Visualizer couldn't open Raja\lunate_rvs.vtp because: SimTK Exception thrown at PolygonalMesh.cpp:411:
  Error detected by Simbody method PolygonalMesh::loadVtpFile(): Attempt to load a VTK PolyData (.vtp) file from file name 'C:\Users\Bas\Documents\OpenSim\4.5\Models\Raja\lunate_rvs.vtp' failed with message:
  SimTK Exception thrown at Xml.cpp:108:
  Error detected by Simbody method Xml::readFromFile(): Failed to load the Xml file 'C:\Users\Bas\Documents\OpenSim\4.5\Models\Raja\lunate_rvs.vtp' with error 'Failed to open file (line=0, col=0)'.
  (Required condition 'loadOK' was not met.)

  (Required condition '!"failed"' was not met.)

[2025-11-10 14:53:40.775] [warning] Visualizer couldn't open Raja\scaphoid_rvs.vtp because: SimTK Exception thrown at PolygonalMesh.cpp:411:
  Error detected by Simbody method PolygonalMesh::loadVtpFile(): Attempt to load a VTK PolyData (.vtp) file from file name 'C:\Users\Bas\Documents\OpenSim\4.5\Models\Raja\scaphoid_rvs.vtp' failed with message:
  SimTK Exception thrown at Xml.cpp:108:
  Error detected by Simbody method Xml::readFromFile(): Failed to load the Xml file 'C:\Users\Bas\Documents\OpenSim\4.5\Models\Raja\scaphoid_rvs.vtp' with error 'Failed to open file (line=0, col=0)'.
  (Required condition 'loadOK' was not met.)

  (Required condition '!"failed"' was not met.)

[2025-11-10 14:53:40.775] [warning] Visualizer couldn't open Raja\triquetrum_rvs.vtp because: SimTK Exception thrown at PolygonalMesh.cpp:411:
  Error detected by Simbody method PolygonalMesh::loadVtpFile(): Attempt to load a VTK PolyData (.vtp) file from file name 'C:\Users\Bas\Documents\OpenSim\4.5\Models\Raja\triquetrum_rvs.vtp' failed with message:
  SimTK Exception thrown at Xml.cpp:108:
  Error detected by Simbody method Xml::readFromFile(): Failed to load the Xml file 'C:\Users\Bas\Documents\OpenSim\4.5\Models\Raja\triquetrum_rvs.vtp' with error 'Failed to open file (line=0, col=0)'.
  (Required condition 'loadOK' was not met.)

  (Required condition '!"failed"' was not met.)

[2025-11-10 14:53:40.775] [warning] Visualizer couldn't open Raja\hamate_rvs.vtp because: SimTK Exception thrown at PolygonalMesh.cpp:411:
  Error detected by Simbody method PolygonalMesh::loadVtpFile(): Attempt to load a VTK PolyData (.vtp) file from file name 'C:\Users\Bas\Documents\OpenSim\4.5\Models\Raja\hamate_rvs.vtp' failed with message:
  SimTK Exception thrown at Xml.cpp:108:
  Error detected by Simbody method Xml::readFromFile(): Failed to load the Xml file 'C:\Users\Bas\Documents\OpenSim\4.5\Models\Raja\hamate_rvs.vtp' with error 'Failed to open file (line=0, col=0)'.
  (Required condition 'loadOK' was not met.)

  (Required condition '!"failed"' was not met.)

[2025-11-10 14:53:40.776] [warning] Visualizer couldn't open Raja\capitate_rvs.vtp because: SimTK Exception thrown at PolygonalMesh.cpp:411:
  Error detected by Simbody method PolygonalMesh::loadVtpFile(): Attempt to load a VTK PolyData (.vtp) file from file name 'C:\Users\Bas\Documents\OpenSim\4.5\Models\Raja\capitate_rvs.vtp' failed with message:
  SimTK Exception thrown at Xml.cpp:108:
  Error detected by Simbody method Xml::readFromFile(): Failed to load the Xml file 'C:\Users\Bas\Documents\OpenSim\4.5\Models\Raja\capitate_rvs.vtp' with error 'Failed to open file (line=0, col=0)'.
  (Required condition 'loadOK' was not met.)

  (Required condition '!"failed"' was not met.)

[2025-11-10 14:53:40.776] [warning] Visualizer couldn't open Raja\trapezoid_rvs.vtp because: SimTK Exception thrown at PolygonalMesh.cpp:411:
  Error detected by Simbody method PolygonalMesh::loadVtpFile(): Attempt to load a VTK PolyData (.vtp) file from file name 'C:\Users\Bas\Documents\OpenSim\4.5\Models\Raja\trapezoid_rvs.vtp' failed with message:
  SimTK Exception thrown at Xml.cpp:108:
  Error detected by Simbody method Xml::readFromFile(): Failed to load the Xml file 'C:\Users\Bas\Documents\OpenSim\4.5\Models\Raja\trapezoid_rvs.vtp' with error 'Failed to open file (line=0, col=0)'.
  (Required condition 'loadOK' was not met.)

  (Required condition '!"failed"' was not met.)

[2025-11-10 14:53:40.776] [warning] Visualizer couldn't open Raja\trapezium_rvs.vtp because: SimTK Exception thrown at PolygonalMesh.cpp:411:
  Error detected by Simbody method PolygonalMesh::loadVtpFile(): Attempt to load a VTK PolyData (.vtp) file from file name 'C:\Users\Bas\Documents\OpenSim\4.5\Models\Raja\trapezium_rvs.vtp' failed with message:
  SimTK Exception thrown at Xml.cpp:108:
  Error detected by Simbody method Xml::readFromFile(): Failed to load the Xml file 'C:\Users\Bas\Documents\OpenSim\4.5\Models\Raja\trapezium_rvs.vtp' with error 'Failed to open file (line=0, col=0)'.
  (Required condition 'loadOK' was not met.)

  (Required condition '!"failed"' was not met.)

[2025-11-10 14:53:40.776] [warning] Visualizer couldn't open Raja\metacarpal2_rvs.vtp because: SimTK Exception thrown at PolygonalMesh.cpp:411:
  Error detected by Simbody method PolygonalMesh::loadVtpFile(): Attempt to load a VTK PolyData (.vtp) file from file name 'C:\Users\Bas\Documents\OpenSim\4.5\Models\Raja\metacarpal2_rvs.vtp' failed with message:
  SimTK Exception thrown at Xml.cpp:108:
  Error detected by Simbody method Xml::readFromFile(): Failed to load the Xml file 'C:\Users\Bas\Documents\OpenSim\4.5\Models\Raja\metacarpal2_rvs.vtp' with error 'Failed to open file (line=0, col=0)'.
  (Required condition 'loadOK' was not met.)

  (Required condition '!"failed"' was not met.)

[2025-11-10 14:53:40.776] [warning] Visualizer couldn't open Raja\index_proximal_rvs.vtp because: SimTK Exception thrown at PolygonalMesh.cpp:411:
  Error detected by Simbody method PolygonalMesh::loadVtpFile(): Attempt to load a VTK PolyData (.vtp) file from file name 'C:\Users\Bas\Documents\OpenSim\4.5\Models\Raja\index_proximal_rvs.vtp' failed with message:
  SimTK Exception thrown at Xml.cpp:108:
  Error detected by Simbody method Xml::readFromFile(): Failed to load the Xml file 'C:\Users\Bas\Documents\OpenSim\4.5\Models\Raja\index_proximal_rvs.vtp' with error 'Failed to open file (line=0, col=0)'.
  (Required condition 'loadOK' was not met.)

  (Required condition '!"failed"' was not met.)

[2025-11-10 14:53:40.776] [warning] Visualizer couldn't open Raja\index_medial_rvs.vtp because: SimTK Exception thrown at PolygonalMesh.cpp:411:
  Error detected by Simbody method PolygonalMesh::loadVtpFile(): Attempt to load a VTK PolyData (.vtp) file from file name 'C:\Users\Bas\Documents\OpenSim\4.5\Models\Raja\index_medial_rvs.vtp' failed with message:
  SimTK Exception thrown at Xml.cpp:108:
  Error detected by Simbody method Xml::readFromFile(): Failed to load the Xml file 'C:\Users\Bas\Documents\OpenSim\4.5\Models\Raja\index_medial_rvs.vtp' with error 'Failed to open file (line=0, col=0)'.
  (Required condition 'loadOK' was not met.)

  (Required condition '!"failed"' was not met.)

[2025-11-10 14:53:40.776] [warning] Visualizer couldn't open Raja\index_distal_rvs.vtp because: SimTK Exception thrown at PolygonalMesh.cpp:411:
  Error detected by Simbody method PolygonalMesh::loadVtpFile(): Attempt to load a VTK PolyData (.vtp) file from file name 'C:\Users\Bas\Documents\OpenSim\4.5\Models\Raja\index_distal_rvs.vtp' failed with message:
  SimTK Exception thrown at Xml.cpp:108:
  Error detected by Simbody method Xml::readFromFile(): Failed to load the Xml file 'C:\Users\Bas\Documents\OpenSim\4.5\Models\Raja\index_distal_rvs.vtp' with error 'Failed to open file (line=0, col=0)'.
  (Required condition 'loadOK' was not met.)

  (Required condition '!"failed"' was not met.)

[2025-11-10 14:53:40.776] [warning] Visualizer couldn't open metacarpal3_rvs.vtp because: SimTK Exception thrown at PolygonalMesh.cpp:411:
  Error detected by Simbody method PolygonalMesh::loadVtpFile(): Attempt to load a VTK PolyData (.vtp) file from file name 'C:\Users\Bas\Documents\OpenSim\4.5\Models\metacarpal3_rvs.vtp' failed with message:
  SimTK Exception thrown at Xml.cpp:108:
  Error detected by Simbody method Xml::readFromFile(): Failed to load the Xml file 'C:\Users\Bas\Documents\OpenSim\4.5\Models\metacarpal3_rvs.vtp' with error 'Failed to open file (line=0, col=0)'.
  (Required condition 'loadOK' was not met.)

  (Required condition '!"failed"' was not met.)

[2025-11-10 14:53:40.776] [warning] Visualizer couldn't open Raja\middle_proximal_rvs.vtp because: SimTK Exception thrown at PolygonalMesh.cpp:411:
  Error detected by Simbody method PolygonalMesh::loadVtpFile(): Attempt to load a VTK PolyData (.vtp) file from file name 'C:\Users\Bas\Documents\OpenSim\4.5\Models\Raja\middle_proximal_rvs.vtp' failed with message:
  SimTK Exception thrown at Xml.cpp:108:
  Error detected by Simbody method Xml::readFromFile(): Failed to load the Xml file 'C:\Users\Bas\Documents\OpenSim\4.5\Models\Raja\middle_proximal_rvs.vtp' with error 'Failed to open file (line=0, col=0)'.
  (Required condition 'loadOK' was not met.)

  (Required condition '!"failed"' was not met.)

[2025-11-10 14:53:40.777] [warning] Visualizer couldn't open middle_medial_rvs.vtp because: SimTK Exception thrown at PolygonalMesh.cpp:411:
  Error detected by Simbody method PolygonalMesh::loadVtpFile(): Attempt to load a VTK PolyData (.vtp) file from file name 'C:\Users\Bas\Documents\OpenSim\4.5\Models\middle_medial_rvs.vtp' failed with message:
  SimTK Exception thrown at Xml.cpp:108:
  Error detected by Simbody method Xml::readFromFile(): Failed to load the Xml file 'C:\Users\Bas\Documents\OpenSim\4.5\Models\middle_medial_rvs.vtp' with error 'Failed to open file (line=0, col=0)'.
  (Required condition 'loadOK' was not met.)

  (Required condition '!"failed"' was not met.)

[2025-11-10 14:53:40.777] [warning] Visualizer couldn't open Raja\middle_distal_rvs.vtp because: SimTK Exception thrown at PolygonalMesh.cpp:411:
  Error detected by Simbody method PolygonalMesh::loadVtpFile(): Attempt to load a VTK PolyData (.vtp) file from file name 'C:\Users\Bas\Documents\OpenSim\4.5\Models\Raja\middle_distal_rvs.vtp' failed with message:
  SimTK Exception thrown at Xml.cpp:108:
  Error detected by Simbody method Xml::readFromFile(): Failed to load the Xml file 'C:\Users\Bas\Documents\OpenSim\4.5\Models\Raja\middle_distal_rvs.vtp' with error 'Failed to open file (line=0, col=0)'.
  (Required condition 'loadOK' was not met.)

  (Required condition '!"failed"' was not met.)

[2025-11-10 14:53:40.777] [warning] Visualizer couldn't open Raja\metacarpal4_rvs.vtp because: SimTK Exception thrown at PolygonalMesh.cpp:411:
  Error detected by Simbody method PolygonalMesh::loadVtpFile(): Attempt to load a VTK PolyData (.vtp) file from file name 'C:\Users\Bas\Documents\OpenSim\4.5\Models\Raja\metacarpal4_rvs.vtp' failed with message:
  SimTK Exception thrown at Xml.cpp:108:
  Error detected by Simbody method Xml::readFromFile(): Failed to load the Xml file 'C:\Users\Bas\Documents\OpenSim\4.5\Models\Raja\metacarpal4_rvs.vtp' with error 'Failed to open file (line=0, col=0)'.
  (Required condition 'loadOK' was not met.)

  (Required condition '!"failed"' was not met.)

[2025-11-10 14:53:40.777] [warning] Visualizer couldn't open Raja\ring_proximal_rvs.vtp because: SimTK Exception thrown at PolygonalMesh.cpp:411:
  Error detected by Simbody method PolygonalMesh::loadVtpFile(): Attempt to load a VTK PolyData (.vtp) file from file name 'C:\Users\Bas\Documents\OpenSim\4.5\Models\Raja\ring_proximal_rvs.vtp' failed with message:
  SimTK Exception thrown at Xml.cpp:108:
  Error detected by Simbody method Xml::readFromFile(): Failed to load the Xml file 'C:\Users\Bas\Documents\OpenSim\4.5\Models\Raja\ring_proximal_rvs.vtp' with error 'Failed to open file (line=0, col=0)'.
  (Required condition 'loadOK' was not met.)

  (Required condition '!"failed"' was not met.)

[2025-11-10 14:53:40.777] [warning] Visualizer couldn't open Raja\ring_medial_rvs.vtp because: SimTK Exception thrown at PolygonalMesh.cpp:411:
  Error detected by Simbody method PolygonalMesh::loadVtpFile(): Attempt to load a VTK PolyData (.vtp) file from file name 'C:\Users\Bas\Documents\OpenSim\4.5\Models\Raja\ring_medial_rvs.vtp' failed with message:
  SimTK Exception thrown at Xml.cpp:108:
  Error detected by Simbody method Xml::readFromFile(): Failed to load the Xml file 'C:\Users\Bas\Documents\OpenSim\4.5\Models\Raja\ring_medial_rvs.vtp' with error 'Failed to open file (line=0, col=0)'.
  (Required condition 'loadOK' was not met.)

  (Required condition '!"failed"' was not met.)

[2025-11-10 14:53:40.777] [warning] Visualizer couldn't open Raja\ring_distal_rvs.vtp because: SimTK Exception thrown at PolygonalMesh.cpp:411:
  Error detected by Simbody method PolygonalMesh::loadVtpFile(): Attempt to load a VTK PolyData (.vtp) file from file name 'C:\Users\Bas\Documents\OpenSim\4.5\Models\Raja\ring_distal_rvs.vtp' failed with message:
  SimTK Exception thrown at Xml.cpp:108:
  Error detected by Simbody method Xml::readFromFile(): Failed to load the Xml file 'C:\Users\Bas\Documents\OpenSim\4.5\Models\Raja\ring_distal_rvs.vtp' with error 'Failed to open file (line=0, col=0)'.
  (Required condition 'loadOK' was not met.)

  (Required condition '!"failed"' was not met.)

[2025-11-10 14:53:40.777] [warning] Visualizer couldn't open Raja\metacarpal5_rvs.vtp because: SimTK Exception thrown at PolygonalMesh.cpp:411:
  Error detected by Simbody method PolygonalMesh::loadVtpFile(): Attempt to load a VTK PolyData (.vtp) file from file name 'C:\Users\Bas\Documents\OpenSim\4.5\Models\Raja\metacarpal5_rvs.vtp' failed with message:
  SimTK Exception thrown at Xml.cpp:108:
  Error detected by Simbody method Xml::readFromFile(): Failed to load the Xml file 'C:\Users\Bas\Documents\OpenSim\4.5\Models\Raja\metacarpal5_rvs.vtp' with error 'Failed to open file (line=0, col=0)'.
  (Required condition 'loadOK' was not met.)

  (Required condition '!"failed"' was not met.)

[2025-11-10 14:53:40.777] [warning] Visualizer couldn't open Raja\little_proximal_rvs.vtp because: SimTK Exception thrown at PolygonalMesh.cpp:411:
  Error detected by Simbody method PolygonalMesh::loadVtpFile(): Attempt to load a VTK PolyData (.vtp) file from file name 'C:\Users\Bas\Documents\OpenSim\4.5\Models\Raja\little_proximal_rvs.vtp' failed with message:
  SimTK Exception thrown at Xml.cpp:108:
  Error detected by Simbody method Xml::readFromFile(): Failed to load the Xml file 'C:\Users\Bas\Documents\OpenSim\4.5\Models\Raja\little_proximal_rvs.vtp' with error 'Failed to open file (line=0, col=0)'.
  (Required condition 'loadOK' was not met.)

  (Required condition '!"failed"' was not met.)

[2025-11-10 14:53:40.777] [warning] Visualizer couldn't open Raja\little_medial_rvs.vtp because: SimTK Exception thrown at PolygonalMesh.cpp:411:
  Error detected by Simbody method PolygonalMesh::loadVtpFile(): Attempt to load a VTK PolyData (.vtp) file from file name 'C:\Users\Bas\Documents\OpenSim\4.5\Models\Raja\little_medial_rvs.vtp' failed with message:
  SimTK Exception thrown at Xml.cpp:108:
  Error detected by Simbody method Xml::readFromFile(): Failed to load the Xml file 'C:\Users\Bas\Documents\OpenSim\4.5\Models\Raja\little_medial_rvs.vtp' with error 'Failed to open file (line=0, col=0)'.
  (Required condition 'loadOK' was not met.)

  (Required condition '!"failed"' was not met.)

[2025-11-10 14:53:40.778] [warning] Visualizer couldn't open Raja\little_distal_rvs.vtp because: SimTK Exception thrown at PolygonalMesh.cpp:411:
  Error detected by Simbody method PolygonalMesh::loadVtpFile(): Attempt to load a VTK PolyData (.vtp) file from file name 'C:\Users\Bas\Documents\OpenSim\4.5\Models\Raja\little_distal_rvs.vtp' failed with message:
  SimTK Exception thrown at Xml.cpp:108:
  Error detected by Simbody method Xml::readFromFile(): Failed to load the Xml file 'C:\Users\Bas\Documents\OpenSim\4.5\Models\Raja\little_distal_rvs.vtp' with error 'Failed to open file (line=0, col=0)'.
  (Required condition 'loadOK' was not met.)

  (Required condition '!"failed"' was not met.)

[2025-11-10 14:53:40.778] [warning] Visualizer couldn't open Raja\metacarpal1_rvs.vtp because: SimTK Exception thrown at PolygonalMesh.cpp:411:
  Error detected by Simbody method PolygonalMesh::loadVtpFile(): Attempt to load a VTK PolyData (.vtp) file from file name 'C:\Users\Bas\Documents\OpenSim\4.5\Models\Raja\metacarpal1_rvs.vtp' failed with message:
  SimTK Exception thrown at Xml.cpp:108:
  Error detected by Simbody method Xml::readFromFile(): Failed to load the Xml file 'C:\Users\Bas\Documents\OpenSim\4.5\Models\Raja\metacarpal1_rvs.vtp' with error 'Failed to open file (line=0, col=0)'.
  (Required condition 'loadOK' was not met.)

  (Required condition '!"failed"' was not met.)

[2025-11-10 14:53:40.778] [warning] Visualizer couldn't open Raja\thumb_proximal_rvs.vtp because: SimTK Exception thrown at PolygonalMesh.cpp:411:
  Error detected by Simbody method PolygonalMesh::loadVtpFile(): Attempt to load a VTK PolyData (.vtp) file from file name 'C:\Users\Bas\Documents\OpenSim\4.5\Models\Raja\thumb_proximal_rvs.vtp' failed with message:
  SimTK Exception thrown at Xml.cpp:108:
  Error detected by Simbody method Xml::readFromFile(): Failed to load the Xml file 'C:\Users\Bas\Documents\OpenSim\4.5\Models\Raja\thumb_proximal_rvs.vtp' with error 'Failed to open file (line=0, col=0)'.
  (Required condition 'loadOK' was not met.)

  (Required condition '!"failed"' was not met.)

[2025-11-10 14:53:40.778] [warning] Visualizer couldn't open Raja\thumb_distal_rvs.vtp because: SimTK Exception thrown at PolygonalMesh.cpp:411:
  Error detected by Simbody method PolygonalMesh::loadVtpFile(): Attempt to load a VTK PolyData (.vtp) file from file name 'C:\Users\Bas\Documents\OpenSim\4.5\Models\Raja\thumb_distal_rvs.vtp' failed with message:
  SimTK Exception thrown at Xml.cpp:108:
  Error detected by Simbody method Xml::readFromFile(): Failed to load the Xml file 'C:\Users\Bas\Documents\OpenSim\4.5\Models\Raja\thumb_distal_rvs.vtp' with error 'Failed to open file (line=0, col=0)'.
  (Required condition 'loadOK' was not met.)

  (Required condition '!"failed"' was not met.)

[2025-11-10 14:53:40.778] [warning] Visualizer couldn't open Raja\humerus_lv.vtp because: SimTK Exception thrown at PolygonalMesh.cpp:411:
  Error detected by Simbody method PolygonalMesh::loadVtpFile(): Attempt to load a VTK PolyData (.vtp) file from file name 'C:\Users\Bas\Documents\OpenSim\4.5\Models\Raja\humerus_lv.vtp' failed with message:
  SimTK Exception thrown at Xml.cpp:108:
  Error detected by Simbody method Xml::readFromFile(): Failed to load the Xml file 'C:\Users\Bas\Documents\OpenSim\4.5\Models\Raja\humerus_lv.vtp' with error 'Failed to open file (line=0, col=0)'.
  (Required condition 'loadOK' was not met.)

  (Required condition '!"failed"' was not met.)

[2025-11-10 14:53:40.778] [warning] Visualizer couldn't open Raja\ulna_lv.vtp because: SimTK Exception thrown at PolygonalMesh.cpp:411:
  Error detected by Simbody method PolygonalMesh::loadVtpFile(): Attempt to load a VTK PolyData (.vtp) file from file name 'C:\Users\Bas\Documents\OpenSim\4.5\Models\Raja\ulna_lv.vtp' failed with message:
  SimTK Exception thrown at Xml.cpp:108:
  Error detected by Simbody method Xml::readFromFile(): Failed to load the Xml file 'C:\Users\Bas\Documents\OpenSim\4.5\Models\Raja\ulna_lv.vtp' with error 'Failed to open file (line=0, col=0)'.
  (Required condition 'loadOK' was not met.)

  (Required condition '!"failed"' was not met.)

[2025-11-10 14:53:40.778] [warning] Visualizer couldn't open Raja\radius_lv.vtp because: SimTK Exception thrown at PolygonalMesh.cpp:411:
  Error detected by Simbody method PolygonalMesh::loadVtpFile(): Attempt to load a VTK PolyData (.vtp) file from file name 'C:\Users\Bas\Documents\OpenSim\4.5\Models\Raja\radius_lv.vtp' failed with message:
  SimTK Exception thrown at Xml.cpp:108:
  Error detected by Simbody method Xml::readFromFile(): Failed to load the Xml file 'C:\Users\Bas\Documents\OpenSim\4.5\Models\Raja\radius_lv.vtp' with error 'Failed to open file (line=0, col=0)'.
  (Required condition 'loadOK' was not met.)

  (Required condition '!"failed"' was not met.)

[2025-11-10 14:53:40.779] [warning] Visualizer couldn't open Raja\pisiform_lvs.vtp because: SimTK Exception thrown at PolygonalMesh.cpp:411:
  Error detected by Simbody method PolygonalMesh::loadVtpFile(): Attempt to load a VTK PolyData (.vtp) file from file name 'C:\Users\Bas\Documents\OpenSim\4.5\Models\Raja\pisiform_lvs.vtp' failed with message:
  SimTK Exception thrown at Xml.cpp:108:
  Error detected by Simbody method Xml::readFromFile(): Failed to load the Xml file 'C:\Users\Bas\Documents\OpenSim\4.5\Models\Raja\pisiform_lvs.vtp' with error 'Failed to open file (line=0, col=0)'.
  (Required condition 'loadOK' was not met.)

  (Required condition '!"failed"' was not met.)

[2025-11-10 14:53:40.779] [warning] Visualizer couldn't open Raja\lunate_lvs.vtp because: SimTK Exception thrown at PolygonalMesh.cpp:411:
  Error detected by Simbody method PolygonalMesh::loadVtpFile(): Attempt to load a VTK PolyData (.vtp) file from file name 'C:\Users\Bas\Documents\OpenSim\4.5\Models\Raja\lunate_lvs.vtp' failed with message:
  SimTK Exception thrown at Xml.cpp:108:
  Error detected by Simbody method Xml::readFromFile(): Failed to load the Xml file 'C:\Users\Bas\Documents\OpenSim\4.5\Models\Raja\lunate_lvs.vtp' with error 'Failed to open file (line=0, col=0)'.
  (Required condition 'loadOK' was not met.)

  (Required condition '!"failed"' was not met.)

[2025-11-10 14:53:40.779] [warning] Visualizer couldn't open Raja\scaphoid_lvs.vtp because: SimTK Exception thrown at PolygonalMesh.cpp:411:
  Error detected by Simbody method PolygonalMesh::loadVtpFile(): Attempt to load a VTK PolyData (.vtp) file from file name 'C:\Users\Bas\Documents\OpenSim\4.5\Models\Raja\scaphoid_lvs.vtp' failed with message:
  SimTK Exception thrown at Xml.cpp:108:
  Error detected by Simbody method Xml::readFromFile(): Failed to load the Xml file 'C:\Users\Bas\Documents\OpenSim\4.5\Models\Raja\scaphoid_lvs.vtp' with error 'Failed to open file (line=0, col=0)'.
  (Required condition 'loadOK' was not met.)

  (Required condition '!"failed"' was not met.)

[2025-11-10 14:53:40.779] [warning] Visualizer couldn't open Raja\triquetrum_lvs.vtp because: SimTK Exception thrown at PolygonalMesh.cpp:411:
  Error detected by Simbody method PolygonalMesh::loadVtpFile(): Attempt to load a VTK PolyData (.vtp) file from file name 'C:\Users\Bas\Documents\OpenSim\4.5\Models\Raja\triquetrum_lvs.vtp' failed with message:
  SimTK Exception thrown at Xml.cpp:108:
  Error detected by Simbody method Xml::readFromFile(): Failed to load the Xml file 'C:\Users\Bas\Documents\OpenSim\4.5\Models\Raja\triquetrum_lvs.vtp' with error 'Failed to open file (line=0, col=0)'.
  (Required condition 'loadOK' was not met.)

  (Required condition '!"failed"' was not met.)

[2025-11-10 14:53:40.779] [warning] Visualizer couldn't open Raja\hamate_lvs.vtp because: SimTK Exception thrown at PolygonalMesh.cpp:411:
  Error detected by Simbody method PolygonalMesh::loadVtpFile(): Attempt to load a VTK PolyData (.vtp) file from file name 'C:\Users\Bas\Documents\OpenSim\4.5\Models\Raja\hamate_lvs.vtp' failed with message:
  SimTK Exception thrown at Xml.cpp:108:
  Error detected by Simbody method Xml::readFromFile(): Failed to load the Xml file 'C:\Users\Bas\Documents\OpenSim\4.5\Models\Raja\hamate_lvs.vtp' with error 'Failed to open file (line=0, col=0)'.
  (Required condition 'loadOK' was not met.)

  (Required condition '!"failed"' was not met.)

[2025-11-10 14:53:40.779] [warning] Visualizer couldn't open Raja\capitate_lvs.vtp because: SimTK Exception thrown at PolygonalMesh.cpp:411:
  Error detected by Simbody method PolygonalMesh::loadVtpFile(): Attempt to load a VTK PolyData (.vtp) file from file name 'C:\Users\Bas\Documents\OpenSim\4.5\Models\Raja\capitate_lvs.vtp' failed with message:
  SimTK Exception thrown at Xml.cpp:108:
  Error detected by Simbody method Xml::readFromFile(): Failed to load the Xml file 'C:\Users\Bas\Documents\OpenSim\4.5\Models\Raja\capitate_lvs.vtp' with error 'Failed to open file (line=0, col=0)'.
  (Required condition 'loadOK' was not met.)

  (Required condition '!"failed"' was not met.)

[2025-11-10 14:53:40.779] [warning] Visualizer couldn't open Raja\trapezoid_lvs.vtp because: SimTK Exception thrown at PolygonalMesh.cpp:411:
  Error detected by Simbody method PolygonalMesh::loadVtpFile(): Attempt to load a VTK PolyData (.vtp) file from file name 'C:\Users\Bas\Documents\OpenSim\4.5\Models\Raja\trapezoid_lvs.vtp' failed with message:
  SimTK Exception thrown at Xml.cpp:108:
  Error detected by Simbody method Xml::readFromFile(): Failed to load the Xml file 'C:\Users\Bas\Documents\OpenSim\4.5\Models\Raja\trapezoid_lvs.vtp' with error 'Failed to open file (line=0, col=0)'.
  (Required condition 'loadOK' was not met.)

  (Required condition '!"failed"' was not met.)

[2025-11-10 14:53:40.779] [warning] Visualizer couldn't open Raja\trapezium_lvs.vtp because: SimTK Exception thrown at PolygonalMesh.cpp:411:
  Error detected by Simbody method PolygonalMesh::loadVtpFile(): Attempt to load a VTK PolyData (.vtp) file from file name 'C:\Users\Bas\Documents\OpenSim\4.5\Models\Raja\trapezium_lvs.vtp' failed with message:
  SimTK Exception thrown at Xml.cpp:108:
  Error detected by Simbody method Xml::readFromFile(): Failed to load the Xml file 'C:\Users\Bas\Documents\OpenSim\4.5\Models\Raja\trapezium_lvs.vtp' with error 'Failed to open file (line=0, col=0)'.
  (Required condition 'loadOK' was not met.)

  (Required condition '!"failed"' was not met.)

[2025-11-10 14:53:40.779] [warning] Visualizer couldn't open Raja\metacarpal2_lvs.vtp because: SimTK Exception thrown at PolygonalMesh.cpp:411:
  Error detected by Simbody method PolygonalMesh::loadVtpFile(): Attempt to load a VTK PolyData (.vtp) file from file name 'C:\Users\Bas\Documents\OpenSim\4.5\Models\Raja\metacarpal2_lvs.vtp' failed with message:
  SimTK Exception thrown at Xml.cpp:108:
  Error detected by Simbody method Xml::readFromFile(): Failed to load the Xml file 'C:\Users\Bas\Documents\OpenSim\4.5\Models\Raja\metacarpal2_lvs.vtp' with error 'Failed to open file (line=0, col=0)'.
  (Required condition 'loadOK' was not met.)

  (Required condition '!"failed"' was not met.)

[2025-11-10 14:53:40.780] [warning] Visualizer couldn't open Raja\index_proximal_lvs.vtp because: SimTK Exception thrown at PolygonalMesh.cpp:411:
  Error detected by Simbody method PolygonalMesh::loadVtpFile(): Attempt to load a VTK PolyData (.vtp) file from file name 'C:\Users\Bas\Documents\OpenSim\4.5\Models\Raja\index_proximal_lvs.vtp' failed with message:
  SimTK Exception thrown at Xml.cpp:108:
  Error detected by Simbody method Xml::readFromFile(): Failed to load the Xml file 'C:\Users\Bas\Documents\OpenSim\4.5\Models\Raja\index_proximal_lvs.vtp' with error 'Failed to open file (line=0, col=0)'.
  (Required condition 'loadOK' was not met.)

  (Required condition '!"failed"' was not met.)

[2025-11-10 14:53:40.780] [warning] Visualizer couldn't open Raja\index_medial_lvs.vtp because: SimTK Exception thrown at PolygonalMesh.cpp:411:
  Error detected by Simbody method PolygonalMesh::loadVtpFile(): Attempt to load a VTK PolyData (.vtp) file from file name 'C:\Users\Bas\Documents\OpenSim\4.5\Models\Raja\index_medial_lvs.vtp' failed with message:
  SimTK Exception thrown at Xml.cpp:108:
  Error detected by Simbody method Xml::readFromFile(): Failed to load the Xml file 'C:\Users\Bas\Documents\OpenSim\4.5\Models\Raja\index_medial_lvs.vtp' with error 'Failed to open file (line=0, col=0)'.
  (Required condition 'loadOK' was not met.)

  (Required condition '!"failed"' was not met.)

[2025-11-10 14:53:40.780] [warning] Visualizer couldn't open Raja\index_distal_lvs.vtp because: SimTK Exception thrown at PolygonalMesh.cpp:411:
  Error detected by Simbody method PolygonalMesh::loadVtpFile(): Attempt to load a VTK PolyData (.vtp) file from file name 'C:\Users\Bas\Documents\OpenSim\4.5\Models\Raja\index_distal_lvs.vtp' failed with message:
  SimTK Exception thrown at Xml.cpp:108:
  Error detected by Simbody method Xml::readFromFile(): Failed to load the Xml file 'C:\Users\Bas\Documents\OpenSim\4.5\Models\Raja\index_distal_lvs.vtp' with error 'Failed to open file (line=0, col=0)'.
  (Required condition 'loadOK' was not met.)

  (Required condition '!"failed"' was not met.)

[2025-11-10 14:53:40.780] [warning] Visualizer couldn't open Raja\metacarpal3_lvs.vtp because: SimTK Exception thrown at PolygonalMesh.cpp:411:
  Error detected by Simbody method PolygonalMesh::loadVtpFile(): Attempt to load a VTK PolyData (.vtp) file from file name 'C:\Users\Bas\Documents\OpenSim\4.5\Models\Raja\metacarpal3_lvs.vtp' failed with message:
  SimTK Exception thrown at Xml.cpp:108:
  Error detected by Simbody method Xml::readFromFile(): Failed to load the Xml file 'C:\Users\Bas\Documents\OpenSim\4.5\Models\Raja\metacarpal3_lvs.vtp' with error 'Failed to open file (line=0, col=0)'.
  (Required condition 'loadOK' was not met.)

  (Required condition '!"failed"' was not met.)

[2025-11-10 14:53:40.780] [warning] Visualizer couldn't open Raja\middle_proximal_lvs.vtp because: SimTK Exception thrown at PolygonalMesh.cpp:411:
  Error detected by Simbody method PolygonalMesh::loadVtpFile(): Attempt to load a VTK PolyData (.vtp) file from file name 'C:\Users\Bas\Documents\OpenSim\4.5\Models\Raja\middle_proximal_lvs.vtp' failed with message:
  SimTK Exception thrown at Xml.cpp:108:
  Error detected by Simbody method Xml::readFromFile(): Failed to load the Xml file 'C:\Users\Bas\Documents\OpenSim\4.5\Models\Raja\middle_proximal_lvs.vtp' with error 'Failed to open file (line=0, col=0)'.
  (Required condition 'loadOK' was not met.)

  (Required condition '!"failed"' was not met.)

[2025-11-10 14:53:40.780] [warning] Visualizer couldn't open Raja\middle_medial_lvs.vtp because: SimTK Exception thrown at PolygonalMesh.cpp:411:
  Error detected by Simbody method PolygonalMesh::loadVtpFile(): Attempt to load a VTK PolyData (.vtp) file from file name 'C:\Users\Bas\Documents\OpenSim\4.5\Models\Raja\middle_medial_lvs.vtp' failed with message:
  SimTK Exception thrown at Xml.cpp:108:
  Error detected by Simbody method Xml::readFromFile(): Failed to load the Xml file 'C:\Users\Bas\Documents\OpenSim\4.5\Models\Raja\middle_medial_lvs.vtp' with error 'Failed to open file (line=0, col=0)'.
  (Required condition 'loadOK' was not met.)

  (Required condition '!"failed"' was not met.)

[2025-11-10 14:53:40.780] [warning] Visualizer couldn't open Raja\middle_distal_lvs.vtp because: SimTK Exception thrown at PolygonalMesh.cpp:411:
  Error detected by Simbody method PolygonalMesh::loadVtpFile(): Attempt to load a VTK PolyData (.vtp) file from file name 'C:\Users\Bas\Documents\OpenSim\4.5\Models\Raja\middle_distal_lvs.vtp' failed with message:
  SimTK Exception thrown at Xml.cpp:108:
  Error detected by Simbody method Xml::readFromFile(): Failed to load the Xml file 'C:\Users\Bas\Documents\OpenSim\4.5\Models\Raja\middle_distal_lvs.vtp' with error 'Failed to open file (line=0, col=0)'.
  (Required condition 'loadOK' was not met.)

  (Required condition '!"failed"' was not met.)

[2025-11-10 14:53:40.780] [warning] Visualizer couldn't open Raja\metacarpal4_lvs.vtp because: SimTK Exception thrown at PolygonalMesh.cpp:411:
  Error detected by Simbody method PolygonalMesh::loadVtpFile(): Attempt to load a VTK PolyData (.vtp) file from file name 'C:\Users\Bas\Documents\OpenSim\4.5\Models\Raja\metacarpal4_lvs.vtp' failed with message:
  SimTK Exception thrown at Xml.cpp:108:
  Error detected by Simbody method Xml::readFromFile(): Failed to load the Xml file 'C:\Users\Bas\Documents\OpenSim\4.5\Models\Raja\metacarpal4_lvs.vtp' with error 'Failed to open file (line=0, col=0)'.
  (Required condition 'loadOK' was not met.)

  (Required condition '!"failed"' was not met.)

[2025-11-10 14:53:40.780] [warning] Visualizer couldn't open Raja\ring_proximal_lvs.vtp because: SimTK Exception thrown at PolygonalMesh.cpp:411:
  Error detected by Simbody method PolygonalMesh::loadVtpFile(): Attempt to load a VTK PolyData (.vtp) file from file name 'C:\Users\Bas\Documents\OpenSim\4.5\Models\Raja\ring_proximal_lvs.vtp' failed with message:
  SimTK Exception thrown at Xml.cpp:108:
  Error detected by Simbody method Xml::readFromFile(): Failed to load the Xml file 'C:\Users\Bas\Documents\OpenSim\4.5\Models\Raja\ring_proximal_lvs.vtp' with error 'Failed to open file (line=0, col=0)'.
  (Required condition 'loadOK' was not met.)

  (Required condition '!"failed"' was not met.)

[2025-11-10 14:53:40.780] [warning] Visualizer couldn't open Raja\ring_medial_lvs.vtp because: SimTK Exception thrown at PolygonalMesh.cpp:411:
  Error detected by Simbody method PolygonalMesh::loadVtpFile(): Attempt to load a VTK PolyData (.vtp) file from file name 'C:\Users\Bas\Documents\OpenSim\4.5\Models\Raja\ring_medial_lvs.vtp' failed with message:
  SimTK Exception thrown at Xml.cpp:108:
  Error detected by Simbody method Xml::readFromFile(): Failed to load the Xml file 'C:\Users\Bas\Documents\OpenSim\4.5\Models\Raja\ring_medial_lvs.vtp' with error 'Failed to open file (line=0, col=0)'.
  (Required condition 'loadOK' was not met.)

  (Required condition '!"failed"' was not met.)

[2025-11-10 14:53:40.781] [warning] Visualizer couldn't open Raja\ring_distal_lvs.vtp because: SimTK Exception thrown at PolygonalMesh.cpp:411:
  Error detected by Simbody method PolygonalMesh::loadVtpFile(): Attempt to load a VTK PolyData (.vtp) file from file name 'C:\Users\Bas\Documents\OpenSim\4.5\Models\Raja\ring_distal_lvs.vtp' failed with message:
  SimTK Exception thrown at Xml.cpp:108:
  Error detected by Simbody method Xml::readFromFile(): Failed to load the Xml file 'C:\Users\Bas\Documents\OpenSim\4.5\Models\Raja\ring_distal_lvs.vtp' with error 'Failed to open file (line=0, col=0)'.
  (Required condition 'loadOK' was not met.)

  (Required condition '!"failed"' was not met.)

[2025-11-10 14:53:40.781] [warning] Visualizer couldn't open Raja\metacarpal5_lvs.vtp because: SimTK Exception thrown at PolygonalMesh.cpp:411:
  Error detected by Simbody method PolygonalMesh::loadVtpFile(): Attempt to load a VTK PolyData (.vtp) file from file name 'C:\Users\Bas\Documents\OpenSim\4.5\Models\Raja\metacarpal5_lvs.vtp' failed with message:
  SimTK Exception thrown at Xml.cpp:108:
  Error detected by Simbody method Xml::readFromFile(): Failed to load the Xml file 'C:\Users\Bas\Documents\OpenSim\4.5\Models\Raja\metacarpal5_lvs.vtp' with error 'Failed to open file (line=0, col=0)'.
  (Required condition 'loadOK' was not met.)

  (Required condition '!"failed"' was not met.)

[2025-11-10 14:53:40.781] [warning] Visualizer couldn't open Raja\little_proximal_lvs.vtp because: SimTK Exception thrown at PolygonalMesh.cpp:411:
  Error detected by Simbody method PolygonalMesh::loadVtpFile(): Attempt to load a VTK PolyData (.vtp) file from file name 'C:\Users\Bas\Documents\OpenSim\4.5\Models\Raja\little_proximal_lvs.vtp' failed with message:
  SimTK Exception thrown at Xml.cpp:108:
  Error detected by Simbody method Xml::readFromFile(): Failed to load the Xml file 'C:\Users\Bas\Documents\OpenSim\4.5\Models\Raja\little_proximal_lvs.vtp' with error 'Failed to open file (line=0, col=0)'.
  (Required condition 'loadOK' was not met.)

  (Required condition '!"failed"' was not met.)

[2025-11-10 14:53:40.781] [warning] Visualizer couldn't open Raja\little_medial_lvs.vtp because: SimTK Exception thrown at PolygonalMesh.cpp:411:
  Error detected by Simbody method PolygonalMesh::loadVtpFile(): Attempt to load a VTK PolyData (.vtp) file from file name 'C:\Users\Bas\Documents\OpenSim\4.5\Models\Raja\little_medial_lvs.vtp' failed with message:
  SimTK Exception thrown at Xml.cpp:108:
  Error detected by Simbody method Xml::readFromFile(): Failed to load the Xml file 'C:\Users\Bas\Documents\OpenSim\4.5\Models\Raja\little_medial_lvs.vtp' with error 'Failed to open file (line=0, col=0)'.
  (Required condition 'loadOK' was not met.)

  (Required condition '!"failed"' was not met.)

[2025-11-10 14:53:40.781] [warning] Visualizer couldn't open Raja\little_distal_lvs.vtp because: SimTK Exception thrown at PolygonalMesh.cpp:411:
  Error detected by Simbody method PolygonalMesh::loadVtpFile(): Attempt to load a VTK PolyData (.vtp) file from file name 'C:\Users\Bas\Documents\OpenSim\4.5\Models\Raja\little_distal_lvs.vtp' failed with message:
  SimTK Exception thrown at Xml.cpp:108:
  Error detected by Simbody method Xml::readFromFile(): Failed to load the Xml file 'C:\Users\Bas\Documents\OpenSim\4.5\Models\Raja\little_distal_lvs.vtp' with error 'Failed to open file (line=0, col=0)'.
  (Required condition 'loadOK' was not met.)

  (Required condition '!"failed"' was not met.)

[2025-11-10 14:53:40.781] [warning] Visualizer couldn't open Raja\metacarpal1_lvs.vtp because: SimTK Exception thrown at PolygonalMesh.cpp:411:
  Error detected by Simbody method PolygonalMesh::loadVtpFile(): Attempt to load a VTK PolyData (.vtp) file from file name 'C:\Users\Bas\Documents\OpenSim\4.5\Models\Raja\metacarpal1_lvs.vtp' failed with message:
  SimTK Exception thrown at Xml.cpp:108:
  Error detected by Simbody method Xml::readFromFile(): Failed to load the Xml file 'C:\Users\Bas\Documents\OpenSim\4.5\Models\Raja\metacarpal1_lvs.vtp' with error 'Failed to open file (line=0, col=0)'.
  (Required condition 'loadOK' was not met.)

  (Required condition '!"failed"' was not met.)

[2025-11-10 14:53:40.781] [warning] Visualizer couldn't open Raja\thumb_proximal_lvs.vtp because: SimTK Exception thrown at PolygonalMesh.cpp:411:
  Error detected by Simbody method PolygonalMesh::loadVtpFile(): Attempt to load a VTK PolyData (.vtp) file from file name 'C:\Users\Bas\Documents\OpenSim\4.5\Models\Raja\thumb_proximal_lvs.vtp' failed with message:
  SimTK Exception thrown at Xml.cpp:108:
  Error detected by Simbody method Xml::readFromFile(): Failed to load the Xml file 'C:\Users\Bas\Documents\OpenSim\4.5\Models\Raja\thumb_proximal_lvs.vtp' with error 'Failed to open file (line=0, col=0)'.
  (Required condition 'loadOK' was not met.)

  (Required condition '!"failed"' was not met.)

[2025-11-10 14:53:40.781] [warning] Visualizer couldn't open Raja\thumb_distal_lvs.vtp because: SimTK Exception thrown at PolygonalMesh.cpp:411:
  Error detected by Simbody method PolygonalMesh::loadVtpFile(): Attempt to load a VTK PolyData (.vtp) file from file name 'C:\Users\Bas\Documents\OpenSim\4.5\Models\Raja\thumb_distal_lvs.vtp' failed with message:
  SimTK Exception thrown at Xml.cpp:108:
  Error detected by Simbody method Xml::readFromFile(): Failed to load the Xml file 'C:\Users\Bas\Documents\OpenSim\4.5\Models\Raja\thumb_distal_lvs.vtp' with error 'Failed to open file (line=0, col=0)'.
  (Required condition 'loadOK' was not met.)

  (Required condition '!"failed"' was not met.)

[2025-11-10 14:54:20.739] [info] ExternalLoads 'Ex2' was renamed and is being reset to 'externalloads'.
[2025-11-10 14:54:20.744] [info] Old version storage/motion file encountered
[2025-11-10 14:54:20.744] [info] Storage: read data file = grf.mot (nr=961 nc=37)
[2025-11-10 14:54:20.744] [info] .. assuming rotations in Degrees..
[2025-11-10 14:54:20.759] [info] ExternalForce::Right Data source being set to grf.mot
[2025-11-10 14:54:20.780] [info] Old version storage/motion file encountered
[2025-11-10 14:54:20.780] [info] Storage: read data file = C:\Git\1_current_projects\powerlifing_model\simulations\Running_009\session1\runA1\grf.mot (nr=961 nc=37)
[2025-11-10 14:54:20.780] [info] .. assuming rotations in Degrees..
[2025-11-10 14:54:20.797] [info] Old version storage/motion file encountered
[2025-11-10 14:54:20.798] [info] Storage: read data file = C:\Git\1_current_projects\powerlifing_model\simulations\Running_009\session1\runA1\grf.mot (nr=961 nc=37)
[2025-11-10 14:54:20.798] [info] .. assuming rotations in Degrees..
[2025-11-10 14:54:33.749] [info] Loading coordinates from file 'C:\Git\1_current_projects\powerlifing_model\simulations\Running_009\session1\runA1\joint_angles.mot'.
[2025-11-10 14:54:33.750] [info] Storage: read data file = C:\Git\1_current_projects\powerlifing_model\simulations\Running_009\session1\runA1\joint_angles.mot (nr=97 nc=40)
[2025-11-10 14:54:33.752] [info] Low-pass filtering coordinates data with a cutoff frequency of 6.0...
[2025-11-10 14:54:33.860] [info] AssemblySolver::track() attempt Failed: SimTK Exception thrown at Assembler.cpp:973:
  Method Assembler::track() failed because:
Unable to achieve required assembly error tolerance.
Assembly error tolerance achieved: 9.9272674477267309e-09 required: 1e-10.
[2025-11-10 14:54:33.870] [error] Model unable to assemble: AssemblySolver::assemble() Failed: SimTK Exception thrown at Assembler.cpp:897:
  Method Assembler::assemble() failed because:
Unable to achieve required assembly error tolerance.
Assembly error tolerance achieved: 9.9272674477147384e-09 required: 1e-10..Model relaxing constraints and trying again.
[2025-11-10 14:54:34.014] [info] Found 193 state vectors with time stamps ranging from 1.835 to 2.795.
[2025-11-10 14:54:34.092] [info] Old version storage/motion file encountered
[2025-11-10 14:54:34.092] [info] Storage: read data file = grf.mot (nr=961 nc=37)
[2025-11-10 14:54:34.092] [info] .. assuming rotations in Degrees..
[2025-11-10 14:54:34.108] [info] ExternalForce::Right Data source being set to grf.mot
[2025-11-10 14:54:34.118] [info] Executing the analyses from 2.075 to 2.555...
[2025-11-10 14:54:34.132] [info] Loading actuator forces from file SO_StaticOptimization_force.sto.
[2025-11-10 14:54:34.132] [info] Storage: read data file = SO_StaticOptimization_force.sto (nr=97 nc=123)
[2025-11-10 14:54:34.141] [info] Found 122 actuator forces with time stamps ranging from 2.075to 2.555.
[2025-11-10 14:54:34.141] [warning] The forces file contains actuators that are not in the model's actuator set.
[2025-11-10 14:54:34.141] [warning] Ignoring fiber lengths and activations from the states since forces_file is also set. Actuator forces will be constructed from SO_StaticOptimization_force.sto.
[2025-11-10 14:54:35.614] [info] Printing results of investigation Analyse to C:\Git\1_current_projects\powerlifing_model\simulations\Running_009\session1\runA1\.
