[2025-10-22 13:12:52.465] [info] Loaded model Athlete_03 from file C:\Git\1_current_projects\powerlifing_model\simulations\Athlete_03\25_03_31\model_scaled.osim
[2025-10-22 13:12:52.466] [warning] Couldn't find file 'r_pelvis.vtp'.
[2025-10-22 13:12:52.467] [warning] Couldn't find file 'l_pelvis.vtp'.
[2025-10-22 13:12:52.467] [warning] Couldn't find file 'sacrum.vtp'.
[2025-10-22 13:12:52.467] [warning] Couldn't find file 'r_femur.vtp'.
[2025-10-22 13:12:52.468] [warning] Couldn't find file 'r_tibia.vtp'.
[2025-10-22 13:12:52.468] [warning] Couldn't find file 'r_fibula.vtp'.
[2025-10-22 13:12:52.468] [warning] Couldn't find file 'r_patella.vtp'.
[2025-10-22 13:12:52.469] [warning] Couldn't find file 'r_talus.vtp'.
[2025-10-22 13:12:52.476] [warning] Couldn't find file 'r_foot.vtp'.
[2025-10-22 13:12:52.476] [warning] Couldn't find file 'r_bofoot.vtp'.
[2025-10-22 13:12:52.476] [warning] Couldn't find file 'l_femur.vtp'.
[2025-10-22 13:12:52.476] [warning] Couldn't find file 'l_tibia.vtp'.
[2025-10-22 13:12:52.477] [warning] Couldn't find file 'l_fibula.vtp'.
[2025-10-22 13:12:52.477] [warning] Couldn't find file 'l_patella.vtp'.
[2025-10-22 13:12:52.477] [warning] Couldn't find file 'l_talus.vtp'.
[2025-10-22 13:12:52.477] [warning] Couldn't find file 'l_foot.vtp'.
[2025-10-22 13:12:52.477] [warning] Couldn't find file 'l_bofoot.vtp'.
[2025-10-22 13:12:52.478] [warning] Couldn't find file 'hat_spine.vtp'.
[2025-10-22 13:12:52.478] [warning] Couldn't find file 'hat_jaw.vtp'.
[2025-10-22 13:12:52.478] [warning] Couldn't find file 'hat_skull.vtp'.
[2025-10-22 13:12:52.478] [warning] Couldn't find file 'hat_ribs_scap.vtp'.
[2025-10-22 13:12:52.478] [warning] Couldn't find file 'humerus_rv.vtp'.
[2025-10-22 13:12:52.479] [warning] Couldn't find file 'ulna_rv.vtp'.
[2025-10-22 13:12:52.479] [warning] Couldn't find file 'radius_rv.vtp'.
[2025-10-22 13:12:52.479] [warning] Couldn't find file 'pisiform_rvs.vtp'.
[2025-10-22 13:12:52.479] [warning] Couldn't find file 'lunate_rvs.vtp'.
[2025-10-22 13:12:52.479] [warning] Couldn't find file 'scaphoid_rvs.vtp'.
[2025-10-22 13:12:52.480] [warning] Couldn't find file 'triquetrum_rvs.vtp'.
[2025-10-22 13:12:52.480] [warning] Couldn't find file 'hamate_rvs.vtp'.
[2025-10-22 13:12:52.480] [warning] Couldn't find file 'capitate_rvs.vtp'.
[2025-10-22 13:12:52.481] [warning] Couldn't find file 'trapezoid_rvs.vtp'.
[2025-10-22 13:12:52.481] [warning] Couldn't find file 'trapezium_rvs.vtp'.
[2025-10-22 13:12:52.481] [warning] Couldn't find file 'metacarpal2_rvs.vtp'.
[2025-10-22 13:12:52.481] [warning] Couldn't find file 'index_proximal_rvs.vtp'.
[2025-10-22 13:12:52.481] [warning] Couldn't find file 'index_medial_rvs.vtp'.
[2025-10-22 13:12:52.481] [warning] Couldn't find file 'index_distal_rvs.vtp'.
[2025-10-22 13:12:52.482] [warning] Couldn't find file 'metacarpal3_rvs.vtp'.
[2025-10-22 13:12:52.482] [warning] Couldn't find file 'middle_proximal_rvs.vtp'.
[2025-10-22 13:12:52.482] [warning] Couldn't find file 'middle_medial_rvs.vtp'.
[2025-10-22 13:12:52.482] [warning] Couldn't find file 'middle_distal_rvs.vtp'.
[2025-10-22 13:12:52.482] [warning] Couldn't find file 'metacarpal4_rvs.vtp'.
[2025-10-22 13:12:52.482] [warning] Couldn't find file 'ring_proximal_rvs.vtp'.
[2025-10-22 13:12:52.483] [warning] Couldn't find file 'ring_medial_rvs.vtp'.
[2025-10-22 13:12:52.483] [warning] Couldn't find file 'ring_distal_rvs.vtp'.
[2025-10-22 13:12:52.483] [warning] Couldn't find file 'metacarpal5_rvs.vtp'.
[2025-10-22 13:12:52.483] [warning] Couldn't find file 'little_proximal_rvs.vtp'.
[2025-10-22 13:12:52.483] [warning] Couldn't find file 'little_medial_rvs.vtp'.
[2025-10-22 13:12:52.483] [warning] Couldn't find file 'little_distal_rvs.vtp'.
[2025-10-22 13:12:52.483] [warning] Couldn't find file 'metacarpal1_rvs.vtp'.
[2025-10-22 13:12:52.484] [warning] Couldn't find file 'thumb_proximal_rvs.vtp'.
[2025-10-22 13:12:52.484] [warning] Couldn't find file 'thumb_distal_rvs.vtp'.
[2025-10-22 13:12:52.484] [warning] Couldn't find file 'humerus_lv.vtp'.
[2025-10-22 13:12:52.484] [warning] Couldn't find file 'ulna_lv.vtp'.
[2025-10-22 13:12:52.484] [warning] Couldn't find file 'radius_lv.vtp'.
[2025-10-22 13:12:52.484] [warning] Couldn't find file 'pisiform_lvs.vtp'.
[2025-10-22 13:12:52.484] [warning] Couldn't find file 'lunate_lvs.vtp'.
[2025-10-22 13:12:52.485] [warning] Couldn't find file 'scaphoid_lvs.vtp'.
[2025-10-22 13:12:52.485] [warning] Couldn't find file 'triquetrum_lvs.vtp'.
[2025-10-22 13:12:52.485] [warning] Couldn't find file 'hamate_lvs.vtp'.
[2025-10-22 13:12:52.485] [warning] Couldn't find file 'capitate_lvs.vtp'.
[2025-10-22 13:12:52.485] [warning] Couldn't find file 'trapezoid_lvs.vtp'.
[2025-10-22 13:12:52.485] [warning] Couldn't find file 'trapezium_lvs.vtp'.
[2025-10-22 13:12:52.485] [warning] Couldn't find file 'metacarpal2_lvs.vtp'.
[2025-10-22 13:12:52.486] [warning] Couldn't find file 'index_proximal_lvs.vtp'.
[2025-10-22 13:12:52.486] [warning] Couldn't find file 'index_medial_lvs.vtp'.
[2025-10-22 13:12:52.486] [warning] Couldn't find file 'index_distal_lvs.vtp'.
[2025-10-22 13:12:52.486] [warning] Couldn't find file 'metacarpal3_lvs.vtp'.
[2025-10-22 13:12:52.486] [warning] Couldn't find file 'middle_proximal_lvs.vtp'.
[2025-10-22 13:12:52.486] [warning] Couldn't find file 'middle_medial_lvs.vtp'.
[2025-10-22 13:12:52.486] [warning] Couldn't find file 'middle_distal_lvs.vtp'.
[2025-10-22 13:12:52.487] [warning] Couldn't find file 'metacarpal4_lvs.vtp'.
[2025-10-22 13:12:52.487] [warning] Couldn't find file 'ring_proximal_lvs.vtp'.
[2025-10-22 13:12:52.487] [warning] Couldn't find file 'ring_medial_lvs.vtp'.
[2025-10-22 13:12:52.487] [warning] Couldn't find file 'ring_distal_lvs.vtp'.
[2025-10-22 13:12:52.487] [warning] Couldn't find file 'metacarpal5_lvs.vtp'.
[2025-10-22 13:12:52.487] [warning] Couldn't find file 'little_proximal_lvs.vtp'.
[2025-10-22 13:12:52.487] [warning] Couldn't find file 'little_medial_lvs.vtp'.
[2025-10-22 13:12:52.488] [warning] Couldn't find file 'little_distal_lvs.vtp'.
[2025-10-22 13:12:52.488] [warning] Couldn't find file 'metacarpal1_lvs.vtp'.
[2025-10-22 13:12:52.488] [warning] Couldn't find file 'thumb_proximal_lvs.vtp'.
[2025-10-22 13:12:52.488] [warning] Couldn't find file 'thumb_distal_lvs.vtp'.
[2025-10-22 13:20:06.913] [info] Loaded model Athlete_03 from file C:\Git\1_current_projects\powerlifing_model\simulations\Athlete_03\25_03_31\model_scaled.osim
[2025-10-22 13:20:06.915] [warning] Couldn't find file 'r_pelvis.vtp'.
[2025-10-22 13:20:06.915] [warning] Couldn't find file 'l_pelvis.vtp'.
[2025-10-22 13:20:06.915] [warning] Couldn't find file 'sacrum.vtp'.
[2025-10-22 13:20:06.915] [warning] Couldn't find file 'r_femur.vtp'.
[2025-10-22 13:20:06.916] [warning] Couldn't find file 'r_tibia.vtp'.
[2025-10-22 13:20:06.916] [warning] Couldn't find file 'r_fibula.vtp'.
[2025-10-22 13:20:06.916] [warning] Couldn't find file 'r_patella.vtp'.
[2025-10-22 13:20:06.916] [warning] Couldn't find file 'r_talus.vtp'.
[2025-10-22 13:20:06.917] [warning] Couldn't find file 'r_foot.vtp'.
[2025-10-22 13:20:06.917] [warning] Couldn't find file 'r_bofoot.vtp'.
[2025-10-22 13:20:06.917] [warning] Couldn't find file 'l_femur.vtp'.
[2025-10-22 13:20:06.917] [warning] Couldn't find file 'l_tibia.vtp'.
[2025-10-22 13:20:06.918] [warning] Couldn't find file 'l_fibula.vtp'.
[2025-10-22 13:20:06.918] [warning] Couldn't find file 'l_patella.vtp'.
[2025-10-22 13:20:06.918] [warning] Couldn't find file 'l_talus.vtp'.
[2025-10-22 13:20:06.918] [warning] Couldn't find file 'l_foot.vtp'.
[2025-10-22 13:20:06.918] [warning] Couldn't find file 'l_bofoot.vtp'.
[2025-10-22 13:20:06.918] [warning] Couldn't find file 'hat_spine.vtp'.
[2025-10-22 13:20:06.919] [warning] Couldn't find file 'hat_jaw.vtp'.
[2025-10-22 13:20:06.919] [warning] Couldn't find file 'hat_skull.vtp'.
[2025-10-22 13:20:06.919] [warning] Couldn't find file 'hat_ribs_scap.vtp'.
[2025-10-22 13:20:06.919] [warning] Couldn't find file 'humerus_rv.vtp'.
[2025-10-22 13:20:06.919] [warning] Couldn't find file 'ulna_rv.vtp'.
[2025-10-22 13:20:06.919] [warning] Couldn't find file 'radius_rv.vtp'.
[2025-10-22 13:20:06.920] [warning] Couldn't find file 'pisiform_rvs.vtp'.
[2025-10-22 13:20:06.920] [warning] Couldn't find file 'lunate_rvs.vtp'.
[2025-10-22 13:20:06.920] [warning] Couldn't find file 'scaphoid_rvs.vtp'.
[2025-10-22 13:20:06.920] [warning] Couldn't find file 'triquetrum_rvs.vtp'.
[2025-10-22 13:20:06.920] [warning] Couldn't find file 'hamate_rvs.vtp'.
[2025-10-22 13:20:06.920] [warning] Couldn't find file 'capitate_rvs.vtp'.
[2025-10-22 13:20:06.920] [warning] Couldn't find file 'trapezoid_rvs.vtp'.
[2025-10-22 13:20:06.920] [warning] Couldn't find file 'trapezium_rvs.vtp'.
[2025-10-22 13:20:06.921] [warning] Couldn't find file 'metacarpal2_rvs.vtp'.
[2025-10-22 13:20:06.921] [warning] Couldn't find file 'index_proximal_rvs.vtp'.
[2025-10-22 13:20:06.921] [warning] Couldn't find file 'index_medial_rvs.vtp'.
[2025-10-22 13:20:06.921] [warning] Couldn't find file 'index_distal_rvs.vtp'.
[2025-10-22 13:20:06.921] [warning] Couldn't find file 'metacarpal3_rvs.vtp'.
[2025-10-22 13:20:06.921] [warning] Couldn't find file 'middle_proximal_rvs.vtp'.
[2025-10-22 13:20:06.922] [warning] Couldn't find file 'middle_medial_rvs.vtp'.
[2025-10-22 13:20:06.922] [warning] Couldn't find file 'middle_distal_rvs.vtp'.
[2025-10-22 13:20:06.922] [warning] Couldn't find file 'metacarpal4_rvs.vtp'.
[2025-10-22 13:20:06.922] [warning] Couldn't find file 'ring_proximal_rvs.vtp'.
[2025-10-22 13:20:06.923] [warning] Couldn't find file 'ring_medial_rvs.vtp'.
[2025-10-22 13:20:06.923] [warning] Couldn't find file 'ring_distal_rvs.vtp'.
[2025-10-22 13:20:06.923] [warning] Couldn't find file 'metacarpal5_rvs.vtp'.
[2025-10-22 13:20:06.923] [warning] Couldn't find file 'little_proximal_rvs.vtp'.
[2025-10-22 13:20:06.923] [warning] Couldn't find file 'little_medial_rvs.vtp'.
[2025-10-22 13:20:06.923] [warning] Couldn't find file 'little_distal_rvs.vtp'.
[2025-10-22 13:20:06.924] [warning] Couldn't find file 'metacarpal1_rvs.vtp'.
[2025-10-22 13:20:06.924] [warning] Couldn't find file 'thumb_proximal_rvs.vtp'.
[2025-10-22 13:20:06.924] [warning] Couldn't find file 'thumb_distal_rvs.vtp'.
[2025-10-22 13:20:06.924] [warning] Couldn't find file 'humerus_lv.vtp'.
[2025-10-22 13:20:06.924] [warning] Couldn't find file 'ulna_lv.vtp'.
[2025-10-22 13:20:06.924] [warning] Couldn't find file 'radius_lv.vtp'.
[2025-10-22 13:20:06.924] [warning] Couldn't find file 'pisiform_lvs.vtp'.
[2025-10-22 13:20:06.925] [warning] Couldn't find file 'lunate_lvs.vtp'.
[2025-10-22 13:20:06.925] [warning] Couldn't find file 'scaphoid_lvs.vtp'.
[2025-10-22 13:20:06.925] [warning] Couldn't find file 'triquetrum_lvs.vtp'.
[2025-10-22 13:20:06.925] [warning] Couldn't find file 'hamate_lvs.vtp'.
[2025-10-22 13:20:06.925] [warning] Couldn't find file 'capitate_lvs.vtp'.
[2025-10-22 13:20:06.925] [warning] Couldn't find file 'trapezoid_lvs.vtp'.
[2025-10-22 13:20:06.926] [warning] Couldn't find file 'trapezium_lvs.vtp'.
[2025-10-22 13:20:06.926] [warning] Couldn't find file 'metacarpal2_lvs.vtp'.
[2025-10-22 13:20:06.926] [warning] Couldn't find file 'index_proximal_lvs.vtp'.
[2025-10-22 13:20:06.926] [warning] Couldn't find file 'index_medial_lvs.vtp'.
[2025-10-22 13:20:06.926] [warning] Couldn't find file 'index_distal_lvs.vtp'.
[2025-10-22 13:20:06.927] [warning] Couldn't find file 'metacarpal3_lvs.vtp'.
[2025-10-22 13:20:06.927] [warning] Couldn't find file 'middle_proximal_lvs.vtp'.
[2025-10-22 13:20:06.927] [warning] Couldn't find file 'middle_medial_lvs.vtp'.
[2025-10-22 13:20:06.927] [warning] Couldn't find file 'middle_distal_lvs.vtp'.
[2025-10-22 13:20:06.927] [warning] Couldn't find file 'metacarpal4_lvs.vtp'.
[2025-10-22 13:20:06.927] [warning] Couldn't find file 'ring_proximal_lvs.vtp'.
[2025-10-22 13:20:06.928] [warning] Couldn't find file 'ring_medial_lvs.vtp'.
[2025-10-22 13:20:06.928] [warning] Couldn't find file 'ring_distal_lvs.vtp'.
[2025-10-22 13:20:06.928] [warning] Couldn't find file 'metacarpal5_lvs.vtp'.
[2025-10-22 13:20:06.928] [warning] Couldn't find file 'little_proximal_lvs.vtp'.
[2025-10-22 13:20:06.928] [warning] Couldn't find file 'little_medial_lvs.vtp'.
[2025-10-22 13:20:06.929] [warning] Couldn't find file 'little_distal_lvs.vtp'.
[2025-10-22 13:20:06.929] [warning] Couldn't find file 'metacarpal1_lvs.vtp'.
[2025-10-22 13:20:06.929] [warning] Couldn't find file 'thumb_proximal_lvs.vtp'.
[2025-10-22 13:20:06.929] [warning] Couldn't find file 'thumb_distal_lvs.vtp'.
[2025-10-22 13:22:15.513] [info] Updating Model file from 10500 to latest format...
[2025-10-22 13:25:10.924] [info] Updating Model file from 10500 to latest format...
[2025-10-22 13:28:30.456] [info] Loaded model Athlete_03 from file C:\Git\1_current_projects\powerlifing_model\simulations\Athlete_03\25_03_31\model_scaled.osim
[2025-10-22 13:28:30.457] [warning] Couldn't find file 'r_pelvis.vtp'.
[2025-10-22 13:28:30.457] [warning] Couldn't find file 'l_pelvis.vtp'.
[2025-10-22 13:28:30.458] [warning] Couldn't find file 'sacrum.vtp'.
[2025-10-22 13:28:30.458] [warning] Couldn't find file 'r_femur.vtp'.
[2025-10-22 13:28:30.458] [warning] Couldn't find file 'r_tibia.vtp'.
[2025-10-22 13:28:30.458] [warning] Couldn't find file 'r_fibula.vtp'.
[2025-10-22 13:28:30.459] [warning] Couldn't find file 'r_patella.vtp'.
[2025-10-22 13:28:30.459] [warning] Couldn't find file 'r_talus.vtp'.
[2025-10-22 13:28:30.459] [warning] Couldn't find file 'r_foot.vtp'.
[2025-10-22 13:28:30.460] [warning] Couldn't find file 'r_bofoot.vtp'.
[2025-10-22 13:28:30.460] [warning] Couldn't find file 'l_femur.vtp'.
[2025-10-22 13:28:30.461] [warning] Couldn't find file 'l_tibia.vtp'.
[2025-10-22 13:28:30.461] [warning] Couldn't find file 'l_fibula.vtp'.
[2025-10-22 13:28:30.461] [warning] Couldn't find file 'l_patella.vtp'.
[2025-10-22 13:28:30.462] [warning] Couldn't find file 'l_talus.vtp'.
[2025-10-22 13:28:30.462] [warning] Couldn't find file 'l_foot.vtp'.
[2025-10-22 13:28:30.462] [warning] Couldn't find file 'l_bofoot.vtp'.
[2025-10-22 13:28:30.462] [warning] Couldn't find file 'hat_spine.vtp'.
[2025-10-22 13:28:30.463] [warning] Couldn't find file 'hat_jaw.vtp'.
[2025-10-22 13:28:30.463] [warning] Couldn't find file 'hat_skull.vtp'.
[2025-10-22 13:28:30.463] [warning] Couldn't find file 'hat_ribs_scap.vtp'.
[2025-10-22 13:28:30.464] [warning] Couldn't find file 'humerus_rv.vtp'.
[2025-10-22 13:28:30.464] [warning] Couldn't find file 'ulna_rv.vtp'.
[2025-10-22 13:28:30.464] [warning] Couldn't find file 'radius_rv.vtp'.
[2025-10-22 13:28:30.464] [warning] Couldn't find file 'pisiform_rvs.vtp'.
[2025-10-22 13:28:30.464] [warning] Couldn't find file 'lunate_rvs.vtp'.
[2025-10-22 13:28:30.464] [warning] Couldn't find file 'scaphoid_rvs.vtp'.
[2025-10-22 13:28:30.465] [warning] Couldn't find file 'triquetrum_rvs.vtp'.
[2025-10-22 13:28:30.465] [warning] Couldn't find file 'hamate_rvs.vtp'.
[2025-10-22 13:28:30.465] [warning] Couldn't find file 'capitate_rvs.vtp'.
[2025-10-22 13:28:30.465] [warning] Couldn't find file 'trapezoid_rvs.vtp'.
[2025-10-22 13:28:30.465] [warning] Couldn't find file 'trapezium_rvs.vtp'.
[2025-10-22 13:28:30.465] [warning] Couldn't find file 'metacarpal2_rvs.vtp'.
[2025-10-22 13:28:30.465] [warning] Couldn't find file 'index_proximal_rvs.vtp'.
[2025-10-22 13:28:30.466] [warning] Couldn't find file 'index_medial_rvs.vtp'.
[2025-10-22 13:28:30.466] [warning] Couldn't find file 'index_distal_rvs.vtp'.
[2025-10-22 13:28:30.466] [warning] Couldn't find file 'metacarpal3_rvs.vtp'.
[2025-10-22 13:28:30.466] [warning] Couldn't find file 'middle_proximal_rvs.vtp'.
[2025-10-22 13:28:30.466] [warning] Couldn't find file 'middle_medial_rvs.vtp'.
[2025-10-22 13:28:30.466] [warning] Couldn't find file 'middle_distal_rvs.vtp'.
[2025-10-22 13:28:30.466] [warning] Couldn't find file 'metacarpal4_rvs.vtp'.
[2025-10-22 13:28:30.467] [warning] Couldn't find file 'ring_proximal_rvs.vtp'.
[2025-10-22 13:28:30.467] [warning] Couldn't find file 'ring_medial_rvs.vtp'.
[2025-10-22 13:28:30.467] [warning] Couldn't find file 'ring_distal_rvs.vtp'.
[2025-10-22 13:28:30.467] [warning] Couldn't find file 'metacarpal5_rvs.vtp'.
[2025-10-22 13:28:30.467] [warning] Couldn't find file 'little_proximal_rvs.vtp'.
[2025-10-22 13:28:30.467] [warning] Couldn't find file 'little_medial_rvs.vtp'.
[2025-10-22 13:28:30.468] [warning] Couldn't find file 'little_distal_rvs.vtp'.
[2025-10-22 13:28:30.468] [warning] Couldn't find file 'metacarpal1_rvs.vtp'.
[2025-10-22 13:28:30.468] [warning] Couldn't find file 'thumb_proximal_rvs.vtp'.
[2025-10-22 13:28:30.468] [warning] Couldn't find file 'thumb_distal_rvs.vtp'.
[2025-10-22 13:28:30.468] [warning] Couldn't find file 'humerus_lv.vtp'.
[2025-10-22 13:28:30.468] [warning] Couldn't find file 'ulna_lv.vtp'.
[2025-10-22 13:28:30.468] [warning] Couldn't find file 'radius_lv.vtp'.
[2025-10-22 13:28:30.469] [warning] Couldn't find file 'pisiform_lvs.vtp'.
[2025-10-22 13:28:30.469] [warning] Couldn't find file 'lunate_lvs.vtp'.
[2025-10-22 13:28:30.469] [warning] Couldn't find file 'scaphoid_lvs.vtp'.
[2025-10-22 13:28:30.469] [warning] Couldn't find file 'triquetrum_lvs.vtp'.
[2025-10-22 13:28:30.469] [warning] Couldn't find file 'hamate_lvs.vtp'.
[2025-10-22 13:28:30.469] [warning] Couldn't find file 'capitate_lvs.vtp'.
[2025-10-22 13:28:30.469] [warning] Couldn't find file 'trapezoid_lvs.vtp'.
[2025-10-22 13:28:30.470] [warning] Couldn't find file 'trapezium_lvs.vtp'.
[2025-10-22 13:28:30.470] [warning] Couldn't find file 'metacarpal2_lvs.vtp'.
[2025-10-22 13:28:30.470] [warning] Couldn't find file 'index_proximal_lvs.vtp'.
[2025-10-22 13:28:30.470] [warning] Couldn't find file 'index_medial_lvs.vtp'.
[2025-10-22 13:28:30.470] [warning] Couldn't find file 'index_distal_lvs.vtp'.
[2025-10-22 13:28:30.470] [warning] Couldn't find file 'metacarpal3_lvs.vtp'.
[2025-10-22 13:28:30.470] [warning] Couldn't find file 'middle_proximal_lvs.vtp'.
[2025-10-22 13:28:30.471] [warning] Couldn't find file 'middle_medial_lvs.vtp'.
[2025-10-22 13:28:30.471] [warning] Couldn't find file 'middle_distal_lvs.vtp'.
[2025-10-22 13:28:30.471] [warning] Couldn't find file 'metacarpal4_lvs.vtp'.
[2025-10-22 13:28:30.471] [warning] Couldn't find file 'ring_proximal_lvs.vtp'.
[2025-10-22 13:28:30.471] [warning] Couldn't find file 'ring_medial_lvs.vtp'.
[2025-10-22 13:28:30.471] [warning] Couldn't find file 'ring_distal_lvs.vtp'.
[2025-10-22 13:28:30.471] [warning] Couldn't find file 'metacarpal5_lvs.vtp'.
[2025-10-22 13:28:30.472] [warning] Couldn't find file 'little_proximal_lvs.vtp'.
[2025-10-22 13:28:30.472] [warning] Couldn't find file 'little_medial_lvs.vtp'.
[2025-10-22 13:28:30.472] [warning] Couldn't find file 'little_distal_lvs.vtp'.
[2025-10-22 13:28:30.472] [warning] Couldn't find file 'metacarpal1_lvs.vtp'.
[2025-10-22 13:28:30.472] [warning] Couldn't find file 'thumb_proximal_lvs.vtp'.
[2025-10-22 13:28:30.472] [warning] Couldn't find file 'thumb_distal_lvs.vtp'.
[2025-10-22 13:28:53.142] [info] Loaded model Athlete_03 from file C:\Git\1_current_projects\powerlifing_model\simulations\Athlete_03\25_03_31\model_scaled.osim
[2025-10-22 13:28:53.144] [warning] Couldn't find file 'r_pelvis.vtp'.
[2025-10-22 13:28:53.144] [warning] Couldn't find file 'l_pelvis.vtp'.
[2025-10-22 13:28:53.144] [warning] Couldn't find file 'sacrum.vtp'.
[2025-10-22 13:28:53.144] [warning] Couldn't find file 'r_femur.vtp'.
[2025-10-22 13:28:53.145] [warning] Couldn't find file 'r_tibia.vtp'.
[2025-10-22 13:28:53.145] [warning] Couldn't find file 'r_fibula.vtp'.
[2025-10-22 13:28:53.145] [warning] Couldn't find file 'r_patella.vtp'.
[2025-10-22 13:28:53.146] [warning] Couldn't find file 'r_talus.vtp'.
[2025-10-22 13:28:53.146] [warning] Couldn't find file 'r_foot.vtp'.
[2025-10-22 13:28:53.146] [warning] Couldn't find file 'r_bofoot.vtp'.
[2025-10-22 13:28:53.147] [warning] Couldn't find file 'l_femur.vtp'.
[2025-10-22 13:28:53.147] [warning] Couldn't find file 'l_tibia.vtp'.
[2025-10-22 13:28:53.147] [warning] Couldn't find file 'l_fibula.vtp'.
[2025-10-22 13:28:53.147] [warning] Couldn't find file 'l_patella.vtp'.
[2025-10-22 13:28:53.147] [warning] Couldn't find file 'l_talus.vtp'.
[2025-10-22 13:28:53.148] [warning] Couldn't find file 'l_foot.vtp'.
[2025-10-22 13:28:53.148] [warning] Couldn't find file 'l_bofoot.vtp'.
[2025-10-22 13:28:53.148] [warning] Couldn't find file 'hat_spine.vtp'.
[2025-10-22 13:28:53.148] [warning] Couldn't find file 'hat_jaw.vtp'.
[2025-10-22 13:28:53.148] [warning] Couldn't find file 'hat_skull.vtp'.
[2025-10-22 13:28:53.149] [warning] Couldn't find file 'hat_ribs_scap.vtp'.
[2025-10-22 13:28:53.149] [warning] Couldn't find file 'humerus_rv.vtp'.
[2025-10-22 13:28:53.149] [warning] Couldn't find file 'ulna_rv.vtp'.
[2025-10-22 13:28:53.149] [warning] Couldn't find file 'radius_rv.vtp'.
[2025-10-22 13:28:53.150] [warning] Couldn't find file 'pisiform_rvs.vtp'.
[2025-10-22 13:28:53.150] [warning] Couldn't find file 'lunate_rvs.vtp'.
[2025-10-22 13:28:53.150] [warning] Couldn't find file 'scaphoid_rvs.vtp'.
[2025-10-22 13:28:53.150] [warning] Couldn't find file 'triquetrum_rvs.vtp'.
[2025-10-22 13:28:53.150] [warning] Couldn't find file 'hamate_rvs.vtp'.
[2025-10-22 13:28:53.151] [warning] Couldn't find file 'capitate_rvs.vtp'.
[2025-10-22 13:28:53.151] [warning] Couldn't find file 'trapezoid_rvs.vtp'.
[2025-10-22 13:28:53.151] [warning] Couldn't find file 'trapezium_rvs.vtp'.
[2025-10-22 13:28:53.151] [warning] Couldn't find file 'metacarpal2_rvs.vtp'.
[2025-10-22 13:28:53.151] [warning] Couldn't find file 'index_proximal_rvs.vtp'.
[2025-10-22 13:28:53.152] [warning] Couldn't find file 'index_medial_rvs.vtp'.
[2025-10-22 13:28:53.152] [warning] Couldn't find file 'index_distal_rvs.vtp'.
[2025-10-22 13:28:53.152] [warning] Couldn't find file 'metacarpal3_rvs.vtp'.
[2025-10-22 13:28:53.152] [warning] Couldn't find file 'middle_proximal_rvs.vtp'.
[2025-10-22 13:28:53.152] [warning] Couldn't find file 'middle_medial_rvs.vtp'.
[2025-10-22 13:28:53.152] [warning] Couldn't find file 'middle_distal_rvs.vtp'.
[2025-10-22 13:28:53.153] [warning] Couldn't find file 'metacarpal4_rvs.vtp'.
[2025-10-22 13:28:53.153] [warning] Couldn't find file 'ring_proximal_rvs.vtp'.
[2025-10-22 13:28:53.153] [warning] Couldn't find file 'ring_medial_rvs.vtp'.
[2025-10-22 13:28:53.153] [warning] Couldn't find file 'ring_distal_rvs.vtp'.
[2025-10-22 13:28:53.153] [warning] Couldn't find file 'metacarpal5_rvs.vtp'.
[2025-10-22 13:28:53.153] [warning] Couldn't find file 'little_proximal_rvs.vtp'.
[2025-10-22 13:28:53.153] [warning] Couldn't find file 'little_medial_rvs.vtp'.
[2025-10-22 13:28:53.153] [warning] Couldn't find file 'little_distal_rvs.vtp'.
[2025-10-22 13:28:53.154] [warning] Couldn't find file 'metacarpal1_rvs.vtp'.
[2025-10-22 13:28:53.154] [warning] Couldn't find file 'thumb_proximal_rvs.vtp'.
[2025-10-22 13:28:53.154] [warning] Couldn't find file 'thumb_distal_rvs.vtp'.
[2025-10-22 13:28:53.154] [warning] Couldn't find file 'humerus_lv.vtp'.
[2025-10-22 13:28:53.154] [warning] Couldn't find file 'ulna_lv.vtp'.
[2025-10-22 13:28:53.154] [warning] Couldn't find file 'radius_lv.vtp'.
[2025-10-22 13:28:53.155] [warning] Couldn't find file 'pisiform_lvs.vtp'.
[2025-10-22 13:28:53.155] [warning] Couldn't find file 'lunate_lvs.vtp'.
[2025-10-22 13:28:53.155] [warning] Couldn't find file 'scaphoid_lvs.vtp'.
[2025-10-22 13:28:53.155] [warning] Couldn't find file 'triquetrum_lvs.vtp'.
[2025-10-22 13:28:53.155] [warning] Couldn't find file 'hamate_lvs.vtp'.
[2025-10-22 13:28:53.155] [warning] Couldn't find file 'capitate_lvs.vtp'.
[2025-10-22 13:28:53.155] [warning] Couldn't find file 'trapezoid_lvs.vtp'.
[2025-10-22 13:28:53.155] [warning] Couldn't find file 'trapezium_lvs.vtp'.
[2025-10-22 13:28:53.156] [warning] Couldn't find file 'metacarpal2_lvs.vtp'.
[2025-10-22 13:28:53.156] [warning] Couldn't find file 'index_proximal_lvs.vtp'.
[2025-10-22 13:28:53.156] [warning] Couldn't find file 'index_medial_lvs.vtp'.
[2025-10-22 13:28:53.156] [warning] Couldn't find file 'index_distal_lvs.vtp'.
[2025-10-22 13:28:53.156] [warning] Couldn't find file 'metacarpal3_lvs.vtp'.
[2025-10-22 13:28:53.156] [warning] Couldn't find file 'middle_proximal_lvs.vtp'.
[2025-10-22 13:28:53.156] [warning] Couldn't find file 'middle_medial_lvs.vtp'.
[2025-10-22 13:28:53.157] [warning] Couldn't find file 'middle_distal_lvs.vtp'.
[2025-10-22 13:28:53.157] [warning] Couldn't find file 'metacarpal4_lvs.vtp'.
[2025-10-22 13:28:53.157] [warning] Couldn't find file 'ring_proximal_lvs.vtp'.
[2025-10-22 13:28:53.157] [warning] Couldn't find file 'ring_medial_lvs.vtp'.
[2025-10-22 13:28:53.157] [warning] Couldn't find file 'ring_distal_lvs.vtp'.
[2025-10-22 13:28:53.157] [warning] Couldn't find file 'metacarpal5_lvs.vtp'.
[2025-10-22 13:28:53.157] [warning] Couldn't find file 'little_proximal_lvs.vtp'.
[2025-10-22 13:28:53.157] [warning] Couldn't find file 'little_medial_lvs.vtp'.
[2025-10-22 13:28:53.158] [warning] Couldn't find file 'little_distal_lvs.vtp'.
[2025-10-22 13:28:53.158] [warning] Couldn't find file 'metacarpal1_lvs.vtp'.
[2025-10-22 13:28:53.158] [warning] Couldn't find file 'thumb_proximal_lvs.vtp'.
[2025-10-22 13:28:53.158] [warning] Couldn't find file 'thumb_distal_lvs.vtp'.
[2025-10-22 13:31:30.132] [info] Loaded model Athlete_03 from file C:\Git\1_current_projects\powerlifing_model\simulations\Athlete_03\25_03_31\model_scaled.osim
[2025-10-22 13:31:30.133] [warning] Couldn't find file 'r_pelvis.vtp'.
[2025-10-22 13:31:30.134] [warning] Couldn't find file 'l_pelvis.vtp'.
[2025-10-22 13:31:30.134] [warning] Couldn't find file 'sacrum.vtp'.
[2025-10-22 13:31:30.135] [warning] Couldn't find file 'r_femur.vtp'.
[2025-10-22 13:31:30.135] [warning] Couldn't find file 'r_tibia.vtp'.
[2025-10-22 13:31:30.135] [warning] Couldn't find file 'r_fibula.vtp'.
[2025-10-22 13:31:30.136] [warning] Couldn't find file 'r_patella.vtp'.
[2025-10-22 13:31:30.136] [warning] Couldn't find file 'r_talus.vtp'.
[2025-10-22 13:31:30.136] [warning] Couldn't find file 'r_foot.vtp'.
[2025-10-22 13:31:30.136] [warning] Couldn't find file 'r_bofoot.vtp'.
[2025-10-22 13:31:30.137] [warning] Couldn't find file 'l_femur.vtp'.
[2025-10-22 13:31:30.137] [warning] Couldn't find file 'l_tibia.vtp'.
[2025-10-22 13:31:30.137] [warning] Couldn't find file 'l_fibula.vtp'.
[2025-10-22 13:31:30.137] [warning] Couldn't find file 'l_patella.vtp'.
[2025-10-22 13:31:30.137] [warning] Couldn't find file 'l_talus.vtp'.
[2025-10-22 13:31:30.137] [warning] Couldn't find file 'l_foot.vtp'.
[2025-10-22 13:31:30.138] [warning] Couldn't find file 'l_bofoot.vtp'.
[2025-10-22 13:31:30.138] [warning] Couldn't find file 'hat_spine.vtp'.
[2025-10-22 13:31:30.138] [warning] Couldn't find file 'hat_jaw.vtp'.
[2025-10-22 13:31:30.138] [warning] Couldn't find file 'hat_skull.vtp'.
[2025-10-22 13:31:30.138] [warning] Couldn't find file 'hat_ribs_scap.vtp'.
[2025-10-22 13:31:30.138] [warning] Couldn't find file 'humerus_rv.vtp'.
[2025-10-22 13:31:30.139] [warning] Couldn't find file 'ulna_rv.vtp'.
[2025-10-22 13:31:30.139] [warning] Couldn't find file 'radius_rv.vtp'.
[2025-10-22 13:31:30.139] [warning] Couldn't find file 'pisiform_rvs.vtp'.
[2025-10-22 13:31:30.140] [warning] Couldn't find file 'lunate_rvs.vtp'.
[2025-10-22 13:31:30.140] [warning] Couldn't find file 'scaphoid_rvs.vtp'.
[2025-10-22 13:31:30.140] [warning] Couldn't find file 'triquetrum_rvs.vtp'.
[2025-10-22 13:31:30.140] [warning] Couldn't find file 'hamate_rvs.vtp'.
[2025-10-22 13:31:30.140] [warning] Couldn't find file 'capitate_rvs.vtp'.
[2025-10-22 13:31:30.140] [warning] Couldn't find file 'trapezoid_rvs.vtp'.
[2025-10-22 13:31:30.141] [warning] Couldn't find file 'trapezium_rvs.vtp'.
[2025-10-22 13:31:30.141] [warning] Couldn't find file 'metacarpal2_rvs.vtp'.
[2025-10-22 13:31:30.141] [warning] Couldn't find file 'index_proximal_rvs.vtp'.
[2025-10-22 13:31:30.141] [warning] Couldn't find file 'index_medial_rvs.vtp'.
[2025-10-22 13:31:30.141] [warning] Couldn't find file 'index_distal_rvs.vtp'.
[2025-10-22 13:31:30.142] [warning] Couldn't find file 'metacarpal3_rvs.vtp'.
[2025-10-22 13:31:30.142] [warning] Couldn't find file 'middle_proximal_rvs.vtp'.
[2025-10-22 13:31:30.143] [warning] Couldn't find file 'middle_medial_rvs.vtp'.
[2025-10-22 13:31:30.143] [warning] Couldn't find file 'middle_distal_rvs.vtp'.
[2025-10-22 13:31:30.143] [warning] Couldn't find file 'metacarpal4_rvs.vtp'.
[2025-10-22 13:31:30.143] [warning] Couldn't find file 'ring_proximal_rvs.vtp'.
[2025-10-22 13:31:30.144] [warning] Couldn't find file 'ring_medial_rvs.vtp'.
[2025-10-22 13:31:30.144] [warning] Couldn't find file 'ring_distal_rvs.vtp'.
[2025-10-22 13:31:30.144] [warning] Couldn't find file 'metacarpal5_rvs.vtp'.
[2025-10-22 13:31:30.144] [warning] Couldn't find file 'little_proximal_rvs.vtp'.
[2025-10-22 13:31:30.144] [warning] Couldn't find file 'little_medial_rvs.vtp'.
[2025-10-22 13:31:30.145] [warning] Couldn't find file 'little_distal_rvs.vtp'.
[2025-10-22 13:31:30.145] [warning] Couldn't find file 'metacarpal1_rvs.vtp'.
[2025-10-22 13:31:30.145] [warning] Couldn't find file 'thumb_proximal_rvs.vtp'.
[2025-10-22 13:31:30.145] [warning] Couldn't find file 'thumb_distal_rvs.vtp'.
[2025-10-22 13:31:30.146] [warning] Couldn't find file 'humerus_lv.vtp'.
[2025-10-22 13:31:30.146] [warning] Couldn't find file 'ulna_lv.vtp'.
[2025-10-22 13:31:30.146] [warning] Couldn't find file 'radius_lv.vtp'.
[2025-10-22 13:31:30.146] [warning] Couldn't find file 'pisiform_lvs.vtp'.
[2025-10-22 13:31:30.147] [warning] Couldn't find file 'lunate_lvs.vtp'.
[2025-10-22 13:31:30.147] [warning] Couldn't find file 'scaphoid_lvs.vtp'.
[2025-10-22 13:31:30.147] [warning] Couldn't find file 'triquetrum_lvs.vtp'.
[2025-10-22 13:31:30.147] [warning] Couldn't find file 'hamate_lvs.vtp'.
[2025-10-22 13:31:30.147] [warning] Couldn't find file 'capitate_lvs.vtp'.
[2025-10-22 13:31:30.147] [warning] Couldn't find file 'trapezoid_lvs.vtp'.
[2025-10-22 13:31:30.148] [warning] Couldn't find file 'trapezium_lvs.vtp'.
[2025-10-22 13:31:30.148] [warning] Couldn't find file 'metacarpal2_lvs.vtp'.
[2025-10-22 13:31:30.148] [warning] Couldn't find file 'index_proximal_lvs.vtp'.
[2025-10-22 13:31:30.148] [warning] Couldn't find file 'index_medial_lvs.vtp'.
[2025-10-22 13:31:30.149] [warning] Couldn't find file 'index_distal_lvs.vtp'.
[2025-10-22 13:31:30.149] [warning] Couldn't find file 'metacarpal3_lvs.vtp'.
[2025-10-22 13:31:30.149] [warning] Couldn't find file 'middle_proximal_lvs.vtp'.
[2025-10-22 13:31:30.149] [warning] Couldn't find file 'middle_medial_lvs.vtp'.
[2025-10-22 13:31:30.150] [warning] Couldn't find file 'middle_distal_lvs.vtp'.
[2025-10-22 13:31:30.150] [warning] Couldn't find file 'metacarpal4_lvs.vtp'.
[2025-10-22 13:31:30.150] [warning] Couldn't find file 'ring_proximal_lvs.vtp'.
[2025-10-22 13:31:30.150] [warning] Couldn't find file 'ring_medial_lvs.vtp'.
[2025-10-22 13:31:30.150] [warning] Couldn't find file 'ring_distal_lvs.vtp'.
[2025-10-22 13:31:30.151] [warning] Couldn't find file 'metacarpal5_lvs.vtp'.
[2025-10-22 13:31:30.151] [warning] Couldn't find file 'little_proximal_lvs.vtp'.
[2025-10-22 13:31:30.151] [warning] Couldn't find file 'little_medial_lvs.vtp'.
[2025-10-22 13:31:30.151] [warning] Couldn't find file 'little_distal_lvs.vtp'.
[2025-10-22 13:31:30.151] [warning] Couldn't find file 'metacarpal1_lvs.vtp'.
[2025-10-22 13:31:30.152] [warning] Couldn't find file 'thumb_proximal_lvs.vtp'.
[2025-10-22 13:31:30.152] [warning] Couldn't find file 'thumb_distal_lvs.vtp'.
[2025-10-22 13:33:06.603] [info] Loaded model Athlete_03 from file C:\Git\1_current_projects\powerlifing_model\simulations\Athlete_03\25_03_31\model_scaled.osim
[2025-10-22 13:33:06.604] [warning] Couldn't find file 'r_pelvis.vtp'.
[2025-10-22 13:33:06.604] [warning] Couldn't find file 'l_pelvis.vtp'.
[2025-10-22 13:33:06.604] [warning] Couldn't find file 'sacrum.vtp'.
[2025-10-22 13:33:06.605] [warning] Couldn't find file 'r_femur.vtp'.
[2025-10-22 13:33:06.605] [warning] Couldn't find file 'r_tibia.vtp'.
[2025-10-22 13:33:06.605] [warning] Couldn't find file 'r_fibula.vtp'.
[2025-10-22 13:33:06.606] [warning] Couldn't find file 'r_patella.vtp'.
[2025-10-22 13:33:06.606] [warning] Couldn't find file 'r_talus.vtp'.
[2025-10-22 13:33:06.606] [warning] Couldn't find file 'r_foot.vtp'.
[2025-10-22 13:33:06.606] [warning] Couldn't find file 'r_bofoot.vtp'.
[2025-10-22 13:33:06.607] [warning] Couldn't find file 'l_femur.vtp'.
[2025-10-22 13:33:06.607] [warning] Couldn't find file 'l_tibia.vtp'.
[2025-10-22 13:33:06.607] [warning] Couldn't find file 'l_fibula.vtp'.
[2025-10-22 13:33:06.607] [warning] Couldn't find file 'l_patella.vtp'.
[2025-10-22 13:33:06.608] [warning] Couldn't find file 'l_talus.vtp'.
[2025-10-22 13:33:06.608] [warning] Couldn't find file 'l_foot.vtp'.
[2025-10-22 13:33:06.608] [warning] Couldn't find file 'l_bofoot.vtp'.
[2025-10-22 13:33:06.608] [warning] Couldn't find file 'hat_spine.vtp'.
[2025-10-22 13:33:06.608] [warning] Couldn't find file 'hat_jaw.vtp'.
[2025-10-22 13:33:06.609] [warning] Couldn't find file 'hat_skull.vtp'.
[2025-10-22 13:33:06.609] [warning] Couldn't find file 'hat_ribs_scap.vtp'.
[2025-10-22 13:33:06.609] [warning] Couldn't find file 'humerus_rv.vtp'.
[2025-10-22 13:33:06.609] [warning] Couldn't find file 'ulna_rv.vtp'.
[2025-10-22 13:33:06.609] [warning] Couldn't find file 'radius_rv.vtp'.
[2025-10-22 13:33:06.610] [warning] Couldn't find file 'pisiform_rvs.vtp'.
[2025-10-22 13:33:06.610] [warning] Couldn't find file 'lunate_rvs.vtp'.
[2025-10-22 13:33:06.610] [warning] Couldn't find file 'scaphoid_rvs.vtp'.
[2025-10-22 13:33:06.610] [warning] Couldn't find file 'triquetrum_rvs.vtp'.
[2025-10-22 13:33:06.610] [warning] Couldn't find file 'hamate_rvs.vtp'.
[2025-10-22 13:33:06.610] [warning] Couldn't find file 'capitate_rvs.vtp'.
[2025-10-22 13:33:06.610] [warning] Couldn't find file 'trapezoid_rvs.vtp'.
[2025-10-22 13:33:06.611] [warning] Couldn't find file 'trapezium_rvs.vtp'.
[2025-10-22 13:33:06.611] [warning] Couldn't find file 'metacarpal2_rvs.vtp'.
[2025-10-22 13:33:06.611] [warning] Couldn't find file 'index_proximal_rvs.vtp'.
[2025-10-22 13:33:06.611] [warning] Couldn't find file 'index_medial_rvs.vtp'.
[2025-10-22 13:33:06.611] [warning] Couldn't find file 'index_distal_rvs.vtp'.
[2025-10-22 13:33:06.611] [warning] Couldn't find file 'metacarpal3_rvs.vtp'.
[2025-10-22 13:33:06.612] [warning] Couldn't find file 'middle_proximal_rvs.vtp'.
[2025-10-22 13:33:06.612] [warning] Couldn't find file 'middle_medial_rvs.vtp'.
[2025-10-22 13:33:06.612] [warning] Couldn't find file 'middle_distal_rvs.vtp'.
[2025-10-22 13:33:06.612] [warning] Couldn't find file 'metacarpal4_rvs.vtp'.
[2025-10-22 13:33:06.612] [warning] Couldn't find file 'ring_proximal_rvs.vtp'.
[2025-10-22 13:33:06.612] [warning] Couldn't find file 'ring_medial_rvs.vtp'.
[2025-10-22 13:33:06.612] [warning] Couldn't find file 'ring_distal_rvs.vtp'.
[2025-10-22 13:33:06.612] [warning] Couldn't find file 'metacarpal5_rvs.vtp'.
[2025-10-22 13:33:06.613] [warning] Couldn't find file 'little_proximal_rvs.vtp'.
[2025-10-22 13:33:06.613] [warning] Couldn't find file 'little_medial_rvs.vtp'.
[2025-10-22 13:33:06.613] [warning] Couldn't find file 'little_distal_rvs.vtp'.
[2025-10-22 13:33:06.613] [warning] Couldn't find file 'metacarpal1_rvs.vtp'.
[2025-10-22 13:33:06.613] [warning] Couldn't find file 'thumb_proximal_rvs.vtp'.
[2025-10-22 13:33:06.613] [warning] Couldn't find file 'thumb_distal_rvs.vtp'.
[2025-10-22 13:33:06.613] [warning] Couldn't find file 'humerus_lv.vtp'.
[2025-10-22 13:33:06.614] [warning] Couldn't find file 'ulna_lv.vtp'.
[2025-10-22 13:33:06.614] [warning] Couldn't find file 'radius_lv.vtp'.
[2025-10-22 13:33:06.614] [warning] Couldn't find file 'pisiform_lvs.vtp'.
[2025-10-22 13:33:06.614] [warning] Couldn't find file 'lunate_lvs.vtp'.
[2025-10-22 13:33:06.614] [warning] Couldn't find file 'scaphoid_lvs.vtp'.
[2025-10-22 13:33:06.614] [warning] Couldn't find file 'triquetrum_lvs.vtp'.
[2025-10-22 13:33:06.615] [warning] Couldn't find file 'hamate_lvs.vtp'.
[2025-10-22 13:33:06.615] [warning] Couldn't find file 'capitate_lvs.vtp'.
[2025-10-22 13:33:06.615] [warning] Couldn't find file 'trapezoid_lvs.vtp'.
[2025-10-22 13:33:06.615] [warning] Couldn't find file 'trapezium_lvs.vtp'.
[2025-10-22 13:33:06.615] [warning] Couldn't find file 'metacarpal2_lvs.vtp'.
[2025-10-22 13:33:06.615] [warning] Couldn't find file 'index_proximal_lvs.vtp'.
[2025-10-22 13:33:06.615] [warning] Couldn't find file 'index_medial_lvs.vtp'.
[2025-10-22 13:33:06.616] [warning] Couldn't find file 'index_distal_lvs.vtp'.
[2025-10-22 13:33:06.616] [warning] Couldn't find file 'metacarpal3_lvs.vtp'.
[2025-10-22 13:33:06.616] [warning] Couldn't find file 'middle_proximal_lvs.vtp'.
[2025-10-22 13:33:06.616] [warning] Couldn't find file 'middle_medial_lvs.vtp'.
[2025-10-22 13:33:06.616] [warning] Couldn't find file 'middle_distal_lvs.vtp'.
[2025-10-22 13:33:06.616] [warning] Couldn't find file 'metacarpal4_lvs.vtp'.
[2025-10-22 13:33:06.616] [warning] Couldn't find file 'ring_proximal_lvs.vtp'.
[2025-10-22 13:33:06.616] [warning] Couldn't find file 'ring_medial_lvs.vtp'.
[2025-10-22 13:33:06.617] [warning] Couldn't find file 'ring_distal_lvs.vtp'.
[2025-10-22 13:33:06.617] [warning] Couldn't find file 'metacarpal5_lvs.vtp'.
[2025-10-22 13:33:06.617] [warning] Couldn't find file 'little_proximal_lvs.vtp'.
[2025-10-22 13:33:06.617] [warning] Couldn't find file 'little_medial_lvs.vtp'.
[2025-10-22 13:33:06.617] [warning] Couldn't find file 'little_distal_lvs.vtp'.
[2025-10-22 13:33:06.617] [warning] Couldn't find file 'metacarpal1_lvs.vtp'.
[2025-10-22 13:33:06.617] [warning] Couldn't find file 'thumb_proximal_lvs.vtp'.
[2025-10-22 13:33:06.618] [warning] Couldn't find file 'thumb_distal_lvs.vtp'.
[2025-10-22 14:53:11.768] [info] Loaded model Athlete_03 from file C:\Git\1_current_projects\powerlifing_model\simulations\Athlete_03\25_03_31\model_scaled.osim
[2025-10-22 14:53:11.776] [warning] Couldn't find file 'r_pelvis.vtp'.
[2025-10-22 14:53:11.777] [warning] Couldn't find file 'l_pelvis.vtp'.
[2025-10-22 14:53:11.777] [warning] Couldn't find file 'sacrum.vtp'.
[2025-10-22 14:53:11.777] [warning] Couldn't find file 'r_femur.vtp'.
[2025-10-22 14:53:11.778] [warning] Couldn't find file 'r_tibia.vtp'.
[2025-10-22 14:53:11.778] [warning] Couldn't find file 'r_fibula.vtp'.
[2025-10-22 14:53:11.778] [warning] Couldn't find file 'r_patella.vtp'.
[2025-10-22 14:53:11.778] [warning] Couldn't find file 'r_talus.vtp'.
[2025-10-22 14:53:11.779] [warning] Couldn't find file 'r_foot.vtp'.
[2025-10-22 14:53:11.779] [warning] Couldn't find file 'r_bofoot.vtp'.
[2025-10-22 14:53:11.779] [warning] Couldn't find file 'l_femur.vtp'.
[2025-10-22 14:53:11.779] [warning] Couldn't find file 'l_tibia.vtp'.
[2025-10-22 14:53:11.779] [warning] Couldn't find file 'l_fibula.vtp'.
[2025-10-22 14:53:11.780] [warning] Couldn't find file 'l_patella.vtp'.
[2025-10-22 14:53:11.780] [warning] Couldn't find file 'l_talus.vtp'.
[2025-10-22 14:53:11.780] [warning] Couldn't find file 'l_foot.vtp'.
[2025-10-22 14:53:11.780] [warning] Couldn't find file 'l_bofoot.vtp'.
[2025-10-22 14:53:11.781] [warning] Couldn't find file 'hat_spine.vtp'.
[2025-10-22 14:53:11.781] [warning] Couldn't find file 'hat_jaw.vtp'.
[2025-10-22 14:53:11.782] [warning] Couldn't find file 'hat_skull.vtp'.
[2025-10-22 14:53:11.782] [warning] Couldn't find file 'hat_ribs_scap.vtp'.
[2025-10-22 14:53:11.782] [warning] Couldn't find file 'humerus_rv.vtp'.
[2025-10-22 14:53:11.782] [warning] Couldn't find file 'ulna_rv.vtp'.
[2025-10-22 14:53:11.782] [warning] Couldn't find file 'radius_rv.vtp'.
[2025-10-22 14:53:11.783] [warning] Couldn't find file 'pisiform_rvs.vtp'.
[2025-10-22 14:53:11.783] [warning] Couldn't find file 'lunate_rvs.vtp'.
[2025-10-22 14:53:11.783] [warning] Couldn't find file 'scaphoid_rvs.vtp'.
[2025-10-22 14:53:11.783] [warning] Couldn't find file 'triquetrum_rvs.vtp'.
[2025-10-22 14:53:11.783] [warning] Couldn't find file 'hamate_rvs.vtp'.
[2025-10-22 14:53:11.784] [warning] Couldn't find file 'capitate_rvs.vtp'.
[2025-10-22 14:53:11.784] [warning] Couldn't find file 'trapezoid_rvs.vtp'.
[2025-10-22 14:53:11.784] [warning] Couldn't find file 'trapezium_rvs.vtp'.
[2025-10-22 14:53:11.784] [warning] Couldn't find file 'metacarpal2_rvs.vtp'.
[2025-10-22 14:53:11.785] [warning] Couldn't find file 'index_proximal_rvs.vtp'.
[2025-10-22 14:53:11.785] [warning] Couldn't find file 'index_medial_rvs.vtp'.
[2025-10-22 14:53:11.785] [warning] Couldn't find file 'index_distal_rvs.vtp'.
[2025-10-22 14:53:11.785] [warning] Couldn't find file 'metacarpal3_rvs.vtp'.
[2025-10-22 14:53:11.785] [warning] Couldn't find file 'middle_proximal_rvs.vtp'.
[2025-10-22 14:53:11.786] [warning] Couldn't find file 'middle_medial_rvs.vtp'.
[2025-10-22 14:53:11.786] [warning] Couldn't find file 'middle_distal_rvs.vtp'.
[2025-10-22 14:53:11.786] [warning] Couldn't find file 'metacarpal4_rvs.vtp'.
[2025-10-22 14:53:11.786] [warning] Couldn't find file 'ring_proximal_rvs.vtp'.
[2025-10-22 14:53:11.787] [warning] Couldn't find file 'ring_medial_rvs.vtp'.
[2025-10-22 14:53:11.787] [warning] Couldn't find file 'ring_distal_rvs.vtp'.
[2025-10-22 14:53:11.787] [warning] Couldn't find file 'metacarpal5_rvs.vtp'.
[2025-10-22 14:53:11.787] [warning] Couldn't find file 'little_proximal_rvs.vtp'.
[2025-10-22 14:53:11.787] [warning] Couldn't find file 'little_medial_rvs.vtp'.
[2025-10-22 14:53:11.788] [warning] Couldn't find file 'little_distal_rvs.vtp'.
[2025-10-22 14:53:11.788] [warning] Couldn't find file 'metacarpal1_rvs.vtp'.
[2025-10-22 14:53:11.788] [warning] Couldn't find file 'thumb_proximal_rvs.vtp'.
[2025-10-22 14:53:11.788] [warning] Couldn't find file 'thumb_distal_rvs.vtp'.
[2025-10-22 14:53:11.789] [warning] Couldn't find file 'humerus_lv.vtp'.
[2025-10-22 14:53:11.789] [warning] Couldn't find file 'ulna_lv.vtp'.
[2025-10-22 14:53:11.789] [warning] Couldn't find file 'radius_lv.vtp'.
[2025-10-22 14:53:11.789] [warning] Couldn't find file 'pisiform_lvs.vtp'.
[2025-10-22 14:53:11.789] [warning] Couldn't find file 'lunate_lvs.vtp'.
[2025-10-22 14:53:11.790] [warning] Couldn't find file 'scaphoid_lvs.vtp'.
[2025-10-22 14:53:11.790] [warning] Couldn't find file 'triquetrum_lvs.vtp'.
[2025-10-22 14:53:11.790] [warning] Couldn't find file 'hamate_lvs.vtp'.
[2025-10-22 14:53:11.790] [warning] Couldn't find file 'capitate_lvs.vtp'.
[2025-10-22 14:53:11.790] [warning] Couldn't find file 'trapezoid_lvs.vtp'.
[2025-10-22 14:53:11.790] [warning] Couldn't find file 'trapezium_lvs.vtp'.
[2025-10-22 14:53:11.790] [warning] Couldn't find file 'metacarpal2_lvs.vtp'.
[2025-10-22 14:53:11.791] [warning] Couldn't find file 'index_proximal_lvs.vtp'.
[2025-10-22 14:53:11.791] [warning] Couldn't find file 'index_medial_lvs.vtp'.
[2025-10-22 14:53:11.791] [warning] Couldn't find file 'index_distal_lvs.vtp'.
[2025-10-22 14:53:11.791] [warning] Couldn't find file 'metacarpal3_lvs.vtp'.
[2025-10-22 14:53:11.791] [warning] Couldn't find file 'middle_proximal_lvs.vtp'.
[2025-10-22 14:53:11.791] [warning] Couldn't find file 'middle_medial_lvs.vtp'.
[2025-10-22 14:53:11.791] [warning] Couldn't find file 'middle_distal_lvs.vtp'.
[2025-10-22 14:53:11.792] [warning] Couldn't find file 'metacarpal4_lvs.vtp'.
[2025-10-22 14:53:11.792] [warning] Couldn't find file 'ring_proximal_lvs.vtp'.
[2025-10-22 14:53:11.792] [warning] Couldn't find file 'ring_medial_lvs.vtp'.
[2025-10-22 14:53:11.792] [warning] Couldn't find file 'ring_distal_lvs.vtp'.
[2025-10-22 14:53:11.792] [warning] Couldn't find file 'metacarpal5_lvs.vtp'.
[2025-10-22 14:53:11.792] [warning] Couldn't find file 'little_proximal_lvs.vtp'.
[2025-10-22 14:53:11.792] [warning] Couldn't find file 'little_medial_lvs.vtp'.
[2025-10-22 14:53:11.793] [warning] Couldn't find file 'little_distal_lvs.vtp'.
[2025-10-22 14:53:11.793] [warning] Couldn't find file 'metacarpal1_lvs.vtp'.
[2025-10-22 14:53:11.793] [warning] Couldn't find file 'thumb_proximal_lvs.vtp'.
[2025-10-22 14:53:11.793] [warning] Couldn't find file 'thumb_distal_lvs.vtp'.
