[2026-03-04 18:38:50.375] [info] Loaded model Athlete_03_scaled_opt_N10_increased_3.00 from file c:\Git\powerlifing_model_clean\simulations\Athlete_03\25_03_31\Squat_bw_02\..\..\..\..\models\Athlete_03\25_03_31\scaled_opt_N10_increased_3.00.osim
[2026-03-04 18:38:50.766] [info] Loaded model Athlete_03_Lernagopal_scaled_opt_N10_increased_3.00 from file c:\Git\powerlifing_model_clean\simulations\Athlete_03_Lernagopal\25_03_31\Squat_bw_02\..\..\..\..\models\Athlete_03_Lernagopal\25_03_31\scaled_lockedCoords_opt_N10_unlockedCoords_increased_3.00.osim
[2026-03-04 18:38:51.141] [info] Loaded model Athlete_03_Lernagopal_Catelli_opt_N10_increased_3.00 from file c:\Git\powerlifing_model_clean\simulations\Athlete_03_Lernagopal_optimised\25_03_31\Squat_bw_02\..\..\..\..\models\Athlete_03_Lernagopal_optimised\25_03_31\lernagopal_with_wrapings_scaled_opt_N10_increased_3.00.osim
[2026-03-04 18:38:51.570] [info] Loaded model Athlete_03_GPK_scaled from file c:\Git\powerlifing_model_clean\simulations\Athlete_03_GPK\25_03_31\Squat_bw_02\..\..\..\..\models\Athlete_03_GPK\25_03_31\GPK_scaled.osim
[2026-03-04 18:38:51.920] [info] Loaded model Athlete_03_MRI_Katya_scaled_opt_N10_increased_3.00 from file c:\Git\powerlifing_model_clean\simulations\Athlete_03_MRI_Katya\25_03_31\Squat_bw_02\..\..\..\..\models\Athlete_03_MRI_Katya\25_03_31\scaled_opt_N10_increased_3.00.osim
[2026-03-04 18:38:52.211] [info] Loaded model Athlete_03_Uhlrich_scaled from file c:\Git\powerlifing_model_clean\simulations\Athlete_03_Uhlrich\25_03_31\Squat_bw_02\..\..\..\..\models\Athlete_03_Uhlrich\25_03_31\scaled.osim
[2026-03-04 18:38:52.929] [info] Loaded model Athlete_03_scaled_opt_N10_increased_3.00 from file c:\Git\powerlifing_model_clean\simulations\Athlete_03\25_03_31\Squat_bw_02\..\..\..\..\models\Athlete_03\25_03_31\scaled_opt_N10_increased_3.00.osim
[2026-03-04 18:38:53.212] [info] Loaded model Athlete_03_Lernagopal_scaled_opt_N10_increased_3.00 from file c:\Git\powerlifing_model_clean\simulations\Athlete_03_Lernagopal\25_03_31\Squat_bw_02\..\..\..\..\models\Athlete_03_Lernagopal\25_03_31\scaled_lockedCoords_opt_N10_unlockedCoords_increased_3.00.osim
[2026-03-04 18:38:53.507] [info] Loaded model Athlete_03_Lernagopal_Catelli_opt_N10_increased_3.00 from file c:\Git\powerlifing_model_clean\simulations\Athlete_03_Lernagopal_optimised\25_03_31\Squat_bw_02\..\..\..\..\models\Athlete_03_Lernagopal_optimised\25_03_31\lernagopal_with_wrapings_scaled_opt_N10_increased_3.00.osim
[2026-03-04 18:38:53.807] [info] Loaded model Athlete_03_GPK_scaled from file c:\Git\powerlifing_model_clean\simulations\Athlete_03_GPK\25_03_31\Squat_bw_02\..\..\..\..\models\Athlete_03_GPK\25_03_31\GPK_scaled.osim
[2026-03-04 18:38:54.137] [info] Loaded model Athlete_03_MRI_Katya_scaled_opt_N10_increased_3.00 from file c:\Git\powerlifing_model_clean\simulations\Athlete_03_MRI_Katya\25_03_31\Squat_bw_02\..\..\..\..\models\Athlete_03_MRI_Katya\25_03_31\scaled_opt_N10_increased_3.00.osim
[2026-03-04 18:38:54.440] [info] Loaded model Athlete_03_Uhlrich_scaled from file c:\Git\powerlifing_model_clean\simulations\Athlete_03_Uhlrich\25_03_31\Squat_bw_02\..\..\..\..\models\Athlete_03_Uhlrich\25_03_31\scaled.osim
[2026-03-04 18:38:54.713] [info] Loaded model Athlete_03_scaled_opt_N10_increased_3.00 from file c:\Git\powerlifing_model_clean\simulations\Athlete_03\25_03_31\Squat_bw_02\..\..\..\..\models\Athlete_03\25_03_31\scaled_opt_N10_increased_3.00.osim
[2026-03-04 18:38:55.009] [info] Loaded model Athlete_03_Lernagopal_scaled_opt_N10_increased_3.00 from file c:\Git\powerlifing_model_clean\simulations\Athlete_03_Lernagopal\25_03_31\Squat_bw_02\..\..\..\..\models\Athlete_03_Lernagopal\25_03_31\scaled_lockedCoords_opt_N10_unlockedCoords_increased_3.00.osim
[2026-03-04 18:38:55.259] [info] Loaded model Athlete_03_Lernagopal_Catelli_opt_N10_increased_3.00 from file c:\Git\powerlifing_model_clean\simulations\Athlete_03_Lernagopal_optimised\25_03_31\Squat_bw_02\..\..\..\..\models\Athlete_03_Lernagopal_optimised\25_03_31\lernagopal_with_wrapings_scaled_opt_N10_increased_3.00.osim
[2026-03-04 18:38:55.541] [info] Loaded model Athlete_03_GPK_scaled from file c:\Git\powerlifing_model_clean\simulations\Athlete_03_GPK\25_03_31\Squat_bw_02\..\..\..\..\models\Athlete_03_GPK\25_03_31\GPK_scaled.osim
[2026-03-04 18:38:55.823] [info] Loaded model Athlete_03_MRI_Katya_scaled_opt_N10_increased_3.00 from file c:\Git\powerlifing_model_clean\simulations\Athlete_03_MRI_Katya\25_03_31\Squat_bw_02\..\..\..\..\models\Athlete_03_MRI_Katya\25_03_31\scaled_opt_N10_increased_3.00.osim
[2026-03-04 18:38:56.090] [info] Loaded model Athlete_03_Uhlrich_scaled from file c:\Git\powerlifing_model_clean\simulations\Athlete_03_Uhlrich\25_03_31\Squat_bw_02\..\..\..\..\models\Athlete_03_Uhlrich\25_03_31\scaled.osim
[2026-03-04 18:38:56.356] [info] Loaded model Athlete_03_scaled_opt_N10_increased_3.00 from file c:\Git\powerlifing_model_clean\simulations\Athlete_03\25_03_31\Squat_bw_02\..\..\..\..\models\Athlete_03\25_03_31\scaled_opt_N10_increased_3.00.osim
[2026-03-04 18:38:56.638] [info] Loaded model Athlete_03_Lernagopal_scaled_opt_N10_increased_3.00 from file c:\Git\powerlifing_model_clean\simulations\Athlete_03_Lernagopal\25_03_31\Squat_bw_02\..\..\..\..\models\Athlete_03_Lernagopal\25_03_31\scaled_lockedCoords_opt_N10_unlockedCoords_increased_3.00.osim
[2026-03-04 18:38:56.907] [info] Loaded model Athlete_03_Lernagopal_Catelli_opt_N10_increased_3.00 from file c:\Git\powerlifing_model_clean\simulations\Athlete_03_Lernagopal_optimised\25_03_31\Squat_bw_02\..\..\..\..\models\Athlete_03_Lernagopal_optimised\25_03_31\lernagopal_with_wrapings_scaled_opt_N10_increased_3.00.osim
[2026-03-04 18:38:57.149] [info] Loaded model Athlete_03_GPK_scaled from file c:\Git\powerlifing_model_clean\simulations\Athlete_03_GPK\25_03_31\Squat_bw_02\..\..\..\..\models\Athlete_03_GPK\25_03_31\GPK_scaled.osim
[2026-03-04 18:38:57.458] [info] Loaded model Athlete_03_MRI_Katya_scaled_opt_N10_increased_3.00 from file c:\Git\powerlifing_model_clean\simulations\Athlete_03_MRI_Katya\25_03_31\Squat_bw_02\..\..\..\..\models\Athlete_03_MRI_Katya\25_03_31\scaled_opt_N10_increased_3.00.osim
[2026-03-04 18:38:57.732] [info] Loaded model Athlete_03_Uhlrich_scaled from file c:\Git\powerlifing_model_clean\simulations\Athlete_03_Uhlrich\25_03_31\Squat_bw_02\..\..\..\..\models\Athlete_03_Uhlrich\25_03_31\scaled.osim
[2026-03-04 18:38:58.003] [info] Loaded model Athlete_03_scaled_opt_N10_increased_3.00 from file c:\Git\powerlifing_model_clean\simulations\Athlete_03\25_03_31\Squat_bw_02\..\..\..\..\models\Athlete_03\25_03_31\scaled_opt_N10_increased_3.00.osim
[2026-03-04 18:38:58.137] [info] Loaded model Athlete_03_Lernagopal_scaled_opt_N10_increased_3.00 from file c:\Git\powerlifing_model_clean\simulations\Athlete_03_Lernagopal\25_03_31\Squat_bw_02\..\..\..\..\models\Athlete_03_Lernagopal\25_03_31\scaled_lockedCoords_opt_N10_unlockedCoords_increased_3.00.osim
[2026-03-04 18:38:58.486] [info] Loaded model Athlete_03_Lernagopal_Catelli_opt_N10_increased_3.00 from file c:\Git\powerlifing_model_clean\simulations\Athlete_03_Lernagopal_optimised\25_03_31\Squat_bw_02\..\..\..\..\models\Athlete_03_Lernagopal_optimised\25_03_31\lernagopal_with_wrapings_scaled_opt_N10_increased_3.00.osim
[2026-03-04 18:38:58.743] [info] Loaded model Athlete_03_GPK_scaled from file c:\Git\powerlifing_model_clean\simulations\Athlete_03_GPK\25_03_31\Squat_bw_02\..\..\..\..\models\Athlete_03_GPK\25_03_31\GPK_scaled.osim
[2026-03-04 18:38:59.080] [info] Loaded model Athlete_03_MRI_Katya_scaled_opt_N10_increased_3.00 from file c:\Git\powerlifing_model_clean\simulations\Athlete_03_MRI_Katya\25_03_31\Squat_bw_02\..\..\..\..\models\Athlete_03_MRI_Katya\25_03_31\scaled_opt_N10_increased_3.00.osim
[2026-03-04 18:38:59.210] [info] Loaded model Athlete_03_Uhlrich_scaled from file c:\Git\powerlifing_model_clean\simulations\Athlete_03_Uhlrich\25_03_31\Squat_bw_02\..\..\..\..\models\Athlete_03_Uhlrich\25_03_31\scaled.osim
[2026-03-04 18:38:59.359] [info] Loaded model Athlete_03_scaled_opt_N10_increased_3.00 from file c:\Git\powerlifing_model_clean\simulations\Athlete_03\25_03_31\Squat_bw_02\..\..\..\..\models\Athlete_03\25_03_31\scaled_opt_N10_increased_3.00.osim
[2026-03-04 18:38:59.620] [info] Loaded model Athlete_03_Lernagopal_scaled_opt_N10_increased_3.00 from file c:\Git\powerlifing_model_clean\simulations\Athlete_03_Lernagopal\25_03_31\Squat_bw_02\..\..\..\..\models\Athlete_03_Lernagopal\25_03_31\scaled_lockedCoords_opt_N10_unlockedCoords_increased_3.00.osim
[2026-03-04 18:38:59.858] [info] Loaded model Athlete_03_Lernagopal_Catelli_opt_N10_increased_3.00 from file c:\Git\powerlifing_model_clean\simulations\Athlete_03_Lernagopal_optimised\25_03_31\Squat_bw_02\..\..\..\..\models\Athlete_03_Lernagopal_optimised\25_03_31\lernagopal_with_wrapings_scaled_opt_N10_increased_3.00.osim
[2026-03-04 18:39:00.130] [info] Loaded model Athlete_03_GPK_scaled from file c:\Git\powerlifing_model_clean\simulations\Athlete_03_GPK\25_03_31\Squat_bw_02\..\..\..\..\models\Athlete_03_GPK\25_03_31\GPK_scaled.osim
[2026-03-04 18:39:00.429] [info] Loaded model Athlete_03_MRI_Katya_scaled_opt_N10_increased_3.00 from file c:\Git\powerlifing_model_clean\simulations\Athlete_03_MRI_Katya\25_03_31\Squat_bw_02\..\..\..\..\models\Athlete_03_MRI_Katya\25_03_31\scaled_opt_N10_increased_3.00.osim
[2026-03-04 18:39:00.718] [info] Loaded model Athlete_03_Uhlrich_scaled from file c:\Git\powerlifing_model_clean\simulations\Athlete_03_Uhlrich\25_03_31\Squat_bw_02\..\..\..\..\models\Athlete_03_Uhlrich\25_03_31\scaled.osim
