INFO: Calculated optimized muscle parameters for addbrev_r in 31.91922402381897 seconds.
                         Lm Opt        Lts
Template model       : [0.1031, 0.035450291324676]
Optimized param      : [0.11269848 0.0201083 ]
Nr of eval points    : 966/1000 used
fval                 : 0.006621100601240899
var from template [%]: [ 9.30987456 43.27748203]%


INFO: Calculated optimized muscle parameters for addlong_r in 31.775326013565063 seconds.
                         Lm Opt        Lts
Template model       : [0.1082, 0.131799363342026]
Optimized param      : [0.11153157 0.12813693]
Nr of eval points    : 927/1000 used
fval                 : 0.007648837702567122
var from template [%]: [3.07908928 2.77879701]%


INFO: Calculated optimized muscle parameters for addmagDist_r in 31.692395210266113 seconds.
                         Lm Opt        Lts
Template model       : [0.1772, 0.0873806954617727]
Optimized param      : [0.18879986 0.07157135]
Nr of eval points    : 1000/1000 used
fval                 : 0.011856600160887538
var from template [%]: [ 6.54619883 18.0924972 ]%


INFO: Calculated optimized muscle parameters for addmagIsch_r in 31.875194311141968 seconds.
                         Lm Opt        Lts
Template model       : [0.1562, 0.216343023454343]
Optimized param      : [0.15886501 0.19119536]
Nr of eval points    : 1000/1000 used
fval                 : 0.007763544896739779
var from template [%]: [ 1.70615488 11.62397885]%


INFO: Calculated optimized muscle parameters for addmagMid_r in 31.909059524536133 seconds.
                         Lm Opt        Lts
Template model       : [0.1377, 0.0466276999070464]
Optimized param      : [0.16041973 0.01710355]
Nr of eval points    : 1000/1000 used
fval                 : 0.006972640516965257
var from template [%]: [16.49943805 63.31891222]%


INFO: Calculated optimized muscle parameters for addmagProx_r in 31.895137548446655 seconds.
                         Lm Opt        Lts
Template model       : [0.1056, 0.0403240979232675]
Optimized param      : [0.11747945 0.03380629]
Nr of eval points    : 930/1000 used
fval                 : 0.0031561820142838523
var from template [%]: [11.24948257 16.16356525]%


INFO: Calculated optimized muscle parameters for bflh_r in 566.4475066661835 seconds.
                         Lm Opt        Lts
Template model       : [0.0976, 0.3325]
Optimized param      : [0.09675534 0.31123109]
Nr of eval points    : 8447/10000 used
fval                 : 0.005373244967473321
var from template [%]: [0.86542673 6.39666364]%


INFO: Calculated optimized muscle parameters for bfsh_r in 0.4938066005706787 seconds.
                         Lm Opt        Lts
Template model       : [0.1103, 0.105817218589115]
Optimized param      : [0.10524996 0.09510721]
Nr of eval points    : 10/10 used
fval                 : 0.0014433712894062756
var from template [%]: [ 4.5784545  10.12123706]%


INFO: Calculated optimized muscle parameters for edl_r in 4.5737645626068115 seconds.
                         Lm Opt        Lts
Template model       : [0.0693, 0.368875245465225]
Optimized param      : [0.01304767 0.40681493]
Nr of eval points    : 100/100 used
fval                 : 0.005111796131036494
var from template [%]: [81.17218643 10.28523513]%


INFO: Calculated optimized muscle parameters for ehl_r in 4.874888896942139 seconds.
                         Lm Opt        Lts
Template model       : [0.0748, 0.326795279537187]
Optimized param      : [0.0262477  0.36419295]
Nr of eval points    : 100/100 used
fval                 : 0.005392315715412916
var from template [%]: [64.90948532 11.44375954]%


INFO: Calculated optimized muscle parameters for fdl_r in 4.684589624404907 seconds.
                         Lm Opt        Lts
Template model       : [0.0446, 0.378772856793842]
Optimized param      : [0.04721111 0.36640742]
Nr of eval points    : 97/100 used
fval                 : 0.0004181674461762627
var from template [%]: [5.85450402 3.264606  ]%


INFO: Calculated optimized muscle parameters for fhl_r in 4.732312440872192 seconds.
                         Lm Opt        Lts
Template model       : [0.0527, 0.354339676836818]
Optimized param      : [0.05638217 0.34613768]
Nr of eval points    : 97/100 used
fval                 : 0.00039092613378936185
var from template [%]: [6.987038   2.31472719]%


INFO: Calculated optimized muscle parameters for gaslat_r in 61.48853898048401 seconds.
                         Lm Opt        Lts
Template model       : [0.069, 0.374]
Optimized param      : [0.05971493 0.34965117]
Nr of eval points    : 607/1000 used
fval                 : 0.0045843795100002395
var from template [%]: [13.45662691  6.5103823 ]%


INFO: Calculated optimized muscle parameters for gasmed_r in 56.601117849349976 seconds.
                         Lm Opt        Lts
Template model       : [0.059, 0.387]
Optimized param      : [0.05409448 0.36295936]
Nr of eval points    : 571/1000 used
fval                 : 0.0032735315382810513
var from template [%]: [8.31444813 6.21205126]%


INFO: Calculated optimized muscle parameters for glmax1_r in 47.23821830749512 seconds.
                         Lm Opt        Lts
Template model       : [0.147, 0.0873]
Optimized param      : [0.09054951 0.11211488]
Nr of eval points    : 1000/1000 used
fval                 : 0.016798247855100784
var from template [%]: [38.40169231 28.42483717]%


INFO: Calculated optimized muscle parameters for glmax2_r in 39.664360761642456 seconds.
                         Lm Opt        Lts
Template model       : [0.157, 0.109]
Optimized param      : [0.09336968 0.1372706 ]
Nr of eval points    : 1000/1000 used
fval                 : 0.008590084467952083
var from template [%]: [40.52886386 25.93633081]%


INFO: Calculated optimized muscle parameters for glmax3_r in 45.96115207672119 seconds.
                         Lm Opt        Lts
Template model       : [0.167, 0.103]
Optimized param      : [0.17285007 0.09012785]
Nr of eval points    : 1000/1000 used
fval                 : 0.004436330159302291
var from template [%]: [ 3.5030355  12.49723411]%


INFO: Calculated optimized muscle parameters for glmed1_r in 46.386717319488525 seconds.
                         Lm Opt        Lts
Template model       : [0.073, 0.0558168319436554]
Optimized param      : [0.07231165 0.0426658 ]
Nr of eval points    : 907/1000 used
fval                 : 0.015322820233715463
var from template [%]: [ 0.94293888 23.56105601]%


INFO: Calculated optimized muscle parameters for glmed2_r in 45.15423130989075 seconds.
                         Lm Opt        Lts
Template model       : [0.073, 0.0652488111992348]
Optimized param      : [0.05179999 0.0611808 ]
Nr of eval points    : 956/1000 used
fval                 : 0.017392881230883978
var from template [%]: [29.04110557  6.23460615]%


INFO: Calculated optimized muscle parameters for glmed3_r in 45.87341070175171 seconds.
                         Lm Opt        Lts
Template model       : [0.073, 0.0452328436013583]
Optimized param      : [0.03994316 0.07895224]
Nr of eval points    : 969/1000 used
fval                 : 0.01627039424030224
var from template [%]: [45.28334683 74.54627299]%


INFO: Calculated optimized muscle parameters for glmin1_r in 45.86000442504883 seconds.
                         Lm Opt        Lts
Template model       : [0.068, 0.0161377823749703]
Optimized param      : [0.0701585  0.00771864]
Nr of eval points    : 880/1000 used
fval                 : 0.009800082783644517
var from template [%]: [ 3.17426199 52.1703493 ]%


INFO: Calculated optimized muscle parameters for glmin2_r in 45.098535776138306 seconds.
                         Lm Opt        Lts
Template model       : [0.056, 0.0260990524098789]
Optimized param      : [0.05700619 0.01910506]
Nr of eval points    : 864/1000 used
fval                 : 0.010975927890929325
var from template [%]: [ 1.79677547 26.79786285]%


INFO: Calculated optimized muscle parameters for glmin3_r in 44.96191382408142 seconds.
                         Lm Opt        Lts
Template model       : [0.038, 0.0508725]
Optimized param      : [0.03538295 0.04716861]
Nr of eval points    : 792/1000 used
fval                 : 0.011263671977955527
var from template [%]: [6.88696136 7.28072602]%


INFO: Calculated optimized muscle parameters for grac_r in 593.2766132354736 seconds.
                         Lm Opt        Lts
Template model       : [0.2278, 0.172013810564373]
Optimized param      : [0.22891196 0.15047735]
Nr of eval points    : 10000/10000 used
fval                 : 0.009447504070946607
var from template [%]: [ 0.48813143 12.52019468]%


INFO: Calculated optimized muscle parameters for iliacus_r in 31.88388419151306 seconds.
                         Lm Opt        Lts
Template model       : [0.1066, 0.0961207083983258]
Optimized param      : [0.0861049  0.09657698]
Nr of eval points    : 863/1000 used
fval                 : 0.004755736887223806
var from template [%]: [19.22617055  0.47468985]%


INFO: Calculated optimized muscle parameters for perbrev_r in 2.7569923400878906 seconds.
                         Lm Opt        Lts
Template model       : [0.0454, 0.147527533956538]
Optimized param      : [0.04997022 0.1339993 ]
Nr of eval points    : 100/100 used
fval                 : 0.0007213751221028107
var from template [%]: [10.06655863  9.16997011]%


INFO: Calculated optimized muscle parameters for perlong_r in 2.8930246829986572 seconds.
                         Lm Opt        Lts
Template model       : [0.0508, 0.332220762637978]
Optimized param      : [0.05922399 0.31391945]
Nr of eval points    : 100/100 used
fval                 : 0.0009616159859252889
var from template [%]: [16.58265014  5.50878068]%


INFO: Calculated optimized muscle parameters for piri_r in 41.61902666091919 seconds.
                         Lm Opt        Lts
Template model       : [0.026, 0.114906238342785]
Optimized param      : [0.0225031  0.11455862]
Nr of eval points    : 742/1000 used
fval                 : 0.010921448860395486
var from template [%]: [13.44959764  0.30252232]%


INFO: Calculated optimized muscle parameters for psoas_r in 45.857043981552124 seconds.
                         Lm Opt        Lts
Template model       : [0.1169, 0.0995431658555083]
Optimized param      : [0.09351089 0.07280895]
Nr of eval points    : 1000/1000 used
fval                 : 0.0049260932215354205
var from template [%]: [20.00779215 26.8569056 ]%


INFO: Calculated optimized muscle parameters for recfem_r in 641.5410530567169 seconds.
                         Lm Opt        Lts
Template model       : [0.0759, 0.4504]
Optimized param      : [0.06594649 0.45310551]
Nr of eval points    : 6927/10000 used
fval                 : 0.002789234087244163
var from template [%]: [13.11397863  0.60069068]%


INFO: Calculated optimized muscle parameters for sart_r in 561.893132686615 seconds.
                         Lm Opt        Lts
Template model       : [0.403, 0.123999830194402]
Optimized param      : [0.35670613 0.15502063]
Nr of eval points    : 10000/10000 used
fval                 : 0.005770069800476234
var from template [%]: [11.48731359 25.01680732]%


INFO: Calculated optimized muscle parameters for semimem_r in 574.9693875312805 seconds.
                         Lm Opt        Lts
Template model       : [0.086, 0.335]
Optimized param      : [0.08299637 0.31121401]
Nr of eval points    : 7807/10000 used
fval                 : 0.005340932603644713
var from template [%]: [3.4925908  7.10029407]%


INFO: Calculated optimized muscle parameters for semiten_r in 669.3599305152893 seconds.
                         Lm Opt        Lts
Template model       : [0.193, 0.24719894503751]
Optimized param      : [0.18369581 0.23585821]
Nr of eval points    : 10000/10000 used
fval                 : 0.007613465812369008
var from template [%]: [4.82082354 4.58769383]%


INFO: Calculated optimized muscle parameters for soleus_r in 3.71573543548584 seconds.
                         Lm Opt        Lts
Template model       : [0.044, 0.28135]
Optimized param      : [0.04503402 0.26144506]
Nr of eval points    : 83/100 used
fval                 : 0.000110564937720821
var from template [%]: [2.3500462  7.07479569]%


INFO: Calculated optimized muscle parameters for tfl_r in 644.6246254444122 seconds.
                         Lm Opt        Lts
Template model       : [0.095, 0.449497053805428]
Optimized param      : [0.08932384 0.45056109]
Nr of eval points    : 4840/10000 used
fval                 : 0.008574914230295874
var from template [%]: [5.97490379 0.23671625]%


INFO: Calculated optimized muscle parameters for tibant_r in 4.036031246185303 seconds.
                         Lm Opt        Lts
Template model       : [0.0683, 0.240461026409367]
Optimized param      : [0.0444707  0.24504352]
Nr of eval points    : 94/100 used
fval                 : 0.005808533938055807
var from template [%]: [34.88916488  1.90571019]%


INFO: Calculated optimized muscle parameters for tibpost_r in 4.155821084976196 seconds.
                         Lm Opt        Lts
Template model       : [0.0378, 0.280779613883954]
Optimized param      : [0.03963444 0.26345199]
Nr of eval points    : 94/100 used
fval                 : 0.0002832111475845587
var from template [%]: [4.85300931 6.17125553]%


INFO: Calculated optimized muscle parameters for vasint_r in 0.4793212413787842 seconds.
                         Lm Opt        Lts
Template model       : [0.117, 0.205]
Optimized param      : [0.11348227 0.19902385]
Nr of eval points    : 10/10 used
fval                 : 0.001968758783528101
var from template [%]: [3.00660726 2.91519459]%


INFO: Calculated optimized muscle parameters for vaslat_r in 0.4137730598449707 seconds.
                         Lm Opt        Lts
Template model       : [0.117, 0.221]
Optimized param      : [0.10507431 0.22483195]
Nr of eval points    : 10/10 used
fval                 : 0.001567864906573066
var from template [%]: [10.19289487  1.73391239]%


INFO: Calculated optimized muscle parameters for vasmed_r in 0.4271843433380127 seconds.
                         Lm Opt        Lts
Template model       : [0.11, 0.208]
Optimized param      : [0.09321313 0.21695201]
Nr of eval points    : 10/10 used
fval                 : 0.004534135317137699
var from template [%]: [15.26079491  4.30385253]%


INFO: Calculated optimized muscle parameters for addbrev_l in 46.93555021286011 seconds.
                         Lm Opt        Lts
Template model       : [0.1031, 0.035450291324676]
Optimized param      : [0.11224464 0.02138163]
Nr of eval points    : 966/1000 used
fval                 : 0.006073796948269131
var from template [%]: [ 8.86968401 39.68561069]%


INFO: Calculated optimized muscle parameters for addlong_l in 48.60073709487915 seconds.
                         Lm Opt        Lts
Template model       : [0.1082, 0.131799363342026]
Optimized param      : [0.11206441 0.1276228 ]
Nr of eval points    : 927/1000 used
fval                 : 0.006568380166532497
var from template [%]: [3.57154457 3.1688772 ]%


INFO: Calculated optimized muscle parameters for addmagDist_l in 33.75988292694092 seconds.
                         Lm Opt        Lts
Template model       : [0.1772, 0.0873806954617727]
Optimized param      : [0.16662857 0.09038179]
Nr of eval points    : 1000/1000 used
fval                 : 0.013519123863874594
var from template [%]: [5.9658203  3.43450981]%


INFO: Calculated optimized muscle parameters for addmagIsch_l in 33.08629488945007 seconds.
                         Lm Opt        Lts
Template model       : [0.1562, 0.216343023454343]
Optimized param      : [0.14323876 0.21120095]
Nr of eval points    : 1000/1000 used
fval                 : 0.008545305690544753
var from template [%]: [8.29784595 2.37681501]%


INFO: Calculated optimized muscle parameters for addmagMid_l in 33.11836123466492 seconds.
                         Lm Opt        Lts
Template model       : [0.1377, 0.0466276999070464]
Optimized param      : [0.15149045 0.02520946]
Nr of eval points    : 1000/1000 used
fval                 : 0.009080928801700342
var from template [%]: [10.0148524  45.93459355]%


INFO: Calculated optimized muscle parameters for addmagProx_l in 36.627039670944214 seconds.
                         Lm Opt        Lts
Template model       : [0.1056, 0.0403240979232675]
Optimized param      : [0.11339647 0.03832438]
Nr of eval points    : 930/1000 used
fval                 : 0.002179341381623734
var from template [%]: [7.38302202 4.95910167]%


INFO: Calculated optimized muscle parameters for bflh_l in 720.3124794960022 seconds.
                         Lm Opt        Lts
Template model       : [0.0976, 0.3325]
Optimized param      : [0.09116453 0.32053011]
Nr of eval points    : 8447/10000 used
fval                 : 0.0047288577727467975
var from template [%]: [6.59371948 3.59996617]%


INFO: Calculated optimized muscle parameters for bfsh_l in 0.38202834129333496 seconds.
                         Lm Opt        Lts
Template model       : [0.1103, 0.105817218589115]
Optimized param      : [0.09610827 0.10917209]
Nr of eval points    : 10/10 used
fval                 : 0.003219232540039395
var from template [%]: [12.86648203  3.17044014]%


INFO: Calculated optimized muscle parameters for edl_l in 4.43616795539856 seconds.
                         Lm Opt        Lts
Template model       : [0.0693, 0.368875245465225]
Optimized param      : [0.00348633 0.41819516]
Nr of eval points    : 100/100 used
fval                 : 0.0044179904680815
var from template [%]: [94.96922696 13.37035087]%


INFO: Calculated optimized muscle parameters for ehl_l in 4.994002103805542 seconds.
                         Lm Opt        Lts
Template model       : [0.0748, 0.326795279537187]
Optimized param      : [0.01717556 0.37854014]
Nr of eval points    : 100/100 used
fval                 : 0.004801568044242918
var from template [%]: [77.03802354 15.83403002]%


INFO: Calculated optimized muscle parameters for fdl_l in 5.176770448684692 seconds.
                         Lm Opt        Lts
Template model       : [0.0446, 0.378772856793842]
Optimized param      : [0.04423395 0.37628038]
Nr of eval points    : 97/100 used
fval                 : 0.00022190716619533769
var from template [%]: [0.82074781 0.65803903]%


INFO: Calculated optimized muscle parameters for fhl_l in 4.3619208335876465 seconds.
                         Lm Opt        Lts
Template model       : [0.0527, 0.354339676836818]
Optimized param      : [0.04988448 0.36090741]
Nr of eval points    : 97/100 used
fval                 : 0.0001768986838165531
var from template [%]: [5.34254013 1.85351433]%


INFO: Calculated optimized muscle parameters for gaslat_l in 56.31105589866638 seconds.
                         Lm Opt        Lts
Template model       : [0.069, 0.374]
Optimized param      : [0.05958406 0.3479485 ]
Nr of eval points    : 607/1000 used
fval                 : 0.003945536439766709
var from template [%]: [13.64628957  6.96564273]%


INFO: Calculated optimized muscle parameters for gasmed_l in 54.95906615257263 seconds.
                         Lm Opt        Lts
Template model       : [0.059, 0.387]
Optimized param      : [0.05252395 0.36276186]
Nr of eval points    : 571/1000 used
fval                 : 0.003659390515619847
var from template [%]: [10.97635207  6.26308628]%


INFO: Calculated optimized muscle parameters for glmax1_l in 43.33070635795593 seconds.
                         Lm Opt        Lts
Template model       : [0.147, 0.0873]
Optimized param      : [0.08635793 0.12422253]
Nr of eval points    : 1000/1000 used
fval                 : 0.01710894167963637
var from template [%]: [41.25311031 42.29384569]%


INFO: Calculated optimized muscle parameters for glmax2_l in 49.2097532749176 seconds.
                         Lm Opt        Lts
Template model       : [0.157, 0.109]
Optimized param      : [0.09496255 0.15281331]
Nr of eval points    : 1000/1000 used
fval                 : 0.00925124056043325
var from template [%]: [39.51430063 40.19569322]%


INFO: Calculated optimized muscle parameters for glmax3_l in 48.230711698532104 seconds.
                         Lm Opt        Lts
Template model       : [0.167, 0.103]
Optimized param      : [0.16972043 0.09240266]
Nr of eval points    : 1000/1000 used
fval                 : 0.0028556630944878217
var from template [%]: [ 1.628999   10.28867967]%


INFO: Calculated optimized muscle parameters for glmed1_l in 39.04100060462952 seconds.
                         Lm Opt        Lts
Template model       : [0.073, 0.0558168319436554]
Optimized param      : [0.07486409 0.04460615]
Nr of eval points    : 907/1000 used
fval                 : 0.013711972564135286
var from template [%]: [ 2.55354313 20.08476775]%


INFO: Calculated optimized muscle parameters for glmed2_l in 39.154075145721436 seconds.
                         Lm Opt        Lts
Template model       : [0.073, 0.0652488111992348]
Optimized param      : [0.05564789 0.07163971]
Nr of eval points    : 956/1000 used
fval                 : 0.017100983163877145
var from template [%]: [23.77001738  9.79466341]%


INFO: Calculated optimized muscle parameters for glmed3_l in 38.58490562438965 seconds.
                         Lm Opt        Lts
Template model       : [0.073, 0.0452328436013583]
Optimized param      : [0.04359624 0.08468754]
Nr of eval points    : 969/1000 used
fval                 : 0.017329721747745434
var from template [%]: [40.27911845 87.22577976]%


INFO: Calculated optimized muscle parameters for glmin1_l in 38.277804374694824 seconds.
                         Lm Opt        Lts
Template model       : [0.068, 0.0161377823749703]
Optimized param      : [0.07515466 0.01204577]
Nr of eval points    : 880/1000 used
fval                 : 0.008903895438675275
var from template [%]: [10.5215583  25.35674683]%


INFO: Calculated optimized muscle parameters for glmin2_l in 40.6256902217865 seconds.
                         Lm Opt        Lts
Template model       : [0.056, 0.0260990524098789]
Optimized param      : [0.06236962 0.02364053]
Nr of eval points    : 864/1000 used
fval                 : 0.009968876456602405
var from template [%]: [11.37432789  9.41997228]%


INFO: Calculated optimized muscle parameters for glmin3_l in 39.69630026817322 seconds.
                         Lm Opt        Lts
Template model       : [0.038, 0.0508725]
Optimized param      : [0.04030373 0.05367819]
Nr of eval points    : 792/1000 used
fval                 : 0.010801655315794778
var from template [%]: [6.06244024 5.51513617]%


INFO: Calculated optimized muscle parameters for grac_l in 719.8841617107391 seconds.
                         Lm Opt        Lts
Template model       : [0.2278, 0.172013810564373]
Optimized param      : [0.22251051 0.15663698]
Nr of eval points    : 10000/10000 used
fval                 : 0.010951357113504827
var from template [%]: [2.32198984 8.9393    ]%


INFO: Calculated optimized muscle parameters for iliacus_l in 45.92158532142639 seconds.
                         Lm Opt        Lts
Template model       : [0.1066, 0.0961207083983258]
Optimized param      : [0.08338785 0.10730101]
Nr of eval points    : 863/1000 used
fval                 : 0.0043840689504843905
var from template [%]: [21.77499729 11.63152559]%


INFO: Calculated optimized muscle parameters for perbrev_l in 3.809210777282715 seconds.
                         Lm Opt        Lts
Template model       : [0.0454, 0.147527533956538]
Optimized param      : [0.05085688 0.13939078]
Nr of eval points    : 100/100 used
fval                 : 0.0020171313341337733
var from template [%]: [12.01956718  5.51541688]%


INFO: Calculated optimized muscle parameters for perlong_l in 3.9840569496154785 seconds.
                         Lm Opt        Lts
Template model       : [0.0508, 0.332220762637978]
Optimized param      : [0.05663933 0.31575122]
Nr of eval points    : 100/100 used
fval                 : 0.0021792686870187065
var from template [%]: [11.49474156  4.95740976]%


INFO: Calculated optimized muscle parameters for piri_l in 47.40001583099365 seconds.
                         Lm Opt        Lts
Template model       : [0.026, 0.114906238342785]
Optimized param      : [0.02588361 0.12821676]
Nr of eval points    : 742/1000 used
fval                 : 0.011279562074625568
var from template [%]: [ 0.44764936 11.58381028]%


INFO: Calculated optimized muscle parameters for psoas_l in 47.56701469421387 seconds.
                         Lm Opt        Lts
Template model       : [0.1169, 0.0995431658555083]
Optimized param      : [0.09451462 0.08303756]
Nr of eval points    : 1000/1000 used
fval                 : 0.004299968742360773
var from template [%]: [19.14917043 16.58135979]%


INFO: Calculated optimized muscle parameters for recfem_l in 726.0312557220459 seconds.
                         Lm Opt        Lts
Template model       : [0.0759, 0.4504]
Optimized param      : [0.06685016 0.45285166]
Nr of eval points    : 6927/10000 used
fval                 : 0.005035763552931624
var from template [%]: [11.9233784  0.5443291]%


INFO: Calculated optimized muscle parameters for sart_l in 698.3372695446014 seconds.
                         Lm Opt        Lts
Template model       : [0.403, 0.123999830194402]
Optimized param      : [0.36402148 0.14658855]
Nr of eval points    : 10000/10000 used
fval                 : 0.006480509741606465
var from template [%]: [ 9.67208934 18.21673631]%


INFO: Calculated optimized muscle parameters for semimem_l in 735.7709121704102 seconds.
                         Lm Opt        Lts
Template model       : [0.086, 0.335]
Optimized param      : [0.07896892 0.31904529]
Nr of eval points    : 7807/10000 used
fval                 : 0.0036897974385442316
var from template [%]: [8.17567823 4.76260116]%


INFO: Calculated optimized muscle parameters for semiten_l in 746.191344499588 seconds.
                         Lm Opt        Lts
Template model       : [0.193, 0.24719894503751]
Optimized param      : [0.17533789 0.24163348]
Nr of eval points    : 10000/10000 used
fval                 : 0.005690840112548318
var from template [%]: [9.1513527 2.2514094]%


INFO: Calculated optimized muscle parameters for soleus_l in 4.11011266708374 seconds.
                         Lm Opt        Lts
Template model       : [0.044, 0.28135]
Optimized param      : [0.04486542 0.26188464]
Nr of eval points    : 83/100 used
fval                 : 9.848505894597012e-05
var from template [%]: [1.96685995 6.91855705]%


INFO: Calculated optimized muscle parameters for tfl_l in 767.6722807884216 seconds.
                         Lm Opt        Lts
Template model       : [0.095, 0.449497053805428]
Optimized param      : [0.08532765 0.45033853]
Nr of eval points    : 4840/10000 used
fval                 : 0.007908704070135948
var from template [%]: [10.1814178   0.18720391]%


INFO: Calculated optimized muscle parameters for tibant_l in 4.480435848236084 seconds.
                         Lm Opt        Lts
Template model       : [0.0683, 0.240461026409367]
Optimized param      : [0.03355299 0.26109759]
Nr of eval points    : 94/100 used
fval                 : 0.0065542770340961355
var from template [%]: [50.8740927  8.5820813]%


INFO: Calculated optimized muscle parameters for tibpost_l in 4.1277759075164795 seconds.
                         Lm Opt        Lts
Template model       : [0.0378, 0.280779613883954]
Optimized param      : [0.03898309 0.26685504]
Nr of eval points    : 94/100 used
fval                 : 0.00017906579875242939
var from template [%]: [3.12987556 4.95925245]%


INFO: Calculated optimized muscle parameters for vasint_l in 0.43100547790527344 seconds.
                         Lm Opt        Lts
Template model       : [0.117, 0.205]
Optimized param      : [0.10332235 0.20521786]
Nr of eval points    : 10/10 used
fval                 : 0.0021516104224399103
var from template [%]: [11.69030192  0.10627232]%


INFO: Calculated optimized muscle parameters for vaslat_l in 0.42606210708618164 seconds.
                         Lm Opt        Lts
Template model       : [0.117, 0.221]
Optimized param      : [0.09811493 0.23000606]
Nr of eval points    : 10/10 used
fval                 : 0.0018552978732028814
var from template [%]: [16.14108618  4.07513901]%


INFO: Calculated optimized muscle parameters for vasmed_l in 0.4385643005371094 seconds.
                         Lm Opt        Lts
Template model       : [0.11, 0.208]
Optimized param      : [0.09530091 0.21373905]
Nr of eval points    : 10/10 used
fval                 : 0.001960017460696751
var from template [%]: [13.36280651  2.75916024]%


