[2026-03-04 00:39:07.186] [info] Loaded model Athlete_03_Uhlrich_scaled from file ..\..\..\..\models\Athlete_03_Uhlrich\25_03_31\scaled.osim
[2026-03-04 00:39:07.386] [info] Loaded model Athlete_03_Uhlrich_scaled from file ..\..\..\..\models\Athlete_03_Uhlrich\25_03_31\scaled.osim
[2026-03-04 00:39:07.493] [info] Loaded model Athlete_03_Uhlrich_scaled from file ..\..\..\..\models\Athlete_03_Uhlrich\25_03_31\scaled.osim
[2026-03-04 00:39:07.622] [info] Loaded model Athlete_03_Uhlrich_scaled from file ..\..\..\..\models\Athlete_03_Uhlrich\25_03_31\scaled.osim
[2026-03-04 00:39:07.692] [cout] [info] 
               MODEL: Athlete_03_Uhlrich_scaled
         coordinates: 39
              forces: 97
           actuators: 97
             muscles: 80
            analyses: 0
              probes: 0
              bodies: 22
              joints: 22
         constraints: 2
             markers: 46
         controllers: 0
  contact geometries: 0
misc modelcomponents: 0
[2026-03-04 00:39:07.692] [info] Running tool .
[2026-03-04 00:39:07.905] [info] Frame 35 (t = 0.175):	 total squared error = 0.00172885, marker error: RMS = 0.00848737, max = 0.0185517 (XIPH)
[2026-03-04 00:39:07.922] [info] Frame 36 (t = 0.18):	 total squared error = 0.00173030, marker error: RMS = 0.00849093, max = 0.0184436 (XIPH)
[2026-03-04 00:39:07.944] [info] Frame 37 (t = 0.185):	 total squared error = 0.00172276, marker error: RMS = 0.00847241, max = 0.0183986 (STRN)
[2026-03-04 00:39:07.961] [info] Frame 38 (t = 0.19):	 total squared error = 0.00171846, marker error: RMS = 0.00846182, max = 0.0183652 (STRN)
[2026-03-04 00:39:07.978] [info] Frame 39 (t = 0.195):	 total squared error = 0.00171178, marker error: RMS = 0.00844536, max = 0.0182725 (STRN)
[2026-03-04 00:39:08.002] [info] Frame 40 (t = 0.2):	 total squared error = 0.00169757, marker error: RMS = 0.00841024, max = 0.0181885 (STRN)
[2026-03-04 00:39:08.017] [info] Frame 41 (t = 0.205000):	 total squared error = 0.00168896, marker error: RMS = 0.00838888, max = 0.0179644 (STRN)
[2026-03-04 00:39:08.039] [info] Frame 42 (t = 0.21):	 total squared error = 0.00168113, marker error: RMS = 0.00836942, max = 0.0177807 (STRN)
[2026-03-04 00:39:08.059] [info] Frame 43 (t = 0.215):	 total squared error = 0.00167963, marker error: RMS = 0.00836568, max = 0.0174884 (STRN)
[2026-03-04 00:39:08.081] [info] Frame 44 (t = 0.22):	 total squared error = 0.00168429, marker error: RMS = 0.00837727, max = 0.0171305 (STRN)
[2026-03-04 00:39:08.105] [info] Frame 45 (t = 0.225):	 total squared error = 0.00169953, marker error: RMS = 0.00841510, max = 0.0167987 (STRN)
[2026-03-04 00:39:08.122] [info] Frame 46 (t = 0.23):	 total squared error = 0.00172405, marker error: RMS = 0.00847558, max = 0.0164578 (STRN)
[2026-03-04 00:39:08.135] [info] Frame 47 (t = 0.235):	 total squared error = 0.00175745, marker error: RMS = 0.00855729, max = 0.0159482 (STRN)
[2026-03-04 00:39:08.154] [info] Frame 48 (t = 0.24):	 total squared error = 0.00179583, marker error: RMS = 0.00865021, max = 0.0162688 (LTH2)
[2026-03-04 00:39:08.168] [info] Frame 49 (t = 0.245):	 total squared error = 0.00184390, marker error: RMS = 0.00876523, max = 0.0173966 (LTH2)
[2026-03-04 00:39:08.182] [info] Frame 50 (t = 0.25):	 total squared error = 0.00190014, marker error: RMS = 0.00889789, max = 0.0185325 (LTH2)
[2026-03-04 00:39:08.204] [info] Frame 51 (t = 0.255):	 total squared error = 0.00195350, marker error: RMS = 0.00902196, max = 0.0186406 (LTH2)
[2026-03-04 00:39:08.223] [info] Frame 52 (t = 0.26):	 total squared error = 0.00201801, marker error: RMS = 0.00916972, max = 0.0194637 (LTH2)
[2026-03-04 00:39:08.247] [info] Frame 53 (t = 0.265):	 total squared error = 0.00208897, marker error: RMS = 0.00932955, max = 0.0201942 (LTH2)
[2026-03-04 00:39:08.271] [info] Frame 54 (t = 0.27):	 total squared error = 0.00216805, marker error: RMS = 0.00950449, max = 0.0209451 (LTH2)
[2026-03-04 00:39:08.286] [info] Frame 55 (t = 0.275):	 total squared error = 0.00225863, marker error: RMS = 0.00970101, max = 0.021898 (LTH2)
[2026-03-04 00:39:08.305] [info] Frame 56 (t = 0.28):	 total squared error = 0.00235522, marker error: RMS = 0.00990628, max = 0.0222681 (LTH2)
[2026-03-04 00:39:08.325] [info] Frame 57 (t = 0.285):	 total squared error = 0.00246567, marker error: RMS = 0.0101359, max = 0.0229082 (LTH2)
[2026-03-04 00:39:08.340] [info] Frame 58 (t = 0.29):	 total squared error = 0.00259044, marker error: RMS = 0.0103892, max = 0.023787 (LTH2)
[2026-03-04 00:39:08.366] [info] Frame 59 (t = 0.295):	 total squared error = 0.00272210, marker error: RMS = 0.0106499, max = 0.024175 (LTH2)
[2026-03-04 00:39:08.392] [info] Frame 60 (t = 0.3):	 total squared error = 0.00286477, marker error: RMS = 0.0109254, max = 0.0248005 (LTH2)
[2026-03-04 00:39:08.404] [info] Frame 61 (t = 0.305000):	 total squared error = 0.00302243, marker error: RMS = 0.0112221, max = 0.0258314 (LTH2)
[2026-03-04 00:39:08.426] [info] Frame 62 (t = 0.31):	 total squared error = 0.00316329, marker error: RMS = 0.0114806, max = 0.0260328 (LTH2)
[2026-03-04 00:39:08.436] [info] Frame 63 (t = 0.315):	 total squared error = 0.00331781, marker error: RMS = 0.0117576, max = 0.0268906 (LTH2)
[2026-03-04 00:39:08.459] [info] Frame 64 (t = 0.32):	 total squared error = 0.00345206, marker error: RMS = 0.0119932, max = 0.0271492 (LTH2)
[2026-03-04 00:39:08.470] [info] Frame 65 (t = 0.325):	 total squared error = 0.00358888, marker error: RMS = 0.0122285, max = 0.0278721 (LTH2)
[2026-03-04 00:39:08.495] [info] Frame 66 (t = 0.33):	 total squared error = 0.00370694, marker error: RMS = 0.012428, max = 0.0281929 (LTH2)
[2026-03-04 00:39:08.513] [info] Frame 67 (t = 0.335):	 total squared error = 0.00381876, marker error: RMS = 0.0126141, max = 0.0286894 (LTH2)
[2026-03-04 00:39:08.531] [info] Frame 68 (t = 0.34):	 total squared error = 0.00392030, marker error: RMS = 0.0127807, max = 0.0291441 (LTH2)
[2026-03-04 00:39:08.542] [info] Frame 69 (t = 0.345):	 total squared error = 0.00401182, marker error: RMS = 0.012929, max = 0.0294249 (LTH2)
[2026-03-04 00:39:08.557] [info] Frame 70 (t = 0.35):	 total squared error = 0.00409557, marker error: RMS = 0.0130633, max = 0.0297799 (LTH2)
[2026-03-04 00:39:08.569] [info] Frame 71 (t = 0.355):	 total squared error = 0.00417067, marker error: RMS = 0.0131825, max = 0.0299059 (LTH2)
[2026-03-04 00:39:08.593] [info] Frame 72 (t = 0.36):	 total squared error = 0.00423573, marker error: RMS = 0.0132849, max = 0.0299965 (LTH2)
[2026-03-04 00:39:08.609] [info] Frame 73 (t = 0.365):	 total squared error = 0.00429136, marker error: RMS = 0.0133719, max = 0.0300459 (LTH2)
[2026-03-04 00:39:08.624] [info] Frame 74 (t = 0.37):	 total squared error = 0.00433403, marker error: RMS = 0.0134382, max = 0.029947 (LTH2)
[2026-03-04 00:39:08.637] [info] Frame 75 (t = 0.375):	 total squared error = 0.00436099, marker error: RMS = 0.0134799, max = 0.0297035 (LTH2)
[2026-03-04 00:39:08.648] [info] Frame 76 (t = 0.38):	 total squared error = 0.00436945, marker error: RMS = 0.013493, max = 0.0293471 (LTH2)
[2026-03-04 00:39:08.658] [info] Frame 77 (t = 0.385):	 total squared error = 0.00435596, marker error: RMS = 0.0134721, max = 0.028839 (LTH2)
[2026-03-04 00:39:08.671] [info] Frame 78 (t = 0.39):	 total squared error = 0.00431875, marker error: RMS = 0.0134145, max = 0.0283417 (LTH2)
[2026-03-04 00:39:08.682] [info] Frame 79 (t = 0.395):	 total squared error = 0.00425856, marker error: RMS = 0.0133207, max = 0.0275357 (LTH2)
[2026-03-04 00:39:08.693] [info] Frame 80 (t = 0.4):	 total squared error = 0.00417552, marker error: RMS = 0.0131901, max = 0.026682 (LTH2)
[2026-03-04 00:39:08.706] [info] Frame 81 (t = 0.405000):	 total squared error = 0.00407163, marker error: RMS = 0.0130250, max = 0.0257935 (LTH2)
[2026-03-04 00:39:08.719] [info] Frame 82 (t = 0.41):	 total squared error = 0.00395202, marker error: RMS = 0.0128323, max = 0.0246090 (LTH2)
[2026-03-04 00:39:08.733] [info] Frame 83 (t = 0.415):	 total squared error = 0.00382008, marker error: RMS = 0.0126163, max = 0.0234033 (LTH2)
[2026-03-04 00:39:08.745] [info] Frame 84 (t = 0.42):	 total squared error = 0.00368155, marker error: RMS = 0.0123854, max = 0.0220669 (LTH2)
[2026-03-04 00:39:08.759] [info] Frame 85 (t = 0.425):	 total squared error = 0.00354002, marker error: RMS = 0.012145, max = 0.0207930 (LTH2)
[2026-03-04 00:39:08.777] [info] Frame 86 (t = 0.43):	 total squared error = 0.00340071, marker error: RMS = 0.0119036, max = 0.0198743 (LSHA2)
[2026-03-04 00:39:08.787] [info] Frame 87 (t = 0.435):	 total squared error = 0.00327242, marker error: RMS = 0.0116769, max = 0.0196277 (LSHA2)
[2026-03-04 00:39:08.801] [info] Frame 88 (t = 0.44):	 total squared error = 0.00315330, marker error: RMS = 0.0114624, max = 0.0193642 (LSHA2)
[2026-03-04 00:39:08.812] [info] Frame 89 (t = 0.445):	 total squared error = 0.00305412, marker error: RMS = 0.0112807, max = 0.0192239 (LSHA2)
[2026-03-04 00:39:08.839] [info] Frame 90 (t = 0.45):	 total squared error = 0.00296514, marker error: RMS = 0.0111152, max = 0.0189641 (LSHA2)
[2026-03-04 00:39:08.855] [info] Frame 91 (t = 0.455):	 total squared error = 0.00289895, marker error: RMS = 0.0109904, max = 0.0188912 (LSHA2)
[2026-03-04 00:39:08.874] [info] Frame 92 (t = 0.46):	 total squared error = 0.00285096, marker error: RMS = 0.0108991, max = 0.0187599 (LSHA2)
[2026-03-04 00:39:08.888] [info] Frame 93 (t = 0.465):	 total squared error = 0.00282363, marker error: RMS = 0.0108467, max = 0.0187884 (LSHA2)
[2026-03-04 00:39:08.907] [info] Frame 94 (t = 0.47):	 total squared error = 0.00281303, marker error: RMS = 0.0108263, max = 0.0187448 (LSHA2)
[2026-03-04 00:39:08.922] [info] Frame 95 (t = 0.475):	 total squared error = 0.00282187, marker error: RMS = 0.0108433, max = 0.0188796 (LSHA2)
[2026-03-04 00:39:08.933] [info] Frame 96 (t = 0.48):	 total squared error = 0.00285185, marker error: RMS = 0.0109008, max = 0.0190797 (LSHA2)
[2026-03-04 00:39:08.952] [info] Frame 97 (t = 0.485):	 total squared error = 0.00288151, marker error: RMS = 0.0109573, max = 0.0190191 (LSHA2)
[2026-03-04 00:39:08.973] [info] Frame 98 (t = 0.49):	 total squared error = 0.00293105, marker error: RMS = 0.0110511, max = 0.0192157 (LSHA2)
[2026-03-04 00:39:08.989] [info] Frame 99 (t = 0.495):	 total squared error = 0.00298970, marker error: RMS = 0.0111611, max = 0.0194836 (LSHA2)
[2026-03-04 00:39:09.009] [info] Frame 100 (t = 0.5):	 total squared error = 0.00305454, marker error: RMS = 0.0112815, max = 0.0197044 (LSHA2)
[2026-03-04 00:39:09.020] [info] Frame 101 (t = 0.505000):	 total squared error = 0.00312707, marker error: RMS = 0.0114147, max = 0.0201190 (LSHA2)
[2026-03-04 00:39:09.031] [info] Frame 102 (t = 0.51):	 total squared error = 0.00320148, marker error: RMS = 0.0115497, max = 0.0205658 (LSHA2)
[2026-03-04 00:39:09.048] [info] Frame 103 (t = 0.515):	 total squared error = 0.00325461, marker error: RMS = 0.0116451, max = 0.0205681 (LSHA2)
[2026-03-04 00:39:09.083] [info] Frame 104 (t = 0.52):	 total squared error = 0.00330841, marker error: RMS = 0.011741, max = 0.0207242 (LSHA2)
[2026-03-04 00:39:09.094] [info] Frame 105 (t = 0.525):	 total squared error = 0.00335170, marker error: RMS = 0.0118175, max = 0.0209608 (LSHA2)
[2026-03-04 00:39:09.135] [info] Frame 106 (t = 0.53):	 total squared error = 0.00336889, marker error: RMS = 0.0118478, max = 0.0209042 (LSHA2)
[2026-03-04 00:39:09.170] [info] Frame 107 (t = 0.535):	 total squared error = 0.00336718, marker error: RMS = 0.0118448, max = 0.0208009 (LSHA2)
[2026-03-04 00:39:09.188] [info] Frame 108 (t = 0.54):	 total squared error = 0.00334347, marker error: RMS = 0.0118030, max = 0.0205325 (LSHA2)
[2026-03-04 00:39:09.218] [info] Frame 109 (t = 0.545):	 total squared error = 0.00328866, marker error: RMS = 0.0117059, max = 0.0204095 (LSHA2)
[2026-03-04 00:39:09.247] [info] Frame 110 (t = 0.55):	 total squared error = 0.00320782, marker error: RMS = 0.0115611, max = 0.0198586 (LSHA2)
[2026-03-04 00:39:09.264] [info] Frame 111 (t = 0.555):	 total squared error = 0.00310275, marker error: RMS = 0.0113702, max = 0.0191828 (LSHA2)
[2026-03-04 00:39:09.275] [info] Frame 112 (t = 0.56):	 total squared error = 0.00297449, marker error: RMS = 0.0111327, max = 0.0183604 (LSHA2)
[2026-03-04 00:39:09.292] [info] Frame 113 (t = 0.565):	 total squared error = 0.00282783, marker error: RMS = 0.0108548, max = 0.0173744 (LSHA2)
[2026-03-04 00:39:09.316] [info] Frame 114 (t = 0.57):	 total squared error = 0.00266988, marker error: RMS = 0.0105473, max = 0.0162236 (LSHA2)
[2026-03-04 00:39:09.342] [info] Frame 115 (t = 0.575):	 total squared error = 0.00250319, marker error: RMS = 0.0102127, max = 0.0148887 (LSHA2)
[2026-03-04 00:39:09.354] [info] Frame 116 (t = 0.58):	 total squared error = 0.00234048, marker error: RMS = 0.00987522, max = 0.0144471 (XIPH)
[2026-03-04 00:39:09.368] [info] Frame 117 (t = 0.585):	 total squared error = 0.00218302, marker error: RMS = 0.00953726, max = 0.014478 (XIPH)
[2026-03-04 00:39:09.381] [info] Frame 118 (t = 0.59):	 total squared error = 0.00203642, marker error: RMS = 0.00921146, max = 0.0144854 (XIPH)
[2026-03-04 00:39:09.394] [info] Frame 119 (t = 0.595):	 total squared error = 0.00190470, marker error: RMS = 0.00890856, max = 0.0144921 (XIPH)
[2026-03-04 00:39:09.407] [info] Frame 120 (t = 0.6):	 total squared error = 0.00179146, marker error: RMS = 0.00863968, max = 0.0144752 (XIPH)
[2026-03-04 00:39:09.420] [info] Frame 121 (t = 0.605000):	 total squared error = 0.00169916, marker error: RMS = 0.00841419, max = 0.014442 (XIPH)
[2026-03-04 00:39:09.432] [info] Frame 122 (t = 0.61):	 total squared error = 0.00162824, marker error: RMS = 0.00823670, max = 0.0144305 (XIPH)
[2026-03-04 00:39:09.444] [info] Frame 123 (t = 0.615):	 total squared error = 0.00157851, marker error: RMS = 0.00810995, max = 0.0144082 (XIPH)
[2026-03-04 00:39:09.457] [info] Frame 124 (t = 0.62):	 total squared error = 0.00154884, marker error: RMS = 0.00803337, max = 0.014368 (XIPH)
[2026-03-04 00:39:09.471] [info] Frame 125 (t = 0.625):	 total squared error = 0.00153707, marker error: RMS = 0.00800278, max = 0.0143231 (XIPH)
[2026-03-04 00:39:09.482] [info] Frame 126 (t = 0.63):	 total squared error = 0.00154049, marker error: RMS = 0.00801169, max = 0.0143048 (XIPH)
[2026-03-04 00:39:09.493] [info] Frame 127 (t = 0.635):	 total squared error = 0.00155574, marker error: RMS = 0.00805123, max = 0.01427 (XIPH)
[2026-03-04 00:39:09.504] [info] Frame 128 (t = 0.64):	 total squared error = 0.00157948, marker error: RMS = 0.00811245, max = 0.0142424 (XIPH)
[2026-03-04 00:39:09.516] [info] Frame 129 (t = 0.645):	 total squared error = 0.00160842, marker error: RMS = 0.00818643, max = 0.0142276 (XIPH)
[2026-03-04 00:39:09.538] [info] Frame 130 (t = 0.65):	 total squared error = 0.00163809, marker error: RMS = 0.00826159, max = 0.0147021 (RTOE)
[2026-03-04 00:39:09.547] [info] Frame 131 (t = 0.655):	 total squared error = 0.00167083, marker error: RMS = 0.00834373, max = 0.014651 (RTOE)
[2026-03-04 00:39:09.559] [info] Frame 132 (t = 0.66):	 total squared error = 0.00169594, marker error: RMS = 0.00840620, max = 0.0147787 (RTOE)
[2026-03-04 00:39:09.578] [info] Frame 133 (t = 0.665):	 total squared error = 0.00171877, marker error: RMS = 0.00846258, max = 0.0152209 (RTOE)
[2026-03-04 00:39:09.588] [info] Frame 134 (t = 0.67):	 total squared error = 0.00174135, marker error: RMS = 0.00851799, max = 0.0152081 (RTOE)
[2026-03-04 00:39:09.608] [info] Frame 135 (t = 0.675):	 total squared error = 0.00175772, marker error: RMS = 0.00855794, max = 0.015572 (RTOE)
[2026-03-04 00:39:09.615] [info] Frame 136 (t = 0.68):	 total squared error = 0.00177660, marker error: RMS = 0.00860378, max = 0.0159432 (RTOE)
[2026-03-04 00:39:09.634] [info] Frame 137 (t = 0.685):	 total squared error = 0.00179207, marker error: RMS = 0.00864114, max = 0.0157975 (RTOE)
[2026-03-04 00:39:09.649] [info] Frame 138 (t = 0.69):	 total squared error = 0.00181208, marker error: RMS = 0.00868927, max = 0.015893 (RTOE)
[2026-03-04 00:39:09.659] [info] Frame 139 (t = 0.695):	 total squared error = 0.00183695, marker error: RMS = 0.00874868, max = 0.0159392 (RTOE)
[2026-03-04 00:39:09.676] [info] Frame 140 (t = 0.7):	 total squared error = 0.00185791, marker error: RMS = 0.00879846, max = 0.016272 (RTOE)
[2026-03-04 00:39:09.694] [info] Frame 141 (t = 0.705000):	 total squared error = 0.00188438, marker error: RMS = 0.00886091, max = 0.0164848 (RTOE)
[2026-03-04 00:39:09.705] [info] Frame 142 (t = 0.71):	 total squared error = 0.00191766, marker error: RMS = 0.00893881, max = 0.0166681 (RTOE)
[2026-03-04 00:39:09.725] [info] Frame 143 (t = 0.715):	 total squared error = 0.00194619, marker error: RMS = 0.00900507, max = 0.0168877 (RTOE)
[2026-03-04 00:39:09.739] [info] Frame 144 (t = 0.72):	 total squared error = 0.00197824, marker error: RMS = 0.00907891, max = 0.0171341 (RTOE)
[2026-03-04 00:39:09.754] [info] Frame 145 (t = 0.725):	 total squared error = 0.00200596, marker error: RMS = 0.00914230, max = 0.017387 (RTOE)
[2026-03-04 00:39:09.767] [info] Frame 146 (t = 0.73):	 total squared error = 0.00202644, marker error: RMS = 0.00918885, max = 0.0176143 (RTOE)
[2026-03-04 00:39:09.783] [info] Frame 147 (t = 0.735):	 total squared error = 0.00203723, marker error: RMS = 0.00921328, max = 0.017869 (RTOE)
[2026-03-04 00:39:09.799] [info] Frame 148 (t = 0.74):	 total squared error = 0.00203983, marker error: RMS = 0.00921915, max = 0.0180435 (RTOE)
[2026-03-04 00:39:09.811] [info] Frame 149 (t = 0.745):	 total squared error = 0.00203575, marker error: RMS = 0.00920994, max = 0.01821 (RTOE)
[2026-03-04 00:39:09.828] [info] Frame 150 (t = 0.75):	 total squared error = 0.00202321, marker error: RMS = 0.00918153, max = 0.0183589 (RTOE)
[2026-03-04 00:39:09.839] [info] Frame 151 (t = 0.755):	 total squared error = 0.00200652, marker error: RMS = 0.00914358, max = 0.0184952 (RTOE)
[2026-03-04 00:39:09.857] [info] Frame 152 (t = 0.76):	 total squared error = 0.00198597, marker error: RMS = 0.00909665, max = 0.0184496 (RTOE)
[2026-03-04 00:39:09.871] [info] Frame 153 (t = 0.765):	 total squared error = 0.00196477, marker error: RMS = 0.00904795, max = 0.0184641 (RTHOL)
[2026-03-04 00:39:09.885] [info] Frame 154 (t = 0.77):	 total squared error = 0.00194386, marker error: RMS = 0.00899969, max = 0.0189998 (RTHOL)
[2026-03-04 00:39:09.900] [info] Frame 155 (t = 0.775):	 total squared error = 0.00192377, marker error: RMS = 0.00895304, max = 0.0193788 (RTHOL)
[2026-03-04 00:39:09.915] [info] Frame 156 (t = 0.78):	 total squared error = 0.00190449, marker error: RMS = 0.00890808, max = 0.0197251 (RTHOL)
[2026-03-04 00:39:09.934] [info] Frame 157 (t = 0.785):	 total squared error = 0.00188585, marker error: RMS = 0.00886438, max = 0.0199682 (RTHOL)
[2026-03-04 00:39:09.953] [info] Frame 158 (t = 0.79):	 total squared error = 0.00186713, marker error: RMS = 0.00882026, max = 0.0200257 (RTHOL)
[2026-03-04 00:39:09.969] [info] Frame 159 (t = 0.795):	 total squared error = 0.00184856, marker error: RMS = 0.00877630, max = 0.0203424 (RTHOL)
[2026-03-04 00:39:09.985] [info] Frame 160 (t = 0.8):	 total squared error = 0.00183315, marker error: RMS = 0.00873963, max = 0.0205070 (RTHOL)
[2026-03-04 00:39:10.007] [info] Frame 161 (t = 0.805000):	 total squared error = 0.00181943, marker error: RMS = 0.00870688, max = 0.0201044 (RTHOL)
[2026-03-04 00:39:10.023] [info] Frame 162 (t = 0.81):	 total squared error = 0.00181211, marker error: RMS = 0.00868934, max = 0.0202685 (RTHOL)
[2026-03-04 00:39:10.046] [info] Frame 163 (t = 0.815):	 total squared error = 0.00181150, marker error: RMS = 0.00868787, max = 0.0198249 (RTHOL)
[2026-03-04 00:39:10.061] [info] Frame 164 (t = 0.82):	 total squared error = 0.00182081, marker error: RMS = 0.00871017, max = 0.0198876 (RTHOL)
[2026-03-04 00:39:10.085] [info] Frame 165 (t = 0.825):	 total squared error = 0.00183891, marker error: RMS = 0.00875335, max = 0.0192514 (RTHOL)
[2026-03-04 00:39:10.110] [info] Frame 166 (t = 0.83):	 total squared error = 0.00186904, marker error: RMS = 0.00882478, max = 0.0189722 (RTHOL)
[2026-03-04 00:39:10.126] [info] Frame 167 (t = 0.835):	 total squared error = 0.00191179, marker error: RMS = 0.00892513, max = 0.0189771 (RTHOL)
[2026-03-04 00:39:10.149] [info] Frame 168 (t = 0.84):	 total squared error = 0.00196241, marker error: RMS = 0.00904251, max = 0.0183306 (RTHOL)
[2026-03-04 00:39:10.168] [info] Frame 169 (t = 0.845):	 total squared error = 0.00202389, marker error: RMS = 0.00918307, max = 0.018283 (RTHOL)
[2026-03-04 00:39:10.177] [info] Frame 170 (t = 0.85):	 total squared error = 0.00210536, marker error: RMS = 0.00936606, max = 0.0188535 (RTHOL)
[2026-03-04 00:39:10.204] [info] Frame 171 (t = 0.855):	 total squared error = 0.00216291, marker error: RMS = 0.00949321, max = 0.0174312 (RTHOL)
[2026-03-04 00:39:10.226] [info] Frame 172 (t = 0.86):	 total squared error = 0.00223696, marker error: RMS = 0.00965437, max = 0.017213 (RTHOL)
[2026-03-04 00:39:10.238] [info] Frame 173 (t = 0.865):	 total squared error = 0.00231551, marker error: RMS = 0.00982240, max = 0.0176292 (RTHOL)
[2026-03-04 00:39:10.259] [info] Frame 174 (t = 0.87):	 total squared error = 0.00238338, marker error: RMS = 0.00996531, max = 0.0169287 (RTHOL)
[2026-03-04 00:39:10.284] [info] Frame 175 (t = 0.875):	 total squared error = 0.00245374, marker error: RMS = 0.0101113, max = 0.0167523 (RTHOL)
[2026-03-04 00:39:10.306] [info] Frame 176 (t = 0.88):	 total squared error = 0.00252208, marker error: RMS = 0.0102512, max = 0.0166855 (RTHOL)
[2026-03-04 00:39:10.321] [info] Frame 177 (t = 0.885):	 total squared error = 0.00258873, marker error: RMS = 0.0103858, max = 0.0169098 (RTHOL)
[2026-03-04 00:39:10.340] [info] Frame 178 (t = 0.89):	 total squared error = 0.00265344, marker error: RMS = 0.0105148, max = 0.0174379 (RSHAOL)
[2026-03-04 00:39:10.353] [info] Frame 179 (t = 0.895):	 total squared error = 0.00271456, marker error: RMS = 0.0106352, max = 0.0180124 (RSHAOL)
[2026-03-04 00:39:10.371] [info] Frame 180 (t = 0.9):	 total squared error = 0.00277242, marker error: RMS = 0.0107479, max = 0.0187072 (RSHAOL)
[2026-03-04 00:39:10.387] [info] Frame 181 (t = 0.905000):	 total squared error = 0.00282321, marker error: RMS = 0.0108459, max = 0.0193446 (RSHAOL)
[2026-03-04 00:39:10.399] [info] Frame 182 (t = 0.91):	 total squared error = 0.00286597, marker error: RMS = 0.0109277, max = 0.0199040 (RSHAOL)
[2026-03-04 00:39:10.417] [info] Frame 183 (t = 0.915):	 total squared error = 0.00289745, marker error: RMS = 0.0109876, max = 0.0204550 (RSHAOL)
[2026-03-04 00:39:10.426] [info] Frame 184 (t = 0.92):	 total squared error = 0.00291723, marker error: RMS = 0.0110250, max = 0.0208762 (RSHAOL)
[2026-03-04 00:39:10.438] [info] Frame 185 (t = 0.925):	 total squared error = 0.00291292, marker error: RMS = 0.0110169, max = 0.0211408 (RSHAOL)
[2026-03-04 00:39:10.452] [info] Frame 186 (t = 0.93):	 total squared error = 0.00289286, marker error: RMS = 0.0109789, max = 0.0213165 (RSHAOL)
[2026-03-04 00:39:10.464] [info] Frame 187 (t = 0.935):	 total squared error = 0.00285327, marker error: RMS = 0.0109035, max = 0.0213194 (RSHAOL)
[2026-03-04 00:39:10.476] [info] Frame 188 (t = 0.94):	 total squared error = 0.00279413, marker error: RMS = 0.0107899, max = 0.0212289 (RSHAOL)
[2026-03-04 00:39:10.492] [info] Frame 189 (t = 0.945):	 total squared error = 0.00271666, marker error: RMS = 0.0106393, max = 0.0209587 (RSHAOL)
[2026-03-04 00:39:10.502] [info] Frame 190 (t = 0.95):	 total squared error = 0.00262686, marker error: RMS = 0.0104619, max = 0.0205225 (RSHAOL)
[2026-03-04 00:39:10.521] [info] Frame 191 (t = 0.955):	 total squared error = 0.00251972, marker error: RMS = 0.0102464, max = 0.0200283 (RSHAOL)
[2026-03-04 00:39:10.540] [info] Frame 192 (t = 0.96):	 total squared error = 0.00240648, marker error: RMS = 0.0100135, max = 0.0193495 (RSHAOL)
[2026-03-04 00:39:10.553] [info] Frame 193 (t = 0.965):	 total squared error = 0.00228957, marker error: RMS = 0.00976723, max = 0.0187145 (RSHAOL)
[2026-03-04 00:39:10.565] [info] Frame 194 (t = 0.97):	 total squared error = 0.00217271, marker error: RMS = 0.00951470, max = 0.0180092 (RSHAOL)
[2026-03-04 00:39:10.585] [info] Frame 195 (t = 0.975):	 total squared error = 0.00205363, marker error: RMS = 0.00925029, max = 0.0170091 (RSHAOL)
[2026-03-04 00:39:10.594] [info] Frame 196 (t = 0.98):	 total squared error = 0.00194654, marker error: RMS = 0.00900587, max = 0.0163604 (RSHAOL)
[2026-03-04 00:39:10.615] [info] Frame 197 (t = 0.985):	 total squared error = 0.00183942, marker error: RMS = 0.00875458, max = 0.0153105 (RSHAOL)
[2026-03-04 00:39:10.627] [info] Frame 198 (t = 0.99):	 total squared error = 0.00174698, marker error: RMS = 0.00853176, max = 0.014554 (RSHAOL)
[2026-03-04 00:39:10.645] [info] Frame 199 (t = 0.995):	 total squared error = 0.00166310, marker error: RMS = 0.00832441, max = 0.0137901 (XIPH)
[2026-03-04 00:39:10.653] [info] Frame 200 (t = 1.0):	 total squared error = 0.00159701, marker error: RMS = 0.00815732, max = 0.0136485 (XIPH)
[2026-03-04 00:39:10.674] [info] Frame 201 (t = 1.00500):	 total squared error = 0.00153318, marker error: RMS = 0.00799264, max = 0.0135851 (XIPH)
[2026-03-04 00:39:10.693] [info] Frame 202 (t = 1.01):	 total squared error = 0.00148702, marker error: RMS = 0.00787141, max = 0.013569 (XIPH)
[2026-03-04 00:39:10.709] [info] Frame 203 (t = 1.015):	 total squared error = 0.00145449, marker error: RMS = 0.00778483, max = 0.013657 (XIPH)
[2026-03-04 00:39:10.726] [info] Frame 204 (t = 1.02):	 total squared error = 0.00143273, marker error: RMS = 0.00772638, max = 0.0136128 (XIPH)
[2026-03-04 00:39:10.749] [info] Frame 205 (t = 1.025):	 total squared error = 0.00142125, marker error: RMS = 0.00769536, max = 0.0134271 (XIPH)
[2026-03-04 00:39:10.760] [info] Frame 206 (t = 1.03):	 total squared error = 0.00142611, marker error: RMS = 0.00770851, max = 0.0134867 (XIPH)
[2026-03-04 00:39:10.780] [info] Frame 207 (t = 1.035):	 total squared error = 0.00143303, marker error: RMS = 0.00772721, max = 0.0134029 (XIPH)
[2026-03-04 00:39:10.794] [info] Frame 208 (t = 1.04):	 total squared error = 0.00145462, marker error: RMS = 0.00778520, max = 0.0135385 (XIPH)
[2026-03-04 00:39:10.811] [info] Frame 209 (t = 1.045):	 total squared error = 0.00148201, marker error: RMS = 0.00785815, max = 0.0135789 (RM5)
[2026-03-04 00:39:10.824] [info] Frame 210 (t = 1.05):	 total squared error = 0.00151911, marker error: RMS = 0.00795589, max = 0.0137348 (RM5)
[2026-03-04 00:39:10.835] [info] Frame 211 (t = 1.055):	 total squared error = 0.00156459, marker error: RMS = 0.00807412, max = 0.0139060 (RM5)
[2026-03-04 00:39:10.853] [info] Frame 212 (t = 1.06):	 total squared error = 0.00160090, marker error: RMS = 0.00816725, max = 0.0141060 (RM5)
[2026-03-04 00:39:10.871] [info] Frame 213 (t = 1.065):	 total squared error = 0.00164613, marker error: RMS = 0.00828183, max = 0.0143173 (RM5)
[2026-03-04 00:39:10.884] [info] Frame 214 (t = 1.07):	 total squared error = 0.00169287, marker error: RMS = 0.00839859, max = 0.0144575 (RM5)
[2026-03-04 00:39:10.894] [info] Frame 215 (t = 1.075):	 total squared error = 0.00173843, marker error: RMS = 0.00851084, max = 0.0145867 (RM5)
[2026-03-04 00:39:10.913] [info] Frame 216 (t = 1.08):	 total squared error = 0.00176878, marker error: RMS = 0.00858483, max = 0.0148152 (RM5)
[2026-03-04 00:39:10.924] [info] Frame 217 (t = 1.085):	 total squared error = 0.00180062, marker error: RMS = 0.00866174, max = 0.014833 (RM5)
[2026-03-04 00:39:10.937] [info] Frame 218 (t = 1.09):	 total squared error = 0.00182420, marker error: RMS = 0.00871828, max = 0.014796 (RM5)
[2026-03-04 00:39:10.957] [info] Frame 219 (t = 1.095):	 total squared error = 0.00182990, marker error: RMS = 0.00873188, max = 0.0148969 (RM5)
[2026-03-04 00:39:10.970] [info] Frame 220 (t = 1.1):	 total squared error = 0.00183025, marker error: RMS = 0.00873273, max = 0.0146777 (RM5)
[2026-03-04 00:39:10.983] [info] Frame 221 (t = 1.10500):	 total squared error = 0.00181909, marker error: RMS = 0.00870605, max = 0.0144176 (RM5)
[2026-03-04 00:39:10.996] [info] Frame 222 (t = 1.11):	 total squared error = 0.00179408, marker error: RMS = 0.00864600, max = 0.014556 (XIPH)
[2026-03-04 00:39:11.008] [info] Frame 223 (t = 1.115):	 total squared error = 0.00175799, marker error: RMS = 0.00855859, max = 0.014714 (XIPH)
[2026-03-04 00:39:11.030] [info] Frame 224 (t = 1.12):	 total squared error = 0.00170799, marker error: RMS = 0.00843601, max = 0.0147392 (XIPH)
[2026-03-04 00:39:11.042] [info] Frame 225 (t = 1.125):	 total squared error = 0.00165557, marker error: RMS = 0.00830554, max = 0.0149268 (XIPH)
[2026-03-04 00:39:11.057] [info] Frame 226 (t = 1.13):	 total squared error = 0.00159910, marker error: RMS = 0.00816267, max = 0.0151543 (XIPH)
[2026-03-04 00:39:11.071] [info] Frame 227 (t = 1.135):	 total squared error = 0.00154225, marker error: RMS = 0.00801627, max = 0.0153179 (XIPH)
[2026-03-04 00:39:11.089] [info] Frame 228 (t = 1.14):	 total squared error = 0.00148805, marker error: RMS = 0.00787414, max = 0.0154859 (XIPH)
[2026-03-04 00:39:11.105] [info] Frame 229 (t = 1.145):	 total squared error = 0.00144087, marker error: RMS = 0.00774830, max = 0.0156975 (XIPH)
[2026-03-04 00:39:11.119] [info] Frame 230 (t = 1.15):	 total squared error = 0.00140337, marker error: RMS = 0.00764681, max = 0.0158785 (XIPH)
[2026-03-04 00:39:11.132] [info] Frame 231 (t = 1.155):	 total squared error = 0.00137750, marker error: RMS = 0.00757601, max = 0.0160665 (XIPH)
[2026-03-04 00:39:11.145] [info] Frame 232 (t = 1.16):	 total squared error = 0.00136410, marker error: RMS = 0.00753905, max = 0.0162301 (XIPH)
[2026-03-04 00:39:11.157] [info] Frame 233 (t = 1.165):	 total squared error = 0.00136387, marker error: RMS = 0.00753843, max = 0.016418 (XIPH)
[2026-03-04 00:39:11.171] [info] Frame 234 (t = 1.17):	 total squared error = 0.00137542, marker error: RMS = 0.00757029, max = 0.016572 (XIPH)
[2026-03-04 00:39:11.183] [info] Frame 235 (t = 1.175):	 total squared error = 0.00139717, marker error: RMS = 0.00762991, max = 0.0167179 (XIPH)
[2026-03-04 00:39:11.198] [info] Frame 236 (t = 1.18):	 total squared error = 0.00142589, marker error: RMS = 0.00770791, max = 0.0168632 (XIPH)
[2026-03-04 00:39:11.208] [info] Frame 237 (t = 1.185):	 total squared error = 0.00146034, marker error: RMS = 0.00780049, max = 0.0170852 (XIPH)
[2026-03-04 00:39:11.219] [info] Frame 238 (t = 1.19):	 total squared error = 0.00149651, marker error: RMS = 0.00789650, max = 0.0171498 (XIPH)
[2026-03-04 00:39:11.233] [info] Frame 239 (t = 1.195):	 total squared error = 0.00153187, marker error: RMS = 0.00798923, max = 0.0172496 (XIPH)
[2026-03-04 00:39:11.247] [info] Frame 240 (t = 1.2):	 total squared error = 0.00156432, marker error: RMS = 0.00807341, max = 0.0173188 (XIPH)
[2026-03-04 00:39:11.255] [info] Frame 241 (t = 1.20500):	 total squared error = 0.00159496, marker error: RMS = 0.00815210, max = 0.0173842 (XIPH)
[2026-03-04 00:39:11.274] [info] Frame 242 (t = 1.21):	 total squared error = 0.00161378, marker error: RMS = 0.00820006, max = 0.0174847 (XIPH)
[2026-03-04 00:39:11.282] [info] Frame 243 (t = 1.215):	 total squared error = 0.00163243, marker error: RMS = 0.00824730, max = 0.0176532 (XIPH)
[2026-03-04 00:39:11.292] [info] Frame 244 (t = 1.22):	 total squared error = 0.00164546, marker error: RMS = 0.00828016, max = 0.0176948 (XIPH)
[2026-03-04 00:39:11.306] [info] Frame 245 (t = 1.225):	 total squared error = 0.00165472, marker error: RMS = 0.00830341, max = 0.0176256 (XIPH)
[2026-03-04 00:39:11.327] [info] Frame 246 (t = 1.23):	 total squared error = 0.00165563, marker error: RMS = 0.00830569, max = 0.0176384 (XIPH)
[2026-03-04 00:39:11.339] [info] Frame 247 (t = 1.235):	 total squared error = 0.00166163, marker error: RMS = 0.00832074, max = 0.0177007 (XIPH)
[2026-03-04 00:39:11.354] [info] Frame 248 (t = 1.24):	 total squared error = 0.00166242, marker error: RMS = 0.00832272, max = 0.0176587 (XIPH)
[2026-03-04 00:39:11.367] [info] Frame 249 (t = 1.245):	 total squared error = 0.00166698, marker error: RMS = 0.00833413, max = 0.0176693 (XIPH)
[2026-03-04 00:39:11.383] [info] Frame 250 (t = 1.25):	 total squared error = 0.00167083, marker error: RMS = 0.00834374, max = 0.0176097 (XIPH)
[2026-03-04 00:39:11.401] [info] Frame 251 (t = 1.255):	 total squared error = 0.00166825, marker error: RMS = 0.00833728, max = 0.0175452 (XIPH)
[2026-03-04 00:39:11.409] [info] InverseKinematicsTool completed 217 frames in 4 second(s).
[2026-03-04 00:39:15.717] [info] Loaded model Athlete_03_Uhlrich_scaled from file ..\..\..\..\models\Athlete_03_Uhlrich\25_03_31\scaled.osim
[2026-03-04 00:39:15.784] [info] Storage: read data file = joint_angles.mot (nr=217 nc=40)
[2026-03-04 00:39:15.834] [info] Loaded model Athlete_03_Uhlrich_scaled from file ..\..\..\..\models\Athlete_03_Uhlrich\25_03_31\scaled.osim
[2026-03-04 00:39:15.888] [cout] [info] 
               MODEL: Athlete_03_Uhlrich_scaled
         coordinates: 39
              forces: 97
           actuators: 97
             muscles: 80
            analyses: 0
              probes: 0
              bodies: 22
              joints: 22
         constraints: 2
             markers: 46
         controllers: 0
  contact geometries: 0
misc modelcomponents: 0
[2026-03-04 00:39:15.889] [info] Running tool ...
[2026-03-04 00:39:15.958] [info] Storage: read data file = grf.mot (nr=4930 nc=46)
[2026-03-04 00:39:16.006] [info] ExternalForce::grf_r_2 Data source being set to grf
[2026-03-04 00:39:16.007] [info] ExternalForce::grf_l_3 Data source being set to grf
[2026-03-04 00:39:16.007] [info] ExternalForce::grf_l_4 Data source being set to grf
[2026-03-04 00:39:16.021] [info] Storage: read data file = joint_angles.mot (nr=217 nc=40)
[2026-03-04 00:39:16.024] [info] Low-pass filtering coordinates data with a cutoff frequency of 6.0...
[2026-03-04 00:39:16.415] [info] InverseDynamicsTool: 217 time frames in 338 millisecond(s).
[2026-03-04 00:39:18.947] [info] Loaded model Athlete_03_Uhlrich_scaled from file ..\..\..\..\models\Athlete_03_Uhlrich\25_03_31\scaled.osim
[2026-03-04 00:39:19.010] [info] Storage: read data file = joint_angles.mot (nr=217 nc=40)
[2026-03-04 00:39:19.036] [info] AbstractTool  loading model ..\..\..\..\models\Athlete_03_Uhlrich\25_03_31\scaled.osim
[2026-03-04 00:39:19.065] [info] Loaded model Athlete_03_Uhlrich_scaled from file ..\..\..\..\models\Athlete_03_Uhlrich\25_03_31\scaled.osim
[2026-03-04 00:39:19.230] [info] Storage: read data file = grf.mot (nr=4930 nc=46)
[2026-03-04 00:39:19.277] [info] ExternalForce::grf_r_2 Data source being set to grf
[2026-03-04 00:39:19.277] [info] ExternalForce::grf_l_3 Data source being set to grf
[2026-03-04 00:39:19.277] [info] ExternalForce::grf_l_4 Data source being set to grf
[2026-03-04 00:39:19.293] [info] Loading coordinates from file 'joint_angles.mot'.
[2026-03-04 00:39:19.293] [info] Storage: read data file = joint_angles.mot (nr=217 nc=40)
[2026-03-04 00:39:19.297] [info] Low-pass filtering coordinates data with a cutoff frequency of 6.0...
[2026-03-04 00:39:19.506] [info] AssemblySolver::track() attempt Failed: SimTK Exception thrown at Assembler.cpp:973:
  Method Assembler::track() failed because:
Unable to achieve required assembly error tolerance.
Assembly error tolerance achieved: 7.3308595334545079e-09 required: 1e-10.
[2026-03-04 00:39:19.512] [error] Model unable to assemble: AssemblySolver::assemble() Failed: SimTK Exception thrown at Assembler.cpp:897:
  Method Assembler::assemble() failed because:
Unable to achieve required assembly error tolerance.
Assembly error tolerance achieved: 7.3308595362397276e-09 required: 1e-10..Model relaxing constraints and trying again.
[2026-03-04 00:39:19.722] [info] Found 433 state vectors with time stamps ranging from -0.365 to 1.795.
[2026-03-04 00:39:19.723] [info] Executing the analyses from 0.175 to 1.255...
[2026-03-04 00:39:19.729] [warning] MuscleAnalysis: coordinate mtp_angle_r is locked and can't be varied.
[2026-03-04 00:39:19.729] [warning] MuscleAnalysis: coordinate mtp_angle_l is locked and can't be varied.
[2026-03-04 00:39:19.729] [warning] MuscleAnalysis: coordinate wrist_flex_r is locked and can't be varied.
[2026-03-04 00:39:19.730] [warning] MuscleAnalysis: coordinate wrist_dev_r is locked and can't be varied.
[2026-03-04 00:39:19.730] [warning] MuscleAnalysis: coordinate wrist_flex_l is locked and can't be varied.
[2026-03-04 00:39:19.730] [warning] MuscleAnalysis: coordinate wrist_dev_l is locked and can't be varied.
