[2025-10-06 17:52:09.503] [warning] Failed to read 'class SimTK::Vec<3,double,1>': property 'translation' with input '': does not contain enough values (minimum: 1, got: 0): the data (all fields) have been ignored
[2025-10-06 17:52:09.505] [warning] Failed to read 'class SimTK::Vec<3,double,1>': property 'translation' with input '': does not contain enough values (minimum: 1, got: 0): the data (all fields) have been ignored
[2025-10-06 17:52:09.592] [info] Loaded model tps_transformed from file c:\Git\1_current_projects\powerlifing_model\models\athlete_03\final_results\personalized\tps_transformed.osim
[2025-10-06 17:52:09.593] [warning] Couldn't find file 'bones\r_pelvis.stl'.
[2025-10-06 17:52:09.593] [warning] Couldn't find file 'bones\l_pelvis.stl'.
[2025-10-06 17:52:09.594] [warning] Couldn't find file 'bones\sacrum.stl'.
[2025-10-06 17:52:09.594] [warning] Couldn't find file 'bones\femur_r.stl'.
[2025-10-06 17:52:09.594] [warning] Couldn't find file 'bones\tibia_r.stl'.
[2025-10-06 17:52:09.594] [warning] Couldn't find file 'bones\fibula_r.stl'.
[2025-10-06 17:52:09.594] [warning] Couldn't find file 'bones\patella_r.stl'.
[2025-10-06 17:52:09.595] [warning] Couldn't find file 'r_talus.vtp'.
[2025-10-06 17:52:09.595] [warning] Couldn't find file 'r_foot.vtp'.
[2025-10-06 17:52:09.595] [warning] Couldn't find file 'r_bofoot.vtp'.
[2025-10-06 17:52:09.595] [warning] Couldn't find file 'bones\femur_l.stl'.
[2025-10-06 17:52:09.595] [warning] Couldn't find file 'bones\tibia_l.stl'.
[2025-10-06 17:52:09.595] [warning] Couldn't find file 'bones\fibula_l.stl'.
[2025-10-06 17:52:09.595] [warning] Couldn't find file 'bones\patella_l.stl'.
[2025-10-06 17:52:09.596] [warning] Couldn't find file 'l_talus.vtp'.
[2025-10-06 17:52:09.596] [warning] Couldn't find file 'l_foot.vtp'.
[2025-10-06 17:52:09.596] [warning] Couldn't find file 'l_bofoot.vtp'.
[2025-10-06 17:52:09.596] [warning] Couldn't find file 'hat_spine.vtp'.
[2025-10-06 17:52:09.596] [warning] Couldn't find file 'hat_jaw.vtp'.
[2025-10-06 17:52:09.596] [warning] Couldn't find file 'hat_skull.vtp'.
[2025-10-06 17:52:09.596] [warning] Couldn't find file 'hat_ribs_scap.vtp'.
[2025-10-06 17:52:09.597] [warning] Couldn't find file 'humerus_rv.vtp'.
[2025-10-06 17:52:09.597] [warning] Couldn't find file 'ulna_rv.vtp'.
[2025-10-06 17:52:09.597] [warning] Couldn't find file 'radius_rv.vtp'.
[2025-10-06 17:52:09.597] [warning] Couldn't find file 'pisiform_rvs.vtp'.
[2025-10-06 17:52:09.597] [warning] Couldn't find file 'lunate_rvs.vtp'.
[2025-10-06 17:52:09.597] [warning] Couldn't find file 'scaphoid_rvs.vtp'.
[2025-10-06 17:52:09.597] [warning] Couldn't find file 'triquetrum_rvs.vtp'.
[2025-10-06 17:52:09.598] [warning] Couldn't find file 'hamate_rvs.vtp'.
[2025-10-06 17:52:09.598] [warning] Couldn't find file 'capitate_rvs.vtp'.
[2025-10-06 17:52:09.598] [warning] Couldn't find file 'trapezoid_rvs.vtp'.
[2025-10-06 17:52:09.598] [warning] Couldn't find file 'trapezium_rvs.vtp'.
[2025-10-06 17:52:09.599] [warning] Couldn't find file 'metacarpal2_rvs.vtp'.
[2025-10-06 17:52:09.599] [warning] Couldn't find file 'index_proximal_rvs.vtp'.
[2025-10-06 17:52:09.599] [warning] Couldn't find file 'index_medial_rvs.vtp'.
[2025-10-06 17:52:09.599] [warning] Couldn't find file 'index_distal_rvs.vtp'.
[2025-10-06 17:52:09.599] [warning] Couldn't find file 'metacarpal3_rvs.vtp'.
[2025-10-06 17:52:09.600] [warning] Couldn't find file 'middle_proximal_rvs.vtp'.
[2025-10-06 17:52:09.600] [warning] Couldn't find file 'middle_medial_rvs.vtp'.
[2025-10-06 17:52:09.600] [warning] Couldn't find file 'middle_distal_rvs.vtp'.
[2025-10-06 17:52:09.600] [warning] Couldn't find file 'metacarpal4_rvs.vtp'.
[2025-10-06 17:52:09.600] [warning] Couldn't find file 'ring_proximal_rvs.vtp'.
[2025-10-06 17:52:09.601] [warning] Couldn't find file 'ring_medial_rvs.vtp'.
[2025-10-06 17:52:09.601] [warning] Couldn't find file 'ring_distal_rvs.vtp'.
[2025-10-06 17:52:09.601] [warning] Couldn't find file 'metacarpal5_rvs.vtp'.
[2025-10-06 17:52:09.601] [warning] Couldn't find file 'little_proximal_rvs.vtp'.
[2025-10-06 17:52:09.601] [warning] Couldn't find file 'little_medial_rvs.vtp'.
[2025-10-06 17:52:09.601] [warning] Couldn't find file 'little_distal_rvs.vtp'.
[2025-10-06 17:52:09.602] [warning] Couldn't find file 'metacarpal1_rvs.vtp'.
[2025-10-06 17:52:09.602] [warning] Couldn't find file 'thumb_proximal_rvs.vtp'.
[2025-10-06 17:52:09.602] [warning] Couldn't find file 'thumb_distal_rvs.vtp'.
[2025-10-06 17:52:09.602] [warning] Couldn't find file 'humerus_lv.vtp'.
[2025-10-06 17:52:09.602] [warning] Couldn't find file 'ulna_lv.vtp'.
[2025-10-06 17:52:09.603] [warning] Couldn't find file 'radius_lv.vtp'.
[2025-10-06 17:52:09.603] [warning] Couldn't find file 'pisiform_lvs.vtp'.
[2025-10-06 17:52:09.603] [warning] Couldn't find file 'lunate_lvs.vtp'.
[2025-10-06 17:52:09.603] [warning] Couldn't find file 'scaphoid_lvs.vtp'.
[2025-10-06 17:52:09.603] [warning] Couldn't find file 'triquetrum_lvs.vtp'.
[2025-10-06 17:52:09.603] [warning] Couldn't find file 'hamate_lvs.vtp'.
[2025-10-06 17:52:09.603] [warning] Couldn't find file 'capitate_lvs.vtp'.
[2025-10-06 17:52:09.604] [warning] Couldn't find file 'trapezoid_lvs.vtp'.
[2025-10-06 17:52:09.604] [warning] Couldn't find file 'trapezium_lvs.vtp'.
[2025-10-06 17:52:09.604] [warning] Couldn't find file 'metacarpal2_lvs.vtp'.
[2025-10-06 17:52:09.604] [warning] Couldn't find file 'index_proximal_lvs.vtp'.
[2025-10-06 17:52:09.604] [warning] Couldn't find file 'index_medial_lvs.vtp'.
[2025-10-06 17:52:09.604] [warning] Couldn't find file 'index_distal_lvs.vtp'.
[2025-10-06 17:52:09.604] [warning] Couldn't find file 'metacarpal3_lvs.vtp'.
[2025-10-06 17:52:09.604] [warning] Couldn't find file 'middle_proximal_lvs.vtp'.
[2025-10-06 17:52:09.604] [warning] Couldn't find file 'middle_medial_lvs.vtp'.
[2025-10-06 17:52:09.605] [warning] Couldn't find file 'middle_distal_lvs.vtp'.
[2025-10-06 17:52:09.605] [warning] Couldn't find file 'metacarpal4_lvs.vtp'.
[2025-10-06 17:52:09.605] [warning] Couldn't find file 'ring_proximal_lvs.vtp'.
[2025-10-06 17:52:09.605] [warning] Couldn't find file 'ring_medial_lvs.vtp'.
[2025-10-06 17:52:09.605] [warning] Couldn't find file 'ring_distal_lvs.vtp'.
[2025-10-06 17:52:09.605] [warning] Couldn't find file 'metacarpal5_lvs.vtp'.
[2025-10-06 17:52:09.605] [warning] Couldn't find file 'little_proximal_lvs.vtp'.
[2025-10-06 17:52:09.605] [warning] Couldn't find file 'little_medial_lvs.vtp'.
[2025-10-06 17:52:09.605] [warning] Couldn't find file 'little_distal_lvs.vtp'.
[2025-10-06 17:52:09.605] [warning] Couldn't find file 'metacarpal1_lvs.vtp'.
[2025-10-06 17:52:09.606] [warning] Couldn't find file 'thumb_proximal_lvs.vtp'.
[2025-10-06 17:52:09.606] [warning] Couldn't find file 'thumb_distal_lvs.vtp'.
[2025-10-06 18:14:45.547] [warning] Failed to read 'class SimTK::Vec<3,double,1>': property 'translation' with input '': does not contain enough values (minimum: 1, got: 0): the data (all fields) have been ignored
[2025-10-06 18:14:45.549] [warning] Failed to read 'class SimTK::Vec<3,double,1>': property 'translation' with input '': does not contain enough values (minimum: 1, got: 0): the data (all fields) have been ignored
[2025-10-06 18:14:45.615] [info] Loaded model tps_transformed from file c:\Git\1_current_projects\powerlifing_model\models\athlete_03\final_results\personalized\tps_transformed.osim
[2025-10-06 18:14:45.617] [warning] Couldn't find file 'bones\r_pelvis.stl'.
[2025-10-06 18:14:45.617] [warning] Couldn't find file 'bones\l_pelvis.stl'.
[2025-10-06 18:14:45.617] [warning] Couldn't find file 'bones\sacrum.stl'.
[2025-10-06 18:14:45.618] [warning] Couldn't find file 'bones\femur_r.stl'.
[2025-10-06 18:14:45.618] [warning] Couldn't find file 'bones\tibia_r.stl'.
[2025-10-06 18:14:45.618] [warning] Couldn't find file 'bones\fibula_r.stl'.
[2025-10-06 18:14:45.618] [warning] Couldn't find file 'bones\patella_r.stl'.
[2025-10-06 18:14:45.618] [warning] Couldn't find file 'r_talus.vtp'.
[2025-10-06 18:14:45.619] [warning] Couldn't find file 'r_foot.vtp'.
[2025-10-06 18:14:45.619] [warning] Couldn't find file 'r_bofoot.vtp'.
[2025-10-06 18:14:45.619] [warning] Couldn't find file 'bones\femur_l.stl'.
[2025-10-06 18:14:45.619] [warning] Couldn't find file 'bones\tibia_l.stl'.
[2025-10-06 18:14:45.620] [warning] Couldn't find file 'bones\fibula_l.stl'.
[2025-10-06 18:14:45.621] [warning] Couldn't find file 'bones\patella_l.stl'.
[2025-10-06 18:14:45.621] [warning] Couldn't find file 'l_talus.vtp'.
[2025-10-06 18:14:45.622] [warning] Couldn't find file 'l_foot.vtp'.
[2025-10-06 18:14:45.622] [warning] Couldn't find file 'l_bofoot.vtp'.
[2025-10-06 18:14:45.622] [warning] Couldn't find file 'hat_spine.vtp'.
[2025-10-06 18:14:45.623] [warning] Couldn't find file 'hat_jaw.vtp'.
[2025-10-06 18:14:45.623] [warning] Couldn't find file 'hat_skull.vtp'.
[2025-10-06 18:14:45.623] [warning] Couldn't find file 'hat_ribs_scap.vtp'.
[2025-10-06 18:14:45.623] [warning] Couldn't find file 'humerus_rv.vtp'.
[2025-10-06 18:14:45.623] [warning] Couldn't find file 'ulna_rv.vtp'.
[2025-10-06 18:14:45.623] [warning] Couldn't find file 'radius_rv.vtp'.
[2025-10-06 18:14:45.624] [warning] Couldn't find file 'pisiform_rvs.vtp'.
[2025-10-06 18:14:45.624] [warning] Couldn't find file 'lunate_rvs.vtp'.
[2025-10-06 18:14:45.624] [warning] Couldn't find file 'scaphoid_rvs.vtp'.
[2025-10-06 18:14:45.624] [warning] Couldn't find file 'triquetrum_rvs.vtp'.
[2025-10-06 18:14:45.625] [warning] Couldn't find file 'hamate_rvs.vtp'.
[2025-10-06 18:14:45.625] [warning] Couldn't find file 'capitate_rvs.vtp'.
[2025-10-06 18:14:45.625] [warning] Couldn't find file 'trapezoid_rvs.vtp'.
[2025-10-06 18:14:45.625] [warning] Couldn't find file 'trapezium_rvs.vtp'.
[2025-10-06 18:14:45.625] [warning] Couldn't find file 'metacarpal2_rvs.vtp'.
[2025-10-06 18:14:45.626] [warning] Couldn't find file 'index_proximal_rvs.vtp'.
[2025-10-06 18:14:45.626] [warning] Couldn't find file 'index_medial_rvs.vtp'.
[2025-10-06 18:14:45.626] [warning] Couldn't find file 'index_distal_rvs.vtp'.
[2025-10-06 18:14:45.626] [warning] Couldn't find file 'metacarpal3_rvs.vtp'.
[2025-10-06 18:14:45.626] [warning] Couldn't find file 'middle_proximal_rvs.vtp'.
[2025-10-06 18:14:45.626] [warning] Couldn't find file 'middle_medial_rvs.vtp'.
[2025-10-06 18:14:45.626] [warning] Couldn't find file 'middle_distal_rvs.vtp'.
[2025-10-06 18:14:45.626] [warning] Couldn't find file 'metacarpal4_rvs.vtp'.
[2025-10-06 18:14:45.626] [warning] Couldn't find file 'ring_proximal_rvs.vtp'.
[2025-10-06 18:14:45.626] [warning] Couldn't find file 'ring_medial_rvs.vtp'.
[2025-10-06 18:14:45.627] [warning] Couldn't find file 'ring_distal_rvs.vtp'.
[2025-10-06 18:14:45.627] [warning] Couldn't find file 'metacarpal5_rvs.vtp'.
[2025-10-06 18:14:45.627] [warning] Couldn't find file 'little_proximal_rvs.vtp'.
[2025-10-06 18:14:45.627] [warning] Couldn't find file 'little_medial_rvs.vtp'.
[2025-10-06 18:14:45.627] [warning] Couldn't find file 'little_distal_rvs.vtp'.
[2025-10-06 18:14:45.627] [warning] Couldn't find file 'metacarpal1_rvs.vtp'.
[2025-10-06 18:14:45.627] [warning] Couldn't find file 'thumb_proximal_rvs.vtp'.
[2025-10-06 18:14:45.627] [warning] Couldn't find file 'thumb_distal_rvs.vtp'.
[2025-10-06 18:14:45.627] [warning] Couldn't find file 'humerus_lv.vtp'.
[2025-10-06 18:14:45.627] [warning] Couldn't find file 'ulna_lv.vtp'.
[2025-10-06 18:14:45.628] [warning] Couldn't find file 'radius_lv.vtp'.
[2025-10-06 18:14:45.628] [warning] Couldn't find file 'pisiform_lvs.vtp'.
[2025-10-06 18:14:45.628] [warning] Couldn't find file 'lunate_lvs.vtp'.
[2025-10-06 18:14:45.628] [warning] Couldn't find file 'scaphoid_lvs.vtp'.
[2025-10-06 18:14:45.628] [warning] Couldn't find file 'triquetrum_lvs.vtp'.
[2025-10-06 18:14:45.628] [warning] Couldn't find file 'hamate_lvs.vtp'.
[2025-10-06 18:14:45.628] [warning] Couldn't find file 'capitate_lvs.vtp'.
[2025-10-06 18:14:45.629] [warning] Couldn't find file 'trapezoid_lvs.vtp'.
[2025-10-06 18:14:45.629] [warning] Couldn't find file 'trapezium_lvs.vtp'.
[2025-10-06 18:14:45.629] [warning] Couldn't find file 'metacarpal2_lvs.vtp'.
[2025-10-06 18:14:45.629] [warning] Couldn't find file 'index_proximal_lvs.vtp'.
[2025-10-06 18:14:45.629] [warning] Couldn't find file 'index_medial_lvs.vtp'.
[2025-10-06 18:14:45.630] [warning] Couldn't find file 'index_distal_lvs.vtp'.
[2025-10-06 18:14:45.630] [warning] Couldn't find file 'metacarpal3_lvs.vtp'.
[2025-10-06 18:14:45.630] [warning] Couldn't find file 'middle_proximal_lvs.vtp'.
[2025-10-06 18:14:45.630] [warning] Couldn't find file 'middle_medial_lvs.vtp'.
[2025-10-06 18:14:45.631] [warning] Couldn't find file 'middle_distal_lvs.vtp'.
[2025-10-06 18:14:45.631] [warning] Couldn't find file 'metacarpal4_lvs.vtp'.
[2025-10-06 18:14:45.631] [warning] Couldn't find file 'ring_proximal_lvs.vtp'.
[2025-10-06 18:14:45.631] [warning] Couldn't find file 'ring_medial_lvs.vtp'.
[2025-10-06 18:14:45.631] [warning] Couldn't find file 'ring_distal_lvs.vtp'.
[2025-10-06 18:14:45.631] [warning] Couldn't find file 'metacarpal5_lvs.vtp'.
[2025-10-06 18:14:45.632] [warning] Couldn't find file 'little_proximal_lvs.vtp'.
[2025-10-06 18:14:45.632] [warning] Couldn't find file 'little_medial_lvs.vtp'.
[2025-10-06 18:14:45.632] [warning] Couldn't find file 'little_distal_lvs.vtp'.
[2025-10-06 18:14:45.632] [warning] Couldn't find file 'metacarpal1_lvs.vtp'.
[2025-10-06 18:14:45.632] [warning] Couldn't find file 'thumb_proximal_lvs.vtp'.
[2025-10-06 18:14:45.633] [warning] Couldn't find file 'thumb_distal_lvs.vtp'.
[2025-10-06 19:26:06.973] [warning] Failed to read 'class SimTK::Vec<3,double,1>': property 'translation' with input '': does not contain enough values (minimum: 1, got: 0): the data (all fields) have been ignored
[2025-10-06 19:26:06.976] [warning] Failed to read 'class SimTK::Vec<3,double,1>': property 'translation' with input '': does not contain enough values (minimum: 1, got: 0): the data (all fields) have been ignored
[2025-10-06 19:26:07.056] [info] Loaded model tps_transformed from file c:\Git\1_current_projects\powerlifing_model\models\athlete_03\final_results\personalized\tps_transformed.osim
[2025-10-06 19:26:07.194] [warning] Couldn't find file 'r_talus.vtp'.
[2025-10-06 19:26:07.195] [warning] Couldn't find file 'r_foot.vtp'.
[2025-10-06 19:26:07.195] [warning] Couldn't find file 'r_bofoot.vtp'.
[2025-10-06 19:26:07.256] [warning] Couldn't find file 'l_talus.vtp'.
[2025-10-06 19:26:07.258] [warning] Couldn't find file 'l_foot.vtp'.
[2025-10-06 19:26:07.258] [warning] Couldn't find file 'l_bofoot.vtp'.
[2025-10-06 19:26:07.259] [warning] Couldn't find file 'hat_spine.vtp'.
[2025-10-06 19:26:07.259] [warning] Couldn't find file 'hat_jaw.vtp'.
[2025-10-06 19:26:07.259] [warning] Couldn't find file 'hat_skull.vtp'.
[2025-10-06 19:26:07.259] [warning] Couldn't find file 'hat_ribs_scap.vtp'.
[2025-10-06 19:26:07.259] [warning] Couldn't find file 'humerus_rv.vtp'.
[2025-10-06 19:26:07.260] [warning] Couldn't find file 'ulna_rv.vtp'.
[2025-10-06 19:26:07.260] [warning] Couldn't find file 'radius_rv.vtp'.
[2025-10-06 19:26:07.260] [warning] Couldn't find file 'pisiform_rvs.vtp'.
[2025-10-06 19:26:07.260] [warning] Couldn't find file 'lunate_rvs.vtp'.
[2025-10-06 19:26:07.260] [warning] Couldn't find file 'scaphoid_rvs.vtp'.
[2025-10-06 19:26:07.260] [warning] Couldn't find file 'triquetrum_rvs.vtp'.
[2025-10-06 19:26:07.260] [warning] Couldn't find file 'hamate_rvs.vtp'.
[2025-10-06 19:26:07.260] [warning] Couldn't find file 'capitate_rvs.vtp'.
[2025-10-06 19:26:07.260] [warning] Couldn't find file 'trapezoid_rvs.vtp'.
[2025-10-06 19:26:07.261] [warning] Couldn't find file 'trapezium_rvs.vtp'.
[2025-10-06 19:26:07.261] [warning] Couldn't find file 'metacarpal2_rvs.vtp'.
[2025-10-06 19:26:07.261] [warning] Couldn't find file 'index_proximal_rvs.vtp'.
[2025-10-06 19:26:07.261] [warning] Couldn't find file 'index_medial_rvs.vtp'.
[2025-10-06 19:26:07.261] [warning] Couldn't find file 'index_distal_rvs.vtp'.
[2025-10-06 19:26:07.261] [warning] Couldn't find file 'metacarpal3_rvs.vtp'.
[2025-10-06 19:26:07.261] [warning] Couldn't find file 'middle_proximal_rvs.vtp'.
[2025-10-06 19:26:07.261] [warning] Couldn't find file 'middle_medial_rvs.vtp'.
[2025-10-06 19:26:07.261] [warning] Couldn't find file 'middle_distal_rvs.vtp'.
[2025-10-06 19:26:07.261] [warning] Couldn't find file 'metacarpal4_rvs.vtp'.
[2025-10-06 19:26:07.262] [warning] Couldn't find file 'ring_proximal_rvs.vtp'.
[2025-10-06 19:26:07.262] [warning] Couldn't find file 'ring_medial_rvs.vtp'.
[2025-10-06 19:26:07.262] [warning] Couldn't find file 'ring_distal_rvs.vtp'.
[2025-10-06 19:26:07.262] [warning] Couldn't find file 'metacarpal5_rvs.vtp'.
[2025-10-06 19:26:07.262] [warning] Couldn't find file 'little_proximal_rvs.vtp'.
[2025-10-06 19:26:07.262] [warning] Couldn't find file 'little_medial_rvs.vtp'.
[2025-10-06 19:26:07.262] [warning] Couldn't find file 'little_distal_rvs.vtp'.
[2025-10-06 19:26:07.262] [warning] Couldn't find file 'metacarpal1_rvs.vtp'.
[2025-10-06 19:26:07.263] [warning] Couldn't find file 'thumb_proximal_rvs.vtp'.
[2025-10-06 19:26:07.263] [warning] Couldn't find file 'thumb_distal_rvs.vtp'.
[2025-10-06 19:26:07.263] [warning] Couldn't find file 'humerus_lv.vtp'.
[2025-10-06 19:26:07.263] [warning] Couldn't find file 'ulna_lv.vtp'.
[2025-10-06 19:26:07.263] [warning] Couldn't find file 'radius_lv.vtp'.
[2025-10-06 19:26:07.263] [warning] Couldn't find file 'pisiform_lvs.vtp'.
[2025-10-06 19:26:07.263] [warning] Couldn't find file 'lunate_lvs.vtp'.
[2025-10-06 19:26:07.264] [warning] Couldn't find file 'scaphoid_lvs.vtp'.
[2025-10-06 19:26:07.264] [warning] Couldn't find file 'triquetrum_lvs.vtp'.
[2025-10-06 19:26:07.264] [warning] Couldn't find file 'hamate_lvs.vtp'.
[2025-10-06 19:26:07.264] [warning] Couldn't find file 'capitate_lvs.vtp'.
[2025-10-06 19:26:07.264] [warning] Couldn't find file 'trapezoid_lvs.vtp'.
[2025-10-06 19:26:07.264] [warning] Couldn't find file 'trapezium_lvs.vtp'.
[2025-10-06 19:26:07.264] [warning] Couldn't find file 'metacarpal2_lvs.vtp'.
[2025-10-06 19:26:07.265] [warning] Couldn't find file 'index_proximal_lvs.vtp'.
[2025-10-06 19:26:07.265] [warning] Couldn't find file 'index_medial_lvs.vtp'.
[2025-10-06 19:26:07.265] [warning] Couldn't find file 'index_distal_lvs.vtp'.
[2025-10-06 19:26:07.265] [warning] Couldn't find file 'metacarpal3_lvs.vtp'.
[2025-10-06 19:26:07.266] [warning] Couldn't find file 'middle_proximal_lvs.vtp'.
[2025-10-06 19:26:07.266] [warning] Couldn't find file 'middle_medial_lvs.vtp'.
[2025-10-06 19:26:07.266] [warning] Couldn't find file 'middle_distal_lvs.vtp'.
[2025-10-06 19:26:07.266] [warning] Couldn't find file 'metacarpal4_lvs.vtp'.
[2025-10-06 19:26:07.266] [warning] Couldn't find file 'ring_proximal_lvs.vtp'.
[2025-10-06 19:26:07.266] [warning] Couldn't find file 'ring_medial_lvs.vtp'.
[2025-10-06 19:26:07.266] [warning] Couldn't find file 'ring_distal_lvs.vtp'.
[2025-10-06 19:26:07.266] [warning] Couldn't find file 'metacarpal5_lvs.vtp'.
[2025-10-06 19:26:07.267] [warning] Couldn't find file 'little_proximal_lvs.vtp'.
[2025-10-06 19:26:07.267] [warning] Couldn't find file 'little_medial_lvs.vtp'.
[2025-10-06 19:26:07.267] [warning] Couldn't find file 'little_distal_lvs.vtp'.
[2025-10-06 19:26:07.267] [warning] Couldn't find file 'metacarpal1_lvs.vtp'.
[2025-10-06 19:26:07.267] [warning] Couldn't find file 'thumb_proximal_lvs.vtp'.
[2025-10-06 19:26:07.267] [warning] Couldn't find file 'thumb_distal_lvs.vtp'.
[2025-10-08 13:31:15.425] [warning] Failed to read 'class SimTK::Vec<3,double,1>': property 'translation' with input '': does not contain enough values (minimum: 1, got: 0): the data (all fields) have been ignored
[2025-10-08 13:31:15.432] [warning] Failed to read 'class SimTK::Vec<3,double,1>': property 'translation' with input '': does not contain enough values (minimum: 1, got: 0): the data (all fields) have been ignored
[2025-10-08 13:31:15.649] [info] Loaded model tps_transformed from file c:\Git\1_current_projects\powerlifing_model\models\athlete_03\final_results\personalized\tps_transformed.osim
[2025-10-08 13:31:16.739] [warning] Couldn't find file 'r_talus.vtp'.
[2025-10-08 13:31:16.740] [warning] Couldn't find file 'r_foot.vtp'.
[2025-10-08 13:31:16.741] [warning] Couldn't find file 'r_bofoot.vtp'.
[2025-10-08 13:31:16.897] [warning] Couldn't find file 'l_talus.vtp'.
[2025-10-08 13:31:16.898] [warning] Couldn't find file 'l_foot.vtp'.
[2025-10-08 13:31:16.899] [warning] Couldn't find file 'l_bofoot.vtp'.
[2025-10-08 13:31:16.900] [warning] Couldn't find file 'hat_spine.vtp'.
[2025-10-08 13:31:16.901] [warning] Couldn't find file 'hat_jaw.vtp'.
[2025-10-08 13:31:16.901] [warning] Couldn't find file 'hat_skull.vtp'.
[2025-10-08 13:31:16.901] [warning] Couldn't find file 'hat_ribs_scap.vtp'.
[2025-10-08 13:31:16.902] [warning] Couldn't find file 'humerus_rv.vtp'.
[2025-10-08 13:31:16.902] [warning] Couldn't find file 'ulna_rv.vtp'.
[2025-10-08 13:31:16.902] [warning] Couldn't find file 'radius_rv.vtp'.
[2025-10-08 13:31:16.903] [warning] Couldn't find file 'pisiform_rvs.vtp'.
[2025-10-08 13:31:16.903] [warning] Couldn't find file 'lunate_rvs.vtp'.
[2025-10-08 13:31:16.904] [warning] Couldn't find file 'scaphoid_rvs.vtp'.
[2025-10-08 13:31:16.904] [warning] Couldn't find file 'triquetrum_rvs.vtp'.
[2025-10-08 13:31:16.904] [warning] Couldn't find file 'hamate_rvs.vtp'.
[2025-10-08 13:31:16.905] [warning] Couldn't find file 'capitate_rvs.vtp'.
[2025-10-08 13:31:16.905] [warning] Couldn't find file 'trapezoid_rvs.vtp'.
[2025-10-08 13:31:16.906] [warning] Couldn't find file 'trapezium_rvs.vtp'.
[2025-10-08 13:31:16.906] [warning] Couldn't find file 'metacarpal2_rvs.vtp'.
[2025-10-08 13:31:16.907] [warning] Couldn't find file 'index_proximal_rvs.vtp'.
[2025-10-08 13:31:16.907] [warning] Couldn't find file 'index_medial_rvs.vtp'.
[2025-10-08 13:31:16.907] [warning] Couldn't find file 'index_distal_rvs.vtp'.
[2025-10-08 13:31:16.908] [warning] Couldn't find file 'metacarpal3_rvs.vtp'.
[2025-10-08 13:31:16.908] [warning] Couldn't find file 'middle_proximal_rvs.vtp'.
[2025-10-08 13:31:16.909] [warning] Couldn't find file 'middle_medial_rvs.vtp'.
[2025-10-08 13:31:16.909] [warning] Couldn't find file 'middle_distal_rvs.vtp'.
[2025-10-08 13:31:16.909] [warning] Couldn't find file 'metacarpal4_rvs.vtp'.
[2025-10-08 13:31:16.910] [warning] Couldn't find file 'ring_proximal_rvs.vtp'.
[2025-10-08 13:31:16.910] [warning] Couldn't find file 'ring_medial_rvs.vtp'.
[2025-10-08 13:31:16.910] [warning] Couldn't find file 'ring_distal_rvs.vtp'.
[2025-10-08 13:31:16.911] [warning] Couldn't find file 'metacarpal5_rvs.vtp'.
[2025-10-08 13:31:16.911] [warning] Couldn't find file 'little_proximal_rvs.vtp'.
[2025-10-08 13:31:16.912] [warning] Couldn't find file 'little_medial_rvs.vtp'.
[2025-10-08 13:31:16.912] [warning] Couldn't find file 'little_distal_rvs.vtp'.
[2025-10-08 13:31:16.913] [warning] Couldn't find file 'metacarpal1_rvs.vtp'.
[2025-10-08 13:31:16.913] [warning] Couldn't find file 'thumb_proximal_rvs.vtp'.
[2025-10-08 13:31:16.914] [warning] Couldn't find file 'thumb_distal_rvs.vtp'.
[2025-10-08 13:31:16.916] [warning] Couldn't find file 'humerus_lv.vtp'.
[2025-10-08 13:31:16.917] [warning] Couldn't find file 'ulna_lv.vtp'.
[2025-10-08 13:31:16.917] [warning] Couldn't find file 'radius_lv.vtp'.
[2025-10-08 13:31:16.917] [warning] Couldn't find file 'pisiform_lvs.vtp'.
[2025-10-08 13:31:16.918] [warning] Couldn't find file 'lunate_lvs.vtp'.
[2025-10-08 13:31:16.918] [warning] Couldn't find file 'scaphoid_lvs.vtp'.
[2025-10-08 13:31:16.919] [warning] Couldn't find file 'triquetrum_lvs.vtp'.
[2025-10-08 13:31:16.919] [warning] Couldn't find file 'hamate_lvs.vtp'.
[2025-10-08 13:31:16.919] [warning] Couldn't find file 'capitate_lvs.vtp'.
[2025-10-08 13:31:16.920] [warning] Couldn't find file 'trapezoid_lvs.vtp'.
[2025-10-08 13:31:16.921] [warning] Couldn't find file 'trapezium_lvs.vtp'.
[2025-10-08 13:31:16.922] [warning] Couldn't find file 'metacarpal2_lvs.vtp'.
[2025-10-08 13:31:16.923] [warning] Couldn't find file 'index_proximal_lvs.vtp'.
[2025-10-08 13:31:16.923] [warning] Couldn't find file 'index_medial_lvs.vtp'.
[2025-10-08 13:31:16.924] [warning] Couldn't find file 'index_distal_lvs.vtp'.
[2025-10-08 13:31:16.924] [warning] Couldn't find file 'metacarpal3_lvs.vtp'.
[2025-10-08 13:31:16.924] [warning] Couldn't find file 'middle_proximal_lvs.vtp'.
[2025-10-08 13:31:16.925] [warning] Couldn't find file 'middle_medial_lvs.vtp'.
[2025-10-08 13:31:16.925] [warning] Couldn't find file 'middle_distal_lvs.vtp'.
[2025-10-08 13:31:16.926] [warning] Couldn't find file 'metacarpal4_lvs.vtp'.
[2025-10-08 13:31:16.926] [warning] Couldn't find file 'ring_proximal_lvs.vtp'.
[2025-10-08 13:31:16.926] [warning] Couldn't find file 'ring_medial_lvs.vtp'.
[2025-10-08 13:31:16.927] [warning] Couldn't find file 'ring_distal_lvs.vtp'.
[2025-10-08 13:31:16.927] [warning] Couldn't find file 'metacarpal5_lvs.vtp'.
[2025-10-08 13:31:16.927] [warning] Couldn't find file 'little_proximal_lvs.vtp'.
[2025-10-08 13:31:16.928] [warning] Couldn't find file 'little_medial_lvs.vtp'.
[2025-10-08 13:31:16.928] [warning] Couldn't find file 'little_distal_lvs.vtp'.
[2025-10-08 13:31:16.929] [warning] Couldn't find file 'metacarpal1_lvs.vtp'.
[2025-10-08 13:31:16.932] [warning] Couldn't find file 'thumb_proximal_lvs.vtp'.
[2025-10-08 13:31:16.933] [warning] Couldn't find file 'thumb_distal_lvs.vtp'.
