[2026-03-04 13:40:33.729] [info] Loaded model Athlete_03_GPK_scaled from file ..\..\..\..\models\Athlete_03_GPK\25_03_31\GPK_scaled.osim
[2026-03-04 13:40:34.206] [info] Loaded model Athlete_03_GPK_scaled from file ..\..\..\..\models\Athlete_03_GPK\25_03_31\GPK_scaled.osim
[2026-03-04 13:40:34.339] [info] Loaded model Athlete_03_GPK_scaled from file ..\..\..\..\models\Athlete_03_GPK\25_03_31\GPK_scaled.osim
[2026-03-04 13:40:34.519] [info] Loaded model Athlete_03_GPK_scaled from file ..\..\..\..\models\Athlete_03_GPK\25_03_31\GPK_scaled.osim
[2026-03-04 13:40:34.633] [cout] [info] 
               MODEL: Athlete_03_GPK_scaled
         coordinates: 31
              forces: 103
           actuators: 103
             muscles: 100
            analyses: 0
              probes: 0
              bodies: 24
              joints: 24
         constraints: 4
             markers: 45
         controllers: 0
  contact geometries: 0
misc modelcomponents: 0
[2026-03-04 13:40:34.635] [info] Running tool .
[2026-03-04 13:40:35.016] [info] Frame 1 (t = 0.00500000):	 total squared error = 0.000268680, marker error: RMS = 0.00327829, max = 0.00704094 (LTOE)
[2026-03-04 13:40:35.127] [info] Frame 2 (t = 0.01):	 total squared error = 0.000268657, marker error: RMS = 0.00327815, max = 0.00706607 (LTOE)
[2026-03-04 13:40:35.213] [info] Frame 3 (t = 0.015):	 total squared error = 0.000269721, marker error: RMS = 0.00328463, max = 0.00708684 (LTOE)
[2026-03-04 13:40:35.300] [info] Frame 4 (t = 0.02):	 total squared error = 0.000270796, marker error: RMS = 0.00329117, max = 0.00717178 (LTOE)
[2026-03-04 13:40:35.391] [info] Frame 5 (t = 0.025):	 total squared error = 0.000271013, marker error: RMS = 0.00329250, max = 0.00706135 (LTOE)
[2026-03-04 13:40:35.492] [info] Frame 6 (t = 0.03):	 total squared error = 0.000272050, marker error: RMS = 0.00329879, max = 0.00711248 (LTOE)
[2026-03-04 13:40:35.564] [info] Frame 7 (t = 0.035):	 total squared error = 0.000279810, marker error: RMS = 0.00334550, max = 0.00742676 (LTOE)
[2026-03-04 13:40:35.650] [info] Frame 8 (t = 0.04):	 total squared error = 0.000274642, marker error: RMS = 0.00331447, max = 0.00707309 (LTOE)
[2026-03-04 13:40:35.736] [info] Frame 9 (t = 0.045):	 total squared error = 0.000276156, marker error: RMS = 0.00332359, max = 0.00708428 (LTOE)
[2026-03-04 13:40:35.803] [info] Frame 10 (t = 0.05):	 total squared error = 0.000283095, marker error: RMS = 0.00336509, max = 0.00737095 (LTOE)
[2026-03-04 13:40:35.883] [info] Frame 11 (t = 0.055):	 total squared error = 0.000280177, marker error: RMS = 0.00334770, max = 0.00715932 (LTOE)
[2026-03-04 13:40:35.962] [info] Frame 12 (t = 0.06):	 total squared error = 0.000282821, marker error: RMS = 0.00336346, max = 0.00715102 (LTOE)
[2026-03-04 13:40:36.043] [info] Frame 13 (t = 0.065):	 total squared error = 0.000284847, marker error: RMS = 0.00337548, max = 0.00718023 (LTOE)
[2026-03-04 13:40:36.116] [info] Frame 14 (t = 0.07):	 total squared error = 0.000289814, marker error: RMS = 0.00340478, max = 0.00731648 (LTOE)
[2026-03-04 13:40:36.207] [info] Frame 15 (t = 0.075):	 total squared error = 0.000291904, marker error: RMS = 0.00341704, max = 0.00715684 (LTOE)
[2026-03-04 13:40:36.296] [info] Frame 16 (t = 0.08):	 total squared error = 0.000295589, marker error: RMS = 0.00343854, max = 0.00717644 (LTOE)
[2026-03-04 13:40:36.381] [info] Frame 17 (t = 0.085):	 total squared error = 0.000300249, marker error: RMS = 0.00346554, max = 0.00720382 (LTH2)
[2026-03-04 13:40:36.468] [info] Frame 18 (t = 0.09):	 total squared error = 0.000305234, marker error: RMS = 0.00349419, max = 0.00725701 (LTH2)
[2026-03-04 13:40:36.560] [info] Frame 19 (t = 0.095):	 total squared error = 0.000310277, marker error: RMS = 0.00352293, max = 0.00731960 (LTH2)
[2026-03-04 13:40:36.649] [info] Frame 20 (t = 0.1):	 total squared error = 0.000316411, marker error: RMS = 0.00355759, max = 0.00736486 (LTH2)
[2026-03-04 13:40:36.749] [info] Frame 21 (t = 0.105000):	 total squared error = 0.000322739, marker error: RMS = 0.00359299, max = 0.00740074 (LTH2)
[2026-03-04 13:40:36.837] [info] Frame 22 (t = 0.11):	 total squared error = 0.000329620, marker error: RMS = 0.00363109, max = 0.00748384 (LTH2)
[2026-03-04 13:40:36.929] [info] Frame 23 (t = 0.115):	 total squared error = 0.000337004, marker error: RMS = 0.00367154, max = 0.00754005 (LTH2)
[2026-03-04 13:40:37.018] [info] Frame 24 (t = 0.12):	 total squared error = 0.000344696, marker error: RMS = 0.00371320, max = 0.00758938 (LTH2)
[2026-03-04 13:40:37.106] [info] Frame 25 (t = 0.125):	 total squared error = 0.000353164, marker error: RMS = 0.00375853, max = 0.00766094 (LTH2)
[2026-03-04 13:40:37.193] [info] Frame 26 (t = 0.13):	 total squared error = 0.000361576, marker error: RMS = 0.00380303, max = 0.00771090 (LTH2)
[2026-03-04 13:40:37.279] [info] Frame 27 (t = 0.135):	 total squared error = 0.000371299, marker error: RMS = 0.00385382, max = 0.00781176 (LTH2)
[2026-03-04 13:40:37.361] [info] Frame 28 (t = 0.14):	 total squared error = 0.000381031, marker error: RMS = 0.00390400, max = 0.00785462 (LTH2)
[2026-03-04 13:40:37.462] [info] Frame 29 (t = 0.145):	 total squared error = 0.000391116, marker error: RMS = 0.00395533, max = 0.00786640 (LTH2)
[2026-03-04 13:40:37.541] [info] Frame 30 (t = 0.15):	 total squared error = 0.000401933, marker error: RMS = 0.00400966, max = 0.00790707 (LTH2)
[2026-03-04 13:40:37.620] [info] Frame 31 (t = 0.155):	 total squared error = 0.000413598, marker error: RMS = 0.00406742, max = 0.00795196 (LTH2)
[2026-03-04 13:40:37.708] [info] Frame 32 (t = 0.16):	 total squared error = 0.000425686, marker error: RMS = 0.00412643, max = 0.00795094 (LTH2)
[2026-03-04 13:40:37.799] [info] Frame 33 (t = 0.165):	 total squared error = 0.000438734, marker error: RMS = 0.00418920, max = 0.00803834 (LTH2)
[2026-03-04 13:40:37.883] [info] Frame 34 (t = 0.17):	 total squared error = 0.000452634, marker error: RMS = 0.00425504, max = 0.00807309 (LTH2)
[2026-03-04 13:40:37.969] [info] Frame 35 (t = 0.175):	 total squared error = 0.000467318, marker error: RMS = 0.00432351, max = 0.00808237 (LTH2)
[2026-03-04 13:40:38.058] [info] Frame 36 (t = 0.18):	 total squared error = 0.000482977, marker error: RMS = 0.00439535, max = 0.00812957 (LTH2)
[2026-03-04 13:40:38.156] [info] Frame 37 (t = 0.185):	 total squared error = 0.000499543, marker error: RMS = 0.00447009, max = 0.00813979 (LTH2)
[2026-03-04 13:40:38.244] [info] Frame 38 (t = 0.19):	 total squared error = 0.000517545, marker error: RMS = 0.00454992, max = 0.00817760 (LTH2)
[2026-03-04 13:40:38.327] [info] Frame 39 (t = 0.195):	 total squared error = 0.000537151, marker error: RMS = 0.00463530, max = 0.00820446 (LTH2)
[2026-03-04 13:40:38.442] [info] Frame 40 (t = 0.2):	 total squared error = 0.000556927, marker error: RMS = 0.00471986, max = 0.00820757 (LTH2)
[2026-03-04 13:40:38.532] [info] Frame 41 (t = 0.205000):	 total squared error = 0.000579433, marker error: RMS = 0.00481428, max = 0.00820967 (LTH2)
[2026-03-04 13:40:38.625] [info] Frame 42 (t = 0.21):	 total squared error = 0.000600402, marker error: RMS = 0.00490062, max = 0.00827735 (LTH2)
[2026-03-04 13:40:38.710] [info] Frame 43 (t = 0.215):	 total squared error = 0.000623587, marker error: RMS = 0.00499435, max = 0.00824615 (LTH2)
[2026-03-04 13:40:38.797] [info] Frame 44 (t = 0.22):	 total squared error = 0.000646901, marker error: RMS = 0.00508685, max = 0.00845446 (XIPH)
[2026-03-04 13:40:38.899] [info] Frame 45 (t = 0.225):	 total squared error = 0.000670545, marker error: RMS = 0.00517898, max = 0.00868798 (XIPH)
[2026-03-04 13:40:38.986] [info] Frame 46 (t = 0.23):	 total squared error = 0.000695191, marker error: RMS = 0.00527329, max = 0.00900467 (XIPH)
[2026-03-04 13:40:39.085] [info] Frame 47 (t = 0.235):	 total squared error = 0.000718481, marker error: RMS = 0.00536090, max = 0.00921560 (XIPH)
[2026-03-04 13:40:39.185] [info] Frame 48 (t = 0.24):	 total squared error = 0.000741946, marker error: RMS = 0.00544774, max = 0.00945440 (XIPH)
[2026-03-04 13:40:39.281] [info] Frame 49 (t = 0.245):	 total squared error = 0.000765383, marker error: RMS = 0.00553311, max = 0.00976089 (STRN)
[2026-03-04 13:40:39.418] [info] Frame 50 (t = 0.25):	 total squared error = 0.000787889, marker error: RMS = 0.00561387, max = 0.00997870 (STRN)
[2026-03-04 13:40:39.512] [info] Frame 51 (t = 0.255):	 total squared error = 0.000810340, marker error: RMS = 0.00569329, max = 0.0102388 (STRN)
[2026-03-04 13:40:39.649] [info] Frame 52 (t = 0.26):	 total squared error = 0.000831783, marker error: RMS = 0.00576813, max = 0.0105114 (STRN)
[2026-03-04 13:40:39.808] [info] Frame 53 (t = 0.265):	 total squared error = 0.000854822, marker error: RMS = 0.00584747, max = 0.0107840 (STRN)
[2026-03-04 13:40:39.949] [info] Frame 54 (t = 0.27):	 total squared error = 0.000874729, marker error: RMS = 0.00591516, max = 0.0110572 (STRN)
[2026-03-04 13:40:40.069] [info] Frame 55 (t = 0.275):	 total squared error = 0.000894485, marker error: RMS = 0.00598159, max = 0.0113167 (STRN)
[2026-03-04 13:40:40.148] [info] Frame 56 (t = 0.28):	 total squared error = 0.000915370, marker error: RMS = 0.00605102, max = 0.011537 (STRN)
[2026-03-04 13:40:40.216] [info] Frame 57 (t = 0.285):	 total squared error = 0.000935995, marker error: RMS = 0.00611881, max = 0.011815 (STRN)
[2026-03-04 13:40:40.286] [info] Frame 58 (t = 0.29):	 total squared error = 0.000956763, marker error: RMS = 0.00618632, max = 0.0120976 (STRN)
[2026-03-04 13:40:40.371] [info] Frame 59 (t = 0.295):	 total squared error = 0.000976002, marker error: RMS = 0.00624821, max = 0.0123178 (STRN)
[2026-03-04 13:40:40.448] [info] Frame 60 (t = 0.3):	 total squared error = 0.000996963, marker error: RMS = 0.00631495, max = 0.0125819 (STRN)
[2026-03-04 13:40:40.534] [info] Frame 61 (t = 0.305000):	 total squared error = 0.00101751, marker error: RMS = 0.00637968, max = 0.0128337 (STRN)
[2026-03-04 13:40:40.612] [info] Frame 62 (t = 0.31):	 total squared error = 0.00104009, marker error: RMS = 0.00645009, max = 0.0131039 (STRN)
[2026-03-04 13:40:40.701] [info] Frame 63 (t = 0.315):	 total squared error = 0.00106124, marker error: RMS = 0.00651533, max = 0.0133832 (STRN)
[2026-03-04 13:40:40.784] [info] Frame 64 (t = 0.32):	 total squared error = 0.00108387, marker error: RMS = 0.00658445, max = 0.0136637 (STRN)
[2026-03-04 13:40:40.874] [info] Frame 65 (t = 0.325):	 total squared error = 0.00110746, marker error: RMS = 0.00665569, max = 0.0138789 (STRN)
[2026-03-04 13:40:40.975] [info] Frame 66 (t = 0.33):	 total squared error = 0.00113062, marker error: RMS = 0.00672495, max = 0.0141591 (STRN)
[2026-03-04 13:40:41.065] [info] Frame 67 (t = 0.335):	 total squared error = 0.00115525, marker error: RMS = 0.00679778, max = 0.0144115 (STRN)
[2026-03-04 13:40:41.144] [info] Frame 68 (t = 0.34):	 total squared error = 0.00118038, marker error: RMS = 0.00687134, max = 0.0146653 (STRN)
[2026-03-04 13:40:41.221] [info] Frame 69 (t = 0.345):	 total squared error = 0.00120759, marker error: RMS = 0.00695009, max = 0.0149038 (STRN)
[2026-03-04 13:40:41.293] [info] Frame 70 (t = 0.35):	 total squared error = 0.00123940, marker error: RMS = 0.00704103, max = 0.0151019 (STRN)
[2026-03-04 13:40:41.380] [info] Frame 71 (t = 0.355):	 total squared error = 0.00125802, marker error: RMS = 0.00709372, max = 0.0153948 (STRN)
[2026-03-04 13:40:41.448] [info] Frame 72 (t = 0.36):	 total squared error = 0.00129010, marker error: RMS = 0.00718358, max = 0.0155803 (STRN)
[2026-03-04 13:40:41.530] [info] Frame 73 (t = 0.365):	 total squared error = 0.00131420, marker error: RMS = 0.00725037, max = 0.0159082 (STRN)
[2026-03-04 13:40:41.615] [info] Frame 74 (t = 0.37):	 total squared error = 0.00134205, marker error: RMS = 0.00732681, max = 0.0161114 (STRN)
[2026-03-04 13:40:41.702] [info] Frame 75 (t = 0.375):	 total squared error = 0.00137113, marker error: RMS = 0.00740576, max = 0.0163334 (STRN)
[2026-03-04 13:40:41.776] [info] Frame 76 (t = 0.38):	 total squared error = 0.00140672, marker error: RMS = 0.00750125, max = 0.0165254 (STRN)
[2026-03-04 13:40:41.856] [info] Frame 77 (t = 0.385):	 total squared error = 0.00143166, marker error: RMS = 0.00756744, max = 0.0168113 (STRN)
[2026-03-04 13:40:41.948] [info] Frame 78 (t = 0.39):	 total squared error = 0.00146322, marker error: RMS = 0.00765040, max = 0.0170488 (STRN)
[2026-03-04 13:40:42.043] [info] Frame 79 (t = 0.395):	 total squared error = 0.00149687, marker error: RMS = 0.00773787, max = 0.0172448 (STRN)
[2026-03-04 13:40:42.130] [info] Frame 80 (t = 0.4):	 total squared error = 0.00153228, marker error: RMS = 0.00782887, max = 0.017466 (STRN)
[2026-03-04 13:40:42.221] [info] Frame 81 (t = 0.405000):	 total squared error = 0.00156739, marker error: RMS = 0.00791805, max = 0.0176902 (STRN)
[2026-03-04 13:40:42.314] [info] Frame 82 (t = 0.41):	 total squared error = 0.00160478, marker error: RMS = 0.00801195, max = 0.017899 (STRN)
[2026-03-04 13:40:42.403] [info] Frame 83 (t = 0.415):	 total squared error = 0.00164380, marker error: RMS = 0.00810876, max = 0.0181173 (STRN)
[2026-03-04 13:40:42.494] [info] Frame 84 (t = 0.42):	 total squared error = 0.00168344, marker error: RMS = 0.00820594, max = 0.0183090 (STRN)
[2026-03-04 13:40:42.571] [info] Frame 85 (t = 0.425):	 total squared error = 0.00172778, marker error: RMS = 0.00831332, max = 0.0184528 (STRN)
[2026-03-04 13:40:42.661] [info] Frame 86 (t = 0.43):	 total squared error = 0.00176533, marker error: RMS = 0.00840316, max = 0.0187007 (STRN)
[2026-03-04 13:40:42.755] [info] Frame 87 (t = 0.435):	 total squared error = 0.00180726, marker error: RMS = 0.00850237, max = 0.0189052 (STRN)
[2026-03-04 13:40:42.855] [info] Frame 88 (t = 0.44):	 total squared error = 0.00184918, marker error: RMS = 0.00860042, max = 0.0191028 (STRN)
[2026-03-04 13:40:42.926] [info] Frame 89 (t = 0.445):	 total squared error = 0.00189331, marker error: RMS = 0.00870244, max = 0.0192538 (STRN)
[2026-03-04 13:40:43.010] [info] Frame 90 (t = 0.45):	 total squared error = 0.00193370, marker error: RMS = 0.00879478, max = 0.0194548 (STRN)
[2026-03-04 13:40:43.089] [info] Frame 91 (t = 0.455):	 total squared error = 0.00197663, marker error: RMS = 0.00889187, max = 0.0196315 (STRN)
[2026-03-04 13:40:43.166] [info] Frame 92 (t = 0.46):	 total squared error = 0.00201818, marker error: RMS = 0.00898482, max = 0.0198213 (STRN)
[2026-03-04 13:40:43.240] [info] Frame 93 (t = 0.465):	 total squared error = 0.00205952, marker error: RMS = 0.00907638, max = 0.0199821 (STRN)
[2026-03-04 13:40:43.292] [info] Frame 94 (t = 0.47):	 total squared error = 0.00211775, marker error: RMS = 0.00920381, max = 0.0201807 (STRN)
[2026-03-04 13:40:43.374] [info] Frame 95 (t = 0.475):	 total squared error = 0.00214029, marker error: RMS = 0.00925266, max = 0.0202958 (STRN)
[2026-03-04 13:40:43.455] [info] Frame 96 (t = 0.48):	 total squared error = 0.00217951, marker error: RMS = 0.00933705, max = 0.0204386 (STRN)
[2026-03-04 13:40:43.534] [info] Frame 97 (t = 0.485):	 total squared error = 0.00221733, marker error: RMS = 0.00941772, max = 0.0206294 (STRN)
[2026-03-04 13:40:43.618] [info] Frame 98 (t = 0.49):	 total squared error = 0.00225517, marker error: RMS = 0.00949773, max = 0.0207630 (STRN)
[2026-03-04 13:40:43.709] [info] Frame 99 (t = 0.495):	 total squared error = 0.00229018, marker error: RMS = 0.00957117, max = 0.0209345 (STRN)
[2026-03-04 13:40:43.806] [info] Frame 100 (t = 0.5):	 total squared error = 0.00232582, marker error: RMS = 0.00964535, max = 0.0210544 (STRN)
[2026-03-04 13:40:43.880] [info] Frame 101 (t = 0.505000):	 total squared error = 0.00236724, marker error: RMS = 0.00973087, max = 0.0212234 (STRN)
[2026-03-04 13:40:43.981] [info] Frame 102 (t = 0.51):	 total squared error = 0.00239549, marker error: RMS = 0.00978876, max = 0.0213923 (STRN)
[2026-03-04 13:40:44.055] [info] Frame 103 (t = 0.515):	 total squared error = 0.00243292, marker error: RMS = 0.00986493, max = 0.0215092 (STRN)
[2026-03-04 13:40:44.134] [info] Frame 104 (t = 0.52):	 total squared error = 0.00246675, marker error: RMS = 0.00993327, max = 0.0216722 (STRN)
[2026-03-04 13:40:44.225] [info] Frame 105 (t = 0.525):	 total squared error = 0.00250349, marker error: RMS = 0.0100070, max = 0.0218062 (STRN)
[2026-03-04 13:40:44.308] [info] Frame 106 (t = 0.53):	 total squared error = 0.00254129, marker error: RMS = 0.0100822, max = 0.0219607 (STRN)
[2026-03-04 13:40:44.395] [info] Frame 107 (t = 0.535):	 total squared error = 0.00258004, marker error: RMS = 0.0101588, max = 0.0221223 (STRN)
[2026-03-04 13:40:44.465] [info] Frame 108 (t = 0.54):	 total squared error = 0.00262425, marker error: RMS = 0.0102455, max = 0.0222457 (STRN)
[2026-03-04 13:40:44.521] [info] Frame 109 (t = 0.545):	 total squared error = 0.00267452, marker error: RMS = 0.0103432, max = 0.0224583 (STRN)
[2026-03-04 13:40:44.621] [info] Frame 110 (t = 0.55):	 total squared error = 0.00270851, marker error: RMS = 0.0104087, max = 0.0225541 (STRN)
[2026-03-04 13:40:44.721] [info] Frame 111 (t = 0.555):	 total squared error = 0.00275381, marker error: RMS = 0.0104954, max = 0.0227161 (STRN)
[2026-03-04 13:40:44.781] [info] Frame 112 (t = 0.56):	 total squared error = 0.00280885, marker error: RMS = 0.0105997, max = 0.0228743 (STRN)
[2026-03-04 13:40:44.877] [info] Frame 113 (t = 0.565):	 total squared error = 0.00285178, marker error: RMS = 0.0106804, max = 0.0230353 (STRN)
[2026-03-04 13:40:44.987] [info] Frame 114 (t = 0.57):	 total squared error = 0.00290247, marker error: RMS = 0.0107749, max = 0.0231344 (STRN)
[2026-03-04 13:40:45.067] [info] Frame 115 (t = 0.575):	 total squared error = 0.00295704, marker error: RMS = 0.0108757, max = 0.0232744 (STRN)
[2026-03-04 13:40:45.152] [info] Frame 116 (t = 0.58):	 total squared error = 0.00301034, marker error: RMS = 0.0109733, max = 0.0234091 (STRN)
[2026-03-04 13:40:45.212] [info] Frame 117 (t = 0.585):	 total squared error = 0.00307031, marker error: RMS = 0.0110821, max = 0.0235126 (STRN)
[2026-03-04 13:40:45.309] [info] Frame 118 (t = 0.59):	 total squared error = 0.00312347, marker error: RMS = 0.0111776, max = 0.0236426 (STRN)
[2026-03-04 13:40:45.367] [info] Frame 119 (t = 0.595):	 total squared error = 0.00318729, marker error: RMS = 0.0112912, max = 0.0238051 (STRN)
[2026-03-04 13:40:45.442] [info] Frame 120 (t = 0.6):	 total squared error = 0.00324373, marker error: RMS = 0.0113907, max = 0.0238782 (STRN)
[2026-03-04 13:40:45.533] [info] Frame 121 (t = 0.605000):	 total squared error = 0.00330344, marker error: RMS = 0.0114951, max = 0.0239853 (STRN)
[2026-03-04 13:40:45.600] [info] Frame 122 (t = 0.61):	 total squared error = 0.00336783, marker error: RMS = 0.0116066, max = 0.0240294 (STRN)
[2026-03-04 13:40:45.673] [info] Frame 123 (t = 0.615):	 total squared error = 0.00343555, marker error: RMS = 0.0117227, max = 0.0241467 (STRN)
[2026-03-04 13:40:45.761] [info] Frame 124 (t = 0.62):	 total squared error = 0.00349348, marker error: RMS = 0.0118211, max = 0.0243014 (STRN)
[2026-03-04 13:40:45.834] [info] Frame 125 (t = 0.625):	 total squared error = 0.00355998, marker error: RMS = 0.0119331, max = 0.0243234 (STRN)
[2026-03-04 13:40:45.922] [info] Frame 126 (t = 0.63):	 total squared error = 0.00362443, marker error: RMS = 0.0120406, max = 0.0244077 (STRN)
[2026-03-04 13:40:45.990] [info] Frame 127 (t = 0.635):	 total squared error = 0.00369275, marker error: RMS = 0.0121536, max = 0.0244552 (STRN)
[2026-03-04 13:40:46.071] [info] Frame 128 (t = 0.64):	 total squared error = 0.00376028, marker error: RMS = 0.0122642, max = 0.0245274 (STRN)
[2026-03-04 13:40:46.144] [info] Frame 129 (t = 0.645):	 total squared error = 0.00382726, marker error: RMS = 0.012373, max = 0.0246593 (STRN)
[2026-03-04 13:40:46.205] [info] Frame 130 (t = 0.65):	 total squared error = 0.00389818, marker error: RMS = 0.0124871, max = 0.0247331 (STRN)
[2026-03-04 13:40:46.288] [info] Frame 131 (t = 0.655):	 total squared error = 0.00396191, marker error: RMS = 0.0125887, max = 0.0248352 (STRN)
[2026-03-04 13:40:46.360] [info] Frame 132 (t = 0.66):	 total squared error = 0.00403073, marker error: RMS = 0.0126976, max = 0.0248487 (STRN)
[2026-03-04 13:40:46.450] [info] Frame 133 (t = 0.665):	 total squared error = 0.00409775, marker error: RMS = 0.0128027, max = 0.0249355 (STRN)
[2026-03-04 13:40:46.526] [info] Frame 134 (t = 0.67):	 total squared error = 0.00416688, marker error: RMS = 0.0129103, max = 0.0249993 (STRN)
[2026-03-04 13:40:46.602] [info] Frame 135 (t = 0.675):	 total squared error = 0.00423550, marker error: RMS = 0.0130161, max = 0.0250887 (STRN)
[2026-03-04 13:40:46.681] [info] Frame 136 (t = 0.68):	 total squared error = 0.00430349, marker error: RMS = 0.0131202, max = 0.0251366 (STRN)
[2026-03-04 13:40:46.765] [info] Frame 137 (t = 0.685):	 total squared error = 0.00437072, marker error: RMS = 0.0132223, max = 0.0251837 (STRN)
[2026-03-04 13:40:46.864] [info] Frame 138 (t = 0.69):	 total squared error = 0.00443799, marker error: RMS = 0.0133236, max = 0.0252527 (STRN)
[2026-03-04 13:40:46.929] [info] Frame 139 (t = 0.695):	 total squared error = 0.00450656, marker error: RMS = 0.0134262, max = 0.0252273 (STRN)
[2026-03-04 13:40:46.993] [info] Frame 140 (t = 0.7):	 total squared error = 0.00457328, marker error: RMS = 0.0135252, max = 0.025315 (STRN)
[2026-03-04 13:40:47.057] [info] Frame 141 (t = 0.705000):	 total squared error = 0.00463940, marker error: RMS = 0.0136226, max = 0.0253567 (STRN)
[2026-03-04 13:40:47.114] [info] Frame 142 (t = 0.71):	 total squared error = 0.00470855, marker error: RMS = 0.0137238, max = 0.0253017 (STRN)
[2026-03-04 13:40:47.181] [info] Frame 143 (t = 0.715):	 total squared error = 0.00477036, marker error: RMS = 0.0138136, max = 0.0253464 (STRN)
[2026-03-04 13:40:47.238] [info] Frame 144 (t = 0.72):	 total squared error = 0.00483582, marker error: RMS = 0.0139080, max = 0.0254145 (STRN)
[2026-03-04 13:40:47.317] [info] Frame 145 (t = 0.725):	 total squared error = 0.00489880, marker error: RMS = 0.0139983, max = 0.0253381 (STRN)
[2026-03-04 13:40:47.388] [info] Frame 146 (t = 0.73):	 total squared error = 0.00496301, marker error: RMS = 0.0140897, max = 0.0253159 (STRN)
[2026-03-04 13:40:47.464] [info] Frame 147 (t = 0.735):	 total squared error = 0.00502543, marker error: RMS = 0.0141781, max = 0.0253448 (STRN)
[2026-03-04 13:40:47.535] [info] Frame 148 (t = 0.74):	 total squared error = 0.00508721, marker error: RMS = 0.0142649, max = 0.0252561 (STRN)
[2026-03-04 13:40:47.610] [info] Frame 149 (t = 0.745):	 total squared error = 0.00514910, marker error: RMS = 0.0143514, max = 0.0252556 (STRN)
[2026-03-04 13:40:47.690] [info] Frame 150 (t = 0.75):	 total squared error = 0.00521032, marker error: RMS = 0.0144365, max = 0.0251556 (STRN)
[2026-03-04 13:40:47.767] [info] Frame 151 (t = 0.755):	 total squared error = 0.00527167, marker error: RMS = 0.0145212, max = 0.0251189 (STRN)
[2026-03-04 13:40:47.833] [info] Frame 152 (t = 0.76):	 total squared error = 0.00533538, marker error: RMS = 0.0146087, max = 0.0250532 (STRN)
[2026-03-04 13:40:47.897] [info] Frame 153 (t = 0.765):	 total squared error = 0.00539692, marker error: RMS = 0.0146927, max = 0.0249943 (STRN)
[2026-03-04 13:40:47.963] [info] Frame 154 (t = 0.77):	 total squared error = 0.00546042, marker error: RMS = 0.0147789, max = 0.0248831 (STRN)
[2026-03-04 13:40:48.028] [info] Frame 155 (t = 0.775):	 total squared error = 0.00552440, marker error: RMS = 0.0148653, max = 0.0248938 (STRN)
[2026-03-04 13:40:48.104] [info] Frame 156 (t = 0.78):	 total squared error = 0.00559112, marker error: RMS = 0.0149548, max = 0.02482 (STRN)
[2026-03-04 13:40:48.172] [info] Frame 157 (t = 0.785):	 total squared error = 0.00566021, marker error: RMS = 0.0150469, max = 0.0247648 (STRN)
[2026-03-04 13:40:48.254] [info] Frame 158 (t = 0.79):	 total squared error = 0.00573168, marker error: RMS = 0.0151416, max = 0.0247246 (STRN)
[2026-03-04 13:40:48.331] [info] Frame 159 (t = 0.795):	 total squared error = 0.00580513, marker error: RMS = 0.0152383, max = 0.0246463 (STRN)
[2026-03-04 13:40:48.406] [info] Frame 160 (t = 0.8):	 total squared error = 0.00588095, marker error: RMS = 0.0153375, max = 0.0245948 (STRN)
[2026-03-04 13:40:48.478] [info] Frame 161 (t = 0.805000):	 total squared error = 0.00595945, marker error: RMS = 0.0154395, max = 0.0245373 (STRN)
[2026-03-04 13:40:48.548] [info] Frame 162 (t = 0.81):	 total squared error = 0.00604041, marker error: RMS = 0.015544, max = 0.0245272 (STRN)
[2026-03-04 13:40:48.619] [info] Frame 163 (t = 0.815):	 total squared error = 0.00612373, marker error: RMS = 0.0156509, max = 0.0245841 (RSHAOL)
[2026-03-04 13:40:48.695] [info] Frame 164 (t = 0.82):	 total squared error = 0.00620754, marker error: RMS = 0.0157576, max = 0.0247985 (RSHAOL)
[2026-03-04 13:40:48.767] [info] Frame 165 (t = 0.825):	 total squared error = 0.00629385, marker error: RMS = 0.0158668, max = 0.0250409 (RSHAOL)
[2026-03-04 13:40:48.838] [info] Frame 166 (t = 0.83):	 total squared error = 0.00638035, marker error: RMS = 0.0159754, max = 0.0252249 (RSHAOL)
[2026-03-04 13:40:48.906] [info] Frame 167 (t = 0.835):	 total squared error = 0.00646834, marker error: RMS = 0.0160852, max = 0.0254057 (RSHAOL)
[2026-03-04 13:40:48.984] [info] Frame 168 (t = 0.84):	 total squared error = 0.00655640, marker error: RMS = 0.0161943, max = 0.0256181 (RSHAOL)
[2026-03-04 13:40:49.048] [info] Frame 169 (t = 0.845):	 total squared error = 0.00664515, marker error: RMS = 0.0163036, max = 0.0258655 (RSHAOL)
[2026-03-04 13:40:49.129] [info] Frame 170 (t = 0.85):	 total squared error = 0.00673272, marker error: RMS = 0.0164106, max = 0.0260232 (RSHAOL)
[2026-03-04 13:40:49.205] [info] Frame 171 (t = 0.855):	 total squared error = 0.00682027, marker error: RMS = 0.016517, max = 0.0262124 (RSHAOL)
[2026-03-04 13:40:49.276] [info] Frame 172 (t = 0.86):	 total squared error = 0.00690718, marker error: RMS = 0.0166219, max = 0.0264397 (RSHAOL)
[2026-03-04 13:40:49.368] [info] Frame 173 (t = 0.865):	 total squared error = 0.00699108, marker error: RMS = 0.0167225, max = 0.0265745 (RSHAOL)
[2026-03-04 13:40:49.447] [info] Frame 174 (t = 0.87):	 total squared error = 0.00707275, marker error: RMS = 0.0168199, max = 0.0267527 (RSHAOL)
[2026-03-04 13:40:49.514] [info] Frame 175 (t = 0.875):	 total squared error = 0.00715269, marker error: RMS = 0.0169147, max = 0.0269391 (RSHAOL)
[2026-03-04 13:40:49.592] [info] Frame 176 (t = 0.88):	 total squared error = 0.00722807, marker error: RMS = 0.0170036, max = 0.0270689 (RSHAOL)
[2026-03-04 13:40:49.666] [info] Frame 177 (t = 0.885):	 total squared error = 0.00729943, marker error: RMS = 0.0170873, max = 0.0272025 (RSHAOL)
[2026-03-04 13:40:49.738] [info] Frame 178 (t = 0.89):	 total squared error = 0.00736688, marker error: RMS = 0.0171661, max = 0.0273811 (RSHAOL)
[2026-03-04 13:40:49.823] [info] Frame 179 (t = 0.895):	 total squared error = 0.00743086, marker error: RMS = 0.0172405, max = 0.0274682 (RSHAOL)
[2026-03-04 13:40:49.912] [info] Frame 180 (t = 0.9):	 total squared error = 0.00748969, marker error: RMS = 0.0173086, max = 0.0275807 (RSHAOL)
[2026-03-04 13:40:49.996] [info] Frame 181 (t = 0.905000):	 total squared error = 0.00754343, marker error: RMS = 0.0173706, max = 0.0276602 (RSHAOL)
[2026-03-04 13:40:50.068] [info] Frame 182 (t = 0.91):	 total squared error = 0.00759287, marker error: RMS = 0.0174274, max = 0.0277573 (RSHAOL)
[2026-03-04 13:40:50.145] [info] Frame 183 (t = 0.915):	 total squared error = 0.00763877, marker error: RMS = 0.01748, max = 0.0278358 (RSHAOL)
[2026-03-04 13:40:50.216] [info] Frame 184 (t = 0.92):	 total squared error = 0.00767991, marker error: RMS = 0.017527, max = 0.0278991 (RSHAOL)
[2026-03-04 13:40:50.293] [info] Frame 185 (t = 0.925):	 total squared error = 0.00771926, marker error: RMS = 0.0175719, max = 0.0279529 (RSHAOL)
[2026-03-04 13:40:50.372] [info] Frame 186 (t = 0.93):	 total squared error = 0.00775471, marker error: RMS = 0.0176122, max = 0.0280107 (RSHAOL)
[2026-03-04 13:40:50.448] [info] Frame 187 (t = 0.935):	 total squared error = 0.00778767, marker error: RMS = 0.0176496, max = 0.0280625 (RSHAOL)
[2026-03-04 13:40:50.519] [info] Frame 188 (t = 0.94):	 total squared error = 0.00782029, marker error: RMS = 0.0176865, max = 0.028124 (RSHAOL)
[2026-03-04 13:40:50.592] [info] Frame 189 (t = 0.945):	 total squared error = 0.00784826, marker error: RMS = 0.0177181, max = 0.0281252 (RSHAOL)
[2026-03-04 13:40:50.673] [info] Frame 190 (t = 0.95):	 total squared error = 0.00787722, marker error: RMS = 0.0177507, max = 0.0281582 (RSHAOL)
[2026-03-04 13:40:50.748] [info] Frame 191 (t = 0.955):	 total squared error = 0.00790514, marker error: RMS = 0.0177822, max = 0.0281881 (RSHAOL)
[2026-03-04 13:40:50.821] [info] Frame 192 (t = 0.96):	 total squared error = 0.00793421, marker error: RMS = 0.0178148, max = 0.0282452 (RSHAOL)
[2026-03-04 13:40:50.900] [info] Frame 193 (t = 0.965):	 total squared error = 0.00796137, marker error: RMS = 0.0178453, max = 0.0282227 (RSHAOL)
[2026-03-04 13:40:51.064] [info] Frame 194 (t = 0.97):	 total squared error = 0.00798941, marker error: RMS = 0.0178767, max = 0.0282386 (RSHAOL)
[2026-03-04 13:40:51.200] [info] Frame 195 (t = 0.975):	 total squared error = 0.00801808, marker error: RMS = 0.0179087, max = 0.0282677 (RSHAOL)
[2026-03-04 13:40:51.346] [info] Frame 196 (t = 0.98):	 total squared error = 0.00804695, marker error: RMS = 0.017941, max = 0.0282529 (RSHAOL)
[2026-03-04 13:40:51.478] [info] Frame 197 (t = 0.985):	 total squared error = 0.00807627, marker error: RMS = 0.0179736, max = 0.0282713 (RSHAOL)
[2026-03-04 13:40:51.597] [info] Frame 198 (t = 0.99):	 total squared error = 0.00810527, marker error: RMS = 0.0180059, max = 0.0282719 (RSHAOL)
[2026-03-04 13:40:51.709] [info] Frame 199 (t = 0.995):	 total squared error = 0.00813494, marker error: RMS = 0.0180388, max = 0.0283112 (RSHAOL)
[2026-03-04 13:40:51.824] [info] Frame 200 (t = 1.0):	 total squared error = 0.00816408, marker error: RMS = 0.0180711, max = 0.0283204 (RSHAOL)
[2026-03-04 13:40:51.945] [info] Frame 201 (t = 1.00500):	 total squared error = 0.00819157, marker error: RMS = 0.0181015, max = 0.0283238 (RSHAOL)
[2026-03-04 13:40:52.054] [info] Frame 202 (t = 1.01):	 total squared error = 0.00822023, marker error: RMS = 0.0181331, max = 0.0283465 (RSHAOL)
[2026-03-04 13:40:52.166] [info] Frame 203 (t = 1.015):	 total squared error = 0.00824454, marker error: RMS = 0.0181599, max = 0.0282892 (RSHAOL)
[2026-03-04 13:40:52.280] [info] Frame 204 (t = 1.02):	 total squared error = 0.00826977, marker error: RMS = 0.0181876, max = 0.0282628 (RSHAOL)
[2026-03-04 13:40:52.408] [info] Frame 205 (t = 1.025):	 total squared error = 0.00829248, marker error: RMS = 0.0182126, max = 0.02826 (RSHAOL)
[2026-03-04 13:40:52.521] [info] Frame 206 (t = 1.03):	 total squared error = 0.00831333, marker error: RMS = 0.0182355, max = 0.028262 (RSHAOL)
[2026-03-04 13:40:52.635] [info] Frame 207 (t = 1.035):	 total squared error = 0.00833190, marker error: RMS = 0.0182558, max = 0.0282481 (RSHAOL)
[2026-03-04 13:40:52.783] [info] Frame 208 (t = 1.04):	 total squared error = 0.00834823, marker error: RMS = 0.0182737, max = 0.0281666 (RSHAOL)
[2026-03-04 13:40:52.902] [info] Frame 209 (t = 1.045):	 total squared error = 0.00836077, marker error: RMS = 0.0182875, max = 0.0282029 (RSHAOL)
[2026-03-04 13:40:53.035] [info] Frame 210 (t = 1.05):	 total squared error = 0.00837153, marker error: RMS = 0.0182992, max = 0.0282527 (RSHAOL)
[2026-03-04 13:40:53.159] [info] Frame 211 (t = 1.055):	 total squared error = 0.00837799, marker error: RMS = 0.0183063, max = 0.0281991 (RSHAOL)
[2026-03-04 13:40:53.313] [info] Frame 212 (t = 1.06):	 total squared error = 0.00838215, marker error: RMS = 0.0183108, max = 0.0280571 (RSHAOL)
[2026-03-04 13:40:53.423] [info] Frame 213 (t = 1.065):	 total squared error = 0.00838564, marker error: RMS = 0.0183146, max = 0.0281648 (RSHAOL)
[2026-03-04 13:40:53.572] [info] Frame 214 (t = 1.07):	 total squared error = 0.00838178, marker error: RMS = 0.0183104, max = 0.0279621 (RSHAOL)
[2026-03-04 13:40:53.704] [info] Frame 215 (t = 1.075):	 total squared error = 0.00837781, marker error: RMS = 0.0183061, max = 0.0279046 (RSHAOL)
[2026-03-04 13:40:53.832] [info] Frame 216 (t = 1.08):	 total squared error = 0.00837313, marker error: RMS = 0.0183010, max = 0.0279494 (RSHAOL)
[2026-03-04 13:40:53.979] [info] Frame 217 (t = 1.085):	 total squared error = 0.00836622, marker error: RMS = 0.0182934, max = 0.0278977 (XIPH)
[2026-03-04 13:40:54.099] [info] Frame 218 (t = 1.09):	 total squared error = 0.00835989, marker error: RMS = 0.0182865, max = 0.027988 (XIPH)
[2026-03-04 13:40:54.242] [info] Frame 219 (t = 1.095):	 total squared error = 0.00835222, marker error: RMS = 0.0182781, max = 0.0281786 (XIPH)
[2026-03-04 13:40:54.351] [info] Frame 220 (t = 1.1):	 total squared error = 0.00834722, marker error: RMS = 0.0182726, max = 0.0282669 (XIPH)
[2026-03-04 13:40:54.483] [info] Frame 221 (t = 1.10500):	 total squared error = 0.00834003, marker error: RMS = 0.0182648, max = 0.028468 (XIPH)
[2026-03-04 13:40:54.625] [info] Frame 222 (t = 1.11):	 total squared error = 0.00833682, marker error: RMS = 0.0182612, max = 0.028546 (XIPH)
[2026-03-04 13:40:54.731] [info] Frame 223 (t = 1.115):	 total squared error = 0.00833814, marker error: RMS = 0.0182627, max = 0.0286458 (XIPH)
[2026-03-04 13:40:54.866] [info] Frame 224 (t = 1.12):	 total squared error = 0.00833642, marker error: RMS = 0.0182608, max = 0.0288034 (XIPH)
[2026-03-04 13:40:55.005] [info] Frame 225 (t = 1.125):	 total squared error = 0.00834039, marker error: RMS = 0.0182651, max = 0.0289356 (XIPH)
[2026-03-04 13:40:55.147] [info] Frame 226 (t = 1.13):	 total squared error = 0.00834765, marker error: RMS = 0.0182731, max = 0.0290721 (XIPH)
[2026-03-04 13:40:55.278] [info] Frame 227 (t = 1.135):	 total squared error = 0.00835840, marker error: RMS = 0.0182849, max = 0.0292059 (XIPH)
[2026-03-04 13:40:55.374] [info] Frame 228 (t = 1.14):	 total squared error = 0.00837996, marker error: RMS = 0.0183084, max = 0.0293043 (XIPH)
[2026-03-04 13:40:55.500] [info] Frame 229 (t = 1.145):	 total squared error = 0.00838999, marker error: RMS = 0.0183194, max = 0.0295004 (XIPH)
[2026-03-04 13:40:55.633] [info] Frame 230 (t = 1.15):	 total squared error = 0.00841066, marker error: RMS = 0.0183419, max = 0.0296922 (XIPH)
[2026-03-04 13:40:55.777] [info] Frame 231 (t = 1.155):	 total squared error = 0.00843430, marker error: RMS = 0.0183677, max = 0.0298637 (XIPH)
[2026-03-04 13:40:55.881] [info] Frame 232 (t = 1.16):	 total squared error = 0.00846633, marker error: RMS = 0.0184025, max = 0.0299806 (XIPH)
[2026-03-04 13:40:56.015] [info] Frame 233 (t = 1.165):	 total squared error = 0.00848499, marker error: RMS = 0.0184228, max = 0.0302393 (XIPH)
[2026-03-04 13:40:56.154] [info] Frame 234 (t = 1.17):	 total squared error = 0.00851106, marker error: RMS = 0.0184511, max = 0.0303987 (XIPH)
[2026-03-04 13:40:56.262] [info] Frame 235 (t = 1.175):	 total squared error = 0.00853871, marker error: RMS = 0.018481, max = 0.0305664 (XIPH)
[2026-03-04 13:40:56.396] [info] Frame 236 (t = 1.18):	 total squared error = 0.00856326, marker error: RMS = 0.0185076, max = 0.0307651 (XIPH)
[2026-03-04 13:40:56.514] [info] Frame 237 (t = 1.185):	 total squared error = 0.00858810, marker error: RMS = 0.0185344, max = 0.0308979 (XIPH)
[2026-03-04 13:40:56.620] [info] Frame 238 (t = 1.19):	 total squared error = 0.00861151, marker error: RMS = 0.0185596, max = 0.0310232 (XIPH)
[2026-03-04 13:40:56.752] [info] Frame 239 (t = 1.195):	 total squared error = 0.00863201, marker error: RMS = 0.0185817, max = 0.0312159 (XIPH)
[2026-03-04 13:40:56.879] [info] Frame 240 (t = 1.2):	 total squared error = 0.00865270, marker error: RMS = 0.0186040, max = 0.0313414 (XIPH)
[2026-03-04 13:40:57.004] [info] Frame 241 (t = 1.20500):	 total squared error = 0.00867144, marker error: RMS = 0.0186241, max = 0.0314578 (XIPH)
[2026-03-04 13:40:57.141] [info] Frame 242 (t = 1.21):	 total squared error = 0.00868703, marker error: RMS = 0.0186408, max = 0.031658 (XIPH)
[2026-03-04 13:40:57.270] [info] Frame 243 (t = 1.215):	 total squared error = 0.00870234, marker error: RMS = 0.0186573, max = 0.03181 (XIPH)
[2026-03-04 13:40:57.378] [info] Frame 244 (t = 1.22):	 total squared error = 0.00871690, marker error: RMS = 0.0186729, max = 0.0318969 (XIPH)
[2026-03-04 13:40:57.509] [info] Frame 245 (t = 1.225):	 total squared error = 0.00872876, marker error: RMS = 0.0186856, max = 0.0320686 (XIPH)
[2026-03-04 13:40:57.655] [info] Frame 246 (t = 1.23):	 total squared error = 0.00873930, marker error: RMS = 0.0186968, max = 0.0321972 (XIPH)
[2026-03-04 13:40:57.792] [info] Frame 247 (t = 1.235):	 total squared error = 0.00874829, marker error: RMS = 0.0187065, max = 0.0323454 (XIPH)
[2026-03-04 13:40:57.967] [info] Frame 248 (t = 1.24):	 total squared error = 0.00875636, marker error: RMS = 0.0187151, max = 0.0324684 (XIPH)
[2026-03-04 13:40:58.073] [info] Frame 249 (t = 1.245):	 total squared error = 0.00876567, marker error: RMS = 0.018725, max = 0.0325532 (XIPH)
[2026-03-04 13:40:58.276] [info] Frame 250 (t = 1.25):	 total squared error = 0.00876828, marker error: RMS = 0.0187278, max = 0.0327425 (XIPH)
[2026-03-04 13:40:58.441] [info] Frame 251 (t = 1.255):	 total squared error = 0.00877273, marker error: RMS = 0.0187326, max = 0.0328383 (XIPH)
[2026-03-04 13:40:58.615] [info] Frame 252 (t = 1.26):	 total squared error = 0.00877539, marker error: RMS = 0.0187354, max = 0.0329956 (XIPH)
[2026-03-04 13:40:58.756] [info] Frame 253 (t = 1.265):	 total squared error = 0.00878088, marker error: RMS = 0.0187413, max = 0.0330715 (XIPH)
[2026-03-04 13:40:58.950] [info] Frame 254 (t = 1.27):	 total squared error = 0.00878480, marker error: RMS = 0.0187455, max = 0.0332548 (XIPH)
[2026-03-04 13:40:59.068] [info] Frame 255 (t = 1.275):	 total squared error = 0.00878898, marker error: RMS = 0.0187499, max = 0.0333466 (XIPH)
[2026-03-04 13:40:59.193] [info] Frame 256 (t = 1.28):	 total squared error = 0.00879426, marker error: RMS = 0.0187555, max = 0.0334511 (XIPH)
[2026-03-04 13:40:59.321] [info] Frame 257 (t = 1.285):	 total squared error = 0.00880015, marker error: RMS = 0.0187618, max = 0.0335779 (XIPH)
[2026-03-04 13:40:59.437] [info] Frame 258 (t = 1.29):	 total squared error = 0.00880707, marker error: RMS = 0.0187692, max = 0.0336902 (XIPH)
[2026-03-04 13:40:59.545] [info] Frame 259 (t = 1.295):	 total squared error = 0.00881538, marker error: RMS = 0.0187781, max = 0.0337778 (XIPH)
[2026-03-04 13:40:59.720] [info] Frame 260 (t = 1.3):	 total squared error = 0.00882463, marker error: RMS = 0.0187879, max = 0.0339347 (XIPH)
[2026-03-04 13:40:59.848] [info] Frame 261 (t = 1.30500):	 total squared error = 0.00883548, marker error: RMS = 0.0187994, max = 0.0340366 (XIPH)
[2026-03-04 13:40:59.961] [info] Frame 262 (t = 1.31):	 total squared error = 0.00884953, marker error: RMS = 0.0188144, max = 0.0341549 (XIPH)
[2026-03-04 13:41:00.097] [info] Frame 263 (t = 1.315):	 total squared error = 0.00886445, marker error: RMS = 0.0188302, max = 0.0343649 (XIPH)
[2026-03-04 13:41:00.214] [info] Frame 264 (t = 1.32):	 total squared error = 0.00888302, marker error: RMS = 0.01885, max = 0.0345444 (XIPH)
[2026-03-04 13:41:00.347] [info] Frame 265 (t = 1.325):	 total squared error = 0.00890755, marker error: RMS = 0.018876, max = 0.0347752 (XIPH)
[2026-03-04 13:41:00.462] [info] Frame 266 (t = 1.33):	 total squared error = 0.00893562, marker error: RMS = 0.0189057, max = 0.0350973 (XIPH)
[2026-03-04 13:41:00.568] [info] Frame 267 (t = 1.335):	 total squared error = 0.00897242, marker error: RMS = 0.0189446, max = 0.0354201 (XIPH)
[2026-03-04 13:41:00.694] [info] Frame 268 (t = 1.34):	 total squared error = 0.00901483, marker error: RMS = 0.0189893, max = 0.0358237 (XIPH)
[2026-03-04 13:41:00.793] [info] Frame 269 (t = 1.345):	 total squared error = 0.00907051, marker error: RMS = 0.0190478, max = 0.0362343 (XIPH)
[2026-03-04 13:41:00.888] [info] Frame 270 (t = 1.35):	 total squared error = 0.00913433, marker error: RMS = 0.0191147, max = 0.0367198 (XIPH)
[2026-03-04 13:41:01.001] [info] Frame 271 (t = 1.355):	 total squared error = 0.00920645, marker error: RMS = 0.01919, max = 0.0372615 (XIPH)
[2026-03-04 13:41:01.101] [info] Frame 272 (t = 1.36):	 total squared error = 0.00929188, marker error: RMS = 0.0192789, max = 0.0377772 (XIPH)
[2026-03-04 13:41:01.197] [info] Frame 273 (t = 1.365):	 total squared error = 0.00938592, marker error: RMS = 0.0193762, max = 0.0383358 (XIPH)
[2026-03-04 13:41:01.296] [info] Frame 274 (t = 1.37):	 total squared error = 0.00948933, marker error: RMS = 0.0194826, max = 0.0389099 (XIPH)
[2026-03-04 13:41:01.397] [info] Frame 275 (t = 1.375):	 total squared error = 0.00960110, marker error: RMS = 0.019597, max = 0.0394865 (XIPH)
[2026-03-04 13:41:01.499] [info] Frame 276 (t = 1.38):	 total squared error = 0.00972219, marker error: RMS = 0.0197202, max = 0.0400661 (XIPH)
[2026-03-04 13:41:01.602] [info] Frame 277 (t = 1.385):	 total squared error = 0.00985098, marker error: RMS = 0.0198504, max = 0.0406510 (XIPH)
[2026-03-04 13:41:01.702] [info] Frame 278 (t = 1.39):	 total squared error = 0.00998702, marker error: RMS = 0.019987, max = 0.0412204 (XIPH)
[2026-03-04 13:41:01.806] [info] Frame 279 (t = 1.395):	 total squared error = 0.0101289, marker error: RMS = 0.0201285, max = 0.0417857 (XIPH)
[2026-03-04 13:41:01.910] [info] Frame 280 (t = 1.4):	 total squared error = 0.0102766, marker error: RMS = 0.0202748, max = 0.042316 (XIPH)
[2026-03-04 13:41:02.006] [info] Frame 281 (t = 1.40500):	 total squared error = 0.0104297, marker error: RMS = 0.0204252, max = 0.0428814 (XIPH)
[2026-03-04 13:41:02.098] [info] Frame 282 (t = 1.41):	 total squared error = 0.0105876, marker error: RMS = 0.0205792, max = 0.0434387 (XIPH)
[2026-03-04 13:41:02.201] [info] Frame 283 (t = 1.415):	 total squared error = 0.0107503, marker error: RMS = 0.0207368, max = 0.043969 (XIPH)
[2026-03-04 13:41:02.324] [info] Frame 284 (t = 1.42):	 total squared error = 0.0109175, marker error: RMS = 0.0208973, max = 0.0445179 (XIPH)
[2026-03-04 13:41:02.432] [info] Frame 285 (t = 1.425):	 total squared error = 0.0110904, marker error: RMS = 0.0210622, max = 0.0450266 (XIPH)
[2026-03-04 13:41:02.538] [info] Frame 286 (t = 1.43):	 total squared error = 0.0112685, marker error: RMS = 0.0212306, max = 0.0455705 (XIPH)
[2026-03-04 13:41:02.659] [info] Frame 287 (t = 1.435):	 total squared error = 0.0114506, marker error: RMS = 0.0214015, max = 0.04611 (XIPH)
[2026-03-04 13:41:02.754] [info] Frame 288 (t = 1.44):	 total squared error = 0.011639, marker error: RMS = 0.0215768, max = 0.0466299 (XIPH)
[2026-03-04 13:41:02.866] [info] Frame 289 (t = 1.445):	 total squared error = 0.011831, marker error: RMS = 0.021754, max = 0.0471583 (XIPH)
[2026-03-04 13:41:02.965] [info] Frame 290 (t = 1.45):	 total squared error = 0.0120280, marker error: RMS = 0.0219345, max = 0.0476497 (XIPH)
[2026-03-04 13:41:03.077] [info] Frame 291 (t = 1.455):	 total squared error = 0.0122282, marker error: RMS = 0.0221162, max = 0.0481748 (XIPH)
[2026-03-04 13:41:03.166] [info] Frame 292 (t = 1.46):	 total squared error = 0.0124309, marker error: RMS = 0.0222988, max = 0.0486868 (XIPH)
[2026-03-04 13:41:03.270] [info] Frame 293 (t = 1.465):	 total squared error = 0.0126356, marker error: RMS = 0.0224817, max = 0.0492359 (XIPH)
[2026-03-04 13:41:03.363] [info] Frame 294 (t = 1.47):	 total squared error = 0.0128424, marker error: RMS = 0.0226649, max = 0.0496974 (XIPH)
[2026-03-04 13:41:03.451] [info] Frame 295 (t = 1.475):	 total squared error = 0.0130495, marker error: RMS = 0.0228469, max = 0.0501949 (XIPH)
[2026-03-04 13:41:03.546] [info] Frame 296 (t = 1.48):	 total squared error = 0.0132583, marker error: RMS = 0.0230289, max = 0.0506624 (XIPH)
[2026-03-04 13:41:03.650] [info] Frame 297 (t = 1.485):	 total squared error = 0.0134649, marker error: RMS = 0.0232077, max = 0.0511356 (XIPH)
[2026-03-04 13:41:03.745] [info] Frame 298 (t = 1.49):	 total squared error = 0.0136713, marker error: RMS = 0.0233849, max = 0.0515968 (XIPH)
[2026-03-04 13:41:03.856] [info] Frame 299 (t = 1.495):	 total squared error = 0.0138788, marker error: RMS = 0.0235617, max = 0.0520625 (XIPH)
[2026-03-04 13:41:03.977] [info] Frame 300 (t = 1.5):	 total squared error = 0.0140836, marker error: RMS = 0.0237349, max = 0.0524889 (XIPH)
[2026-03-04 13:41:04.078] [info] Frame 301 (t = 1.50500):	 total squared error = 0.014287, marker error: RMS = 0.0239056, max = 0.0529277 (XIPH)
[2026-03-04 13:41:04.189] [info] Frame 302 (t = 1.51):	 total squared error = 0.0144897, marker error: RMS = 0.0240746, max = 0.0533743 (XIPH)
[2026-03-04 13:41:04.305] [info] Frame 303 (t = 1.515):	 total squared error = 0.0146907, marker error: RMS = 0.024241, max = 0.0537986 (XIPH)
[2026-03-04 13:41:04.410] [info] Frame 304 (t = 1.52):	 total squared error = 0.0148891, marker error: RMS = 0.0244042, max = 0.0542384 (XIPH)
[2026-03-04 13:41:04.507] [info] Frame 305 (t = 1.525):	 total squared error = 0.0150865, marker error: RMS = 0.0245654, max = 0.0546762 (XIPH)
[2026-03-04 13:41:04.653] [info] Frame 306 (t = 1.53):	 total squared error = 0.0152826, marker error: RMS = 0.0247246, max = 0.0550791 (XIPH)
[2026-03-04 13:41:04.764] [info] Frame 307 (t = 1.535):	 total squared error = 0.015476, marker error: RMS = 0.0248805, max = 0.0555028 (XIPH)
[2026-03-04 13:41:04.903] [info] Frame 308 (t = 1.54):	 total squared error = 0.0156697, marker error: RMS = 0.0250357, max = 0.0559085 (XIPH)
[2026-03-04 13:41:05.022] [info] Frame 309 (t = 1.545):	 total squared error = 0.0158615, marker error: RMS = 0.0251885, max = 0.0563168 (XIPH)
[2026-03-04 13:41:05.129] [info] Frame 310 (t = 1.55):	 total squared error = 0.0160523, marker error: RMS = 0.0253395, max = 0.0567283 (XIPH)
[2026-03-04 13:41:05.218] [info] Frame 311 (t = 1.555):	 total squared error = 0.0162385, marker error: RMS = 0.0254861, max = 0.0572339 (XIPH)
[2026-03-04 13:41:05.311] [info] Frame 312 (t = 1.56):	 total squared error = 0.0164325, marker error: RMS = 0.0256379, max = 0.0574998 (XIPH)
[2026-03-04 13:41:05.429] [info] Frame 313 (t = 1.565):	 total squared error = 0.016623, marker error: RMS = 0.025786, max = 0.0579325 (XIPH)
[2026-03-04 13:41:05.509] [info] Frame 314 (t = 1.57):	 total squared error = 0.0168065, marker error: RMS = 0.025928, max = 0.0584067 (XIPH)
[2026-03-04 13:41:05.627] [info] Frame 315 (t = 1.575):	 total squared error = 0.0170023, marker error: RMS = 0.0260785, max = 0.0586985 (XIPH)
[2026-03-04 13:41:05.727] [info] Frame 316 (t = 1.58):	 total squared error = 0.0171906, marker error: RMS = 0.0262226, max = 0.0591022 (XIPH)
[2026-03-04 13:41:05.817] [info] Frame 317 (t = 1.585):	 total squared error = 0.0173751, marker error: RMS = 0.0263629, max = 0.0595536 (XIPH)
[2026-03-04 13:41:05.924] [info] Frame 318 (t = 1.59):	 total squared error = 0.0175691, marker error: RMS = 0.0265097, max = 0.0598629 (XIPH)
[2026-03-04 13:41:06.025] [info] Frame 319 (t = 1.595):	 total squared error = 0.0177573, marker error: RMS = 0.0266513, max = 0.0602327 (XIPH)
[2026-03-04 13:41:06.124] [info] Frame 320 (t = 1.6):	 total squared error = 0.017946, marker error: RMS = 0.0267925, max = 0.0606121 (XIPH)
[2026-03-04 13:41:06.227] [info] Frame 321 (t = 1.60500):	 total squared error = 0.0181335, marker error: RMS = 0.0269322, max = 0.0609364 (XIPH)
[2026-03-04 13:41:06.312] [info] Frame 322 (t = 1.61):	 total squared error = 0.0183185, marker error: RMS = 0.0270692, max = 0.0613753 (XIPH)
[2026-03-04 13:41:06.436] [info] Frame 323 (t = 1.615):	 total squared error = 0.0185078, marker error: RMS = 0.0272087, max = 0.0616664 (XIPH)
[2026-03-04 13:41:06.549] [info] Frame 324 (t = 1.62):	 total squared error = 0.0186935, marker error: RMS = 0.0273448, max = 0.0619895 (XIPH)
[2026-03-04 13:41:06.662] [info] Frame 325 (t = 1.625):	 total squared error = 0.018878, marker error: RMS = 0.0274794, max = 0.0623528 (XIPH)
[2026-03-04 13:41:06.760] [info] Frame 326 (t = 1.63):	 total squared error = 0.0190656, marker error: RMS = 0.0276156, max = 0.0626131 (XIPH)
[2026-03-04 13:41:06.891] [info] Frame 327 (t = 1.635):	 total squared error = 0.0192445, marker error: RMS = 0.0277449, max = 0.0629721 (XIPH)
[2026-03-04 13:41:07.016] [info] Frame 328 (t = 1.64):	 total squared error = 0.0194262, marker error: RMS = 0.0278756, max = 0.0632779 (XIPH)
[2026-03-04 13:41:07.106] [info] Frame 329 (t = 1.645):	 total squared error = 0.0196012, marker error: RMS = 0.0280009, max = 0.0638488 (XIPH)
[2026-03-04 13:41:07.229] [info] Frame 330 (t = 1.65):	 total squared error = 0.0197833, marker error: RMS = 0.0281306, max = 0.0638777 (XIPH)
[2026-03-04 13:41:07.348] [info] Frame 331 (t = 1.655):	 total squared error = 0.0199583, marker error: RMS = 0.0282548, max = 0.0641697 (XIPH)
[2026-03-04 13:41:07.467] [info] Frame 332 (t = 1.66):	 total squared error = 0.0201311, marker error: RMS = 0.0283768, max = 0.0644661 (XIPH)
[2026-03-04 13:41:07.590] [info] Frame 333 (t = 1.665):	 total squared error = 0.0203016, marker error: RMS = 0.0284968, max = 0.0647509 (XIPH)
[2026-03-04 13:41:07.716] [info] Frame 334 (t = 1.67):	 total squared error = 0.0204686, marker error: RMS = 0.0286137, max = 0.0650226 (XIPH)
[2026-03-04 13:41:07.844] [info] Frame 335 (t = 1.675):	 total squared error = 0.0206326, marker error: RMS = 0.0287281, max = 0.0653082 (XIPH)
[2026-03-04 13:41:07.967] [info] Frame 336 (t = 1.68):	 total squared error = 0.0207942, marker error: RMS = 0.0288404, max = 0.0655939 (XIPH)
[2026-03-04 13:41:08.065] [info] Frame 337 (t = 1.685):	 total squared error = 0.0209551, marker error: RMS = 0.0289517, max = 0.0658442 (XIPH)
[2026-03-04 13:41:08.182] [info] Frame 338 (t = 1.69):	 total squared error = 0.0211109, marker error: RMS = 0.0290592, max = 0.0661020 (XIPH)
[2026-03-04 13:41:08.295] [info] Frame 339 (t = 1.695):	 total squared error = 0.021267, marker error: RMS = 0.0291664, max = 0.0664747 (XIPH)
[2026-03-04 13:41:08.439] [info] Frame 340 (t = 1.7):	 total squared error = 0.0214188, marker error: RMS = 0.0292703, max = 0.0666327 (XIPH)
[2026-03-04 13:41:08.585] [info] Frame 341 (t = 1.70500):	 total squared error = 0.02157, marker error: RMS = 0.0293735, max = 0.0668872 (XIPH)
[2026-03-04 13:41:08.704] [info] Frame 342 (t = 1.71):	 total squared error = 0.0217181, marker error: RMS = 0.0294741, max = 0.0672366 (XIPH)
[2026-03-04 13:41:08.824] [info] Frame 343 (t = 1.715):	 total squared error = 0.0218678, marker error: RMS = 0.0295755, max = 0.067383 (XIPH)
[2026-03-04 13:41:08.918] [info] Frame 344 (t = 1.72):	 total squared error = 0.0220140, marker error: RMS = 0.0296742, max = 0.0677347 (XIPH)
[2026-03-04 13:41:09.038] [info] Frame 345 (t = 1.725):	 total squared error = 0.02216, marker error: RMS = 0.0297725, max = 0.0679089 (XIPH)
[2026-03-04 13:41:09.133] [info] Frame 346 (t = 1.73):	 total squared error = 0.0223050, marker error: RMS = 0.0298697, max = 0.0682079 (XIPH)
[2026-03-04 13:41:09.240] [info] Frame 347 (t = 1.735):	 total squared error = 0.0224514, marker error: RMS = 0.0299676, max = 0.0684528 (XIPH)
[2026-03-04 13:41:09.333] [info] Frame 348 (t = 1.74):	 total squared error = 0.0225938, marker error: RMS = 0.0300625, max = 0.0687518 (XIPH)
[2026-03-04 13:41:09.471] [info] Frame 349 (t = 1.745):	 total squared error = 0.0227339, marker error: RMS = 0.0301555, max = 0.0689020 (XIPH)
[2026-03-04 13:41:09.571] [info] Frame 350 (t = 1.75):	 total squared error = 0.0228733, marker error: RMS = 0.0302478, max = 0.0691953 (XIPH)
[2026-03-04 13:41:09.670] [info] Frame 351 (t = 1.755):	 total squared error = 0.0230149, marker error: RMS = 0.0303413, max = 0.0694466 (XIPH)
[2026-03-04 13:41:09.766] [info] Frame 352 (t = 1.76):	 total squared error = 0.0231548, marker error: RMS = 0.0304334, max = 0.0696762 (XIPH)
[2026-03-04 13:41:09.889] [info] Frame 353 (t = 1.765):	 total squared error = 0.0232925, marker error: RMS = 0.0305238, max = 0.0698471 (XIPH)
[2026-03-04 13:41:09.972] [info] Frame 354 (t = 1.77):	 total squared error = 0.0234219, marker error: RMS = 0.0306084, max = 0.0704444 (XIPH)
[2026-03-04 13:41:10.076] [info] Frame 355 (t = 1.775):	 total squared error = 0.0235656, marker error: RMS = 0.0307022, max = 0.0704134 (XIPH)
[2026-03-04 13:41:10.175] [info] Frame 356 (t = 1.78):	 total squared error = 0.0236997, marker error: RMS = 0.0307894, max = 0.0706172 (XIPH)
[2026-03-04 13:41:10.282] [info] Frame 357 (t = 1.785):	 total squared error = 0.0238365, marker error: RMS = 0.0308782, max = 0.0708220 (XIPH)
[2026-03-04 13:41:10.379] [info] Frame 358 (t = 1.79):	 total squared error = 0.0239702, marker error: RMS = 0.0309646, max = 0.0710296 (XIPH)
[2026-03-04 13:41:10.479] [info] Frame 359 (t = 1.795):	 total squared error = 0.0241046, marker error: RMS = 0.0310513, max = 0.0712737 (XIPH)
[2026-03-04 13:41:10.578] [info] Frame 360 (t = 1.8):	 total squared error = 0.0242376, marker error: RMS = 0.0311368, max = 0.07147 (XIPH)
[2026-03-04 13:41:10.672] [info] Frame 361 (t = 1.80500):	 total squared error = 0.0243701, marker error: RMS = 0.0312219, max = 0.0716847 (XIPH)
[2026-03-04 13:41:10.773] [info] Frame 362 (t = 1.81):	 total squared error = 0.0245021, marker error: RMS = 0.0313063, max = 0.0719040 (XIPH)
[2026-03-04 13:41:10.877] [info] Frame 363 (t = 1.815):	 total squared error = 0.0246343, marker error: RMS = 0.0313906, max = 0.0721138 (XIPH)
[2026-03-04 13:41:10.978] [info] Frame 364 (t = 1.82):	 total squared error = 0.0247642, marker error: RMS = 0.0314733, max = 0.0723355 (XIPH)
[2026-03-04 13:41:11.072] [info] Frame 365 (t = 1.825):	 total squared error = 0.0248932, marker error: RMS = 0.0315551, max = 0.0725383 (XIPH)
[2026-03-04 13:41:11.163] [info] Frame 366 (t = 1.83):	 total squared error = 0.0250198, marker error: RMS = 0.0316353, max = 0.0727165 (XIPH)
[2026-03-04 13:41:11.259] [info] Frame 367 (t = 1.835):	 total squared error = 0.0251456, marker error: RMS = 0.0317147, max = 0.0729464 (XIPH)
[2026-03-04 13:41:11.354] [info] Frame 368 (t = 1.84):	 total squared error = 0.0252686, marker error: RMS = 0.0317922, max = 0.0731291 (XIPH)
[2026-03-04 13:41:11.449] [info] Frame 369 (t = 1.845):	 total squared error = 0.0253912, marker error: RMS = 0.0318692, max = 0.0733605 (XIPH)
[2026-03-04 13:41:11.542] [info] Frame 370 (t = 1.85):	 total squared error = 0.025511, marker error: RMS = 0.0319443, max = 0.0735583 (XIPH)
[2026-03-04 13:41:11.636] [info] Frame 371 (t = 1.855):	 total squared error = 0.0256283, marker error: RMS = 0.0320177, max = 0.073744 (XIPH)
[2026-03-04 13:41:11.733] [info] Frame 372 (t = 1.86):	 total squared error = 0.025745, marker error: RMS = 0.0320905, max = 0.0739188 (XIPH)
[2026-03-04 13:41:11.826] [info] Frame 373 (t = 1.865):	 total squared error = 0.0258593, marker error: RMS = 0.0321617, max = 0.0740815 (XIPH)
[2026-03-04 13:41:11.918] [info] Frame 374 (t = 1.87):	 total squared error = 0.0259715, marker error: RMS = 0.0322313, max = 0.0742903 (XIPH)
[2026-03-04 13:41:12.011] [info] Frame 375 (t = 1.875):	 total squared error = 0.0260811, marker error: RMS = 0.0322993, max = 0.0744922 (XIPH)
[2026-03-04 13:41:12.140] [info] Frame 376 (t = 1.88):	 total squared error = 0.0261824, marker error: RMS = 0.0323619, max = 0.0745408 (XIPH)
[2026-03-04 13:41:12.243] [info] Frame 377 (t = 1.885):	 total squared error = 0.0262902, marker error: RMS = 0.0324285, max = 0.0747523 (XIPH)
[2026-03-04 13:41:12.337] [info] Frame 378 (t = 1.89):	 total squared error = 0.0263948, marker error: RMS = 0.032493, max = 0.0749106 (XIPH)
[2026-03-04 13:41:12.444] [info] Frame 379 (t = 1.895):	 total squared error = 0.0264956, marker error: RMS = 0.032555, max = 0.0750105 (XIPH)
[2026-03-04 13:41:12.570] [info] Frame 380 (t = 1.9):	 total squared error = 0.0265826, marker error: RMS = 0.0326083, max = 0.0750549 (XIPH)
[2026-03-04 13:41:12.652] [info] Frame 381 (t = 1.90500):	 total squared error = 0.0266773, marker error: RMS = 0.0326664, max = 0.0754694 (XIPH)
[2026-03-04 13:41:12.758] [info] Frame 382 (t = 1.91):	 total squared error = 0.0267752, marker error: RMS = 0.0327263, max = 0.0754257 (XIPH)
[2026-03-04 13:41:12.856] [info] Frame 383 (t = 1.915):	 total squared error = 0.0268657, marker error: RMS = 0.0327815, max = 0.0755238 (XIPH)
[2026-03-04 13:41:12.990] [info] Frame 384 (t = 1.92):	 total squared error = 0.0269356, marker error: RMS = 0.0328242, max = 0.0754436 (XIPH)
[2026-03-04 13:41:13.081] [info] Frame 385 (t = 1.925):	 total squared error = 0.0270218, marker error: RMS = 0.0328766, max = 0.0756283 (XIPH)
[2026-03-04 13:41:13.213] [info] Frame 386 (t = 1.93):	 total squared error = 0.0270963, marker error: RMS = 0.0329219, max = 0.0756808 (XIPH)
[2026-03-04 13:41:13.317] [info] Frame 387 (t = 1.935):	 total squared error = 0.0271767, marker error: RMS = 0.0329707, max = 0.0758345 (XIPH)
[2026-03-04 13:41:13.401] [info] Frame 388 (t = 1.94):	 total squared error = 0.0272532, marker error: RMS = 0.0330171, max = 0.0760794 (XIPH)
[2026-03-04 13:41:13.532] [info] Frame 389 (t = 1.945):	 total squared error = 0.0273156, marker error: RMS = 0.0330549, max = 0.0759177 (XIPH)
[2026-03-04 13:41:13.614] [info] Frame 390 (t = 1.95):	 total squared error = 0.0273857, marker error: RMS = 0.0330972, max = 0.0763241 (XIPH)
[2026-03-04 13:41:13.713] [info] Frame 391 (t = 1.955):	 total squared error = 0.0274526, marker error: RMS = 0.0331376, max = 0.0760613 (XIPH)
[2026-03-04 13:41:13.796] [info] Frame 392 (t = 1.96):	 total squared error = 0.0275161, marker error: RMS = 0.033176, max = 0.0765171 (XIPH)
[2026-03-04 13:41:13.890] [info] Frame 393 (t = 1.965):	 total squared error = 0.0275884, marker error: RMS = 0.0332195, max = 0.0764918 (XIPH)
[2026-03-04 13:41:14.021] [info] Frame 394 (t = 1.97):	 total squared error = 0.0276206, marker error: RMS = 0.0332389, max = 0.0762605 (XIPH)
[2026-03-04 13:41:14.112] [info] Frame 395 (t = 1.975):	 total squared error = 0.0276756, marker error: RMS = 0.033272, max = 0.0765331 (XIPH)
[2026-03-04 13:41:14.242] [info] Frame 396 (t = 1.98):	 total squared error = 0.0277181, marker error: RMS = 0.0332975, max = 0.0763377 (XIPH)
[2026-03-04 13:41:14.335] [info] Frame 397 (t = 1.985):	 total squared error = 0.0277668, marker error: RMS = 0.0333267, max = 0.0764217 (XIPH)
[2026-03-04 13:41:14.463] [info] Frame 398 (t = 1.99):	 total squared error = 0.0278007, marker error: RMS = 0.0333471, max = 0.0763963 (XIPH)
[2026-03-04 13:41:14.548] [info] Frame 399 (t = 1.995):	 total squared error = 0.0278436, marker error: RMS = 0.0333728, max = 0.0767989 (XIPH)
[2026-03-04 13:41:14.677] [info] Frame 400 (t = 2.0):	 total squared error = 0.0278651, marker error: RMS = 0.0333857, max = 0.0764136 (XIPH)
[2026-03-04 13:41:14.764] [info] Frame 401 (t = 2.00500):	 total squared error = 0.027899, marker error: RMS = 0.0334060, max = 0.0768024 (XIPH)
[2026-03-04 13:41:14.858] [info] Frame 402 (t = 2.01):	 total squared error = 0.0279331, marker error: RMS = 0.0334264, max = 0.0766164 (XIPH)
[2026-03-04 13:41:14.999] [info] Frame 403 (t = 2.015):	 total squared error = 0.0279247, marker error: RMS = 0.0334214, max = 0.0763705 (XIPH)
[2026-03-04 13:41:15.080] [info] Frame 404 (t = 2.02):	 total squared error = 0.0279412, marker error: RMS = 0.0334312, max = 0.0767389 (XIPH)
[2026-03-04 13:41:15.206] [info] Frame 405 (t = 2.025):	 total squared error = 0.0279344, marker error: RMS = 0.0334272, max = 0.0763278 (XIPH)
[2026-03-04 13:41:15.292] [info] Frame 406 (t = 2.03):	 total squared error = 0.0279366, marker error: RMS = 0.0334285, max = 0.0766545 (XIPH)
[2026-03-04 13:41:15.417] [info] Frame 407 (t = 2.035):	 total squared error = 0.0279144, marker error: RMS = 0.0334152, max = 0.0762102 (XIPH)
[2026-03-04 13:41:15.500] [info] Frame 408 (t = 2.04):	 total squared error = 0.027899, marker error: RMS = 0.0334060, max = 0.0765256 (XIPH)
[2026-03-04 13:41:15.625] [info] Frame 409 (t = 2.045):	 total squared error = 0.0278572, marker error: RMS = 0.0333809, max = 0.0760473 (XIPH)
[2026-03-04 13:41:15.704] [info] Frame 410 (t = 2.05):	 total squared error = 0.0278195, marker error: RMS = 0.0333584, max = 0.0763466 (XIPH)
[2026-03-04 13:41:15.839] [info] Frame 411 (t = 2.055):	 total squared error = 0.0277538, marker error: RMS = 0.033319, max = 0.0758471 (XIPH)
[2026-03-04 13:41:15.919] [info] Frame 412 (t = 2.06):	 total squared error = 0.0276886, marker error: RMS = 0.0332798, max = 0.0760943 (XIPH)
[2026-03-04 13:41:16.047] [info] Frame 413 (t = 2.065):	 total squared error = 0.0275942, marker error: RMS = 0.033223, max = 0.0755714 (XIPH)
[2026-03-04 13:41:16.132] [info] Frame 414 (t = 2.07):	 total squared error = 0.027496, marker error: RMS = 0.0331638, max = 0.0757792 (XIPH)
[2026-03-04 13:41:16.231] [info] Frame 415 (t = 2.075):	 total squared error = 0.0273759, marker error: RMS = 0.0330913, max = 0.0755631 (XIPH)
[2026-03-04 13:41:16.404] [info] Frame 416 (t = 2.08):	 total squared error = 0.0272255, marker error: RMS = 0.0330003, max = 0.0749374 (XIPH)
[2026-03-04 13:41:16.531] [info] Frame 417 (t = 2.085):	 total squared error = 0.0270668, marker error: RMS = 0.0329040, max = 0.0747491 (XIPH)
[2026-03-04 13:41:16.653] [info] Frame 418 (t = 2.09):	 total squared error = 0.02688, marker error: RMS = 0.0327902, max = 0.07439 (XIPH)
[2026-03-04 13:41:16.737] [info] Frame 419 (t = 2.095):	 total squared error = 0.0266765, marker error: RMS = 0.0326659, max = 0.0743062 (XIPH)
[2026-03-04 13:41:16.824] [info] Frame 420 (t = 2.1):	 total squared error = 0.0264495, marker error: RMS = 0.0325266, max = 0.0740759 (XIPH)
[2026-03-04 13:41:16.920] [info] Frame 421 (t = 2.10500):	 total squared error = 0.0262026, marker error: RMS = 0.0323745, max = 0.073495 (XIPH)
[2026-03-04 13:41:17.049] [info] Frame 422 (t = 2.11):	 total squared error = 0.0259114, marker error: RMS = 0.032194, max = 0.072975 (XIPH)
[2026-03-04 13:41:17.140] [info] Frame 423 (t = 2.115):	 total squared error = 0.0256071, marker error: RMS = 0.0320044, max = 0.072549 (XIPH)
[2026-03-04 13:41:17.241] [info] Frame 424 (t = 2.12):	 total squared error = 0.0252749, marker error: RMS = 0.0317962, max = 0.0721015 (XIPH)
[2026-03-04 13:41:17.339] [info] Frame 425 (t = 2.125):	 total squared error = 0.024913, marker error: RMS = 0.0315677, max = 0.071534 (XIPH)
[2026-03-04 13:41:17.436] [info] Frame 426 (t = 2.13):	 total squared error = 0.0245194, marker error: RMS = 0.0313173, max = 0.0709619 (XIPH)
[2026-03-04 13:41:17.534] [info] Frame 427 (t = 2.135):	 total squared error = 0.0240996, marker error: RMS = 0.0310481, max = 0.0703128 (XIPH)
[2026-03-04 13:41:17.623] [info] Frame 428 (t = 2.14):	 total squared error = 0.023646, marker error: RMS = 0.0307545, max = 0.0697438 (XIPH)
[2026-03-04 13:41:17.718] [info] Frame 429 (t = 2.145):	 total squared error = 0.0231681, marker error: RMS = 0.0304421, max = 0.068837 (XIPH)
[2026-03-04 13:41:17.798] [info] Frame 430 (t = 2.15):	 total squared error = 0.022656, marker error: RMS = 0.0301038, max = 0.0681802 (XIPH)
[2026-03-04 13:41:17.948] [info] Frame 431 (t = 2.155):	 total squared error = 0.0221247, marker error: RMS = 0.0297488, max = 0.0671815 (XIPH)
[2026-03-04 13:41:18.070] [info] Frame 432 (t = 2.16):	 total squared error = 0.0215607, marker error: RMS = 0.0293671, max = 0.0662821 (XIPH)
[2026-03-04 13:41:18.182] [info] Frame 433 (t = 2.165):	 total squared error = 0.0209751, marker error: RMS = 0.0289656, max = 0.0652791 (XIPH)
[2026-03-04 13:41:18.269] [info] Frame 434 (t = 2.17):	 total squared error = 0.0203636, marker error: RMS = 0.0285402, max = 0.0643748 (XIPH)
[2026-03-04 13:41:18.374] [info] Frame 435 (t = 2.175):	 total squared error = 0.0197401, marker error: RMS = 0.0280999, max = 0.0632656 (XIPH)
[2026-03-04 13:41:18.498] [info] Frame 436 (t = 2.18):	 total squared error = 0.0190972, marker error: RMS = 0.0276385, max = 0.0622021 (XIPH)
[2026-03-04 13:41:18.650] [info] Frame 437 (t = 2.185):	 total squared error = 0.0184436, marker error: RMS = 0.0271615, max = 0.0610733 (XIPH)
[2026-03-04 13:41:18.744] [info] Frame 438 (t = 2.19):	 total squared error = 0.0177783, marker error: RMS = 0.026667, max = 0.0599797 (XIPH)
[2026-03-04 13:41:18.834] [info] Frame 439 (t = 2.195):	 total squared error = 0.0171144, marker error: RMS = 0.0261644, max = 0.05883 (XIPH)
[2026-03-04 13:41:18.948] [info] Frame 440 (t = 2.2):	 total squared error = 0.0164502, marker error: RMS = 0.0256516, max = 0.0576032 (XIPH)
[2026-03-04 13:41:19.052] [info] Frame 441 (t = 2.20500):	 total squared error = 0.0157903, marker error: RMS = 0.0251319, max = 0.056417 (XIPH)
[2026-03-04 13:41:19.157] [info] Frame 442 (t = 2.21):	 total squared error = 0.0151415, marker error: RMS = 0.0246102, max = 0.0551877 (XIPH)
[2026-03-04 13:41:19.251] [info] Frame 443 (t = 2.215):	 total squared error = 0.0145087, marker error: RMS = 0.0240904, max = 0.0539744 (XIPH)
[2026-03-04 13:41:19.387] [info] Frame 444 (t = 2.22):	 total squared error = 0.0138965, marker error: RMS = 0.0235766, max = 0.052741 (XIPH)
[2026-03-04 13:41:19.484] [info] Frame 445 (t = 2.225):	 total squared error = 0.0133093, marker error: RMS = 0.0230732, max = 0.0514871 (XIPH)
[2026-03-04 13:41:19.597] [info] Frame 446 (t = 2.23):	 total squared error = 0.0127542, marker error: RMS = 0.0225869, max = 0.0502760 (XIPH)
[2026-03-04 13:41:19.708] [info] Frame 447 (t = 2.235):	 total squared error = 0.0122334, marker error: RMS = 0.0221209, max = 0.0490687 (XIPH)
[2026-03-04 13:41:19.804] [info] Frame 448 (t = 2.24):	 total squared error = 0.0117499, marker error: RMS = 0.0216794, max = 0.0478274 (XIPH)
[2026-03-04 13:41:19.923] [info] Frame 449 (t = 2.245):	 total squared error = 0.0113115, marker error: RMS = 0.0212711, max = 0.0465805 (XIPH)
[2026-03-04 13:41:20.063] [info] Frame 450 (t = 2.25):	 total squared error = 0.0109174, marker error: RMS = 0.0208973, max = 0.0454002 (XIPH)
[2026-03-04 13:41:20.186] [info] Frame 451 (t = 2.255):	 total squared error = 0.0105746, marker error: RMS = 0.0205666, max = 0.0442256 (XIPH)
[2026-03-04 13:41:20.297] [info] Frame 452 (t = 2.26):	 total squared error = 0.0102804, marker error: RMS = 0.0202784, max = 0.0431618 (XIPH)
[2026-03-04 13:41:20.421] [info] Frame 453 (t = 2.265):	 total squared error = 0.0100385, marker error: RMS = 0.0200384, max = 0.042157 (XIPH)
[2026-03-04 13:41:20.522] [info] Frame 454 (t = 2.27):	 total squared error = 0.00984498, marker error: RMS = 0.0198444, max = 0.0412123 (XIPH)
[2026-03-04 13:41:20.628] [info] Frame 455 (t = 2.275):	 total squared error = 0.00969772, marker error: RMS = 0.0196954, max = 0.0404038 (XIPH)
[2026-03-04 13:41:20.730] [info] Frame 456 (t = 2.28):	 total squared error = 0.00959256, marker error: RMS = 0.0195883, max = 0.0397186 (XIPH)
[2026-03-04 13:41:20.829] [info] Frame 457 (t = 2.285):	 total squared error = 0.00952522, marker error: RMS = 0.0195194, max = 0.039111 (XIPH)
[2026-03-04 13:41:20.937] [info] Frame 458 (t = 2.29):	 total squared error = 0.00947400, marker error: RMS = 0.0194669, max = 0.0387798 (XIPH)
[2026-03-04 13:41:21.042] [info] Frame 459 (t = 2.295):	 total squared error = 0.00943391, marker error: RMS = 0.0194257, max = 0.0385426 (XIPH)
[2026-03-04 13:41:21.156] [info] Frame 460 (t = 2.3):	 total squared error = 0.00939811, marker error: RMS = 0.0193888, max = 0.0382177 (XIPH)
[2026-03-04 13:41:21.250] [info] Frame 461 (t = 2.30500):	 total squared error = 0.00936721, marker error: RMS = 0.0193569, max = 0.037987 (XIPH)
[2026-03-04 13:41:21.372] [info] Frame 462 (t = 2.31):	 total squared error = 0.00932947, marker error: RMS = 0.0193178, max = 0.0378476 (XIPH)
[2026-03-04 13:41:21.480] [info] Frame 463 (t = 2.315):	 total squared error = 0.00929848, marker error: RMS = 0.0192857, max = 0.0376443 (XIPH)
[2026-03-04 13:41:21.600] [info] Frame 464 (t = 2.32):	 total squared error = 0.00926813, marker error: RMS = 0.0192542, max = 0.0373776 (XIPH)
[2026-03-04 13:41:21.734] [info] Frame 465 (t = 2.325):	 total squared error = 0.00924156, marker error: RMS = 0.0192266, max = 0.0371929 (XIPH)
[2026-03-04 13:41:21.853] [info] Frame 466 (t = 2.33):	 total squared error = 0.00921709, marker error: RMS = 0.0192011, max = 0.0370020 (XIPH)
[2026-03-04 13:41:21.975] [info] Frame 467 (t = 2.335):	 total squared error = 0.00919666, marker error: RMS = 0.0191798, max = 0.0367406 (XIPH)
[2026-03-04 13:41:22.109] [info] Frame 468 (t = 2.34):	 total squared error = 0.00917886, marker error: RMS = 0.0191613, max = 0.0364798 (XIPH)
[2026-03-04 13:41:22.237] [info] Frame 469 (t = 2.345):	 total squared error = 0.00916558, marker error: RMS = 0.0191474, max = 0.0363169 (XIPH)
[2026-03-04 13:41:22.347] [info] Frame 470 (t = 2.35):	 total squared error = 0.00915992, marker error: RMS = 0.0191415, max = 0.0360994 (XIPH)
[2026-03-04 13:41:22.480] [info] Frame 471 (t = 2.355):	 total squared error = 0.00914870, marker error: RMS = 0.0191298, max = 0.0358826 (XIPH)
[2026-03-04 13:41:22.591] [info] Frame 472 (t = 2.36):	 total squared error = 0.00914870, marker error: RMS = 0.0191298, max = 0.0356429 (XIPH)
[2026-03-04 13:41:22.727] [info] Frame 473 (t = 2.365):	 total squared error = 0.00914064, marker error: RMS = 0.0191213, max = 0.0354726 (XIPH)
[2026-03-04 13:41:22.858] [info] Frame 474 (t = 2.37):	 total squared error = 0.00913843, marker error: RMS = 0.019119, max = 0.0352968 (XIPH)
[2026-03-04 13:41:22.970] [info] Frame 475 (t = 2.375):	 total squared error = 0.00914012, marker error: RMS = 0.0191208, max = 0.034935 (XIPH)
[2026-03-04 13:41:23.101] [info] Frame 476 (t = 2.38):	 total squared error = 0.00913284, marker error: RMS = 0.0191132, max = 0.0348813 (XIPH)
[2026-03-04 13:41:23.225] [info] Frame 477 (t = 2.385):	 total squared error = 0.00912683, marker error: RMS = 0.0191069, max = 0.0346673 (XIPH)
[2026-03-04 13:41:23.335] [info] Frame 478 (t = 2.39):	 total squared error = 0.00912013, marker error: RMS = 0.0190999, max = 0.0344476 (XIPH)
[2026-03-04 13:41:23.468] [info] Frame 479 (t = 2.395):	 total squared error = 0.00910371, marker error: RMS = 0.0190827, max = 0.0342574 (XIPH)
[2026-03-04 13:41:23.583] [info] Frame 480 (t = 2.4):	 total squared error = 0.00908480, marker error: RMS = 0.0190628, max = 0.0340505 (XIPH)
[2026-03-04 13:41:23.696] [info] Frame 481 (t = 2.40500):	 total squared error = 0.00905791, marker error: RMS = 0.0190346, max = 0.0338342 (XIPH)
[2026-03-04 13:41:23.811] [info] Frame 482 (t = 2.41):	 total squared error = 0.00902502, marker error: RMS = 0.019, max = 0.0336215 (XIPH)
[2026-03-04 13:41:23.917] [info] Frame 483 (t = 2.415):	 total squared error = 0.00898731, marker error: RMS = 0.0189603, max = 0.0334090 (XIPH)
[2026-03-04 13:41:24.045] [info] Frame 484 (t = 2.42):	 total squared error = 0.00893407, marker error: RMS = 0.0189040, max = 0.0332693 (XIPH)
[2026-03-04 13:41:24.167] [info] Frame 485 (t = 2.425):	 total squared error = 0.00887422, marker error: RMS = 0.0188406, max = 0.0330509 (XIPH)
[2026-03-04 13:41:24.323] [info] Frame 486 (t = 2.43):	 total squared error = 0.00880628, marker error: RMS = 0.0187684, max = 0.0328925 (XIPH)
[2026-03-04 13:41:24.424] [info] Frame 487 (t = 2.435):	 total squared error = 0.00872661, marker error: RMS = 0.0186833, max = 0.0328889 (XIPH)
[2026-03-04 13:41:24.519] [info] Frame 488 (t = 2.44):	 total squared error = 0.00864134, marker error: RMS = 0.0185918, max = 0.0325742 (XIPH)
[2026-03-04 13:41:24.639] [info] Frame 489 (t = 2.445):	 total squared error = 0.00854159, marker error: RMS = 0.0184841, max = 0.0324585 (XIPH)
[2026-03-04 13:41:24.747] [info] Frame 490 (t = 2.45):	 total squared error = 0.00843127, marker error: RMS = 0.0183644, max = 0.032331 (XIPH)
[2026-03-04 13:41:24.855] [info] Frame 491 (t = 2.455):	 total squared error = 0.00831261, marker error: RMS = 0.0182347, max = 0.0322109 (XIPH)
[2026-03-04 13:41:24.961] [info] Frame 492 (t = 2.46):	 total squared error = 0.00818320, marker error: RMS = 0.0180922, max = 0.0321822 (XIPH)
[2026-03-04 13:41:25.058] [info] Frame 493 (t = 2.465):	 total squared error = 0.00805542, marker error: RMS = 0.0179504, max = 0.031983 (XIPH)
[2026-03-04 13:41:25.156] [info] Frame 494 (t = 2.47):	 total squared error = 0.00790249, marker error: RMS = 0.0177792, max = 0.0319972 (XIPH)
[2026-03-04 13:41:25.302] [info] Frame 495 (t = 2.475):	 total squared error = 0.00775089, marker error: RMS = 0.0176078, max = 0.0319622 (XIPH)
[2026-03-04 13:41:25.441] [info] Frame 496 (t = 2.48):	 total squared error = 0.00759139, marker error: RMS = 0.0174257, max = 0.0319681 (XIPH)
[2026-03-04 13:41:25.573] [info] Frame 497 (t = 2.485):	 total squared error = 0.00742700, marker error: RMS = 0.017236, max = 0.0319343 (XIPH)
[2026-03-04 13:41:25.689] [info] Frame 498 (t = 2.49):	 total squared error = 0.00726114, marker error: RMS = 0.0170425, max = 0.0319266 (XIPH)
[2026-03-04 13:41:25.788] [info] Frame 499 (t = 2.495):	 total squared error = 0.00709687, marker error: RMS = 0.0168486, max = 0.0318107 (XIPH)
[2026-03-04 13:41:25.912] [info] Frame 500 (t = 2.5):	 total squared error = 0.00692193, marker error: RMS = 0.0166396, max = 0.0319683 (XIPH)
[2026-03-04 13:41:26.049] [info] Frame 501 (t = 2.50500):	 total squared error = 0.00675231, marker error: RMS = 0.0164345, max = 0.0319913 (XIPH)
[2026-03-04 13:41:26.161] [info] Frame 502 (t = 2.51):	 total squared error = 0.00658538, marker error: RMS = 0.0162301, max = 0.0319898 (XIPH)
[2026-03-04 13:41:26.301] [info] Frame 503 (t = 2.515):	 total squared error = 0.00641966, marker error: RMS = 0.0160246, max = 0.0320678 (XIPH)
[2026-03-04 13:41:26.423] [info] Frame 504 (t = 2.52):	 total squared error = 0.00625840, marker error: RMS = 0.015822, max = 0.0320904 (XIPH)
[2026-03-04 13:41:26.533] [info] Frame 505 (t = 2.525):	 total squared error = 0.00610164, marker error: RMS = 0.0156226, max = 0.0321531 (XIPH)
[2026-03-04 13:41:26.631] [info] Frame 506 (t = 2.53):	 total squared error = 0.00594996, marker error: RMS = 0.0154272, max = 0.032194 (XIPH)
[2026-03-04 13:41:26.750] [info] Frame 507 (t = 2.535):	 total squared error = 0.00580205, marker error: RMS = 0.0152342, max = 0.0322357 (XIPH)
[2026-03-04 13:41:26.845] [info] Frame 508 (t = 2.54):	 total squared error = 0.00566335, marker error: RMS = 0.0150510, max = 0.0322388 (XIPH)
[2026-03-04 13:41:26.952] [info] Frame 509 (t = 2.545):	 total squared error = 0.00552683, marker error: RMS = 0.0148685, max = 0.0323376 (XIPH)
[2026-03-04 13:41:27.058] [info] Frame 510 (t = 2.55):	 total squared error = 0.00539761, marker error: RMS = 0.0146937, max = 0.0323514 (XIPH)
[2026-03-04 13:41:27.170] [info] Frame 511 (t = 2.555):	 total squared error = 0.00527313, marker error: RMS = 0.0145233, max = 0.0324223 (XIPH)
[2026-03-04 13:41:27.282] [info] Frame 512 (t = 2.56):	 total squared error = 0.00515422, marker error: RMS = 0.0143586, max = 0.0324198 (XIPH)
[2026-03-04 13:41:27.385] [info] Frame 513 (t = 2.565):	 total squared error = 0.00504121, marker error: RMS = 0.0142003, max = 0.0324353 (XIPH)
[2026-03-04 13:41:27.498] [info] Frame 514 (t = 2.57):	 total squared error = 0.00493237, marker error: RMS = 0.0140462, max = 0.0324589 (XIPH)
[2026-03-04 13:41:27.591] [info] Frame 515 (t = 2.575):	 total squared error = 0.00483424, marker error: RMS = 0.0139057, max = 0.0323049 (XIPH)
[2026-03-04 13:41:27.753] [info] Frame 516 (t = 2.58):	 total squared error = 0.00472637, marker error: RMS = 0.0137497, max = 0.0324815 (XIPH)
[2026-03-04 13:41:27.896] [info] Frame 517 (t = 2.585):	 total squared error = 0.00462958, marker error: RMS = 0.0136082, max = 0.0324786 (XIPH)
[2026-03-04 13:41:28.003] [info] Frame 518 (t = 2.59):	 total squared error = 0.00453687, marker error: RMS = 0.0134713, max = 0.0324394 (XIPH)
[2026-03-04 13:41:28.119] [info] Frame 519 (t = 2.595):	 total squared error = 0.00444311, marker error: RMS = 0.0133313, max = 0.0324425 (XIPH)
[2026-03-04 13:41:28.248] [info] Frame 520 (t = 2.6):	 total squared error = 0.00435517, marker error: RMS = 0.0131987, max = 0.0324172 (XIPH)
[2026-03-04 13:41:28.388] [info] Frame 521 (t = 2.60500):	 total squared error = 0.00426525, marker error: RMS = 0.0130618, max = 0.0323881 (XIPH)
[2026-03-04 13:41:28.505] [info] Frame 522 (t = 2.61):	 total squared error = 0.00418377, marker error: RMS = 0.0129364, max = 0.0323449 (XIPH)
[2026-03-04 13:41:28.583] [info] Frame 523 (t = 2.615):	 total squared error = 0.00413775, marker error: RMS = 0.0128651, max = 0.0321529 (XIPH)
[2026-03-04 13:41:28.725] [info] Frame 524 (t = 2.62):	 total squared error = 0.00401380, marker error: RMS = 0.0126709, max = 0.0322748 (XIPH)
[2026-03-04 13:41:28.849] [info] Frame 525 (t = 2.625):	 total squared error = 0.00393275, marker error: RMS = 0.0125423, max = 0.0322506 (XIPH)
[2026-03-04 13:41:28.956] [info] Frame 526 (t = 2.63):	 total squared error = 0.00385679, marker error: RMS = 0.0124206, max = 0.0322099 (XIPH)
[2026-03-04 13:41:29.079] [info] Frame 527 (t = 2.635):	 total squared error = 0.00377526, marker error: RMS = 0.0122886, max = 0.0321399 (XIPH)
[2026-03-04 13:41:29.202] [info] Frame 528 (t = 2.64):	 total squared error = 0.00369855, marker error: RMS = 0.0121631, max = 0.0320875 (XIPH)
[2026-03-04 13:41:29.318] [info] Frame 529 (t = 2.645):	 total squared error = 0.00362356, marker error: RMS = 0.0120392, max = 0.0320144 (XIPH)
[2026-03-04 13:41:29.427] [info] Frame 530 (t = 2.65):	 total squared error = 0.00355287, marker error: RMS = 0.0119212, max = 0.0319767 (XIPH)
[2026-03-04 13:41:29.542] [info] Frame 531 (t = 2.655):	 total squared error = 0.00347824, marker error: RMS = 0.0117953, max = 0.031866 (XIPH)
[2026-03-04 13:41:29.662] [info] Frame 532 (t = 2.66):	 total squared error = 0.00340727, marker error: RMS = 0.0116744, max = 0.0317654 (XIPH)
[2026-03-04 13:41:29.783] [info] Frame 533 (t = 2.665):	 total squared error = 0.00333832, marker error: RMS = 0.0115556, max = 0.0316697 (XIPH)
[2026-03-04 13:41:29.911] [info] Frame 534 (t = 2.67):	 total squared error = 0.00327059, marker error: RMS = 0.0114378, max = 0.0315507 (XIPH)
[2026-03-04 13:41:30.042] [info] Frame 535 (t = 2.675):	 total squared error = 0.00320516, marker error: RMS = 0.0113228, max = 0.0314183 (XIPH)
[2026-03-04 13:41:30.140] [info] Frame 536 (t = 2.68):	 total squared error = 0.00315493, marker error: RMS = 0.0112338, max = 0.0313277 (XIPH)
[2026-03-04 13:41:30.276] [info] Frame 537 (t = 2.685):	 total squared error = 0.00307772, marker error: RMS = 0.0110954, max = 0.0311342 (XIPH)
[2026-03-04 13:41:30.382] [info] Frame 538 (t = 2.69):	 total squared error = 0.00302048, marker error: RMS = 0.0109918, max = 0.0310481 (XIPH)
[2026-03-04 13:41:30.506] [info] Frame 539 (t = 2.695):	 total squared error = 0.00295710, marker error: RMS = 0.0108758, max = 0.0308873 (XIPH)
[2026-03-04 13:41:30.621] [info] Frame 540 (t = 2.7):	 total squared error = 0.00290105, marker error: RMS = 0.0107723, max = 0.0307209 (XIPH)
[2026-03-04 13:41:30.738] [info] Frame 541 (t = 2.70500):	 total squared error = 0.00284430, marker error: RMS = 0.0106664, max = 0.0305251 (XIPH)
[2026-03-04 13:41:30.855] [info] Frame 542 (t = 2.71):	 total squared error = 0.00278992, marker error: RMS = 0.0105639, max = 0.0303530 (XIPH)
[2026-03-04 13:41:30.989] [info] Frame 543 (t = 2.715):	 total squared error = 0.00273552, marker error: RMS = 0.0104604, max = 0.0301580 (XIPH)
[2026-03-04 13:41:31.106] [info] Frame 544 (t = 2.72):	 total squared error = 0.00268411, marker error: RMS = 0.0103617, max = 0.0299741 (XIPH)
[2026-03-04 13:41:31.240] [info] Frame 545 (t = 2.725):	 total squared error = 0.00263369, marker error: RMS = 0.0102639, max = 0.0297605 (XIPH)
[2026-03-04 13:41:31.373] [info] Frame 546 (t = 2.73):	 total squared error = 0.00258450, marker error: RMS = 0.0101676, max = 0.0295617 (XIPH)
[2026-03-04 13:41:31.498] [info] Frame 547 (t = 2.735):	 total squared error = 0.00253645, marker error: RMS = 0.0100726, max = 0.029356 (XIPH)
[2026-03-04 13:41:31.632] [info] Frame 548 (t = 2.74):	 total squared error = 0.00248962, marker error: RMS = 0.00997923, max = 0.0291617 (XIPH)
[2026-03-04 13:41:31.768] [info] Frame 549 (t = 2.745):	 total squared error = 0.00244382, marker error: RMS = 0.00988699, max = 0.0289431 (XIPH)
[2026-03-04 13:41:31.882] [info] Frame 550 (t = 2.75):	 total squared error = 0.00240036, marker error: RMS = 0.00979870, max = 0.0287288 (XIPH)
[2026-03-04 13:41:31.992] [info] Frame 551 (t = 2.755):	 total squared error = 0.00235677, marker error: RMS = 0.00970931, max = 0.0285064 (XIPH)
[2026-03-04 13:41:32.118] [info] Frame 552 (t = 2.76):	 total squared error = 0.00231470, marker error: RMS = 0.00962227, max = 0.0282948 (XIPH)
[2026-03-04 13:41:32.247] [info] Frame 553 (t = 2.765):	 total squared error = 0.00227488, marker error: RMS = 0.00953914, max = 0.0280792 (XIPH)
[2026-03-04 13:41:32.355] [info] Frame 554 (t = 2.77):	 total squared error = 0.00223877, marker error: RMS = 0.00946312, max = 0.0278849 (XIPH)
[2026-03-04 13:41:32.468] [info] Frame 555 (t = 2.775):	 total squared error = 0.00220159, marker error: RMS = 0.00938422, max = 0.0276676 (XIPH)
[2026-03-04 13:41:32.586] [info] Frame 556 (t = 2.78):	 total squared error = 0.00216714, marker error: RMS = 0.00931052, max = 0.0274795 (XIPH)
[2026-03-04 13:41:32.736] [info] Frame 557 (t = 2.785):	 total squared error = 0.00213476, marker error: RMS = 0.00924069, max = 0.0272701 (XIPH)
[2026-03-04 13:41:32.869] [info] Frame 558 (t = 2.79):	 total squared error = 0.00210486, marker error: RMS = 0.00917575, max = 0.0270904 (XIPH)
[2026-03-04 13:41:32.988] [info] Frame 559 (t = 2.795):	 total squared error = 0.00207798, marker error: RMS = 0.00911696, max = 0.0269403 (XIPH)
[2026-03-04 13:41:33.122] [info] Frame 560 (t = 2.8):	 total squared error = 0.00205207, marker error: RMS = 0.00905995, max = 0.0267495 (XIPH)
[2026-03-04 13:41:33.258] [info] Frame 561 (t = 2.80500):	 total squared error = 0.00202831, marker error: RMS = 0.00900735, max = 0.0266188 (XIPH)
[2026-03-04 13:41:33.375] [info] Frame 562 (t = 2.81):	 total squared error = 0.00200731, marker error: RMS = 0.00896061, max = 0.0264467 (XIPH)
[2026-03-04 13:41:33.492] [info] Frame 563 (t = 2.815):	 total squared error = 0.00198839, marker error: RMS = 0.00891827, max = 0.0263486 (XIPH)
[2026-03-04 13:41:33.606] [info] Frame 564 (t = 2.82):	 total squared error = 0.00196919, marker error: RMS = 0.00887512, max = 0.0261801 (XIPH)
[2026-03-04 13:41:33.720] [info] Frame 565 (t = 2.825):	 total squared error = 0.00195270, marker error: RMS = 0.00883788, max = 0.0260757 (XIPH)
[2026-03-04 13:41:33.834] [info] Frame 566 (t = 2.83):	 total squared error = 0.00193764, marker error: RMS = 0.00880372, max = 0.0260009 (XIPH)
[2026-03-04 13:41:33.959] [info] Frame 567 (t = 2.835):	 total squared error = 0.00192368, marker error: RMS = 0.00877196, max = 0.0258674 (XIPH)
[2026-03-04 13:41:34.092] [info] Frame 568 (t = 2.84):	 total squared error = 0.00191077, marker error: RMS = 0.00874246, max = 0.0258167 (XIPH)
[2026-03-04 13:41:34.216] [info] Frame 569 (t = 2.845):	 total squared error = 0.00189912, marker error: RMS = 0.00871578, max = 0.0257311 (XIPH)
[2026-03-04 13:41:34.343] [info] Frame 570 (t = 2.85):	 total squared error = 0.00188707, marker error: RMS = 0.00868809, max = 0.0256083 (XIPH)
[2026-03-04 13:41:34.465] [info] Frame 571 (t = 2.855):	 total squared error = 0.00187610, marker error: RMS = 0.00866280, max = 0.0255449 (XIPH)
[2026-03-04 13:41:34.593] [info] Frame 572 (t = 2.86):	 total squared error = 0.00186594, marker error: RMS = 0.00863930, max = 0.0254542 (XIPH)
[2026-03-04 13:41:34.707] [info] Frame 573 (t = 2.865):	 total squared error = 0.00185486, marker error: RMS = 0.00861361, max = 0.0253891 (XIPH)
[2026-03-04 13:41:34.823] [info] Frame 574 (t = 2.87):	 total squared error = 0.00184425, marker error: RMS = 0.00858894, max = 0.0253179 (XIPH)
[2026-03-04 13:41:34.956] [info] Frame 575 (t = 2.875):	 total squared error = 0.00183320, marker error: RMS = 0.00856318, max = 0.0252309 (XIPH)
[2026-03-04 13:41:35.081] [info] Frame 576 (t = 2.88):	 total squared error = 0.00182190, marker error: RMS = 0.00853674, max = 0.0251303 (XIPH)
[2026-03-04 13:41:35.198] [info] Frame 577 (t = 2.885):	 total squared error = 0.00181018, marker error: RMS = 0.00850925, max = 0.0250159 (XIPH)
[2026-03-04 13:41:35.318] [info] Frame 578 (t = 2.89):	 total squared error = 0.00179698, marker error: RMS = 0.00847817, max = 0.0249301 (XIPH)
[2026-03-04 13:41:35.448] [info] Frame 579 (t = 2.895):	 total squared error = 0.00178294, marker error: RMS = 0.00844497, max = 0.0248045 (XIPH)
[2026-03-04 13:41:35.571] [info] Frame 580 (t = 2.9):	 total squared error = 0.00176792, marker error: RMS = 0.00840933, max = 0.0247089 (XIPH)
[2026-03-04 13:41:35.676] [info] Frame 581 (t = 2.90500):	 total squared error = 0.00175061, marker error: RMS = 0.00836806, max = 0.0245396 (XIPH)
[2026-03-04 13:41:35.779] [info] Frame 582 (t = 2.91):	 total squared error = 0.00173397, marker error: RMS = 0.00832820, max = 0.0244044 (XIPH)
[2026-03-04 13:41:35.883] [info] Frame 583 (t = 2.915):	 total squared error = 0.00171396, marker error: RMS = 0.00827999, max = 0.0242383 (XIPH)
[2026-03-04 13:41:36.003] [info] Frame 584 (t = 2.92):	 total squared error = 0.00169444, marker error: RMS = 0.00823272, max = 0.0240693 (XIPH)
[2026-03-04 13:41:36.107] [info] Frame 585 (t = 2.925):	 total squared error = 0.00167319, marker error: RMS = 0.00818093, max = 0.0238994 (XIPH)
[2026-03-04 13:41:36.230] [info] Frame 586 (t = 2.93):	 total squared error = 0.00165148, marker error: RMS = 0.00812768, max = 0.0237086 (XIPH)
[2026-03-04 13:41:36.356] [info] Frame 587 (t = 2.935):	 total squared error = 0.00162932, marker error: RMS = 0.00807296, max = 0.0235134 (XIPH)
[2026-03-04 13:41:36.485] [info] Frame 588 (t = 2.94):	 total squared error = 0.00160654, marker error: RMS = 0.00801633, max = 0.0233294 (XIPH)
[2026-03-04 13:41:36.609] [info] Frame 589 (t = 2.945):	 total squared error = 0.00158374, marker error: RMS = 0.00795924, max = 0.0231431 (XIPH)
[2026-03-04 13:41:36.714] [info] Frame 590 (t = 2.95):	 total squared error = 0.00156120, marker error: RMS = 0.00790240, max = 0.0229471 (XIPH)
[2026-03-04 13:41:36.815] [info] Frame 591 (t = 2.955):	 total squared error = 0.00153994, marker error: RMS = 0.00784842, max = 0.0228003 (XIPH)
[2026-03-04 13:41:36.925] [info] Frame 592 (t = 2.96):	 total squared error = 0.00151945, marker error: RMS = 0.00779602, max = 0.0225799 (XIPH)
[2026-03-04 13:41:37.032] [info] Frame 593 (t = 2.965):	 total squared error = 0.00149994, marker error: RMS = 0.00774580, max = 0.0224153 (XIPH)
[2026-03-04 13:41:37.139] [info] Frame 594 (t = 2.97):	 total squared error = 0.00148231, marker error: RMS = 0.00770017, max = 0.0222856 (XIPH)
[2026-03-04 13:41:37.250] [info] Frame 595 (t = 2.975):	 total squared error = 0.00146610, marker error: RMS = 0.00765793, max = 0.0221269 (XIPH)
[2026-03-04 13:41:37.352] [info] Frame 596 (t = 2.98):	 total squared error = 0.00145124, marker error: RMS = 0.00761903, max = 0.0220356 (XIPH)
[2026-03-04 13:41:37.472] [info] Frame 597 (t = 2.985):	 total squared error = 0.00144001, marker error: RMS = 0.00758950, max = 0.0219194 (XIPH)
[2026-03-04 13:41:37.578] [info] Frame 598 (t = 2.99):	 total squared error = 0.00143094, marker error: RMS = 0.00756555, max = 0.0218771 (XIPH)
[2026-03-04 13:41:37.684] [info] Frame 599 (t = 2.995):	 total squared error = 0.00142386, marker error: RMS = 0.00754680, max = 0.0217928 (XIPH)
[2026-03-04 13:41:37.805] [info] Frame 600 (t = 3.0):	 total squared error = 0.00141799, marker error: RMS = 0.00753123, max = 0.0217359 (XIPH)
[2026-03-04 13:41:37.934] [info] Frame 601 (t = 3.00500):	 total squared error = 0.00141623, marker error: RMS = 0.00752656, max = 0.021712 (XIPH)
[2026-03-04 13:41:38.041] [info] Frame 602 (t = 3.01):	 total squared error = 0.00141494, marker error: RMS = 0.00752315, max = 0.0217194 (XIPH)
[2026-03-04 13:41:38.149] [info] Frame 603 (t = 3.015):	 total squared error = 0.00141661, marker error: RMS = 0.00752757, max = 0.0216195 (XIPH)
[2026-03-04 13:41:38.186] [info] InverseKinematicsTool completed 603 frames in 63 second(s) (1 minute(s), 3 second(s)).
