[2025-11-14 02:36:19.486] [info] Loaded model Athlete_03 from file ..\..\..\..\models\Athlete_03\25_03_31\scaled.osim
[2025-11-14 02:36:19.880] [info] Loaded model Athlete_03 from file ..\..\..\..\models\Athlete_03\25_03_31\scaled.osim
[2025-11-14 02:36:20.086] [info] Loaded model Athlete_03 from file ..\..\..\..\models\Athlete_03\25_03_31\scaled.osim
[2025-11-14 02:36:20.196] [cout] [info] 
               MODEL: Athlete_03
         coordinates: 39
              forces: 97
           actuators: 97
             muscles: 80
            analyses: 0
              probes: 0
              bodies: 22
              joints: 22
         constraints: 2
             markers: 45
         controllers: 0
  contact geometries: 0
misc modelcomponents: 0
[2025-11-14 02:36:20.198] [info] Running tool .
[2025-11-14 02:36:20.697] [info] Frame 1 (t = 0.00500000):	 total squared error = 0.00196235, marker error: RMS = 0.00923686, max = 0.017959 (XIPH)
[2025-11-14 02:36:20.770] [info] Frame 2 (t = 0.01):	 total squared error = 0.00197950, marker error: RMS = 0.00927714, max = 0.0180059 (XIPH)
[2025-11-14 02:36:20.821] [info] Frame 3 (t = 0.015):	 total squared error = 0.00199406, marker error: RMS = 0.00931119, max = 0.0180967 (STRN)
[2025-11-14 02:36:20.887] [info] Frame 4 (t = 0.02):	 total squared error = 0.00199618, marker error: RMS = 0.00931615, max = 0.0183172 (STRN)
[2025-11-14 02:36:20.955] [info] Frame 5 (t = 0.025):	 total squared error = 0.00199592, marker error: RMS = 0.00931553, max = 0.0184261 (STRN)
[2025-11-14 02:36:20.988] [info] Frame 6 (t = 0.03):	 total squared error = 0.00199038, marker error: RMS = 0.00930258, max = 0.0185002 (STRN)
[2025-11-14 02:36:21.007] [info] Frame 7 (t = 0.035):	 total squared error = 0.00197716, marker error: RMS = 0.00927165, max = 0.0185938 (STRN)
[2025-11-14 02:36:21.034] [info] Frame 8 (t = 0.04):	 total squared error = 0.00195556, marker error: RMS = 0.00922086, max = 0.0186375 (STRN)
[2025-11-14 02:36:21.072] [info] Frame 9 (t = 0.045):	 total squared error = 0.00191667, marker error: RMS = 0.00912872, max = 0.0187991 (STRN)
[2025-11-14 02:36:21.100] [info] Frame 10 (t = 0.05):	 total squared error = 0.00188354, marker error: RMS = 0.00904947, max = 0.0187292 (STRN)
[2025-11-14 02:36:21.121] [info] Frame 11 (t = 0.055):	 total squared error = 0.00185113, marker error: RMS = 0.00897129, max = 0.0186985 (STRN)
[2025-11-14 02:36:21.162] [info] Frame 12 (t = 0.06):	 total squared error = 0.00181474, marker error: RMS = 0.00888265, max = 0.0186341 (STRN)
[2025-11-14 02:36:21.185] [info] Frame 13 (t = 0.065):	 total squared error = 0.00179339, marker error: RMS = 0.00883026, max = 0.0184752 (STRN)
[2025-11-14 02:36:21.222] [info] Frame 14 (t = 0.07):	 total squared error = 0.00178274, marker error: RMS = 0.00880400, max = 0.0183601 (STRN)
[2025-11-14 02:36:21.271] [info] Frame 15 (t = 0.075):	 total squared error = 0.00178422, marker error: RMS = 0.00880766, max = 0.0181122 (STRN)
[2025-11-14 02:36:21.294] [info] Frame 16 (t = 0.08):	 total squared error = 0.00180229, marker error: RMS = 0.00885215, max = 0.0177795 (STRN)
[2025-11-14 02:36:21.318] [info] Frame 17 (t = 0.085):	 total squared error = 0.00183511, marker error: RMS = 0.00893239, max = 0.0174544 (STRN)
[2025-11-14 02:36:21.342] [info] Frame 18 (t = 0.09):	 total squared error = 0.00187978, marker error: RMS = 0.00904044, max = 0.0171024 (STRN)
[2025-11-14 02:36:21.367] [info] Frame 19 (t = 0.095):	 total squared error = 0.00193230, marker error: RMS = 0.00916587, max = 0.0179421 (LTH2)
[2025-11-14 02:36:21.411] [info] Frame 20 (t = 0.1):	 total squared error = 0.00197846, marker error: RMS = 0.00927471, max = 0.0178682 (LTH2)
[2025-11-14 02:36:21.436] [info] Frame 21 (t = 0.105000):	 total squared error = 0.00203852, marker error: RMS = 0.00941443, max = 0.0191265 (LTH2)
[2025-11-14 02:36:21.484] [info] Frame 22 (t = 0.11):	 total squared error = 0.00209394, marker error: RMS = 0.00954154, max = 0.0193881 (LTH2)
[2025-11-14 02:36:21.540] [info] Frame 23 (t = 0.115):	 total squared error = 0.00215220, marker error: RMS = 0.00967336, max = 0.0201177 (LTH2)
[2025-11-14 02:36:21.579] [info] Frame 24 (t = 0.12):	 total squared error = 0.00221161, marker error: RMS = 0.00980596, max = 0.0210808 (LTH2)
[2025-11-14 02:36:21.620] [info] Frame 25 (t = 0.125):	 total squared error = 0.00226753, marker error: RMS = 0.00992915, max = 0.0214239 (LTH2)
[2025-11-14 02:36:21.652] [info] Frame 26 (t = 0.13):	 total squared error = 0.00233071, marker error: RMS = 0.0100665, max = 0.0224002 (LTH2)
[2025-11-14 02:36:21.700] [info] Frame 27 (t = 0.135):	 total squared error = 0.00239063, marker error: RMS = 0.0101951, max = 0.0226155 (LTH2)
[2025-11-14 02:36:21.735] [info] Frame 28 (t = 0.14):	 total squared error = 0.00246291, marker error: RMS = 0.0103481, max = 0.0234944 (LTH2)
[2025-11-14 02:36:21.767] [info] Frame 29 (t = 0.145):	 total squared error = 0.00254129, marker error: RMS = 0.0105115, max = 0.0241665 (LTH2)
[2025-11-14 02:36:21.800] [info] Frame 30 (t = 0.15):	 total squared error = 0.00262019, marker error: RMS = 0.0106734, max = 0.0244447 (LTH2)
[2025-11-14 02:36:21.850] [info] Frame 31 (t = 0.155):	 total squared error = 0.00270811, marker error: RMS = 0.0108510, max = 0.0248819 (LTH2)
[2025-11-14 02:36:21.884] [info] Frame 32 (t = 0.16):	 total squared error = 0.00280502, marker error: RMS = 0.0110434, max = 0.0255891 (LTH2)
[2025-11-14 02:36:21.929] [info] Frame 33 (t = 0.165):	 total squared error = 0.00290072, marker error: RMS = 0.0112302, max = 0.0259204 (LTH2)
[2025-11-14 02:36:21.962] [info] Frame 34 (t = 0.17):	 total squared error = 0.00300120, marker error: RMS = 0.0114231, max = 0.0265478 (LTH2)
[2025-11-14 02:36:22.008] [info] Frame 35 (t = 0.175):	 total squared error = 0.00309646, marker error: RMS = 0.0116030, max = 0.0269039 (LTH2)
[2025-11-14 02:36:22.030] [info] Frame 36 (t = 0.18):	 total squared error = 0.00319515, marker error: RMS = 0.0117864, max = 0.0274241 (LTH2)
[2025-11-14 02:36:22.070] [info] Frame 37 (t = 0.185):	 total squared error = 0.00328136, marker error: RMS = 0.0119444, max = 0.0278371 (LTH2)
[2025-11-14 02:36:22.101] [info] Frame 38 (t = 0.19):	 total squared error = 0.00336732, marker error: RMS = 0.0120998, max = 0.0282024 (LTH2)
[2025-11-14 02:36:22.132] [info] Frame 39 (t = 0.195):	 total squared error = 0.00344833, marker error: RMS = 0.0122445, max = 0.0285080 (LTH2)
[2025-11-14 02:36:22.161] [info] Frame 40 (t = 0.2):	 total squared error = 0.00352408, marker error: RMS = 0.0123782, max = 0.0287305 (LTH2)
[2025-11-14 02:36:22.196] [info] Frame 41 (t = 0.205000):	 total squared error = 0.00359198, marker error: RMS = 0.0124969, max = 0.0288247 (LTH2)
[2025-11-14 02:36:22.217] [info] Frame 42 (t = 0.21):	 total squared error = 0.00365719, marker error: RMS = 0.0126098, max = 0.0288166 (LTH2)
[2025-11-14 02:36:22.241] [info] Frame 43 (t = 0.215):	 total squared error = 0.00371475, marker error: RMS = 0.0127087, max = 0.0288040 (LTH2)
[2025-11-14 02:36:22.270] [info] Frame 44 (t = 0.22):	 total squared error = 0.00376379, marker error: RMS = 0.0127923, max = 0.0286066 (LTH2)
[2025-11-14 02:36:22.320] [info] Frame 45 (t = 0.225):	 total squared error = 0.00380105, marker error: RMS = 0.0128555, max = 0.0283772 (LTH2)
[2025-11-14 02:36:22.349] [info] Frame 46 (t = 0.23):	 total squared error = 0.00382671, marker error: RMS = 0.0128988, max = 0.0279308 (LTH2)
[2025-11-14 02:36:22.372] [info] Frame 47 (t = 0.235):	 total squared error = 0.00383711, marker error: RMS = 0.0129163, max = 0.0274337 (LTH2)
[2025-11-14 02:36:22.396] [info] Frame 48 (t = 0.24):	 total squared error = 0.00383020, marker error: RMS = 0.0129047, max = 0.0268922 (LTH2)
[2025-11-14 02:36:22.420] [info] Frame 49 (t = 0.245):	 total squared error = 0.00380528, marker error: RMS = 0.0128626, max = 0.026157 (LTH2)
[2025-11-14 02:36:22.443] [info] Frame 50 (t = 0.25):	 total squared error = 0.00376135, marker error: RMS = 0.0127881, max = 0.0253938 (LTH2)
[2025-11-14 02:36:22.468] [info] Frame 51 (t = 0.255):	 total squared error = 0.00370021, marker error: RMS = 0.0126838, max = 0.024497 (LTH2)
[2025-11-14 02:36:22.505] [info] Frame 52 (t = 0.26):	 total squared error = 0.00362195, marker error: RMS = 0.012549, max = 0.0236511 (LTH2)
[2025-11-14 02:36:22.527] [info] Frame 53 (t = 0.265):	 total squared error = 0.00353127, marker error: RMS = 0.0123909, max = 0.0225503 (LTH2)
[2025-11-14 02:36:22.564] [info] Frame 54 (t = 0.27):	 total squared error = 0.00343018, marker error: RMS = 0.0122122, max = 0.0216164 (LTH2)
[2025-11-14 02:36:22.588] [info] Frame 55 (t = 0.275):	 total squared error = 0.00332324, marker error: RMS = 0.0120203, max = 0.0206866 (LSHA2)
[2025-11-14 02:36:22.611] [info] Frame 56 (t = 0.28):	 total squared error = 0.00321384, marker error: RMS = 0.0118208, max = 0.0203576 (LSHA2)
[2025-11-14 02:36:22.643] [info] Frame 57 (t = 0.285):	 total squared error = 0.00310261, marker error: RMS = 0.0116145, max = 0.019968 (LSHA2)
[2025-11-14 02:36:22.666] [info] Frame 58 (t = 0.29):	 total squared error = 0.00299651, marker error: RMS = 0.0114142, max = 0.0196099 (LSHA2)
[2025-11-14 02:36:22.687] [info] Frame 59 (t = 0.295):	 total squared error = 0.00289758, marker error: RMS = 0.0112242, max = 0.0193159 (LSHA2)
[2025-11-14 02:36:22.726] [info] Frame 60 (t = 0.3):	 total squared error = 0.00280290, marker error: RMS = 0.0110393, max = 0.0189363 (LSHA2)
[2025-11-14 02:36:22.743] [info] Frame 61 (t = 0.305000):	 total squared error = 0.00272386, marker error: RMS = 0.0108825, max = 0.0187351 (LSHA2)
[2025-11-14 02:36:22.778] [info] Frame 62 (t = 0.31):	 total squared error = 0.00264835, marker error: RMS = 0.0107306, max = 0.0183914 (LSHA2)
[2025-11-14 02:36:22.803] [info] Frame 63 (t = 0.315):	 total squared error = 0.00258814, marker error: RMS = 0.0106079, max = 0.0182309 (LSHA2)
[2025-11-14 02:36:22.835] [info] Frame 64 (t = 0.32):	 total squared error = 0.00253847, marker error: RMS = 0.0105056, max = 0.0180154 (LSHA2)
[2025-11-14 02:36:22.878] [info] Frame 65 (t = 0.325):	 total squared error = 0.00250117, marker error: RMS = 0.0104282, max = 0.0178233 (LSHA2)
[2025-11-14 02:36:22.917] [info] Frame 66 (t = 0.33):	 total squared error = 0.00247476, marker error: RMS = 0.0103730, max = 0.0176536 (LSHA2)
[2025-11-14 02:36:22.934] [info] Frame 67 (t = 0.335):	 total squared error = 0.00246317, marker error: RMS = 0.0103486, max = 0.0176477 (LSHA2)
[2025-11-14 02:36:22.956] [info] Frame 68 (t = 0.34):	 total squared error = 0.00246272, marker error: RMS = 0.0103477, max = 0.0177284 (LSHA2)
[2025-11-14 02:36:22.988] [info] Frame 69 (t = 0.345):	 total squared error = 0.00245569, marker error: RMS = 0.0103329, max = 0.0173755 (LSHA2)
[2025-11-14 02:36:23.010] [info] Frame 70 (t = 0.35):	 total squared error = 0.00246979, marker error: RMS = 0.0103625, max = 0.0174417 (LSHA2)
[2025-11-14 02:36:23.054] [info] Frame 71 (t = 0.355):	 total squared error = 0.00248239, marker error: RMS = 0.0103889, max = 0.0171914 (LSHA2)
[2025-11-14 02:36:23.075] [info] Frame 72 (t = 0.36):	 total squared error = 0.00250682, marker error: RMS = 0.0104399, max = 0.0173076 (LSHA2)
[2025-11-14 02:36:23.112] [info] Frame 73 (t = 0.365):	 total squared error = 0.00252708, marker error: RMS = 0.0104820, max = 0.01714 (LSHA2)
[2025-11-14 02:36:23.148] [info] Frame 74 (t = 0.37):	 total squared error = 0.00255184, marker error: RMS = 0.0105333, max = 0.0171185 (LSHA2)
[2025-11-14 02:36:23.178] [info] Frame 75 (t = 0.375):	 total squared error = 0.00257562, marker error: RMS = 0.0105822, max = 0.0171832 (LSHA2)
[2025-11-14 02:36:23.223] [info] Frame 76 (t = 0.38):	 total squared error = 0.00259464, marker error: RMS = 0.0106212, max = 0.0170349 (LSHA2)
[2025-11-14 02:36:23.249] [info] Frame 77 (t = 0.385):	 total squared error = 0.00261083, marker error: RMS = 0.0106543, max = 0.0171255 (LSHA2)
[2025-11-14 02:36:23.272] [info] Frame 78 (t = 0.39):	 total squared error = 0.00261978, marker error: RMS = 0.0106726, max = 0.0171463 (LSHA2)
[2025-11-14 02:36:23.305] [info] Frame 79 (t = 0.395):	 total squared error = 0.00261148, marker error: RMS = 0.0106556, max = 0.0167484 (LSHA2)
[2025-11-14 02:36:23.325] [info] Frame 80 (t = 0.4):	 total squared error = 0.00259886, marker error: RMS = 0.0106299, max = 0.0166228 (LSHA2)
[2025-11-14 02:36:23.358] [info] Frame 81 (t = 0.405000):	 total squared error = 0.00256934, marker error: RMS = 0.0105693, max = 0.0162438 (LSHA2)
[2025-11-14 02:36:23.394] [info] Frame 82 (t = 0.41):	 total squared error = 0.00252880, marker error: RMS = 0.0104856, max = 0.0158502 (LSHA2)
[2025-11-14 02:36:23.421] [info] Frame 83 (t = 0.415):	 total squared error = 0.00247563, marker error: RMS = 0.0103748, max = 0.01554 (LSHA2)
[2025-11-14 02:36:23.443] [info] Frame 84 (t = 0.42):	 total squared error = 0.00240941, marker error: RMS = 0.0102351, max = 0.0150926 (LSHA2)
[2025-11-14 02:36:23.479] [info] Frame 85 (t = 0.425):	 total squared error = 0.00232415, marker error: RMS = 0.0100524, max = 0.0142947 (LSHA2)
[2025-11-14 02:36:23.511] [info] Frame 86 (t = 0.43):	 total squared error = 0.00223291, marker error: RMS = 0.00985308, max = 0.0136884 (LSHA2)
[2025-11-14 02:36:23.551] [info] Frame 87 (t = 0.435):	 total squared error = 0.00212953, marker error: RMS = 0.00962227, max = 0.0132769 (XIPH)
[2025-11-14 02:36:23.571] [info] Frame 88 (t = 0.44):	 total squared error = 0.00202261, marker error: RMS = 0.00937761, max = 0.0133169 (XIPH)
[2025-11-14 02:36:23.615] [info] Frame 89 (t = 0.445):	 total squared error = 0.00191157, marker error: RMS = 0.00911657, max = 0.0132406 (XIPH)
[2025-11-14 02:36:23.643] [info] Frame 90 (t = 0.45):	 total squared error = 0.00180381, marker error: RMS = 0.00885588, max = 0.0132455 (XIPH)
[2025-11-14 02:36:23.665] [info] Frame 91 (t = 0.455):	 total squared error = 0.00170215, marker error: RMS = 0.00860271, max = 0.0132036 (XIPH)
[2025-11-14 02:36:23.690] [info] Frame 92 (t = 0.46):	 total squared error = 0.00161122, marker error: RMS = 0.00836977, max = 0.0131635 (XIPH)
[2025-11-14 02:36:23.710] [info] Frame 93 (t = 0.465):	 total squared error = 0.00153490, marker error: RMS = 0.00816915, max = 0.0130908 (XIPH)
[2025-11-14 02:36:23.756] [info] Frame 94 (t = 0.47):	 total squared error = 0.00147692, marker error: RMS = 0.00801336, max = 0.0130150 (XIPH)
[2025-11-14 02:36:23.794] [info] Frame 95 (t = 0.475):	 total squared error = 0.00143736, marker error: RMS = 0.00790531, max = 0.0129862 (XIPH)
[2025-11-14 02:36:23.837] [info] Frame 96 (t = 0.48):	 total squared error = 0.00141775, marker error: RMS = 0.00785120, max = 0.0129317 (XIPH)
[2025-11-14 02:36:23.876] [info] Frame 97 (t = 0.485):	 total squared error = 0.00141675, marker error: RMS = 0.00784844, max = 0.0129019 (RTOE)
[2025-11-14 02:36:23.945] [info] Frame 98 (t = 0.49):	 total squared error = 0.00143231, marker error: RMS = 0.00789141, max = 0.0133356 (RTOE)
[2025-11-14 02:36:23.994] [info] Frame 99 (t = 0.495):	 total squared error = 0.00145833, marker error: RMS = 0.00796278, max = 0.0133644 (RTOE)
[2025-11-14 02:36:24.036] [info] Frame 100 (t = 0.5):	 total squared error = 0.00149227, marker error: RMS = 0.00805490, max = 0.0134952 (RTOE)
[2025-11-14 02:36:24.076] [info] Frame 101 (t = 0.505000):	 total squared error = 0.00152974, marker error: RMS = 0.00815538, max = 0.0135646 (RTOE)
[2025-11-14 02:36:24.123] [info] Frame 102 (t = 0.51):	 total squared error = 0.00156623, marker error: RMS = 0.00825209, max = 0.0137689 (RTOE)
[2025-11-14 02:36:24.142] [info] Frame 103 (t = 0.515):	 total squared error = 0.00160305, marker error: RMS = 0.00834853, max = 0.0136978 (RTOE)
[2025-11-14 02:36:24.170] [info] Frame 104 (t = 0.52):	 total squared error = 0.00162897, marker error: RMS = 0.00841574, max = 0.0139646 (RTOE)
[2025-11-14 02:36:24.187] [info] Frame 105 (t = 0.525):	 total squared error = 0.00165481, marker error: RMS = 0.00848223, max = 0.0141166 (RTOE)
[2025-11-14 02:36:24.201] [info] Frame 106 (t = 0.53):	 total squared error = 0.00167883, marker error: RMS = 0.00854356, max = 0.0143915 (RTOE)
[2025-11-14 02:36:24.238] [info] Frame 107 (t = 0.535):	 total squared error = 0.00168420, marker error: RMS = 0.00855723, max = 0.0148874 (RTOE)
[2025-11-14 02:36:24.260] [info] Frame 108 (t = 0.54):	 total squared error = 0.00170523, marker error: RMS = 0.00861047, max = 0.0150179 (RTOE)
[2025-11-14 02:36:24.275] [info] Frame 109 (t = 0.545):	 total squared error = 0.00173553, marker error: RMS = 0.00868666, max = 0.0155013 (RTOE)
[2025-11-14 02:36:24.300] [info] Frame 110 (t = 0.55):	 total squared error = 0.00176306, marker error: RMS = 0.00875528, max = 0.0153007 (RTOE)
[2025-11-14 02:36:24.339] [info] Frame 111 (t = 0.555):	 total squared error = 0.00178533, marker error: RMS = 0.00881039, max = 0.0157444 (RTOE)
[2025-11-14 02:36:24.365] [info] Frame 112 (t = 0.56):	 total squared error = 0.00182485, marker error: RMS = 0.00890738, max = 0.0159918 (RTOE)
[2025-11-14 02:36:24.391] [info] Frame 113 (t = 0.565):	 total squared error = 0.00186723, marker error: RMS = 0.00901021, max = 0.0162655 (RTOE)
[2025-11-14 02:36:24.431] [info] Frame 114 (t = 0.57):	 total squared error = 0.00189961, marker error: RMS = 0.00908801, max = 0.0165983 (RTOE)
[2025-11-14 02:36:24.454] [info] Frame 115 (t = 0.575):	 total squared error = 0.00193645, marker error: RMS = 0.00917569, max = 0.01679 (RTOE)
[2025-11-14 02:36:24.480] [info] Frame 116 (t = 0.58):	 total squared error = 0.00196619, marker error: RMS = 0.00924588, max = 0.0172327 (RTOE)
[2025-11-14 02:36:24.519] [info] Frame 117 (t = 0.585):	 total squared error = 0.00197959, marker error: RMS = 0.00927734, max = 0.0173367 (RTOE)
[2025-11-14 02:36:24.540] [info] Frame 118 (t = 0.59):	 total squared error = 0.00198603, marker error: RMS = 0.00929242, max = 0.017677 (RTOE)
[2025-11-14 02:36:24.559] [info] Frame 119 (t = 0.595):	 total squared error = 0.00198041, marker error: RMS = 0.00927927, max = 0.0179337 (RTOE)
[2025-11-14 02:36:24.589] [info] Frame 120 (t = 0.6):	 total squared error = 0.00195977, marker error: RMS = 0.00923077, max = 0.0180898 (RTOE)
[2025-11-14 02:36:24.633] [info] Frame 121 (t = 0.605000):	 total squared error = 0.00192603, marker error: RMS = 0.00915099, max = 0.0180726 (RTOE)
[2025-11-14 02:36:24.669] [info] Frame 122 (t = 0.61):	 total squared error = 0.00188850, marker error: RMS = 0.00906139, max = 0.0180787 (RTOE)
[2025-11-14 02:36:24.700] [info] Frame 123 (t = 0.615):	 total squared error = 0.00184665, marker error: RMS = 0.00896041, max = 0.0179563 (RTOE)
[2025-11-14 02:36:24.742] [info] Frame 124 (t = 0.62):	 total squared error = 0.00180338, marker error: RMS = 0.00885482, max = 0.0177601 (RTOE)
[2025-11-14 02:36:24.772] [info] Frame 125 (t = 0.625):	 total squared error = 0.00176123, marker error: RMS = 0.00875073, max = 0.0174248 (RTOE)
[2025-11-14 02:36:24.801] [info] Frame 126 (t = 0.63):	 total squared error = 0.00172162, marker error: RMS = 0.00865175, max = 0.0169124 (RTOE)
[2025-11-14 02:36:24.827] [info] Frame 127 (t = 0.635):	 total squared error = 0.00168514, marker error: RMS = 0.00855961, max = 0.0171467 (RTHOL)
[2025-11-14 02:36:24.874] [info] Frame 128 (t = 0.64):	 total squared error = 0.00164845, marker error: RMS = 0.00846592, max = 0.0173509 (RTHOL)
[2025-11-14 02:36:24.919] [info] Frame 129 (t = 0.645):	 total squared error = 0.00161230, marker error: RMS = 0.00837257, max = 0.0170167 (RTHOL)
[2025-11-14 02:36:24.953] [info] Frame 130 (t = 0.65):	 total squared error = 0.00157921, marker error: RMS = 0.00828621, max = 0.0172879 (RTHOL)
[2025-11-14 02:36:24.984] [info] Frame 131 (t = 0.655):	 total squared error = 0.00155084, marker error: RMS = 0.00821145, max = 0.0174332 (RTHOL)
[2025-11-14 02:36:25.028] [info] Frame 132 (t = 0.66):	 total squared error = 0.00152442, marker error: RMS = 0.00814121, max = 0.0168698 (RTHOL)
[2025-11-14 02:36:25.068] [info] Frame 133 (t = 0.665):	 total squared error = 0.00150635, marker error: RMS = 0.00809280, max = 0.0166902 (RTHOL)
[2025-11-14 02:36:25.110] [info] Frame 134 (t = 0.67):	 total squared error = 0.00149703, marker error: RMS = 0.00806774, max = 0.016375 (RTHOL)
[2025-11-14 02:36:25.162] [info] Frame 135 (t = 0.675):	 total squared error = 0.00149797, marker error: RMS = 0.00807025, max = 0.0160526 (RTHOL)
[2025-11-14 02:36:25.185] [info] Frame 136 (t = 0.68):	 total squared error = 0.00152357, marker error: RMS = 0.00813892, max = 0.0168014 (RTHOL)
[2025-11-14 02:36:25.247] [info] Frame 137 (t = 0.685):	 total squared error = 0.00153493, marker error: RMS = 0.00816922, max = 0.0153014 (RTHOL)
[2025-11-14 02:36:25.300] [info] Frame 138 (t = 0.69):	 total squared error = 0.00157017, marker error: RMS = 0.00826245, max = 0.0149138 (RTHOL)
[2025-11-14 02:36:25.344] [info] Frame 139 (t = 0.695):	 total squared error = 0.00161668, marker error: RMS = 0.00838394, max = 0.0148548 (RTHOL)
[2025-11-14 02:36:25.384] [info] Frame 140 (t = 0.7):	 total squared error = 0.00167132, marker error: RMS = 0.00852443, max = 0.0144882 (RTHOL)
[2025-11-14 02:36:25.420] [info] Frame 141 (t = 0.705000):	 total squared error = 0.00173403, marker error: RMS = 0.00868290, max = 0.0144478 (RTHOL)
[2025-11-14 02:36:25.478] [info] Frame 142 (t = 0.71):	 total squared error = 0.00179503, marker error: RMS = 0.00883430, max = 0.0145943 (RSHAOL)
[2025-11-14 02:36:25.518] [info] Frame 143 (t = 0.715):	 total squared error = 0.00186039, marker error: RMS = 0.00899370, max = 0.014924 (RSHAOL)
[2025-11-14 02:36:25.560] [info] Frame 144 (t = 0.72):	 total squared error = 0.00192357, marker error: RMS = 0.00914512, max = 0.0154145 (RSHAOL)
[2025-11-14 02:36:25.600] [info] Frame 145 (t = 0.725):	 total squared error = 0.00198614, marker error: RMS = 0.00929267, max = 0.0157665 (RSHAOL)
[2025-11-14 02:36:25.655] [info] Frame 146 (t = 0.73):	 total squared error = 0.00204510, marker error: RMS = 0.00942959, max = 0.0163057 (RSHAOL)
[2025-11-14 02:36:25.703] [info] Frame 147 (t = 0.735):	 total squared error = 0.00210446, marker error: RMS = 0.00956548, max = 0.016734 (RSHAOL)
[2025-11-14 02:36:25.774] [info] Frame 148 (t = 0.74):	 total squared error = 0.00216183, marker error: RMS = 0.00969498, max = 0.0173422 (RSHAOL)
[2025-11-14 02:36:25.821] [info] Frame 149 (t = 0.745):	 total squared error = 0.00222160, marker error: RMS = 0.00982809, max = 0.0178255 (RSHAOL)
[2025-11-14 02:36:25.883] [info] Frame 150 (t = 0.75):	 total squared error = 0.00228245, marker error: RMS = 0.00996177, max = 0.0184794 (RSHAOL)
[2025-11-14 02:36:25.917] [info] Frame 151 (t = 0.755):	 total squared error = 0.00234227, marker error: RMS = 0.0100915, max = 0.0190291 (RSHAOL)
[2025-11-14 02:36:25.944] [info] Frame 152 (t = 0.76):	 total squared error = 0.00240185, marker error: RMS = 0.0102190, max = 0.0196247 (RSHAOL)
[2025-11-14 02:36:25.973] [info] Frame 153 (t = 0.765):	 total squared error = 0.00245704, marker error: RMS = 0.0103358, max = 0.0201725 (RSHAOL)
[2025-11-14 02:36:26.005] [info] Frame 154 (t = 0.77):	 total squared error = 0.00250410, marker error: RMS = 0.0104343, max = 0.0207329 (RSHAOL)
[2025-11-14 02:36:26.036] [info] Frame 155 (t = 0.775):	 total squared error = 0.00253965, marker error: RMS = 0.0105081, max = 0.021195 (RSHAOL)
[2025-11-14 02:36:26.060] [info] Frame 156 (t = 0.78):	 total squared error = 0.00256052, marker error: RMS = 0.0105512, max = 0.0215347 (RSHAOL)
[2025-11-14 02:36:26.093] [info] Frame 157 (t = 0.785):	 total squared error = 0.00256420, marker error: RMS = 0.0105587, max = 0.0217539 (RSHAOL)
[2025-11-14 02:36:26.118] [info] Frame 158 (t = 0.79):	 total squared error = 0.00254808, marker error: RMS = 0.0105255, max = 0.0218563 (RSHAOL)
[2025-11-14 02:36:26.143] [info] Frame 159 (t = 0.795):	 total squared error = 0.00251241, marker error: RMS = 0.0104516, max = 0.0218176 (RSHAOL)
[2025-11-14 02:36:26.168] [info] Frame 160 (t = 0.8):	 total squared error = 0.00245776, marker error: RMS = 0.0103373, max = 0.0216486 (RSHAOL)
[2025-11-14 02:36:26.202] [info] Frame 161 (t = 0.805000):	 total squared error = 0.00238502, marker error: RMS = 0.0101832, max = 0.0213089 (RSHAOL)
[2025-11-14 02:36:26.223] [info] Frame 162 (t = 0.81):	 total squared error = 0.00229920, marker error: RMS = 0.00999826, max = 0.0208676 (RSHAOL)
[2025-11-14 02:36:26.247] [info] Frame 163 (t = 0.815):	 total squared error = 0.00220352, marker error: RMS = 0.00978802, max = 0.0203569 (RSHAOL)
[2025-11-14 02:36:26.259] [info] Frame 164 (t = 0.82):	 total squared error = 0.00211061, marker error: RMS = 0.00957943, max = 0.0198492 (RSHAOL)
[2025-11-14 02:36:26.307] [info] Frame 165 (t = 0.825):	 total squared error = 0.00199056, marker error: RMS = 0.00930301, max = 0.0186755 (RSHAOL)
[2025-11-14 02:36:26.335] [info] Frame 166 (t = 0.83):	 total squared error = 0.00188713, marker error: RMS = 0.00905810, max = 0.0180324 (RSHAOL)
[2025-11-14 02:36:26.361] [info] Frame 167 (t = 0.835):	 total squared error = 0.00178988, marker error: RMS = 0.00882160, max = 0.0173044 (RSHAOL)
[2025-11-14 02:36:26.396] [info] Frame 168 (t = 0.84):	 total squared error = 0.00169596, marker error: RMS = 0.00858705, max = 0.0163033 (RSHAOL)
[2025-11-14 02:36:26.436] [info] Frame 169 (t = 0.845):	 total squared error = 0.00161496, marker error: RMS = 0.00837947, max = 0.0153671 (RSHAOL)
[2025-11-14 02:36:26.461] [info] Frame 170 (t = 0.85):	 total squared error = 0.00154761, marker error: RMS = 0.00820290, max = 0.0146953 (RSHAOL)
[2025-11-14 02:36:26.480] [info] Frame 171 (t = 0.855):	 total squared error = 0.00149895, marker error: RMS = 0.00807291, max = 0.0141794 (RSHAOL)
[2025-11-14 02:36:26.538] [info] Frame 172 (t = 0.86):	 total squared error = 0.00144987, marker error: RMS = 0.00793963, max = 0.0135614 (RM5)
[2025-11-14 02:36:26.604] [info] Frame 173 (t = 0.865):	 total squared error = 0.00142223, marker error: RMS = 0.00786360, max = 0.0135083 (RM5)
[2025-11-14 02:36:26.635] [info] Frame 174 (t = 0.87):	 total squared error = 0.00141259, marker error: RMS = 0.00783690, max = 0.0133678 (RM5)
[2025-11-14 02:36:26.690] [info] Frame 175 (t = 0.875):	 total squared error = 0.00140726, marker error: RMS = 0.00782209, max = 0.0134439 (RM5)
[2025-11-14 02:36:26.722] [info] Frame 176 (t = 0.88):	 total squared error = 0.00141981, marker error: RMS = 0.00785690, max = 0.0134817 (RM5)
[2025-11-14 02:36:26.777] [info] Frame 177 (t = 0.885):	 total squared error = 0.00144098, marker error: RMS = 0.00791526, max = 0.0135074 (RM5)
[2025-11-14 02:36:26.818] [info] Frame 178 (t = 0.89):	 total squared error = 0.00147346, marker error: RMS = 0.00800398, max = 0.0135749 (RM5)
[2025-11-14 02:36:26.852] [info] Frame 179 (t = 0.895):	 total squared error = 0.00151566, marker error: RMS = 0.00811778, max = 0.0137002 (RM5)
[2025-11-14 02:36:26.891] [info] Frame 180 (t = 0.9):	 total squared error = 0.00156284, marker error: RMS = 0.00824315, max = 0.0138198 (RM5)
[2025-11-14 02:36:26.913] [info] Frame 181 (t = 0.905000):	 total squared error = 0.00161957, marker error: RMS = 0.00839143, max = 0.0139881 (RM5)
[2025-11-14 02:36:26.955] [info] Frame 182 (t = 0.91):	 total squared error = 0.00167312, marker error: RMS = 0.00852902, max = 0.014173 (RM5)
[2025-11-14 02:36:26.979] [info] Frame 183 (t = 0.915):	 total squared error = 0.00173397, marker error: RMS = 0.00868274, max = 0.0143645 (RM5)
[2025-11-14 02:36:27.014] [info] Frame 184 (t = 0.92):	 total squared error = 0.00178882, marker error: RMS = 0.00881901, max = 0.0146449 (RM5)
[2025-11-14 02:36:27.035] [info] Frame 185 (t = 0.925):	 total squared error = 0.00184602, marker error: RMS = 0.00895889, max = 0.0148034 (RM5)
[2025-11-14 02:36:27.068] [info] Frame 186 (t = 0.93):	 total squared error = 0.00189170, marker error: RMS = 0.00906905, max = 0.0150131 (XIPH)
[2025-11-14 02:36:27.091] [info] Frame 187 (t = 0.935):	 total squared error = 0.00193536, marker error: RMS = 0.00917312, max = 0.0151729 (XIPH)
[2025-11-14 02:36:27.111] [info] Frame 188 (t = 0.94):	 total squared error = 0.00196990, marker error: RMS = 0.00925461, max = 0.0154106 (XIPH)
[2025-11-14 02:36:27.136] [info] Frame 189 (t = 0.945):	 total squared error = 0.00199317, marker error: RMS = 0.00930912, max = 0.015623 (XIPH)
[2025-11-14 02:36:27.171] [info] Frame 190 (t = 0.95):	 total squared error = 0.00199440, marker error: RMS = 0.00931198, max = 0.0156978 (XIPH)
[2025-11-14 02:36:27.195] [info] Frame 191 (t = 0.955):	 total squared error = 0.00199039, marker error: RMS = 0.00930261, max = 0.0158621 (XIPH)
[2025-11-14 02:36:27.221] [info] Frame 192 (t = 0.96):	 total squared error = 0.00197287, marker error: RMS = 0.00926158, max = 0.0160314 (XIPH)
[2025-11-14 02:36:27.266] [info] Frame 193 (t = 0.965):	 total squared error = 0.00193860, marker error: RMS = 0.00918079, max = 0.0161342 (XIPH)
[2025-11-14 02:36:27.291] [info] Frame 194 (t = 0.97):	 total squared error = 0.00189511, marker error: RMS = 0.00907722, max = 0.0162601 (XIPH)
[2025-11-14 02:36:27.310] [info] Frame 195 (t = 0.975):	 total squared error = 0.00184159, marker error: RMS = 0.00894814, max = 0.0163841 (XIPH)
[2025-11-14 02:36:27.335] [info] Frame 196 (t = 0.98):	 total squared error = 0.00178048, marker error: RMS = 0.00879842, max = 0.0165056 (XIPH)
[2025-11-14 02:36:27.361] [info] Frame 197 (t = 0.985):	 total squared error = 0.00171505, marker error: RMS = 0.00863523, max = 0.0166141 (XIPH)
[2025-11-14 02:36:27.381] [info] Frame 198 (t = 0.99):	 total squared error = 0.00164922, marker error: RMS = 0.00846789, max = 0.0167081 (XIPH)
[2025-11-14 02:36:27.404] [info] Frame 199 (t = 0.995):	 total squared error = 0.00158652, marker error: RMS = 0.00830538, max = 0.0167922 (XIPH)
[2025-11-14 02:36:27.429] [info] Frame 200 (t = 1.0):	 total squared error = 0.00153029, marker error: RMS = 0.00815685, max = 0.0168848 (XIPH)
[2025-11-14 02:36:27.460] [info] Frame 201 (t = 1.00500):	 total squared error = 0.00148354, marker error: RMS = 0.00803129, max = 0.0169674 (XIPH)
[2025-11-14 02:36:27.504] [info] Frame 202 (t = 1.01):	 total squared error = 0.00144836, marker error: RMS = 0.00793549, max = 0.0170248 (XIPH)
[2025-11-14 02:36:27.533] [info] Frame 203 (t = 1.015):	 total squared error = 0.00142481, marker error: RMS = 0.00787072, max = 0.0170972 (XIPH)
[2025-11-14 02:36:27.561] [info] Frame 204 (t = 1.02):	 total squared error = 0.00141471, marker error: RMS = 0.00784276, max = 0.0171636 (XIPH)
[2025-11-14 02:36:27.604] [info] Frame 205 (t = 1.025):	 total squared error = 0.00141663, marker error: RMS = 0.00784811, max = 0.0172018 (XIPH)
[2025-11-14 02:36:27.631] [info] Frame 206 (t = 1.03):	 total squared error = 0.00142970, marker error: RMS = 0.00788423, max = 0.0172779 (XIPH)
[2025-11-14 02:36:27.661] [info] Frame 207 (t = 1.035):	 total squared error = 0.00145295, marker error: RMS = 0.00794807, max = 0.0173589 (XIPH)
[2025-11-14 02:36:27.705] [info] Frame 208 (t = 1.04):	 total squared error = 0.00148343, marker error: RMS = 0.00803099, max = 0.0173839 (XIPH)
[2025-11-14 02:36:27.734] [info] Frame 209 (t = 1.045):	 total squared error = 0.00151980, marker error: RMS = 0.00812886, max = 0.0175041 (XIPH)
[2025-11-14 02:36:27.761] [info] Frame 210 (t = 1.05):	 total squared error = 0.00155977, marker error: RMS = 0.00823504, max = 0.0175919 (XIPH)
[2025-11-14 02:36:27.772] [info] Frame 211 (t = 1.055):	 total squared error = 0.00160964, marker error: RMS = 0.00836566, max = 0.017529 (XIPH)
[2025-11-14 02:36:27.799] [info] Frame 212 (t = 1.06):	 total squared error = 0.00164506, marker error: RMS = 0.00845722, max = 0.0178743 (XIPH)
[2025-11-14 02:36:27.822] [info] Frame 213 (t = 1.065):	 total squared error = 0.00168757, marker error: RMS = 0.00856577, max = 0.0180096 (XIPH)
[2025-11-14 02:36:27.865] [info] Frame 214 (t = 1.07):	 total squared error = 0.00172545, marker error: RMS = 0.00866139, max = 0.0181829 (XIPH)
[2025-11-14 02:36:27.887] [info] Frame 215 (t = 1.075):	 total squared error = 0.00176578, marker error: RMS = 0.00876202, max = 0.01839 (XIPH)
[2025-11-14 02:36:27.903] [info] Frame 216 (t = 1.08):	 total squared error = 0.00180614, marker error: RMS = 0.00886160, max = 0.0185799 (XIPH)
[2025-11-14 02:36:27.926] [info] Frame 217 (t = 1.085):	 total squared error = 0.00184432, marker error: RMS = 0.00895477, max = 0.0187566 (XIPH)
[2025-11-14 02:36:27.940] [info] Frame 218 (t = 1.09):	 total squared error = 0.00188626, marker error: RMS = 0.00905601, max = 0.0189866 (XIPH)
[2025-11-14 02:36:27.992] [info] Frame 219 (t = 1.095):	 total squared error = 0.00188900, marker error: RMS = 0.00906259, max = 0.0190658 (XIPH)
[2025-11-14 02:36:28.018] [info] Frame 220 (t = 1.1):	 total squared error = 0.00191691, marker error: RMS = 0.00912930, max = 0.0192133 (XIPH)
[2025-11-14 02:36:28.041] [info] Frame 221 (t = 1.10500):	 total squared error = 0.00194239, marker error: RMS = 0.00918976, max = 0.019297 (XIPH)
[2025-11-14 02:36:28.061] [info] Frame 222 (t = 1.11):	 total squared error = 0.00196904, marker error: RMS = 0.00925260, max = 0.0193809 (XIPH)
[2025-11-14 02:36:28.110] [info] Frame 223 (t = 1.115):	 total squared error = 0.00195731, marker error: RMS = 0.00922498, max = 0.0192273 (XIPH)
[2025-11-14 02:36:28.151] [info] Frame 224 (t = 1.12):	 total squared error = 0.00196239, marker error: RMS = 0.00923695, max = 0.0191961 (XIPH)
[2025-11-14 02:36:28.172] [info] Frame 225 (t = 1.125):	 total squared error = 0.00196566, marker error: RMS = 0.00924465, max = 0.0190858 (XIPH)
[2025-11-14 02:36:28.214] [info] Frame 226 (t = 1.13):	 total squared error = 0.00195255, marker error: RMS = 0.00921376, max = 0.018783 (XIPH)
[2025-11-14 02:36:28.239] [info] Frame 227 (t = 1.135):	 total squared error = 0.00194454, marker error: RMS = 0.00919486, max = 0.0185376 (XIPH)
[2025-11-14 02:36:28.263] [info] Frame 228 (t = 1.14):	 total squared error = 0.00193459, marker error: RMS = 0.00917130, max = 0.0182479 (XIPH)
[2025-11-14 02:36:28.302] [info] Frame 229 (t = 1.145):	 total squared error = 0.00190954, marker error: RMS = 0.00911172, max = 0.0178054 (XIPH)
[2025-11-14 02:36:28.329] [info] Frame 230 (t = 1.15):	 total squared error = 0.00189794, marker error: RMS = 0.00908401, max = 0.0173766 (XIPH)
[2025-11-14 02:36:28.354] [info] Frame 231 (t = 1.155):	 total squared error = 0.00189130, marker error: RMS = 0.00906811, max = 0.01692 (XIPH)
[2025-11-14 02:36:28.398] [info] Frame 232 (t = 1.16):	 total squared error = 0.00188357, marker error: RMS = 0.00904954, max = 0.0165042 (XIPH)
[2025-11-14 02:36:28.432] [info] Frame 233 (t = 1.165):	 total squared error = 0.00188861, marker error: RMS = 0.00906165, max = 0.0160618 (STRN)
[2025-11-14 02:36:28.464] [info] Frame 234 (t = 1.17):	 total squared error = 0.00190377, marker error: RMS = 0.00909795, max = 0.0168058 (LTH2)
[2025-11-14 02:36:28.490] [info] Frame 235 (t = 1.175):	 total squared error = 0.00192875, marker error: RMS = 0.00915744, max = 0.0177907 (LTH2)
[2025-11-14 02:36:28.543] [info] Frame 236 (t = 1.18):	 total squared error = 0.00194738, marker error: RMS = 0.00920155, max = 0.01755 (LTH2)
[2025-11-14 02:36:28.603] [info] Frame 237 (t = 1.185):	 total squared error = 0.00198364, marker error: RMS = 0.00928682, max = 0.0184186 (LTH2)
[2025-11-14 02:36:28.677] [info] Frame 238 (t = 1.19):	 total squared error = 0.00202529, marker error: RMS = 0.00938381, max = 0.0187449 (LTH2)
[2025-11-14 02:36:28.734] [info] Frame 239 (t = 1.195):	 total squared error = 0.00207704, marker error: RMS = 0.00950295, max = 0.0193353 (LTH2)
[2025-11-14 02:36:28.776] [info] Frame 240 (t = 1.2):	 total squared error = 0.00214077, marker error: RMS = 0.00964765, max = 0.0202542 (LTH2)
[2025-11-14 02:36:28.844] [info] Frame 241 (t = 1.20500):	 total squared error = 0.00220977, marker error: RMS = 0.00980189, max = 0.0204835 (LTH2)
[2025-11-14 02:36:28.928] [info] Frame 242 (t = 1.21):	 total squared error = 0.00229314, marker error: RMS = 0.00998507, max = 0.0210503 (LTH2)
[2025-11-14 02:36:28.992] [info] Frame 243 (t = 1.215):	 total squared error = 0.00238848, marker error: RMS = 0.0101905, max = 0.0215929 (LTH2)
[2025-11-14 02:36:29.045] [info] Frame 244 (t = 1.22):	 total squared error = 0.00249710, marker error: RMS = 0.0104197, max = 0.0221962 (LTH2)
[2025-11-14 02:36:29.084] [info] Frame 245 (t = 1.225):	 total squared error = 0.00261859, marker error: RMS = 0.0106701, max = 0.0230257 (LTH2)
[2025-11-14 02:36:29.133] [info] Frame 246 (t = 1.23):	 total squared error = 0.00274395, marker error: RMS = 0.0109225, max = 0.0233771 (LTH2)
[2025-11-14 02:36:29.159] [info] Frame 247 (t = 1.235):	 total squared error = 0.00287936, marker error: RMS = 0.0111888, max = 0.0242727 (LTH2)
[2025-11-14 02:36:29.192] [info] Frame 248 (t = 1.24):	 total squared error = 0.00301375, marker error: RMS = 0.0114469, max = 0.024866 (LTH2)
[2025-11-14 02:36:29.232] [info] Frame 249 (t = 1.245):	 total squared error = 0.00314360, marker error: RMS = 0.0116909, max = 0.0253294 (LTH2)
[2025-11-14 02:36:29.278] [info] Frame 250 (t = 1.25):	 total squared error = 0.00327055, marker error: RMS = 0.0119247, max = 0.0259489 (LTH2)
[2025-11-14 02:36:29.327] [info] Frame 251 (t = 1.255):	 total squared error = 0.00339187, marker error: RMS = 0.0121438, max = 0.0266055 (LTH2)
[2025-11-14 02:36:29.356] [info] Frame 252 (t = 1.26):	 total squared error = 0.00350879, marker error: RMS = 0.0123514, max = 0.027319 (LTH2)
[2025-11-14 02:36:29.406] [info] Frame 253 (t = 1.265):	 total squared error = 0.00361509, marker error: RMS = 0.0125371, max = 0.0278967 (LTH2)
[2025-11-14 02:36:29.437] [info] Frame 254 (t = 1.27):	 total squared error = 0.00372241, marker error: RMS = 0.0127218, max = 0.0285339 (LTH2)
[2025-11-14 02:36:29.495] [info] Frame 255 (t = 1.275):	 total squared error = 0.00381425, marker error: RMS = 0.0128778, max = 0.0290758 (LTH2)
[2025-11-14 02:36:29.528] [info] Frame 256 (t = 1.28):	 total squared error = 0.00390598, marker error: RMS = 0.0130317, max = 0.0296014 (LTH2)
[2025-11-14 02:36:29.576] [info] Frame 257 (t = 1.285):	 total squared error = 0.00398861, marker error: RMS = 0.0131688, max = 0.0300808 (LTH2)
[2025-11-14 02:36:29.608] [info] Frame 258 (t = 1.29):	 total squared error = 0.00406350, marker error: RMS = 0.0132919, max = 0.0304884 (LTH2)
[2025-11-14 02:36:29.643] [info] Frame 259 (t = 1.295):	 total squared error = 0.00412617, marker error: RMS = 0.013394, max = 0.0307886 (LTH2)
[2025-11-14 02:36:29.671] [info] Frame 260 (t = 1.3):	 total squared error = 0.00417385, marker error: RMS = 0.0134711, max = 0.0309423 (LTH2)
[2025-11-14 02:36:29.711] [info] Frame 261 (t = 1.30500):	 total squared error = 0.00420120, marker error: RMS = 0.0135152, max = 0.0310533 (LTH2)
[2025-11-14 02:36:29.735] [info] Frame 262 (t = 1.31):	 total squared error = 0.00420899, marker error: RMS = 0.0135277, max = 0.0310160 (LTH2)
[2025-11-14 02:36:29.765] [info] Frame 263 (t = 1.315):	 total squared error = 0.00419364, marker error: RMS = 0.0135030, max = 0.0309401 (LTH2)
[2025-11-14 02:36:29.787] [info] Frame 264 (t = 1.32):	 total squared error = 0.00415466, marker error: RMS = 0.0134401, max = 0.0306270 (LTH2)
[2025-11-14 02:36:29.809] [info] Frame 265 (t = 1.325):	 total squared error = 0.00409203, marker error: RMS = 0.0133385, max = 0.0302317 (LTH2)
[2025-11-14 02:36:29.832] [info] Frame 266 (t = 1.33):	 total squared error = 0.00400774, marker error: RMS = 0.0132004, max = 0.0297048 (LTH2)
[2025-11-14 02:36:29.859] [info] Frame 267 (t = 1.335):	 total squared error = 0.00390387, marker error: RMS = 0.0130282, max = 0.0290497 (LTH2)
[2025-11-14 02:36:29.880] [info] Frame 268 (t = 1.34):	 total squared error = 0.00378455, marker error: RMS = 0.0128275, max = 0.0282779 (LTH2)
[2025-11-14 02:36:29.907] [info] Frame 269 (t = 1.345):	 total squared error = 0.00365304, marker error: RMS = 0.0126027, max = 0.0273337 (LTH2)
[2025-11-14 02:36:29.928] [info] Frame 270 (t = 1.35):	 total squared error = 0.00351455, marker error: RMS = 0.0123615, max = 0.0263072 (LTH2)
[2025-11-14 02:36:29.945] [info] Frame 271 (t = 1.355):	 total squared error = 0.00338138, marker error: RMS = 0.012125, max = 0.0250438 (LTH2)
[2025-11-14 02:36:29.985] [info] Frame 272 (t = 1.36):	 total squared error = 0.00322890, marker error: RMS = 0.0118485, max = 0.0240822 (LTH2)
[2025-11-14 02:36:30.009] [info] Frame 273 (t = 1.365):	 total squared error = 0.00309259, marker error: RMS = 0.0115957, max = 0.0225857 (LTH2)
[2025-11-14 02:36:30.034] [info] Frame 274 (t = 1.37):	 total squared error = 0.00296327, marker error: RMS = 0.0113507, max = 0.0212075 (LTH2)
[2025-11-14 02:36:30.055] [info] Frame 275 (t = 1.375):	 total squared error = 0.00284970, marker error: RMS = 0.011131, max = 0.0194873 (LTH2)
[2025-11-14 02:36:30.087] [info] Frame 276 (t = 1.38):	 total squared error = 0.00273999, marker error: RMS = 0.0109147, max = 0.0182329 (LTH2)
[2025-11-14 02:36:30.119] [info] Frame 277 (t = 1.385):	 total squared error = 0.00265327, marker error: RMS = 0.0107406, max = 0.0170041 (LSHA2)
[2025-11-14 02:36:30.142] [info] Frame 278 (t = 1.39):	 total squared error = 0.00258553, marker error: RMS = 0.0106026, max = 0.0170733 (LSHA2)
[2025-11-14 02:36:30.190] [info] Frame 279 (t = 1.395):	 total squared error = 0.00253629, marker error: RMS = 0.0105011, max = 0.0170543 (LSHA2)
[2025-11-14 02:36:30.225] [info] Frame 280 (t = 1.4):	 total squared error = 0.00250741, marker error: RMS = 0.0104412, max = 0.0171638 (LSHA2)
[2025-11-14 02:36:30.269] [info] Frame 281 (t = 1.40500):	 total squared error = 0.00249851, marker error: RMS = 0.0104226, max = 0.0172721 (LSHA2)
[2025-11-14 02:36:30.312] [info] Frame 282 (t = 1.41):	 total squared error = 0.00250823, marker error: RMS = 0.0104429, max = 0.0174307 (LSHA2)
[2025-11-14 02:36:30.344] [info] Frame 283 (t = 1.415):	 total squared error = 0.00253634, marker error: RMS = 0.0105012, max = 0.0176905 (LSHA2)
[2025-11-14 02:36:30.401] [info] Frame 284 (t = 1.42):	 total squared error = 0.00257798, marker error: RMS = 0.0105871, max = 0.0177862 (LSHA2)
[2025-11-14 02:36:30.461] [info] Frame 285 (t = 1.425):	 total squared error = 0.00263398, marker error: RMS = 0.0107014, max = 0.0180033 (LSHA2)
[2025-11-14 02:36:30.479] [info] Frame 286 (t = 1.43):	 total squared error = 0.00270710, marker error: RMS = 0.0108490, max = 0.0184295 (LSHA2)
[2025-11-14 02:36:30.523] [info] Frame 287 (t = 1.435):	 total squared error = 0.00277724, marker error: RMS = 0.0109886, max = 0.0184355 (LSHA2)
[2025-11-14 02:36:30.568] [info] Frame 288 (t = 1.44):	 total squared error = 0.00285924, marker error: RMS = 0.0111497, max = 0.0186264 (LSHA2)
[2025-11-14 02:36:30.600] [info] Frame 289 (t = 1.445):	 total squared error = 0.00294469, marker error: RMS = 0.011315, max = 0.0188715 (LSHA2)
[2025-11-14 02:36:30.625] [info] Frame 290 (t = 1.45):	 total squared error = 0.00303625, marker error: RMS = 0.0114896, max = 0.019227 (LSHA2)
[2025-11-14 02:36:30.669] [info] Frame 291 (t = 1.455):	 total squared error = 0.00311457, marker error: RMS = 0.0116368, max = 0.0191241 (LSHA2)
[2025-11-14 02:36:30.701] [info] Frame 292 (t = 1.46):	 total squared error = 0.00319303, marker error: RMS = 0.0117825, max = 0.0192462 (LSHA2)
[2025-11-14 02:36:30.729] [info] Frame 293 (t = 1.465):	 total squared error = 0.00326775, marker error: RMS = 0.0119196, max = 0.0194099 (LSHA2)
[2025-11-14 02:36:30.787] [info] Frame 294 (t = 1.47):	 total squared error = 0.00332171, marker error: RMS = 0.0120176, max = 0.0191968 (LSHA2)
[2025-11-14 02:36:30.829] [info] Frame 295 (t = 1.475):	 total squared error = 0.00336770, marker error: RMS = 0.0121005, max = 0.0192347 (LSHA2)
[2025-11-14 02:36:30.867] [info] Frame 296 (t = 1.48):	 total squared error = 0.00340002, marker error: RMS = 0.0121584, max = 0.0190898 (LSHA2)
[2025-11-14 02:36:30.905] [info] Frame 297 (t = 1.485):	 total squared error = 0.00340193, marker error: RMS = 0.0121618, max = 0.0186266 (LSHA2)
[2025-11-14 02:36:30.947] [info] Frame 298 (t = 1.49):	 total squared error = 0.00338920, marker error: RMS = 0.0121391, max = 0.018244 (LSHA2)
[2025-11-14 02:36:30.977] [info] Frame 299 (t = 1.495):	 total squared error = 0.00335688, marker error: RMS = 0.0120810, max = 0.0179005 (LSHA2)
[2025-11-14 02:36:31.016] [info] Frame 300 (t = 1.5):	 total squared error = 0.00329829, marker error: RMS = 0.0119751, max = 0.0172439 (LSHA2)
[2025-11-14 02:36:31.058] [info] Frame 301 (t = 1.50500):	 total squared error = 0.00322105, marker error: RMS = 0.0118341, max = 0.0165832 (LSHA2)
[2025-11-14 02:36:31.100] [info] Frame 302 (t = 1.51):	 total squared error = 0.00312674, marker error: RMS = 0.0116596, max = 0.0162322 (XIPH)
[2025-11-14 02:36:31.140] [info] Frame 303 (t = 1.515):	 total squared error = 0.00301622, marker error: RMS = 0.0114516, max = 0.0163723 (XIPH)
[2025-11-14 02:36:31.203] [info] Frame 304 (t = 1.52):	 total squared error = 0.00289362, marker error: RMS = 0.0112165, max = 0.0164499 (XIPH)
[2025-11-14 02:36:31.241] [info] Frame 305 (t = 1.525):	 total squared error = 0.00276346, marker error: RMS = 0.0109613, max = 0.0164637 (XIPH)
[2025-11-14 02:36:31.283] [info] Frame 306 (t = 1.53):	 total squared error = 0.00263224, marker error: RMS = 0.0106979, max = 0.0165026 (XIPH)
[2025-11-14 02:36:31.315] [info] Frame 307 (t = 1.535):	 total squared error = 0.00250668, marker error: RMS = 0.0104396, max = 0.0165459 (XIPH)
[2025-11-14 02:36:31.352] [info] Frame 308 (t = 1.54):	 total squared error = 0.00239062, marker error: RMS = 0.0101951, max = 0.0165736 (XIPH)
[2025-11-14 02:36:31.390] [info] Frame 309 (t = 1.545):	 total squared error = 0.00228834, marker error: RMS = 0.00997462, max = 0.0165839 (XIPH)
[2025-11-14 02:36:31.419] [info] Frame 310 (t = 1.55):	 total squared error = 0.00220358, marker error: RMS = 0.00978814, max = 0.0165739 (XIPH)
[2025-11-14 02:36:31.448] [info] Frame 311 (t = 1.555):	 total squared error = 0.00213856, marker error: RMS = 0.00964266, max = 0.0166 (RTOE)
[2025-11-14 02:36:31.478] [info] Frame 312 (t = 1.56):	 total squared error = 0.00209408, marker error: RMS = 0.00954186, max = 0.0166278 (RTOE)
[2025-11-14 02:36:31.517] [info] Frame 313 (t = 1.565):	 total squared error = 0.00207075, marker error: RMS = 0.00948854, max = 0.0168651 (RTOE)
[2025-11-14 02:36:31.553] [info] Frame 314 (t = 1.57):	 total squared error = 0.00206348, marker error: RMS = 0.00947189, max = 0.0168343 (RTOE)
[2025-11-14 02:36:31.584] [info] Frame 315 (t = 1.575):	 total squared error = 0.00207130, marker error: RMS = 0.00948982, max = 0.0168562 (RTOE)
[2025-11-14 02:36:31.610] [info] Frame 316 (t = 1.58):	 total squared error = 0.00209036, marker error: RMS = 0.00953337, max = 0.0168211 (RTOE)
[2025-11-14 02:36:31.632] [info] Frame 317 (t = 1.585):	 total squared error = 0.00211824, marker error: RMS = 0.00959674, max = 0.0168816 (RTOE)
[2025-11-14 02:36:31.659] [info] Frame 318 (t = 1.59):	 total squared error = 0.00214696, marker error: RMS = 0.00966159, max = 0.016886 (RTOE)
[2025-11-14 02:36:31.712] [info] Frame 319 (t = 1.595):	 total squared error = 0.00217914, marker error: RMS = 0.00973371, max = 0.0174879 (RTOE)
[2025-11-14 02:36:31.741] [info] Frame 320 (t = 1.6):	 total squared error = 0.00221071, marker error: RMS = 0.00980397, max = 0.0174705 (RTOE)
[2025-11-14 02:36:31.773] [info] Frame 321 (t = 1.60500):	 total squared error = 0.00223920, marker error: RMS = 0.00986694, max = 0.0174719 (RTOE)
[2025-11-14 02:36:31.791] [info] Frame 322 (t = 1.61):	 total squared error = 0.00227075, marker error: RMS = 0.00993620, max = 0.0175685 (RTOE)
[2025-11-14 02:36:31.821] [info] Frame 323 (t = 1.615):	 total squared error = 0.00230336, marker error: RMS = 0.0100073, max = 0.0174876 (RTOE)
[2025-11-14 02:36:31.869] [info] Frame 324 (t = 1.62):	 total squared error = 0.00233389, marker error: RMS = 0.0100734, max = 0.0181963 (RTOE)
[2025-11-14 02:36:31.885] [info] Frame 325 (t = 1.625):	 total squared error = 0.00237875, marker error: RMS = 0.0101697, max = 0.0184517 (RTOE)
[2025-11-14 02:36:31.954] [info] Frame 326 (t = 1.63):	 total squared error = 0.00242458, marker error: RMS = 0.0102672, max = 0.0184822 (RTOE)
[2025-11-14 02:36:32.005] [info] Frame 327 (t = 1.635):	 total squared error = 0.00248301, marker error: RMS = 0.0103902, max = 0.0185271 (RTOE)
[2025-11-14 02:36:32.038] [info] Frame 328 (t = 1.64):	 total squared error = 0.00254796, marker error: RMS = 0.0105252, max = 0.0185731 (RTOE)
[2025-11-14 02:36:32.072] [info] Frame 329 (t = 1.645):	 total squared error = 0.00261470, marker error: RMS = 0.0106622, max = 0.0186963 (RTOE)
[2025-11-14 02:36:32.106] [info] Frame 330 (t = 1.65):	 total squared error = 0.00268184, marker error: RMS = 0.0107982, max = 0.0188169 (RTOE)
[2025-11-14 02:36:32.191] [info] Frame 331 (t = 1.655):	 total squared error = 0.00273254, marker error: RMS = 0.0108998, max = 0.0190591 (RTOE)
[2025-11-14 02:36:32.229] [info] Frame 332 (t = 1.66):	 total squared error = 0.00278539, marker error: RMS = 0.0110047, max = 0.0191446 (RTOE)
[2025-11-14 02:36:32.273] [info] Frame 333 (t = 1.665):	 total squared error = 0.00282539, marker error: RMS = 0.0110835, max = 0.0193059 (RTOE)
[2025-11-14 02:36:32.321] [info] Frame 334 (t = 1.67):	 total squared error = 0.00284681, marker error: RMS = 0.0111254, max = 0.0195222 (RTOE)
[2025-11-14 02:36:32.357] [info] Frame 335 (t = 1.675):	 total squared error = 0.00285301, marker error: RMS = 0.0111375, max = 0.0196278 (RTOE)
[2025-11-14 02:36:32.422] [info] Frame 336 (t = 1.68):	 total squared error = 0.00283704, marker error: RMS = 0.0111063, max = 0.0197776 (RTOE)
[2025-11-14 02:36:32.469] [info] Frame 337 (t = 1.685):	 total squared error = 0.00280906, marker error: RMS = 0.0110514, max = 0.0199091 (RTOE)
[2025-11-14 02:36:32.512] [info] Frame 338 (t = 1.69):	 total squared error = 0.00276533, marker error: RMS = 0.0109650, max = 0.0200552 (RTOE)
[2025-11-14 02:36:32.559] [info] Frame 339 (t = 1.695):	 total squared error = 0.00270981, marker error: RMS = 0.0108544, max = 0.0200802 (RTOE)
[2025-11-14 02:36:32.601] [info] Frame 340 (t = 1.7):	 total squared error = 0.00264743, marker error: RMS = 0.0107287, max = 0.0200820 (RTOE)
[2025-11-14 02:36:32.647] [info] Frame 341 (t = 1.70500):	 total squared error = 0.00257923, marker error: RMS = 0.0105896, max = 0.0199454 (RTOE)
[2025-11-14 02:36:32.682] [info] Frame 342 (t = 1.71):	 total squared error = 0.00251510, marker error: RMS = 0.0104572, max = 0.0198235 (RTOE)
[2025-11-14 02:36:32.726] [info] Frame 343 (t = 1.715):	 total squared error = 0.00245643, marker error: RMS = 0.0103345, max = 0.0195884 (RTOE)
[2025-11-14 02:36:32.756] [info] Frame 344 (t = 1.72):	 total squared error = 0.00240320, marker error: RMS = 0.0102219, max = 0.0192039 (RTOE)
[2025-11-14 02:36:32.788] [info] Frame 345 (t = 1.725):	 total squared error = 0.00235765, marker error: RMS = 0.0101246, max = 0.0188189 (RTOE)
[2025-11-14 02:36:32.821] [info] Frame 346 (t = 1.73):	 total squared error = 0.00231780, marker error: RMS = 0.0100386, max = 0.0190682 (RTHOL)
[2025-11-14 02:36:32.870] [info] Frame 347 (t = 1.735):	 total squared error = 0.00227982, marker error: RMS = 0.00995603, max = 0.0188995 (RTHOL)
[2025-11-14 02:36:32.908] [info] Frame 348 (t = 1.74):	 total squared error = 0.00224297, marker error: RMS = 0.00987523, max = 0.0192852 (RTHOL)
[2025-11-14 02:36:32.957] [info] Frame 349 (t = 1.745):	 total squared error = 0.00220489, marker error: RMS = 0.00979107, max = 0.0191382 (RTHOL)
[2025-11-14 02:36:32.994] [info] Frame 350 (t = 1.75):	 total squared error = 0.00216534, marker error: RMS = 0.00970284, max = 0.0194518 (RTHOL)
[2025-11-14 02:36:33.049] [info] Frame 351 (t = 1.755):	 total squared error = 0.00212071, marker error: RMS = 0.00960233, max = 0.0189802 (RTHOL)
[2025-11-14 02:36:33.085] [info] Frame 352 (t = 1.76):	 total squared error = 0.00207590, marker error: RMS = 0.00950034, max = 0.0191357 (RTHOL)
[2025-11-14 02:36:33.117] [info] Frame 353 (t = 1.765):	 total squared error = 0.00202764, marker error: RMS = 0.00938927, max = 0.0186826 (RTHOL)
[2025-11-14 02:36:33.167] [info] Frame 354 (t = 1.77):	 total squared error = 0.00197668, marker error: RMS = 0.00927051, max = 0.0180999 (RTHOL)
[2025-11-14 02:36:33.197] [info] Frame 355 (t = 1.775):	 total squared error = 0.00193085, marker error: RMS = 0.00916243, max = 0.0181425 (RTHOL)
[2025-11-14 02:36:33.231] [info] Frame 356 (t = 1.78):	 total squared error = 0.00188486, marker error: RMS = 0.00905265, max = 0.0174554 (RTHOL)
[2025-11-14 02:36:33.274] [info] Frame 357 (t = 1.785):	 total squared error = 0.00184260, marker error: RMS = 0.00895058, max = 0.0166552 (RTHOL)
[2025-11-14 02:36:33.301] [info] Frame 358 (t = 1.79):	 total squared error = 0.00181332, marker error: RMS = 0.00887918, max = 0.0166142 (RTHOL)
[2025-11-14 02:36:33.337] [info] Frame 359 (t = 1.795):	 total squared error = 0.00178853, marker error: RMS = 0.00881828, max = 0.0156267 (RTHOL)
[2025-11-14 02:36:33.379] [info] Frame 360 (t = 1.8):	 total squared error = 0.00177683, marker error: RMS = 0.00878940, max = 0.0151306 (RTHOL)
[2025-11-14 02:36:33.398] [info] Frame 361 (t = 1.80500):	 total squared error = 0.00178833, marker error: RMS = 0.00881779, max = 0.0155245 (RTHOL)
[2025-11-14 02:36:33.440] [info] Frame 362 (t = 1.81):	 total squared error = 0.00178624, marker error: RMS = 0.00881263, max = 0.0142903 (RTHOL)
[2025-11-14 02:36:33.459] [info] Frame 363 (t = 1.815):	 total squared error = 0.00181316, marker error: RMS = 0.00887880, max = 0.0145864 (RTHOL)
[2025-11-14 02:36:33.502] [info] Frame 364 (t = 1.82):	 total squared error = 0.00182759, marker error: RMS = 0.00891405, max = 0.0136126 (RTHOL)
[2025-11-14 02:36:33.531] [info] Frame 365 (t = 1.825):	 total squared error = 0.00185832, marker error: RMS = 0.00898868, max = 0.0137525 (RTHOL)
[2025-11-14 02:36:33.556] [info] Frame 366 (t = 1.83):	 total squared error = 0.00189909, marker error: RMS = 0.00908675, max = 0.0139054 (RSHAOL)
[2025-11-14 02:36:33.573] [info] Frame 367 (t = 1.835):	 total squared error = 0.00193866, marker error: RMS = 0.00918093, max = 0.0142187 (RSHAOL)
[2025-11-14 02:36:33.609] [info] Frame 368 (t = 1.84):	 total squared error = 0.00195983, marker error: RMS = 0.00923093, max = 0.0151611 (RSHAOL)
[2025-11-14 02:36:33.637] [info] Frame 369 (t = 1.845):	 total squared error = 0.00200253, marker error: RMS = 0.00933094, max = 0.0156155 (RSHAOL)
[2025-11-14 02:36:33.658] [info] Frame 370 (t = 1.85):	 total squared error = 0.00204932, marker error: RMS = 0.00943933, max = 0.0161513 (RSHAOL)
[2025-11-14 02:36:33.683] [info] Frame 371 (t = 1.855):	 total squared error = 0.00209946, marker error: RMS = 0.00955411, max = 0.0167598 (RSHAOL)
[2025-11-14 02:36:33.711] [info] Frame 372 (t = 1.86):	 total squared error = 0.00215179, marker error: RMS = 0.00967244, max = 0.017414 (RSHAOL)
[2025-11-14 02:36:33.744] [info] Frame 373 (t = 1.865):	 total squared error = 0.00220392, marker error: RMS = 0.00978890, max = 0.01815 (RSHAOL)
[2025-11-14 02:36:33.777] [info] Frame 374 (t = 1.87):	 total squared error = 0.00225680, marker error: RMS = 0.00990565, max = 0.0187746 (RSHAOL)
[2025-11-14 02:36:33.816] [info] Frame 375 (t = 1.875):	 total squared error = 0.00230558, marker error: RMS = 0.0100121, max = 0.0194179 (RSHAOL)
[2025-11-14 02:36:33.839] [info] Frame 376 (t = 1.88):	 total squared error = 0.00234753, marker error: RMS = 0.0101028, max = 0.0199354 (RSHAOL)
[2025-11-14 02:36:33.865] [info] Frame 377 (t = 1.885):	 total squared error = 0.00237931, marker error: RMS = 0.0101709, max = 0.0203625 (RSHAOL)
[2025-11-14 02:36:33.896] [info] Frame 378 (t = 1.89):	 total squared error = 0.00239794, marker error: RMS = 0.0102107, max = 0.0206985 (RSHAOL)
[2025-11-14 02:36:33.919] [info] Frame 379 (t = 1.895):	 total squared error = 0.00240180, marker error: RMS = 0.0102189, max = 0.0208957 (RSHAOL)
[2025-11-14 02:36:33.947] [info] Frame 380 (t = 1.9):	 total squared error = 0.00238936, marker error: RMS = 0.0101924, max = 0.0209750 (RSHAOL)
[2025-11-14 02:36:33.984] [info] Frame 381 (t = 1.90500):	 total squared error = 0.00235972, marker error: RMS = 0.0101290, max = 0.0207239 (RSHAOL)
[2025-11-14 02:36:34.004] [info] Frame 382 (t = 1.91):	 total squared error = 0.00231528, marker error: RMS = 0.0100332, max = 0.0205874 (RSHAOL)
[2025-11-14 02:36:34.025] [info] Frame 383 (t = 1.915):	 total squared error = 0.00225837, marker error: RMS = 0.00990909, max = 0.0203340 (RSHAOL)
[2025-11-14 02:36:34.061] [info] Frame 384 (t = 1.92):	 total squared error = 0.00218833, marker error: RMS = 0.00975422, max = 0.0198067 (RSHAOL)
[2025-11-14 02:36:34.099] [info] Frame 385 (t = 1.925):	 total squared error = 0.00211089, marker error: RMS = 0.00958007, max = 0.0191792 (RSHAOL)
[2025-11-14 02:36:34.125] [info] Frame 386 (t = 1.93):	 total squared error = 0.00202873, marker error: RMS = 0.00939179, max = 0.0186814 (RSHAOL)
[2025-11-14 02:36:34.145] [info] Frame 387 (t = 1.935):	 total squared error = 0.00194547, marker error: RMS = 0.00919704, max = 0.0181229 (RSHAOL)
[2025-11-14 02:36:34.177] [info] Frame 388 (t = 1.94):	 total squared error = 0.00185919, marker error: RMS = 0.00899078, max = 0.0172906 (RSHAOL)
[2025-11-14 02:36:34.200] [info] Frame 389 (t = 1.945):	 total squared error = 0.00177906, marker error: RMS = 0.00879490, max = 0.0166777 (RSHAOL)
[2025-11-14 02:36:34.242] [info] Frame 390 (t = 1.95):	 total squared error = 0.00170108, marker error: RMS = 0.00860000, max = 0.0156812 (RSHAOL)
[2025-11-14 02:36:34.261] [info] Frame 391 (t = 1.955):	 total squared error = 0.00163557, marker error: RMS = 0.00843277, max = 0.0151689 (RSHAOL)
[2025-11-14 02:36:34.305] [info] Frame 392 (t = 1.96):	 total squared error = 0.00157120, marker error: RMS = 0.00826516, max = 0.0142511 (XIPH)
[2025-11-14 02:36:34.335] [info] Frame 393 (t = 1.965):	 total squared error = 0.00152108, marker error: RMS = 0.00813227, max = 0.0143531 (XIPH)
[2025-11-14 02:36:34.367] [info] Frame 394 (t = 1.97):	 total squared error = 0.00148105, marker error: RMS = 0.00802455, max = 0.0143815 (XIPH)
[2025-11-14 02:36:34.388] [info] Frame 395 (t = 1.975):	 total squared error = 0.00145820, marker error: RMS = 0.00796241, max = 0.0143569 (XIPH)
[2025-11-14 02:36:34.428] [info] Frame 396 (t = 1.98):	 total squared error = 0.00143588, marker error: RMS = 0.00790124, max = 0.0144759 (XIPH)
[2025-11-14 02:36:34.456] [info] Frame 397 (t = 1.985):	 total squared error = 0.00143293, marker error: RMS = 0.00789312, max = 0.0146815 (XIPH)
[2025-11-14 02:36:34.477] [info] Frame 398 (t = 1.99):	 total squared error = 0.00144458, marker error: RMS = 0.00792513, max = 0.0147727 (XIPH)
[2025-11-14 02:36:34.521] [info] Frame 399 (t = 1.995):	 total squared error = 0.00145981, marker error: RMS = 0.00796682, max = 0.0147393 (XIPH)
[2025-11-14 02:36:34.545] [info] Frame 400 (t = 2.0):	 total squared error = 0.00149245, marker error: RMS = 0.00805538, max = 0.0149327 (XIPH)
[2025-11-14 02:36:34.567] [info] Frame 401 (t = 2.00500):	 total squared error = 0.00153971, marker error: RMS = 0.00818193, max = 0.0149662 (XIPH)
[2025-11-14 02:36:34.598] [info] Frame 402 (t = 2.01):	 total squared error = 0.00158408, marker error: RMS = 0.00829897, max = 0.0150186 (XIPH)
[2025-11-14 02:36:34.621] [info] Frame 403 (t = 2.015):	 total squared error = 0.00164451, marker error: RMS = 0.00845580, max = 0.015331 (XIPH)
[2025-11-14 02:36:34.656] [info] Frame 404 (t = 2.02):	 total squared error = 0.00170729, marker error: RMS = 0.00861569, max = 0.0152852 (XIPH)
[2025-11-14 02:36:34.682] [info] Frame 405 (t = 2.025):	 total squared error = 0.00177846, marker error: RMS = 0.00879342, max = 0.01542 (XIPH)
[2025-11-14 02:36:34.704] [info] Frame 406 (t = 2.03):	 total squared error = 0.00185318, marker error: RMS = 0.00897625, max = 0.0156149 (XIPH)
[2025-11-14 02:36:34.742] [info] Frame 407 (t = 2.035):	 total squared error = 0.00191386, marker error: RMS = 0.00912203, max = 0.0156843 (XIPH)
[2025-11-14 02:36:34.768] [info] Frame 408 (t = 2.04):	 total squared error = 0.00198187, marker error: RMS = 0.00928270, max = 0.0158469 (XIPH)
[2025-11-14 02:36:34.807] [info] Frame 409 (t = 2.045):	 total squared error = 0.00203852, marker error: RMS = 0.00941442, max = 0.015951 (XIPH)
[2025-11-14 02:36:34.838] [info] Frame 410 (t = 2.05):	 total squared error = 0.00209188, marker error: RMS = 0.00953684, max = 0.0161264 (XIPH)
[2025-11-14 02:36:34.873] [info] Frame 411 (t = 2.055):	 total squared error = 0.00213093, marker error: RMS = 0.00962544, max = 0.0162335 (XIPH)
[2025-11-14 02:36:34.897] [info] Frame 412 (t = 2.06):	 total squared error = 0.00216148, marker error: RMS = 0.00969418, max = 0.0163699 (XIPH)
[2025-11-14 02:36:34.934] [info] Frame 413 (t = 2.065):	 total squared error = 0.00217277, marker error: RMS = 0.00971948, max = 0.0164625 (XIPH)
[2025-11-14 02:36:34.961] [info] Frame 414 (t = 2.07):	 total squared error = 0.00217270, marker error: RMS = 0.00971933, max = 0.0166109 (XIPH)
[2025-11-14 02:36:34.989] [info] Frame 415 (t = 2.075):	 total squared error = 0.00215686, marker error: RMS = 0.00968383, max = 0.0167361 (XIPH)
[2025-11-14 02:36:35.016] [info] Frame 416 (t = 2.08):	 total squared error = 0.00212546, marker error: RMS = 0.00961307, max = 0.016838 (XIPH)
[2025-11-14 02:36:35.054] [info] Frame 417 (t = 2.085):	 total squared error = 0.00207395, marker error: RMS = 0.00949589, max = 0.0168461 (XIPH)
[2025-11-14 02:36:35.081] [info] Frame 418 (t = 2.09):	 total squared error = 0.00201562, marker error: RMS = 0.00936139, max = 0.0169487 (XIPH)
[2025-11-14 02:36:35.110] [info] Frame 419 (t = 2.095):	 total squared error = 0.00194840, marker error: RMS = 0.00920396, max = 0.0170310 (XIPH)
[2025-11-14 02:36:35.140] [info] Frame 420 (t = 2.1):	 total squared error = 0.00187578, marker error: RMS = 0.00903082, max = 0.0170940 (XIPH)
[2025-11-14 02:36:35.165] [info] Frame 421 (t = 2.10500):	 total squared error = 0.00180193, marker error: RMS = 0.00885125, max = 0.017136 (XIPH)
[2025-11-14 02:36:35.192] [info] Frame 422 (t = 2.11):	 total squared error = 0.00173094, marker error: RMS = 0.00867515, max = 0.0171651 (XIPH)
[2025-11-14 02:36:35.221] [info] Frame 423 (t = 2.115):	 total squared error = 0.00166675, marker error: RMS = 0.00851279, max = 0.0171962 (XIPH)
[2025-11-14 02:36:35.250] [info] Frame 424 (t = 2.12):	 total squared error = 0.00161275, marker error: RMS = 0.00837375, max = 0.0172176 (XIPH)
[2025-11-14 02:36:35.277] [info] Frame 425 (t = 2.125):	 total squared error = 0.00157132, marker error: RMS = 0.00826550, max = 0.0172159 (XIPH)
[2025-11-14 02:36:35.301] [info] Frame 426 (t = 2.13):	 total squared error = 0.00154390, marker error: RMS = 0.00819306, max = 0.0172393 (XIPH)
[2025-11-14 02:36:35.340] [info] Frame 427 (t = 2.135):	 total squared error = 0.00152954, marker error: RMS = 0.00815487, max = 0.0172326 (XIPH)
[2025-11-14 02:36:35.364] [info] Frame 428 (t = 2.14):	 total squared error = 0.00152823, marker error: RMS = 0.00815138, max = 0.0172235 (XIPH)
[2025-11-14 02:36:35.389] [info] Frame 429 (t = 2.145):	 total squared error = 0.00153792, marker error: RMS = 0.00817717, max = 0.0172422 (XIPH)
[2025-11-14 02:36:35.424] [info] Frame 430 (t = 2.15):	 total squared error = 0.00155562, marker error: RMS = 0.00822409, max = 0.0172577 (XIPH)
[2025-11-14 02:36:35.446] [info] Frame 431 (t = 2.155):	 total squared error = 0.00157781, marker error: RMS = 0.00828255, max = 0.0172811 (XIPH)
[2025-11-14 02:36:35.470] [info] Frame 432 (t = 2.16):	 total squared error = 0.00160257, marker error: RMS = 0.00834728, max = 0.0173399 (XIPH)
[2025-11-14 02:36:35.489] [info] Frame 433 (t = 2.165):	 total squared error = 0.00162962, marker error: RMS = 0.00841744, max = 0.0173077 (XIPH)
[2025-11-14 02:36:35.532] [info] Frame 434 (t = 2.17):	 total squared error = 0.00165116, marker error: RMS = 0.00847286, max = 0.0174625 (XIPH)
[2025-11-14 02:36:35.546] [info] Frame 435 (t = 2.175):	 total squared error = 0.00167438, marker error: RMS = 0.00853223, max = 0.0174811 (XIPH)
[2025-11-14 02:36:35.568] [info] Frame 436 (t = 2.18):	 total squared error = 0.00169447, marker error: RMS = 0.00858327, max = 0.0176251 (XIPH)
[2025-11-14 02:36:35.605] [info] Frame 437 (t = 2.185):	 total squared error = 0.00170911, marker error: RMS = 0.00862026, max = 0.0177088 (XIPH)
[2025-11-14 02:36:35.625] [info] Frame 438 (t = 2.19):	 total squared error = 0.00172450, marker error: RMS = 0.00865899, max = 0.017779 (XIPH)
[2025-11-14 02:36:35.644] [info] Frame 439 (t = 2.195):	 total squared error = 0.00173746, marker error: RMS = 0.00869146, max = 0.0178479 (XIPH)
[2025-11-14 02:36:35.651] [info] Frame 440 (t = 2.2):	 total squared error = 0.00174862, marker error: RMS = 0.00871934, max = 0.0180078 (XIPH)
[2025-11-14 02:36:35.674] [info] Frame 441 (t = 2.20500):	 total squared error = 0.00175390, marker error: RMS = 0.00873249, max = 0.0179185 (XIPH)
[2025-11-14 02:36:35.714] [info] Frame 442 (t = 2.21):	 total squared error = 0.00175416, marker error: RMS = 0.00873314, max = 0.0179285 (XIPH)
[2025-11-14 02:36:35.753] [info] Frame 443 (t = 2.215):	 total squared error = 0.00175538, marker error: RMS = 0.00873619, max = 0.017941 (XIPH)
[2025-11-14 02:36:35.787] [info] Frame 444 (t = 2.22):	 total squared error = 0.00175617, marker error: RMS = 0.00873816, max = 0.0179883 (XIPH)
[2025-11-14 02:36:35.833] [info] InverseKinematicsTool completed 444 frames in 15 second(s).
[2025-11-14 02:36:35.892] [info] Loaded model Athlete_03 from file ..\..\..\..\models\Athlete_03\25_03_31\scaled.osim
[2025-11-14 02:36:36.007] [info] Storage: read data file = joint_angles.mot (nr=444 nc=40)
[2025-11-14 02:36:36.100] [info] Loaded model Athlete_03 from file ..\..\..\..\models\Athlete_03\25_03_31\scaled.osim
[2025-11-14 02:36:36.190] [cout] [info] 
               MODEL: Athlete_03
         coordinates: 39
              forces: 97
           actuators: 97
             muscles: 80
            analyses: 0
              probes: 0
              bodies: 22
              joints: 22
         constraints: 2
             markers: 45
         controllers: 0
  contact geometries: 0
misc modelcomponents: 0
[2025-11-14 02:36:36.191] [info] Running tool ...
[2025-11-14 02:36:36.291] [info] Storage: read data file = grf.mot (nr=4450 nc=46)
[2025-11-14 02:36:36.381] [info] ExternalForce::grf_r_2 Data source being set to grf
[2025-11-14 02:36:36.382] [info] ExternalForce::grf_r_5 Data source being set to grf
[2025-11-14 02:36:36.462] [info] Storage: read data file = joint_angles.mot (nr=444 nc=40)
[2025-11-14 02:36:36.492] [info] Low-pass filtering coordinates data with a cutoff frequency of 6.0...
[2025-11-14 02:36:37.388] [info] InverseDynamicsTool: 444 time frames in 618 millisecond(s).
[2025-11-14 02:36:37.489] [info] Loaded model Athlete_03 from file ..\..\..\..\models\Athlete_03\25_03_31\scaled.osim
[2025-11-14 02:36:37.628] [info] Storage: read data file = joint_angles.mot (nr=444 nc=40)
[2025-11-14 02:36:37.691] [info] AbstractTool  loading model ..\..\..\..\models\Athlete_03\25_03_31\scaled.osim
[2025-11-14 02:36:37.754] [info] Loaded model Athlete_03 from file ..\..\..\..\models\Athlete_03\25_03_31\scaled.osim
[2025-11-14 02:36:38.100] [info] Storage: read data file = grf.mot (nr=4450 nc=46)
[2025-11-14 02:36:38.217] [info] ExternalForce::grf_r_2 Data source being set to grf
[2025-11-14 02:36:38.217] [info] ExternalForce::grf_r_5 Data source being set to grf
[2025-11-14 02:36:38.252] [info] Loading coordinates from file 'joint_angles.mot'.
[2025-11-14 02:36:38.253] [info] Storage: read data file = joint_angles.mot (nr=444 nc=40)
[2025-11-14 02:36:38.263] [info] Low-pass filtering coordinates data with a cutoff frequency of 6.0...
[2025-11-14 02:36:38.935] [info] AssemblySolver::track() attempt Failed: SimTK Exception thrown at Assembler.cpp:973:
  Method Assembler::track() failed because:
Unable to achieve required assembly error tolerance.
Assembly error tolerance achieved: 5.0364498343865109e-09 required: 1e-10.
[2025-11-14 02:36:38.945] [error] Model unable to assemble: AssemblySolver::assemble() Failed: SimTK Exception thrown at Assembler.cpp:897:
  Method Assembler::assemble() failed because:
Unable to achieve required assembly error tolerance.
Assembly error tolerance achieved: 5.036449833698266e-09 required: 1e-10..Model relaxing constraints and trying again.
[2025-11-14 02:36:39.786] [info] Found 888 state vectors with time stamps ranging from -1.10500 to 3.33.
[2025-11-14 02:36:39.786] [info] Executing the analyses from 0.00500000 to 2.22...
[2025-11-14 02:36:39.801] [warning] MuscleAnalysis: coordinate mtp_angle_r is locked and can't be varied.
[2025-11-14 02:36:39.801] [warning] MuscleAnalysis: coordinate mtp_angle_l is locked and can't be varied.
[2025-11-14 02:36:39.801] [warning] MuscleAnalysis: coordinate wrist_flex_r is locked and can't be varied.
[2025-11-14 02:36:39.801] [warning] MuscleAnalysis: coordinate wrist_dev_r is locked and can't be varied.
[2025-11-14 02:36:39.801] [warning] MuscleAnalysis: coordinate wrist_flex_l is locked and can't be varied.
[2025-11-14 02:36:39.801] [warning] MuscleAnalysis: coordinate wrist_dev_l is locked and can't be varied.
