[2025-12-03 19:16:48.909] [info] Loaded model Athlete_03 from file ..\..\..\..\models\Athlete_03\25_03_31\scaled_increased_3.00.osim
[2025-12-03 19:16:49.348] [info] Loaded model Athlete_03 from file ..\..\..\..\models\Athlete_03\25_03_31\scaled_increased_3.00.osim
[2025-12-03 19:16:49.714] [info] Loaded model Athlete_03 from file ..\..\..\..\models\Athlete_03\25_03_31\scaled_increased_3.00.osim
[2025-12-03 19:16:49.832] [cout] [info] 
               MODEL: Athlete_03
         coordinates: 39
              forces: 97
           actuators: 97
             muscles: 80
            analyses: 0
              probes: 0
              bodies: 22
              joints: 22
         constraints: 2
             markers: 45
         controllers: 0
  contact geometries: 0
misc modelcomponents: 0
[2025-12-03 19:16:49.833] [info] Running tool .
[2025-12-03 19:16:50.310] [info] Frame 35 (t = 0.175):	 total squared error = 0.00164226, marker error: RMS = 0.00845000, max = 0.0173742 (XIPH)
[2025-12-03 19:16:50.336] [info] Frame 36 (t = 0.18):	 total squared error = 0.00165200, marker error: RMS = 0.00847502, max = 0.0174566 (XIPH)
[2025-12-03 19:16:50.365] [info] Frame 37 (t = 0.185):	 total squared error = 0.00165422, marker error: RMS = 0.00848072, max = 0.0174090 (XIPH)
[2025-12-03 19:16:50.386] [info] Frame 38 (t = 0.19):	 total squared error = 0.00165664, marker error: RMS = 0.00848693, max = 0.0174268 (STRN)
[2025-12-03 19:16:50.408] [info] Frame 39 (t = 0.195):	 total squared error = 0.00165708, marker error: RMS = 0.00848804, max = 0.0173987 (STRN)
[2025-12-03 19:16:50.432] [info] Frame 40 (t = 0.2):	 total squared error = 0.00165571, marker error: RMS = 0.00848455, max = 0.01735 (STRN)
[2025-12-03 19:16:50.457] [info] Frame 41 (t = 0.205000):	 total squared error = 0.00164981, marker error: RMS = 0.00846942, max = 0.0172757 (STRN)
[2025-12-03 19:16:50.478] [info] Frame 42 (t = 0.21):	 total squared error = 0.00164776, marker error: RMS = 0.00846413, max = 0.0171251 (STRN)
[2025-12-03 19:16:50.513] [info] Frame 43 (t = 0.215):	 total squared error = 0.00164170, marker error: RMS = 0.00844857, max = 0.0169278 (STRN)
[2025-12-03 19:16:50.542] [info] Frame 44 (t = 0.22):	 total squared error = 0.00165198, marker error: RMS = 0.00847497, max = 0.0166875 (STRN)
[2025-12-03 19:16:50.566] [info] Frame 45 (t = 0.225):	 total squared error = 0.00166976, marker error: RMS = 0.00852047, max = 0.0163312 (STRN)
[2025-12-03 19:16:50.592] [info] Frame 46 (t = 0.23):	 total squared error = 0.00169683, marker error: RMS = 0.00858925, max = 0.015975 (STRN)
[2025-12-03 19:16:50.635] [info] Frame 47 (t = 0.235):	 total squared error = 0.00172508, marker error: RMS = 0.00866046, max = 0.0155967 (STRN)
[2025-12-03 19:16:50.664] [info] Frame 48 (t = 0.24):	 total squared error = 0.00176534, marker error: RMS = 0.00876092, max = 0.0162247 (LTH2)
[2025-12-03 19:16:50.691] [info] Frame 49 (t = 0.245):	 total squared error = 0.00181212, marker error: RMS = 0.00887625, max = 0.0173616 (LTH2)
[2025-12-03 19:16:50.733] [info] Frame 50 (t = 0.25):	 total squared error = 0.00185810, marker error: RMS = 0.00898815, max = 0.0175607 (LTH2)
[2025-12-03 19:16:50.775] [info] Frame 51 (t = 0.255):	 total squared error = 0.00191384, marker error: RMS = 0.00912198, max = 0.0185415 (LTH2)
[2025-12-03 19:16:50.840] [info] Frame 52 (t = 0.26):	 total squared error = 0.00196908, marker error: RMS = 0.00925268, max = 0.0189826 (LTH2)
[2025-12-03 19:16:50.899] [info] Frame 53 (t = 0.265):	 total squared error = 0.00203148, marker error: RMS = 0.00939814, max = 0.0196238 (LTH2)
[2025-12-03 19:16:50.960] [info] Frame 54 (t = 0.27):	 total squared error = 0.00209982, marker error: RMS = 0.00955491, max = 0.0202441 (LTH2)
[2025-12-03 19:16:51.002] [info] Frame 55 (t = 0.275):	 total squared error = 0.00217627, marker error: RMS = 0.00972730, max = 0.0209520 (LTH2)
[2025-12-03 19:16:51.041] [info] Frame 56 (t = 0.28):	 total squared error = 0.00225973, marker error: RMS = 0.00991207, max = 0.0213594 (LTH2)
[2025-12-03 19:16:51.069] [info] Frame 57 (t = 0.285):	 total squared error = 0.00235746, marker error: RMS = 0.0101241, max = 0.0222036 (LTH2)
[2025-12-03 19:16:51.089] [info] Frame 58 (t = 0.29):	 total squared error = 0.00248053, marker error: RMS = 0.0103850, max = 0.0234359 (LTH2)
[2025-12-03 19:16:51.142] [info] Frame 59 (t = 0.295):	 total squared error = 0.00257813, marker error: RMS = 0.0105874, max = 0.0230082 (LTH2)
[2025-12-03 19:16:51.165] [info] Frame 60 (t = 0.3):	 total squared error = 0.00271531, marker error: RMS = 0.0108654, max = 0.0240760 (LTH2)
[2025-12-03 19:16:51.210] [info] Frame 61 (t = 0.305000):	 total squared error = 0.00283686, marker error: RMS = 0.0111059, max = 0.0241213 (LTH2)
[2025-12-03 19:16:51.234] [info] Frame 62 (t = 0.31):	 total squared error = 0.00298082, marker error: RMS = 0.0113842, max = 0.0250109 (LTH2)
[2025-12-03 19:16:51.279] [info] Frame 63 (t = 0.315):	 total squared error = 0.00310867, marker error: RMS = 0.0116258, max = 0.025264 (LTH2)
[2025-12-03 19:16:51.318] [info] Frame 64 (t = 0.32):	 total squared error = 0.00324088, marker error: RMS = 0.0118705, max = 0.0257955 (LTH2)
[2025-12-03 19:16:51.359] [info] Frame 65 (t = 0.325):	 total squared error = 0.00336647, marker error: RMS = 0.0120983, max = 0.0263298 (LTH2)
[2025-12-03 19:16:51.402] [info] Frame 66 (t = 0.33):	 total squared error = 0.00348371, marker error: RMS = 0.0123071, max = 0.0269177 (LTH2)
[2025-12-03 19:16:51.441] [info] Frame 67 (t = 0.335):	 total squared error = 0.00359264, marker error: RMS = 0.0124981, max = 0.0273816 (LTH2)
[2025-12-03 19:16:51.492] [info] Frame 68 (t = 0.34):	 total squared error = 0.00369397, marker error: RMS = 0.0126731, max = 0.027875 (LTH2)
[2025-12-03 19:16:51.521] [info] Frame 69 (t = 0.345):	 total squared error = 0.00378661, marker error: RMS = 0.012831, max = 0.0282428 (LTH2)
[2025-12-03 19:16:51.544] [info] Frame 70 (t = 0.35):	 total squared error = 0.00387284, marker error: RMS = 0.0129763, max = 0.0285389 (LTH2)
[2025-12-03 19:16:51.571] [info] Frame 71 (t = 0.355):	 total squared error = 0.00395230, marker error: RMS = 0.0131087, max = 0.0287797 (LTH2)
[2025-12-03 19:16:51.596] [info] Frame 72 (t = 0.36):	 total squared error = 0.00402368, marker error: RMS = 0.0132266, max = 0.0289172 (LTH2)
[2025-12-03 19:16:51.624] [info] Frame 73 (t = 0.365):	 total squared error = 0.00408537, marker error: RMS = 0.0133276, max = 0.0289755 (LTH2)
[2025-12-03 19:16:51.650] [info] Frame 74 (t = 0.37):	 total squared error = 0.00413495, marker error: RMS = 0.0134082, max = 0.0288683 (LTH2)
[2025-12-03 19:16:51.689] [info] Frame 75 (t = 0.375):	 total squared error = 0.00416907, marker error: RMS = 0.0134634, max = 0.0287042 (LTH2)
[2025-12-03 19:16:51.713] [info] Frame 76 (t = 0.38):	 total squared error = 0.00418481, marker error: RMS = 0.0134888, max = 0.0283333 (LTH2)
[2025-12-03 19:16:51.740] [info] Frame 77 (t = 0.385):	 total squared error = 0.00417927, marker error: RMS = 0.0134799, max = 0.0279159 (LTH2)
[2025-12-03 19:16:51.769] [info] Frame 78 (t = 0.39):	 total squared error = 0.00415079, marker error: RMS = 0.0134339, max = 0.0273719 (LTH2)
[2025-12-03 19:16:51.798] [info] Frame 79 (t = 0.395):	 total squared error = 0.00409865, marker error: RMS = 0.0133492, max = 0.0266667 (LTH2)
[2025-12-03 19:16:51.821] [info] Frame 80 (t = 0.4):	 total squared error = 0.00402356, marker error: RMS = 0.0132264, max = 0.0257991 (LTH2)
[2025-12-03 19:16:51.843] [info] Frame 81 (t = 0.405000):	 total squared error = 0.00392807, marker error: RMS = 0.0130685, max = 0.0248481 (LTH2)
[2025-12-03 19:16:51.875] [info] Frame 82 (t = 0.41):	 total squared error = 0.00381506, marker error: RMS = 0.0128791, max = 0.0238689 (LTH2)
[2025-12-03 19:16:51.895] [info] Frame 83 (t = 0.415):	 total squared error = 0.00369068, marker error: RMS = 0.0126675, max = 0.0225258 (LTH2)
[2025-12-03 19:16:51.922] [info] Frame 84 (t = 0.42):	 total squared error = 0.00355776, marker error: RMS = 0.0124372, max = 0.0214473 (LTH2)
[2025-12-03 19:16:51.943] [info] Frame 85 (t = 0.425):	 total squared error = 0.00342454, marker error: RMS = 0.0122022, max = 0.0202795 (LSHA2)
[2025-12-03 19:16:51.977] [info] Frame 86 (t = 0.43):	 total squared error = 0.00329209, marker error: RMS = 0.0119639, max = 0.0200004 (LSHA2)
[2025-12-03 19:16:52.015] [info] Frame 87 (t = 0.435):	 total squared error = 0.00316864, marker error: RMS = 0.0117374, max = 0.0196903 (LSHA2)
[2025-12-03 19:16:52.042] [info] Frame 88 (t = 0.44):	 total squared error = 0.00305669, marker error: RMS = 0.0115282, max = 0.0194844 (LSHA2)
[2025-12-03 19:16:52.075] [info] Frame 89 (t = 0.445):	 total squared error = 0.00295946, marker error: RMS = 0.0113434, max = 0.0192475 (LSHA2)
[2025-12-03 19:16:52.092] [info] Frame 90 (t = 0.45):	 total squared error = 0.00288300, marker error: RMS = 0.0111959, max = 0.0191778 (LSHA2)
[2025-12-03 19:16:52.128] [info] Frame 91 (t = 0.455):	 total squared error = 0.00281820, marker error: RMS = 0.0110694, max = 0.0189476 (LSHA2)
[2025-12-03 19:16:52.161] [info] Frame 92 (t = 0.46):	 total squared error = 0.00277597, marker error: RMS = 0.0109861, max = 0.0188918 (LSHA2)
[2025-12-03 19:16:52.179] [info] Frame 93 (t = 0.465):	 total squared error = 0.00275580, marker error: RMS = 0.0109461, max = 0.0190073 (LSHA2)
[2025-12-03 19:16:52.219] [info] Frame 94 (t = 0.47):	 total squared error = 0.00274726, marker error: RMS = 0.0109291, max = 0.0188487 (LSHA2)
[2025-12-03 19:16:52.237] [info] Frame 95 (t = 0.475):	 total squared error = 0.00276277, marker error: RMS = 0.0109599, max = 0.0190530 (LSHA2)
[2025-12-03 19:16:52.277] [info] Frame 96 (t = 0.48):	 total squared error = 0.00278655, marker error: RMS = 0.0110070, max = 0.0190055 (LSHA2)
[2025-12-03 19:16:52.294] [info] Frame 97 (t = 0.485):	 total squared error = 0.00283154, marker error: RMS = 0.0110955, max = 0.0192917 (LSHA2)
[2025-12-03 19:16:52.329] [info] Frame 98 (t = 0.49):	 total squared error = 0.00288018, marker error: RMS = 0.0111904, max = 0.0193285 (LSHA2)
[2025-12-03 19:16:52.353] [info] Frame 99 (t = 0.495):	 total squared error = 0.00294593, marker error: RMS = 0.0113174, max = 0.0197174 (LSHA2)
[2025-12-03 19:16:52.388] [info] Frame 100 (t = 0.5):	 total squared error = 0.00302068, marker error: RMS = 0.0114601, max = 0.0201476 (LSHA2)
[2025-12-03 19:16:52.427] [info] Frame 101 (t = 0.505000):	 total squared error = 0.00308144, marker error: RMS = 0.0115748, max = 0.0202124 (LSHA2)
[2025-12-03 19:16:52.469] [info] Frame 102 (t = 0.51):	 total squared error = 0.00315077, marker error: RMS = 0.0117043, max = 0.0204102 (LSHA2)
[2025-12-03 19:16:52.498] [info] Frame 103 (t = 0.515):	 total squared error = 0.00321918, marker error: RMS = 0.0118307, max = 0.0207988 (LSHA2)
[2025-12-03 19:16:52.539] [info] Frame 104 (t = 0.52):	 total squared error = 0.00327134, marker error: RMS = 0.0119261, max = 0.0208241 (LSHA2)
[2025-12-03 19:16:52.558] [info] Frame 105 (t = 0.525):	 total squared error = 0.00331445, marker error: RMS = 0.0120044, max = 0.0210597 (LSHA2)
[2025-12-03 19:16:52.574] [info] Frame 106 (t = 0.53):	 total squared error = 0.00333912, marker error: RMS = 0.0120490, max = 0.0212803 (LSHA2)
[2025-12-03 19:16:52.606] [info] Frame 107 (t = 0.535):	 total squared error = 0.00333046, marker error: RMS = 0.0120334, max = 0.0209221 (LSHA2)
[2025-12-03 19:16:52.627] [info] Frame 108 (t = 0.54):	 total squared error = 0.00330431, marker error: RMS = 0.0119861, max = 0.0208130 (LSHA2)
[2025-12-03 19:16:52.648] [info] Frame 109 (t = 0.545):	 total squared error = 0.00325143, marker error: RMS = 0.0118898, max = 0.0205268 (LSHA2)
[2025-12-03 19:16:52.665] [info] Frame 110 (t = 0.55):	 total squared error = 0.00317089, marker error: RMS = 0.0117416, max = 0.0200248 (LSHA2)
[2025-12-03 19:16:52.702] [info] Frame 111 (t = 0.555):	 total squared error = 0.00305666, marker error: RMS = 0.0115282, max = 0.0190860 (LSHA2)
[2025-12-03 19:16:52.722] [info] Frame 112 (t = 0.56):	 total squared error = 0.00292784, marker error: RMS = 0.0112826, max = 0.0182914 (LSHA2)
[2025-12-03 19:16:52.743] [info] Frame 113 (t = 0.565):	 total squared error = 0.00278086, marker error: RMS = 0.0109958, max = 0.0173945 (LSHA2)
[2025-12-03 19:16:52.765] [info] Frame 114 (t = 0.57):	 total squared error = 0.00262156, marker error: RMS = 0.0106762, max = 0.0163356 (LSHA2)
[2025-12-03 19:16:52.789] [info] Frame 115 (t = 0.575):	 total squared error = 0.00245471, marker error: RMS = 0.0103309, max = 0.0151406 (LSHA2)
[2025-12-03 19:16:52.831] [info] Frame 116 (t = 0.58):	 total squared error = 0.00228884, marker error: RMS = 0.00997570, max = 0.0139026 (LSHA2)
[2025-12-03 19:16:52.854] [info] Frame 117 (t = 0.585):	 total squared error = 0.00212778, marker error: RMS = 0.00961833, max = 0.0135747 (XIPH)
[2025-12-03 19:16:52.879] [info] Frame 118 (t = 0.59):	 total squared error = 0.00197771, marker error: RMS = 0.00927295, max = 0.0135577 (XIPH)
[2025-12-03 19:16:52.903] [info] Frame 119 (t = 0.595):	 total squared error = 0.00184320, marker error: RMS = 0.00895205, max = 0.0134934 (XIPH)
[2025-12-03 19:16:52.927] [info] Frame 120 (t = 0.6):	 total squared error = 0.00172700, marker error: RMS = 0.00866526, max = 0.0134519 (XIPH)
[2025-12-03 19:16:52.946] [info] Frame 121 (t = 0.605000):	 total squared error = 0.00163164, marker error: RMS = 0.00842264, max = 0.0134323 (XIPH)
[2025-12-03 19:16:52.969] [info] Frame 122 (t = 0.61):	 total squared error = 0.00155698, marker error: RMS = 0.00822769, max = 0.0133090 (XIPH)
[2025-12-03 19:16:52.992] [info] Frame 123 (t = 0.615):	 total squared error = 0.00150418, marker error: RMS = 0.00808696, max = 0.0133253 (RTOE)
[2025-12-03 19:16:53.014] [info] Frame 124 (t = 0.62):	 total squared error = 0.00147135, marker error: RMS = 0.00799824, max = 0.013399 (RTOE)
[2025-12-03 19:16:53.040] [info] Frame 125 (t = 0.625):	 total squared error = 0.00145647, marker error: RMS = 0.00795767, max = 0.0134325 (RTOE)
[2025-12-03 19:16:53.062] [info] Frame 126 (t = 0.63):	 total squared error = 0.00145683, marker error: RMS = 0.00795868, max = 0.0135792 (RTOE)
[2025-12-03 19:16:53.081] [info] Frame 127 (t = 0.635):	 total squared error = 0.00146913, marker error: RMS = 0.00799220, max = 0.0136605 (RTOE)
[2025-12-03 19:16:53.109] [info] Frame 128 (t = 0.64):	 total squared error = 0.00149002, marker error: RMS = 0.00804881, max = 0.014213 (RTOE)
[2025-12-03 19:16:53.131] [info] Frame 129 (t = 0.645):	 total squared error = 0.00151594, marker error: RMS = 0.00811853, max = 0.0142196 (RTOE)
[2025-12-03 19:16:53.150] [info] Frame 130 (t = 0.65):	 total squared error = 0.00154464, marker error: RMS = 0.00819502, max = 0.0143357 (RTOE)
[2025-12-03 19:16:53.163] [info] Frame 131 (t = 0.655):	 total squared error = 0.00157799, marker error: RMS = 0.00828302, max = 0.014199 (RTOE)
[2025-12-03 19:16:53.184] [info] Frame 132 (t = 0.66):	 total squared error = 0.00160225, marker error: RMS = 0.00834643, max = 0.0144573 (RTOE)
[2025-12-03 19:16:53.223] [info] Frame 133 (t = 0.665):	 total squared error = 0.00162382, marker error: RMS = 0.00840244, max = 0.0150827 (RTOE)
[2025-12-03 19:16:53.242] [info] Frame 134 (t = 0.67):	 total squared error = 0.00164664, marker error: RMS = 0.00846128, max = 0.015121 (RTOE)
[2025-12-03 19:16:53.282] [info] Frame 135 (t = 0.675):	 total squared error = 0.00166967, marker error: RMS = 0.00852024, max = 0.0152798 (RTOE)
[2025-12-03 19:16:53.335] [info] Frame 136 (t = 0.68):	 total squared error = 0.00168447, marker error: RMS = 0.00855791, max = 0.0155561 (RTOE)
[2025-12-03 19:16:53.358] [info] Frame 137 (t = 0.685):	 total squared error = 0.00170640, marker error: RMS = 0.00861343, max = 0.015665 (RTOE)
[2025-12-03 19:16:53.395] [info] Frame 138 (t = 0.69):	 total squared error = 0.00172675, marker error: RMS = 0.00866465, max = 0.0158976 (RTOE)
[2025-12-03 19:16:53.413] [info] Frame 139 (t = 0.695):	 total squared error = 0.00175466, marker error: RMS = 0.00873439, max = 0.0159511 (RTOE)
[2025-12-03 19:16:53.445] [info] Frame 140 (t = 0.7):	 total squared error = 0.00178144, marker error: RMS = 0.00880080, max = 0.0162249 (RTOE)
[2025-12-03 19:16:53.469] [info] Frame 141 (t = 0.705000):	 total squared error = 0.00181698, marker error: RMS = 0.00888815, max = 0.0163913 (RTOE)
[2025-12-03 19:16:53.485] [info] Frame 142 (t = 0.71):	 total squared error = 0.00185603, marker error: RMS = 0.00898315, max = 0.0165346 (RTOE)
[2025-12-03 19:16:53.507] [info] Frame 143 (t = 0.715):	 total squared error = 0.00189508, marker error: RMS = 0.00907716, max = 0.0167108 (RTOE)
[2025-12-03 19:16:53.543] [info] Frame 144 (t = 0.72):	 total squared error = 0.00192023, marker error: RMS = 0.00913718, max = 0.0170126 (RTOE)
[2025-12-03 19:16:53.561] [info] Frame 145 (t = 0.725):	 total squared error = 0.00195323, marker error: RMS = 0.00921537, max = 0.0172639 (RTOE)
[2025-12-03 19:16:53.593] [info] Frame 146 (t = 0.73):	 total squared error = 0.00197595, marker error: RMS = 0.00926881, max = 0.0174563 (RTOE)
[2025-12-03 19:16:53.612] [info] Frame 147 (t = 0.735):	 total squared error = 0.00199399, marker error: RMS = 0.00931103, max = 0.0177953 (RTOE)
[2025-12-03 19:16:53.645] [info] Frame 148 (t = 0.74):	 total squared error = 0.00200012, marker error: RMS = 0.00932532, max = 0.0178321 (RTOE)
[2025-12-03 19:16:53.674] [info] Frame 149 (t = 0.745):	 total squared error = 0.00199878, marker error: RMS = 0.00932220, max = 0.0182116 (RTOE)
[2025-12-03 19:16:53.694] [info] Frame 150 (t = 0.75):	 total squared error = 0.00199101, marker error: RMS = 0.00930407, max = 0.0183479 (RTOE)
[2025-12-03 19:16:53.714] [info] Frame 151 (t = 0.755):	 total squared error = 0.00197718, marker error: RMS = 0.00927170, max = 0.0184872 (RTOE)
[2025-12-03 19:16:53.734] [info] Frame 152 (t = 0.76):	 total squared error = 0.00195946, marker error: RMS = 0.00923005, max = 0.0184347 (RTOE)
[2025-12-03 19:16:53.762] [info] Frame 153 (t = 0.765):	 total squared error = 0.00193910, marker error: RMS = 0.00918198, max = 0.0184839 (RTHOL)
[2025-12-03 19:16:53.789] [info] Frame 154 (t = 0.77):	 total squared error = 0.00191944, marker error: RMS = 0.00913532, max = 0.0188992 (RTHOL)
[2025-12-03 19:16:53.816] [info] Frame 155 (t = 0.775):	 total squared error = 0.00190023, marker error: RMS = 0.00908947, max = 0.0192939 (RTHOL)
[2025-12-03 19:16:53.862] [info] Frame 156 (t = 0.78):	 total squared error = 0.00188165, marker error: RMS = 0.00904494, max = 0.0195645 (RTHOL)
[2025-12-03 19:16:53.900] [info] Frame 157 (t = 0.785):	 total squared error = 0.00186191, marker error: RMS = 0.00899737, max = 0.019824 (RTHOL)
[2025-12-03 19:16:53.929] [info] Frame 158 (t = 0.79):	 total squared error = 0.00184175, marker error: RMS = 0.00894853, max = 0.0201094 (RTHOL)
[2025-12-03 19:16:53.964] [info] Frame 159 (t = 0.795):	 total squared error = 0.00182164, marker error: RMS = 0.00889953, max = 0.0203174 (RTHOL)
[2025-12-03 19:16:53.992] [info] Frame 160 (t = 0.8):	 total squared error = 0.00180182, marker error: RMS = 0.00885100, max = 0.0203111 (RTHOL)
[2025-12-03 19:16:54.040] [info] Frame 161 (t = 0.805000):	 total squared error = 0.00178091, marker error: RMS = 0.00879949, max = 0.0197591 (RTHOL)
[2025-12-03 19:16:54.087] [info] Frame 162 (t = 0.81):	 total squared error = 0.00176520, marker error: RMS = 0.00876059, max = 0.019565 (RTHOL)
[2025-12-03 19:16:54.117] [info] Frame 163 (t = 0.815):	 total squared error = 0.00175571, marker error: RMS = 0.00873701, max = 0.0195845 (RTHOL)
[2025-12-03 19:16:54.147] [info] Frame 164 (t = 0.82):	 total squared error = 0.00175443, marker error: RMS = 0.00873382, max = 0.0194 (RTHOL)
[2025-12-03 19:16:54.213] [info] Frame 165 (t = 0.825):	 total squared error = 0.00175588, marker error: RMS = 0.00873742, max = 0.0183828 (RTHOL)
[2025-12-03 19:16:54.268] [info] Frame 166 (t = 0.83):	 total squared error = 0.00176946, marker error: RMS = 0.00877115, max = 0.0179168 (RTHOL)
[2025-12-03 19:16:54.292] [info] Frame 167 (t = 0.835):	 total squared error = 0.00180789, marker error: RMS = 0.00886588, max = 0.0184556 (RTHOL)
[2025-12-03 19:16:54.339] [info] Frame 168 (t = 0.84):	 total squared error = 0.00182563, marker error: RMS = 0.00890927, max = 0.0168649 (RTHOL)
[2025-12-03 19:16:54.374] [info] Frame 169 (t = 0.845):	 total squared error = 0.00186747, marker error: RMS = 0.00901079, max = 0.0165882 (RTHOL)
[2025-12-03 19:16:54.400] [info] Frame 170 (t = 0.85):	 total squared error = 0.00191733, marker error: RMS = 0.00913028, max = 0.0162639 (RTHOL)
[2025-12-03 19:16:54.447] [info] Frame 171 (t = 0.855):	 total squared error = 0.00196904, marker error: RMS = 0.00925258, max = 0.0153578 (RTHOL)
[2025-12-03 19:16:54.470] [info] Frame 172 (t = 0.86):	 total squared error = 0.00203433, marker error: RMS = 0.00940473, max = 0.0157252 (RTHOL)
[2025-12-03 19:16:54.497] [info] Frame 173 (t = 0.865):	 total squared error = 0.00209148, marker error: RMS = 0.00953593, max = 0.0156379 (RSHAOL)
[2025-12-03 19:16:54.536] [info] Frame 174 (t = 0.87):	 total squared error = 0.00214588, marker error: RMS = 0.00965915, max = 0.0164385 (RSHAOL)
[2025-12-03 19:16:54.578] [info] Frame 175 (t = 0.875):	 total squared error = 0.00220698, marker error: RMS = 0.00979569, max = 0.0169524 (RSHAOL)
[2025-12-03 19:16:54.608] [info] Frame 176 (t = 0.88):	 total squared error = 0.00227030, marker error: RMS = 0.00993523, max = 0.0174475 (RSHAOL)
[2025-12-03 19:16:54.651] [info] Frame 177 (t = 0.885):	 total squared error = 0.00233104, marker error: RMS = 0.0100672, max = 0.0181999 (RSHAOL)
[2025-12-03 19:16:54.673] [info] Frame 178 (t = 0.89):	 total squared error = 0.00239498, marker error: RMS = 0.0102044, max = 0.0187756 (RSHAOL)
[2025-12-03 19:16:54.695] [info] Frame 179 (t = 0.895):	 total squared error = 0.00245940, marker error: RMS = 0.0103407, max = 0.0193893 (RSHAOL)
[2025-12-03 19:16:54.719] [info] Frame 180 (t = 0.9):	 total squared error = 0.00252219, marker error: RMS = 0.0104719, max = 0.0200193 (RSHAOL)
[2025-12-03 19:16:54.742] [info] Frame 181 (t = 0.905000):	 total squared error = 0.00258032, marker error: RMS = 0.0105919, max = 0.0206477 (RSHAOL)
[2025-12-03 19:16:54.774] [info] Frame 182 (t = 0.91):	 total squared error = 0.00263034, marker error: RMS = 0.0106940, max = 0.0212884 (RSHAOL)
[2025-12-03 19:16:54.798] [info] Frame 183 (t = 0.915):	 total squared error = 0.00267012, marker error: RMS = 0.0107746, max = 0.0218152 (RSHAOL)
[2025-12-03 19:16:54.821] [info] Frame 184 (t = 0.92):	 total squared error = 0.00269657, marker error: RMS = 0.0108278, max = 0.0222318 (RSHAOL)
[2025-12-03 19:16:54.846] [info] Frame 185 (t = 0.925):	 total squared error = 0.00270626, marker error: RMS = 0.0108473, max = 0.0225339 (RSHAOL)
[2025-12-03 19:16:54.873] [info] Frame 186 (t = 0.93):	 total squared error = 0.00269727, marker error: RMS = 0.0108292, max = 0.0227087 (RSHAOL)
[2025-12-03 19:16:54.900] [info] Frame 187 (t = 0.935):	 total squared error = 0.00266878, marker error: RMS = 0.0107719, max = 0.0227343 (RSHAOL)
[2025-12-03 19:16:54.928] [info] Frame 188 (t = 0.94):	 total squared error = 0.00262061, marker error: RMS = 0.0106742, max = 0.0225319 (RSHAOL)
[2025-12-03 19:16:54.954] [info] Frame 189 (t = 0.945):	 total squared error = 0.00255481, marker error: RMS = 0.0105394, max = 0.0222803 (RSHAOL)
[2025-12-03 19:16:54.990] [info] Frame 190 (t = 0.95):	 total squared error = 0.00247281, marker error: RMS = 0.0103689, max = 0.0217352 (RSHAOL)
[2025-12-03 19:16:55.005] [info] Frame 191 (t = 0.955):	 total squared error = 0.00238200, marker error: RMS = 0.0101767, max = 0.0212786 (RSHAOL)
[2025-12-03 19:16:55.026] [info] Frame 192 (t = 0.96):	 total squared error = 0.00227708, marker error: RMS = 0.00995006, max = 0.0206501 (RSHAOL)
[2025-12-03 19:16:55.062] [info] Frame 193 (t = 0.965):	 total squared error = 0.00216690, marker error: RMS = 0.00970634, max = 0.0197982 (RSHAOL)
[2025-12-03 19:16:55.089] [info] Frame 194 (t = 0.97):	 total squared error = 0.00205702, marker error: RMS = 0.00945704, max = 0.0190118 (RSHAOL)
[2025-12-03 19:16:55.109] [info] Frame 195 (t = 0.975):	 total squared error = 0.00195027, marker error: RMS = 0.00920840, max = 0.0182805 (RSHAOL)
[2025-12-03 19:16:55.148] [info] Frame 196 (t = 0.98):	 total squared error = 0.00184431, marker error: RMS = 0.00895474, max = 0.0171693 (RSHAOL)
[2025-12-03 19:16:55.173] [info] Frame 197 (t = 0.985):	 total squared error = 0.00174876, marker error: RMS = 0.00871970, max = 0.0164476 (RSHAOL)
[2025-12-03 19:16:55.211] [info] Frame 198 (t = 0.99):	 total squared error = 0.00165976, marker error: RMS = 0.00849490, max = 0.015436 (RSHAOL)
[2025-12-03 19:16:55.261] [info] Frame 199 (t = 0.995):	 total squared error = 0.00158225, marker error: RMS = 0.00829419, max = 0.0145772 (RSHAOL)
[2025-12-03 19:16:55.282] [info] Frame 200 (t = 1.0):	 total squared error = 0.00151956, marker error: RMS = 0.00812822, max = 0.0139964 (RSHAOL)
[2025-12-03 19:16:55.329] [info] Frame 201 (t = 1.00500):	 total squared error = 0.00146163, marker error: RMS = 0.00797178, max = 0.0130863 (RM5)
[2025-12-03 19:16:55.349] [info] Frame 202 (t = 1.01):	 total squared error = 0.00142268, marker error: RMS = 0.00786483, max = 0.0129466 (RM5)
[2025-12-03 19:16:55.384] [info] Frame 203 (t = 1.015):	 total squared error = 0.00138864, marker error: RMS = 0.00777017, max = 0.0129907 (RM5)
[2025-12-03 19:16:55.400] [info] Frame 204 (t = 1.02):	 total squared error = 0.00137394, marker error: RMS = 0.00772894, max = 0.012913 (RM5)
[2025-12-03 19:16:55.430] [info] Frame 205 (t = 1.025):	 total squared error = 0.00136644, marker error: RMS = 0.00770781, max = 0.0130560 (RM5)
[2025-12-03 19:16:55.469] [info] Frame 206 (t = 1.03):	 total squared error = 0.00136492, marker error: RMS = 0.00770351, max = 0.0130382 (RM5)
[2025-12-03 19:16:55.495] [info] Frame 207 (t = 1.035):	 total squared error = 0.00137945, marker error: RMS = 0.00774443, max = 0.0131681 (RM5)
[2025-12-03 19:16:55.523] [info] Frame 208 (t = 1.04):	 total squared error = 0.00140145, marker error: RMS = 0.00780593, max = 0.0133043 (RM5)
[2025-12-03 19:16:55.561] [info] Frame 209 (t = 1.045):	 total squared error = 0.00143658, marker error: RMS = 0.00790315, max = 0.0133755 (RM5)
[2025-12-03 19:16:55.580] [info] Frame 210 (t = 1.05):	 total squared error = 0.00148111, marker error: RMS = 0.00802472, max = 0.0134902 (RM5)
[2025-12-03 19:16:55.619] [info] Frame 211 (t = 1.055):	 total squared error = 0.00150514, marker error: RMS = 0.00808955, max = 0.0137114 (RM5)
[2025-12-03 19:16:55.637] [info] Frame 212 (t = 1.06):	 total squared error = 0.00155224, marker error: RMS = 0.00821515, max = 0.0138921 (RM5)
[2025-12-03 19:16:55.672] [info] Frame 213 (t = 1.065):	 total squared error = 0.00159426, marker error: RMS = 0.00832559, max = 0.0141423 (RM5)
[2025-12-03 19:16:55.707] [info] Frame 214 (t = 1.07):	 total squared error = 0.00163848, marker error: RMS = 0.00844028, max = 0.0142799 (RM5)
[2025-12-03 19:16:55.729] [info] Frame 215 (t = 1.075):	 total squared error = 0.00168210, marker error: RMS = 0.00855189, max = 0.0143766 (RM5)
[2025-12-03 19:16:55.760] [info] Frame 216 (t = 1.08):	 total squared error = 0.00171587, marker error: RMS = 0.00863731, max = 0.0145729 (RM5)
[2025-12-03 19:16:55.786] [info] Frame 217 (t = 1.085):	 total squared error = 0.00174663, marker error: RMS = 0.00871439, max = 0.0145889 (RM5)
[2025-12-03 19:16:55.822] [info] Frame 218 (t = 1.09):	 total squared error = 0.00176447, marker error: RMS = 0.00875877, max = 0.0146782 (RM5)
[2025-12-03 19:16:55.844] [info] Frame 219 (t = 1.095):	 total squared error = 0.00177519, marker error: RMS = 0.00878534, max = 0.0145304 (RM5)
[2025-12-03 19:16:55.862] [info] Frame 220 (t = 1.1):	 total squared error = 0.00177607, marker error: RMS = 0.00878751, max = 0.0143789 (RM5)
[2025-12-03 19:16:55.892] [info] Frame 221 (t = 1.10500):	 total squared error = 0.00175640, marker error: RMS = 0.00873873, max = 0.0142596 (RM5)
[2025-12-03 19:16:55.918] [info] Frame 222 (t = 1.11):	 total squared error = 0.00173013, marker error: RMS = 0.00867313, max = 0.0138391 (RM5)
[2025-12-03 19:16:55.944] [info] Frame 223 (t = 1.115):	 total squared error = 0.00169225, marker error: RMS = 0.00857766, max = 0.0137192 (XIPH)
[2025-12-03 19:16:55.971] [info] Frame 224 (t = 1.12):	 total squared error = 0.00164444, marker error: RMS = 0.00845562, max = 0.0138459 (XIPH)
[2025-12-03 19:16:55.996] [info] Frame 225 (t = 1.125):	 total squared error = 0.00158895, marker error: RMS = 0.00831172, max = 0.0139986 (XIPH)
[2025-12-03 19:16:56.023] [info] Frame 226 (t = 1.13):	 total squared error = 0.00152916, marker error: RMS = 0.00815384, max = 0.0141569 (XIPH)
[2025-12-03 19:16:56.047] [info] Frame 227 (t = 1.135):	 total squared error = 0.00146855, marker error: RMS = 0.00799061, max = 0.0143217 (XIPH)
[2025-12-03 19:16:56.070] [info] Frame 228 (t = 1.14):	 total squared error = 0.00141072, marker error: RMS = 0.00783172, max = 0.0144654 (XIPH)
[2025-12-03 19:16:56.093] [info] Frame 229 (t = 1.145):	 total squared error = 0.00135936, marker error: RMS = 0.00768782, max = 0.0146142 (XIPH)
[2025-12-03 19:16:56.119] [info] Frame 230 (t = 1.15):	 total squared error = 0.00131723, marker error: RMS = 0.00756776, max = 0.0147315 (XIPH)
[2025-12-03 19:16:56.142] [info] Frame 231 (t = 1.155):	 total squared error = 0.00128627, marker error: RMS = 0.00747830, max = 0.0148773 (XIPH)
[2025-12-03 19:16:56.161] [info] Frame 232 (t = 1.16):	 total squared error = 0.00126810, marker error: RMS = 0.00742527, max = 0.0150231 (XIPH)
[2025-12-03 19:16:56.187] [info] Frame 233 (t = 1.165):	 total squared error = 0.00126245, marker error: RMS = 0.00740873, max = 0.0151251 (XIPH)
[2025-12-03 19:16:56.223] [info] Frame 234 (t = 1.17):	 total squared error = 0.00126745, marker error: RMS = 0.00742337, max = 0.0152414 (XIPH)
[2025-12-03 19:16:56.241] [info] Frame 235 (t = 1.175):	 total squared error = 0.00128310, marker error: RMS = 0.00746906, max = 0.0153548 (XIPH)
[2025-12-03 19:16:56.264] [info] Frame 236 (t = 1.18):	 total squared error = 0.00130732, marker error: RMS = 0.00753924, max = 0.0154165 (XIPH)
[2025-12-03 19:16:56.284] [info] Frame 237 (t = 1.185):	 total squared error = 0.00133735, marker error: RMS = 0.00762534, max = 0.0155033 (XIPH)
[2025-12-03 19:16:56.304] [info] Frame 238 (t = 1.19):	 total squared error = 0.00137057, marker error: RMS = 0.00771946, max = 0.015526 (XIPH)
[2025-12-03 19:16:56.337] [info] Frame 239 (t = 1.195):	 total squared error = 0.00140190, marker error: RMS = 0.00780720, max = 0.0156186 (XIPH)
[2025-12-03 19:16:56.360] [info] Frame 240 (t = 1.2):	 total squared error = 0.00143308, marker error: RMS = 0.00789353, max = 0.0156997 (XIPH)
[2025-12-03 19:16:56.383] [info] Frame 241 (t = 1.20500):	 total squared error = 0.00146120, marker error: RMS = 0.00797061, max = 0.0157686 (XIPH)
[2025-12-03 19:16:56.395] [info] Frame 242 (t = 1.21):	 total squared error = 0.00148757, marker error: RMS = 0.00804219, max = 0.0157981 (XIPH)
[2025-12-03 19:16:56.417] [info] Frame 243 (t = 1.215):	 total squared error = 0.00150624, marker error: RMS = 0.00809251, max = 0.0159079 (XIPH)
[2025-12-03 19:16:56.428] [info] Frame 244 (t = 1.22):	 total squared error = 0.00152510, marker error: RMS = 0.00814302, max = 0.0160620 (XIPH)
[2025-12-03 19:16:56.449] [info] Frame 245 (t = 1.225):	 total squared error = 0.00154147, marker error: RMS = 0.00818660, max = 0.0161712 (XIPH)
[2025-12-03 19:16:56.488] [info] Frame 246 (t = 1.23):	 total squared error = 0.00154503, marker error: RMS = 0.00819604, max = 0.0161737 (XIPH)
[2025-12-03 19:16:56.517] [info] Frame 247 (t = 1.235):	 total squared error = 0.00155754, marker error: RMS = 0.00822917, max = 0.0162931 (XIPH)
[2025-12-03 19:16:56.541] [info] Frame 248 (t = 1.24):	 total squared error = 0.00157039, marker error: RMS = 0.00826304, max = 0.0163901 (XIPH)
[2025-12-03 19:16:56.581] [info] Frame 249 (t = 1.245):	 total squared error = 0.00157366, marker error: RMS = 0.00827163, max = 0.0164171 (XIPH)
[2025-12-03 19:16:56.607] [info] Frame 250 (t = 1.25):	 total squared error = 0.00158532, marker error: RMS = 0.00830223, max = 0.0164778 (XIPH)
[2025-12-03 19:16:56.626] [info] Frame 251 (t = 1.255):	 total squared error = 0.00159701, marker error: RMS = 0.00833278, max = 0.0164946 (XIPH)
[2025-12-03 19:16:56.673] [info] InverseKinematicsTool completed 217 frames in 6 second(s).
[2025-12-03 19:16:56.748] [info] Loaded model Athlete_03 from file ..\..\..\..\models\Athlete_03\25_03_31\scaled_increased_3.00.osim
[2025-12-03 19:16:56.909] [info] Storage: read data file = joint_angles.mot (nr=217 nc=40)
[2025-12-03 19:16:57.015] [info] Loaded model Athlete_03 from file ..\..\..\..\models\Athlete_03\25_03_31\scaled_increased_3.00.osim
[2025-12-03 19:16:57.116] [cout] [info] 
               MODEL: Athlete_03
         coordinates: 39
              forces: 97
           actuators: 97
             muscles: 80
            analyses: 0
              probes: 0
              bodies: 22
              joints: 22
         constraints: 2
             markers: 45
         controllers: 0
  contact geometries: 0
misc modelcomponents: 0
[2025-12-03 19:16:57.116] [info] Running tool ...
[2025-12-03 19:16:57.382] [info] Storage: read data file = grf.mot (nr=4930 nc=46)
[2025-12-03 19:16:57.491] [info] ExternalForce::grf_r_2 Data source being set to grf
[2025-12-03 19:16:57.491] [info] ExternalForce::grf_r_5 Data source being set to grf
[2025-12-03 19:16:57.520] [info] Storage: read data file = joint_angles.mot (nr=217 nc=40)
[2025-12-03 19:16:57.525] [info] Low-pass filtering coordinates data with a cutoff frequency of 6.0...
[2025-12-03 19:16:58.102] [info] InverseDynamicsTool: 217 time frames in 454 millisecond(s).
[2025-12-03 19:16:58.210] [info] Loaded model Athlete_03 from file ..\..\..\..\models\Athlete_03\25_03_31\scaled_increased_3.00.osim
[2025-12-03 19:16:58.329] [info] Storage: read data file = joint_angles.mot (nr=217 nc=40)
[2025-12-03 19:16:58.433] [info] AbstractTool  loading model ..\..\..\..\models\Athlete_03\25_03_31\scaled_increased_3.00.osim
[2025-12-03 19:16:58.488] [info] Loaded model Athlete_03 from file ..\..\..\..\models\Athlete_03\25_03_31\scaled_increased_3.00.osim
[2025-12-03 19:16:58.777] [info] Storage: read data file = grf.mot (nr=4930 nc=46)
[2025-12-03 19:16:58.858] [info] ExternalForce::grf_r_2 Data source being set to grf
[2025-12-03 19:16:58.859] [info] ExternalForce::grf_r_5 Data source being set to grf
[2025-12-03 19:16:58.888] [info] Loading coordinates from file 'joint_angles.mot'.
[2025-12-03 19:16:58.889] [info] Storage: read data file = joint_angles.mot (nr=217 nc=40)
[2025-12-03 19:16:58.894] [info] Low-pass filtering coordinates data with a cutoff frequency of 6.0...
[2025-12-03 19:16:59.278] [info] AssemblySolver::track() attempt Failed: SimTK Exception thrown at Assembler.cpp:973:
  Method Assembler::track() failed because:
Unable to achieve required assembly error tolerance.
Assembly error tolerance achieved: 4.5710185751447224e-09 required: 1e-10.
[2025-12-03 19:16:59.290] [error] Model unable to assemble: AssemblySolver::assemble() Failed: SimTK Exception thrown at Assembler.cpp:897:
  Method Assembler::assemble() failed because:
Unable to achieve required assembly error tolerance.
Assembly error tolerance achieved: 4.5713163861930337e-09 required: 1e-10..Model relaxing constraints and trying again.
[2025-12-03 19:16:59.647] [info] Found 433 state vectors with time stamps ranging from -0.365 to 1.795.
[2025-12-03 19:16:59.647] [info] Executing the analyses from 0.175 to 1.255...
[2025-12-03 19:16:59.664] [warning] MuscleAnalysis: coordinate mtp_angle_r is locked and can't be varied.
[2025-12-03 19:16:59.665] [warning] MuscleAnalysis: coordinate mtp_angle_l is locked and can't be varied.
[2025-12-03 19:16:59.665] [warning] MuscleAnalysis: coordinate wrist_flex_r is locked and can't be varied.
[2025-12-03 19:16:59.665] [warning] MuscleAnalysis: coordinate wrist_dev_r is locked and can't be varied.
[2025-12-03 19:16:59.665] [warning] MuscleAnalysis: coordinate wrist_flex_l is locked and can't be varied.
[2025-12-03 19:16:59.665] [warning] MuscleAnalysis: coordinate wrist_dev_l is locked and can't be varied.
[2025-12-17 06:11:20.571] [info] Loaded model Athlete_03 from file ..\..\..\..\models\Athlete_03\25_03_31\scaled.osim
[2025-12-17 06:11:56.597] [info] Loaded model Athlete_03 from file ..\..\..\..\models\Athlete_03\25_03_31\scaled.osim
[2025-12-17 06:15:27.986] [info] Loaded model Athlete_03 from file ..\..\..\..\models\Athlete_03\25_03_31\scaled.osim
[2025-12-17 06:17:37.667] [info] Loaded model Athlete_03 from file ..\..\..\..\models\Athlete_03\25_03_31\scaled.osim
[2026-01-29 16:29:48.944] [info] Loaded model scaled_opt_N10.osim from file ..\..\..\..\models\Athlete_03_MRI_BG\25_03_31\scaled_opt_N10.osim
[2026-01-29 16:29:49.488] [info] Loaded model scaled_opt_N10.osim from file ..\..\..\..\models\Athlete_03_MRI_BG\25_03_31\scaled_opt_N10.osim
[2026-02-10 01:09:47.353] [info] Loaded model Athlete_03 from file ..\..\..\..\models\Athlete_03_Lernagopal\25_03_31\scaled.osim
[2026-02-10 01:09:47.357] [warning] Couldn't find file 'r_pelvis.vtp'.
[2026-02-10 01:09:47.357] [warning] Couldn't find file 'l_pelvis.vtp'.
[2026-02-10 01:09:47.357] [warning] Couldn't find file 'sacrum.vtp'.
[2026-02-10 01:09:47.357] [warning] Couldn't find file 'r_femur.vtp'.
[2026-02-10 01:09:47.357] [warning] Couldn't find file 'fem_cond.vtp'.
[2026-02-10 01:09:47.357] [warning] Couldn't find file 'sphere.vtp'.
[2026-02-10 01:09:47.357] [warning] Couldn't find file 'sphere.vtp'.
[2026-02-10 01:09:47.357] [warning] Couldn't find file 'tib_plat.vtp'.
[2026-02-10 01:09:47.357] [warning] Couldn't find file 'tibia_r.vtp'.
[2026-02-10 01:09:47.357] [warning] Couldn't find file 'r_fibula.vtp'.
[2026-02-10 01:09:47.357] [warning] Couldn't find file 'r_patella.vtp'.
[2026-02-10 01:09:47.357] [warning] Couldn't find file 'r_talus.vtp'.
[2026-02-10 01:09:47.357] [warning] Couldn't find file 'r_foot.vtp'.
[2026-02-10 01:09:47.357] [warning] Couldn't find file 'r_bofoot.vtp'.
[2026-02-10 01:09:47.358] [warning] Couldn't find file 'l_femur.vtp'.
[2026-02-10 01:09:47.358] [warning] Couldn't find file 'fem_cond.vtp'.
[2026-02-10 01:09:47.358] [warning] Couldn't find file 'sphere.vtp'.
[2026-02-10 01:09:47.358] [warning] Couldn't find file 'sphere.vtp'.
[2026-02-10 01:09:47.358] [warning] Couldn't find file 'tib_plat.vtp'.
[2026-02-10 01:09:47.358] [warning] Couldn't find file 'tibia_l.vtp'.
[2026-02-10 01:09:47.358] [warning] Couldn't find file 'l_fibula.vtp'.
[2026-02-10 01:09:47.358] [warning] Couldn't find file 'l_patella.vtp'.
[2026-02-10 01:09:47.358] [warning] Couldn't find file 'l_talus.vtp'.
[2026-02-10 01:09:47.358] [warning] Couldn't find file 'l_foot.vtp'.
[2026-02-10 01:09:47.358] [warning] Couldn't find file 'l_bofoot.vtp'.
[2026-02-10 01:09:47.358] [warning] Couldn't find file 'hat_spine.vtp'.
[2026-02-10 01:09:47.358] [warning] Couldn't find file 'hat_jaw.vtp'.
[2026-02-10 01:09:47.358] [warning] Couldn't find file 'hat_skull.vtp'.
[2026-02-10 01:09:47.358] [warning] Couldn't find file 'hat_ribs_scap.vtp'.
[2026-02-10 01:16:32.087] [info] Loaded model Athlete_03 from file ..\..\..\..\models\Athlete_03_Lernagopal\25_03_31\scaled.osim
[2026-02-10 01:16:32.089] [warning] Couldn't find file 'r_pelvis.vtp'.
[2026-02-10 01:16:32.089] [warning] Couldn't find file 'l_pelvis.vtp'.
[2026-02-10 01:16:32.089] [warning] Couldn't find file 'sacrum.vtp'.
[2026-02-10 01:16:32.089] [warning] Couldn't find file 'r_femur.vtp'.
[2026-02-10 01:16:32.090] [warning] Couldn't find file 'fem_cond.vtp'.
[2026-02-10 01:16:32.090] [warning] Couldn't find file 'sphere.vtp'.
[2026-02-10 01:16:32.090] [warning] Couldn't find file 'sphere.vtp'.
[2026-02-10 01:16:32.090] [warning] Couldn't find file 'tib_plat.vtp'.
[2026-02-10 01:16:32.090] [warning] Couldn't find file 'tibia_r.vtp'.
[2026-02-10 01:16:32.090] [warning] Couldn't find file 'r_fibula.vtp'.
[2026-02-10 01:16:32.090] [warning] Couldn't find file 'r_patella.vtp'.
[2026-02-10 01:16:32.090] [warning] Couldn't find file 'r_talus.vtp'.
[2026-02-10 01:16:32.090] [warning] Couldn't find file 'r_foot.vtp'.
[2026-02-10 01:16:32.090] [warning] Couldn't find file 'r_bofoot.vtp'.
[2026-02-10 01:16:32.090] [warning] Couldn't find file 'l_femur.vtp'.
[2026-02-10 01:16:32.091] [warning] Couldn't find file 'fem_cond.vtp'.
[2026-02-10 01:16:32.091] [warning] Couldn't find file 'sphere.vtp'.
[2026-02-10 01:16:32.091] [warning] Couldn't find file 'sphere.vtp'.
[2026-02-10 01:16:32.091] [warning] Couldn't find file 'tib_plat.vtp'.
[2026-02-10 01:16:32.091] [warning] Couldn't find file 'tibia_l.vtp'.
[2026-02-10 01:16:32.092] [warning] Couldn't find file 'l_fibula.vtp'.
[2026-02-10 01:16:32.092] [warning] Couldn't find file 'l_patella.vtp'.
[2026-02-10 01:16:32.092] [warning] Couldn't find file 'l_talus.vtp'.
[2026-02-10 01:16:32.092] [warning] Couldn't find file 'l_foot.vtp'.
[2026-02-10 01:16:32.092] [warning] Couldn't find file 'l_bofoot.vtp'.
[2026-02-10 01:16:32.092] [warning] Couldn't find file 'hat_spine.vtp'.
[2026-02-10 01:16:32.092] [warning] Couldn't find file 'hat_jaw.vtp'.
[2026-02-10 01:16:32.092] [warning] Couldn't find file 'hat_skull.vtp'.
[2026-02-10 01:16:32.092] [warning] Couldn't find file 'hat_ribs_scap.vtp'.
[2026-02-10 01:21:45.986] [info] Loaded model Athlete_03 from file ..\..\..\..\models\Athlete_03_Lernagopal\25_03_31\scaled.osim
[2026-02-10 01:21:45.988] [warning] Couldn't find file 'r_pelvis.vtp'.
[2026-02-10 01:21:45.988] [warning] Couldn't find file 'l_pelvis.vtp'.
[2026-02-10 01:21:45.988] [warning] Couldn't find file 'sacrum.vtp'.
[2026-02-10 01:21:45.988] [warning] Couldn't find file 'r_femur.vtp'.
[2026-02-10 01:21:45.988] [warning] Couldn't find file 'fem_cond.vtp'.
[2026-02-10 01:21:45.988] [warning] Couldn't find file 'sphere.vtp'.
[2026-02-10 01:21:45.988] [warning] Couldn't find file 'sphere.vtp'.
[2026-02-10 01:21:45.988] [warning] Couldn't find file 'tib_plat.vtp'.
[2026-02-10 01:21:45.989] [warning] Couldn't find file 'tibia_r.vtp'.
[2026-02-10 01:21:45.989] [warning] Couldn't find file 'r_fibula.vtp'.
[2026-02-10 01:21:45.989] [warning] Couldn't find file 'r_patella.vtp'.
[2026-02-10 01:21:45.989] [warning] Couldn't find file 'r_talus.vtp'.
[2026-02-10 01:21:45.989] [warning] Couldn't find file 'r_foot.vtp'.
[2026-02-10 01:21:45.989] [warning] Couldn't find file 'r_bofoot.vtp'.
[2026-02-10 01:21:45.989] [warning] Couldn't find file 'l_femur.vtp'.
[2026-02-10 01:21:45.989] [warning] Couldn't find file 'fem_cond.vtp'.
[2026-02-10 01:21:45.989] [warning] Couldn't find file 'sphere.vtp'.
[2026-02-10 01:21:45.989] [warning] Couldn't find file 'sphere.vtp'.
[2026-02-10 01:21:45.990] [warning] Couldn't find file 'tib_plat.vtp'.
[2026-02-10 01:21:45.990] [warning] Couldn't find file 'tibia_l.vtp'.
[2026-02-10 01:21:45.990] [warning] Couldn't find file 'l_fibula.vtp'.
[2026-02-10 01:21:45.990] [warning] Couldn't find file 'l_patella.vtp'.
[2026-02-10 01:21:45.990] [warning] Couldn't find file 'l_talus.vtp'.
[2026-02-10 01:21:45.990] [warning] Couldn't find file 'l_foot.vtp'.
[2026-02-10 01:21:45.990] [warning] Couldn't find file 'l_bofoot.vtp'.
[2026-02-10 01:21:45.990] [warning] Couldn't find file 'hat_spine.vtp'.
[2026-02-10 01:21:45.990] [warning] Couldn't find file 'hat_jaw.vtp'.
[2026-02-10 01:21:45.990] [warning] Couldn't find file 'hat_skull.vtp'.
[2026-02-10 01:21:45.990] [warning] Couldn't find file 'hat_ribs_scap.vtp'.
